r7750
r7755
r7765
r7770
r7837
  +dir_prop: branches/qmmp-plugin-pack-0.11 svn:mergeinfo /branches/qmmp-plugin-pack-1.2:6860%2C7836
r7847
  +dir_prop: branches/qmmp-plugin-pack-0.11 svn:mergeinfo /branches/qmmp-plugin-pack-1.2:6860%2C7836%0A/trunk/qmmp-plugin-pack:7844
r7856
  +dir_prop: branches/qmmp-plugin-pack-0.11 svn:mergeinfo /branches/qmmp-plugin-pack-1.2:6860%2C7836%2C7855%0A/trunk/qmmp-plugin-pack:7844
r7884
r7893
r7898
r7916
r7933
r8004
  +dir_prop: branches/qmmp-plugin-pack-0.11 svn:mergeinfo /branches/qmmp-plugin-pack-1.2:6860%2C7836%2C7855%0A/trunk/qmmp-plugin-pack:7844%2C8001
r8157
  +dir_prop: branches/qmmp-plugin-pack-0.11 svn:mergeinfo /branches/qmmp-plugin-pack-1.2:6860%2C7836%2C7855%0A/trunk/qmmp-plugin-pack:7844%2C8001%2C8153
r8161
r8168
  +dir_prop: branches/qmmp-plugin-pack-0.11 svn:mergeinfo /branches/qmmp-plugin-pack-1.2:6860%2C7836%2C7855%0A/trunk/qmmp-plugin-pack:7844%2C8001%2C8153%2C8164
r8169
r8176
r8185
  +dir_prop: branches/qmmp-plugin-pack-0.11 svn:mergeinfo /branches/qmmp-plugin-pack-1.2:6860%2C7836%2C7855%0A/trunk/qmmp-plugin-pack:7844%2C8001%2C8153%2C8164%2C8184
r8321
r8332
r8336
r8344
r8350
r8579
  +dir_prop: branches/qmmp-plugin-pack-0.11 svn:mergeinfo /branches/qmmp-plugin-pack-0.12:8576%0A/branches/qmmp-plugin-pack-1.2:6860%2C7836%2C7855%0A/trunk/qmmp-plugin-pack:7844%2C8001%2C8153%2C8164%2C8184
r8601
r8610
r8611
