r6494
r6501
r6513
r6518
  +dir_prop: branches/qmmp-0.10 svn:mergeinfo /branches/qmmp-1.0:5596%0A/branches/qmmp-1.1:5819%2C5968%2C6043%2C6172%2C6233%2C6442%0A/trunk/qmmp:6515
r6525
r6538
  +dir_prop: branches/qmmp-0.10 svn:mergeinfo /branches/qmmp-1.0:5596%0A/branches/qmmp-1.1:5819%2C5968%2C6043%2C6172%2C6233%2C6442%0A/trunk/qmmp:6515%2C6534-6535
r6542
  +dir_prop: branches/qmmp-0.10 svn:mergeinfo /branches/qmmp-1.0:5596%0A/branches/qmmp-1.1:5819%2C5968%2C6043%2C6172%2C6233%2C6442%0A/trunk/qmmp:6515%2C6534-6535%2C6539
r6550
  +dir_prop: branches/qmmp-0.10 svn:mergeinfo /branches/qmmp-1.0:5596%0A/branches/qmmp-1.1:5819%2C5968%2C6043%2C6172%2C6233%2C6442%0A/trunk/qmmp:6515%2C6534-6535%2C6539%2C6545-6547
  +dir_prop: branches/qmmp-0.10/src/plugins/Ui/qsui svn:mergeinfo /branches/qmmp-1.1/src/plugins/Ui/qsui:6172%0A/trunk/qmmp/src/plugins/Ui/qsui:6547%0A/trunk/qmmp/src/plugins/Ui/skinned:5223%2C6018-6019%2C6022
r6554
  +dir_prop: branches/qmmp-0.10 svn:mergeinfo /branches/qmmp-1.0:5596%0A/branches/qmmp-1.1:5819%2C5968%2C6043%2C6172%2C6233%2C6442%0A/trunk/qmmp:6515%2C6534-6535%2C6539%2C6545-6547%2C6552-6553
r6555
r6559
r6561
r6572
r6580
  +dir_prop: branches/qmmp-0.10 svn:mergeinfo /branches/qmmp-1.0:5596%0A/branches/qmmp-1.1:5819%2C5968%2C6043%2C6172%2C6233%2C6442%0A/trunk/qmmp:6515%2C6534-6535%2C6539%2C6545-6547%2C6552-6553%2C6577
  +dir_prop: branches/qmmp-0.10/src/plugins/Ui/qsui svn:mergeinfo /branches/qmmp-1.1/src/plugins/Ui/qsui:6172%0A/trunk/qmmp/src/plugins/Ui/qsui:6547%2C6577%0A/trunk/qmmp/src/plugins/Ui/skinned:5223%2C6018-6019%2C6022
r6589
  +dir_prop: branches/qmmp-0.10 svn:mergeinfo /branches/qmmp-1.0:5596%0A/branches/qmmp-1.1:5819%2C5968%2C6043%2C6172%2C6233%2C6442%0A/trunk/qmmp:6515%2C6534-6535%2C6539%2C6545-6547%2C6552-6553%2C6577%2C6586
r6590
r6595
r6613
  +dir_prop: branches/qmmp-0.10 svn:mergeinfo /branches/qmmp-1.0:5596%0A/branches/qmmp-1.1:5819%2C5968%2C6043%2C6172%2C6233%2C6442%0A/trunk/qmmp:6515%2C6534-6535%2C6539%2C6545-6547%2C6552-6553%2C6577%2C6586%2C6612
r6617
  +dir_prop: branches/qmmp-0.10 svn:mergeinfo /branches/qmmp-1.0:5596%0A/branches/qmmp-1.1:5819%2C5968%2C6043%2C6172%2C6233%2C6442%0A/trunk/qmmp:6515%2C6534-6535%2C6539%2C6545-6547%2C6552-6553%2C6577%2C6586%2C6612%2C6616
r6621
  +dir_prop: branches/qmmp-0.10 svn:mergeinfo /branches/qmmp-1.0:5596%0A/branches/qmmp-1.1:5819%2C5968%2C6043%2C6172%2C6233%2C6442%0A/trunk/qmmp:6515%2C6534-6535%2C6539%2C6545-6547%2C6552-6553%2C6577%2C6586%2C6612%2C6616%2C6620
r6625
  +dir_prop: branches/qmmp-0.10 svn:mergeinfo /branches/qmmp-1.0:5596%0A/branches/qmmp-1.1:5819%2C5968%2C6043%2C6172%2C6233%2C6442%0A/trunk/qmmp:6515%2C6534-6535%2C6539%2C6545-6547%2C6552-6553%2C6577%2C6586%2C6612%2C6616%2C6620%2C6624
r6632
r6639
  +dir_prop: branches/qmmp-0.10 svn:mergeinfo /branches/qmmp-1.0:5596%0A/branches/qmmp-1.1:5819%2C5968%2C6043%2C6172%2C6233%2C6442%0A/trunk/qmmp:6515%2C6534-6535%2C6539%2C6545-6547%2C6552-6553%2C6577%2C6586%2C6612%2C6616%2C6620%2C6624%2C6637
r6645
r6646
r6647
r6661
r6663
r6674
  +dir_prop: branches/qmmp-0.10 svn:mergeinfo /branches/qmmp-1.0:5596%0A/branches/qmmp-1.1:5819%2C5968%2C6043%2C6172%2C6233%2C6442%0A/trunk/qmmp:6515%2C6534-6535%2C6539%2C6545-6547%2C6552-6553%2C6577%2C6586%2C6612%2C6616%2C6620%2C6624%2C6637%2C6671
r6678
  +dir_prop: branches/qmmp-0.10 svn:mergeinfo /branches/qmmp-1.0:5596%0A/branches/qmmp-1.1:5819%2C5968%2C6043%2C6172%2C6233%2C6442%0A/trunk/qmmp:6515%2C6534-6535%2C6539%2C6545-6547%2C6552-6553%2C6577%2C6586%2C6612%2C6616%2C6620%2C6624%2C6637%2C6671%2C6677
r6681
r6686
  +dir_prop: branches/qmmp-0.10 svn:mergeinfo /branches/qmmp-1.0:5596%0A/branches/qmmp-1.1:5819%2C5968%2C6043%2C6172%2C6233%2C6442%0A/trunk/qmmp:6515%2C6534-6535%2C6539%2C6545-6547%2C6552-6553%2C6577%2C6586%2C6612%2C6616%2C6620%2C6624%2C6637%2C6671%2C6677%2C6683
r6687
r6690
  +dir_prop: branches/qmmp-0.10 svn:mergeinfo /branches/qmmp-1.0:5596%0A/branches/qmmp-1.1:5819%2C5968%2C6043%2C6172%2C6233%2C6442%0A/trunk/qmmp:6515%2C6534-6535%2C6539%2C6545-6547%2C6552-6553%2C6577%2C6586%2C6612%2C6616%2C6620%2C6624%2C6637%2C6671%2C6677%2C6683%2C6689
r6693
r6699
r6705
  +dir_prop: branches/qmmp-0.10 svn:mergeinfo /branches/qmmp-1.0:5596%0A/branches/qmmp-1.1:5819%2C5968%2C6043%2C6172%2C6233%2C6442%0A/trunk/qmmp:6515%2C6534-6535%2C6539%2C6545-6547%2C6552-6553%2C6577%2C6586%2C6612%2C6616%2C6620%2C6624%2C6637%2C6671%2C6677%2C6683%2C6689%2C6704
r6712
r6725
r6736
r6737
r6746
r6747
r6749
r6754
r6787
  +dir_prop: branches/qmmp-0.10 svn:mergeinfo /branches/qmmp-1.0:5596%0A/branches/qmmp-1.1:5819%2C5968%2C6043%2C6172%2C6233%2C6442%0A/trunk/qmmp:6515%2C6534-6535%2C6539%2C6545-6547%2C6552-6553%2C6577%2C6586%2C6612%2C6616%2C6620%2C6624%2C6637%2C6671%2C6677%2C6683%2C6689%2C6704%2C6781%2C6783-6785
r6792
  +dir_prop: branches/qmmp-0.10 svn:mergeinfo /branches/qmmp-1.0:5596%0A/branches/qmmp-1.1:5819%2C5968%2C6043%2C6172%2C6233%2C6442%0A/trunk/qmmp:6515%2C6534-6535%2C6539%2C6545-6547%2C6552-6553%2C6577%2C6586%2C6612%2C6616%2C6620%2C6624%2C6637%2C6671%2C6677%2C6683%2C6689%2C6704%2C6781%2C6783-6785%2C6789
  +dir_prop: branches/qmmp-0.10/src/plugins/Ui/qsui svn:mergeinfo /branches/qmmp-1.1/src/plugins/Ui/qsui:6172%0A/trunk/qmmp/src/plugins/Ui/qsui:6547%2C6577%2C6789%0A/trunk/qmmp/src/plugins/Ui/skinned:5223%2C6018-6019%2C6022
r6798
  +dir_prop: branches/qmmp-0.10 svn:mergeinfo /branches/qmmp-1.0:5596%0A/branches/qmmp-1.1:5819%2C5968%2C6043%2C6172%2C6233%2C6442%0A/trunk/qmmp:6515%2C6534-6535%2C6539%2C6545-6547%2C6552-6553%2C6577%2C6586%2C6612%2C6616%2C6620%2C6624%2C6637%2C6671%2C6677%2C6683%2C6689%2C6704%2C6781%2C6783-6785%2C6789%2C6796
r6802
  +dir_prop: branches/qmmp-0.10 svn:mergeinfo /branches/qmmp-1.0:5596%0A/branches/qmmp-1.1:5819%2C5968%2C6043%2C6172%2C6233%2C6442%0A/branches/qmmp-1.2:6799%0A/trunk/qmmp:6515%2C6534-6535%2C6539%2C6545-6547%2C6552-6553%2C6577%2C6586%2C6612%2C6616%2C6620%2C6624%2C6637%2C6671%2C6677%2C6683%2C6689%2C6704%2C6781%2C6783-6785%2C6789%2C6796%2C6801
r6804
  +dir_prop: branches/qmmp-0.10 svn:mergeinfo /branches/qmmp-1.0:5596%0A/branches/qmmp-1.1:5819%2C5968%2C6043%2C6172%2C6233%2C6442%0A/branches/qmmp-1.2:6799%0A/trunk/qmmp:6515%2C6534-6535%2C6539%2C6545-6547%2C6552-6553%2C6577%2C6586%2C6612%2C6616%2C6620%2C6624%2C6637%2C6671%2C6677%2C6683%2C6689%2C6704%2C6781%2C6783-6785%2C6789%2C6796%2C6801%2C6803
r6809
r6812
  +dir_prop: branches/qmmp-0.10 svn:mergeinfo /branches/qmmp-1.0:5596%0A/branches/qmmp-1.1:5819%2C5968%2C6043%2C6172%2C6233%2C6442%0A/branches/qmmp-1.2:6799%0A/trunk/qmmp:6515%2C6534-6535%2C6539%2C6545-6547%2C6552-6553%2C6577%2C6586%2C6612%2C6616%2C6620%2C6624%2C6637%2C6671%2C6677%2C6683%2C6689%2C6704%2C6781%2C6783-6785%2C6789%2C6796%2C6801%2C6803%2C6811
  +dir_prop: branches/qmmp-0.10/src/plugins/Ui/qsui svn:mergeinfo /branches/qmmp-1.1/src/plugins/Ui/qsui:6172%0A/trunk/qmmp/src/plugins/Ui/qsui:6547%2C6577%2C6789%2C6811%0A/trunk/qmmp/src/plugins/Ui/skinned:5223%2C6018-6019%2C6022
r6818
  +dir_prop: branches/qmmp-0.10 svn:mergeinfo /branches/qmmp-1.0:5596%0A/branches/qmmp-1.1:5819%2C5968%2C6043%2C6172%2C6233%2C6442%0A/branches/qmmp-1.2:6799%0A/trunk/qmmp:6515%2C6534-6535%2C6539%2C6545-6547%2C6552-6553%2C6577%2C6586%2C6612%2C6616%2C6620%2C6624%2C6637%2C6671%2C6677%2C6683%2C6689%2C6704%2C6781%2C6783-6785%2C6789%2C6796%2C6801%2C6803%2C6811%2C6814-6815
r6826
  +dir_prop: branches/qmmp-0.10 svn:mergeinfo /branches/qmmp-1.0:5596%0A/branches/qmmp-1.1:5819%2C5968%2C6043%2C6172%2C6233%2C6442%0A/branches/qmmp-1.2:6799%0A/trunk/qmmp:6515%2C6534-6535%2C6539%2C6545-6547%2C6552-6553%2C6577%2C6586%2C6612%2C6616%2C6620%2C6624%2C6637%2C6671%2C6677%2C6683%2C6689%2C6704%2C6781%2C6783-6785%2C6789%2C6796%2C6801%2C6803%2C6811%2C6814-6815%2C6825
r6829
r6834
  +dir_prop: branches/qmmp-0.10 svn:mergeinfo /branches/qmmp-1.0:5596%0A/branches/qmmp-1.1:5819%2C5968%2C6043%2C6172%2C6233%2C6442%0A/branches/qmmp-1.2:6799%0A/trunk/qmmp:6515%2C6534-6535%2C6539%2C6545-6547%2C6552-6553%2C6577%2C6586%2C6612%2C6616%2C6620%2C6624%2C6637%2C6671%2C6677%2C6683%2C6689%2C6704%2C6781%2C6783-6785%2C6789%2C6796%2C6801%2C6803%2C6811%2C6814-6815%2C6825%2C6831
r6835
r6885
r6891
r6899
r6903
  +dir_prop: branches/qmmp-0.10 svn:mergeinfo /branches/qmmp-1.0:5596%0A/branches/qmmp-1.1:5819%2C5968%2C6043%2C6172%2C6233%2C6442%0A/branches/qmmp-1.2:6799%0A/trunk/qmmp:6515%2C6534-6535%2C6539%2C6545-6547%2C6552-6553%2C6577%2C6586%2C6612%2C6616%2C6620%2C6624%2C6637%2C6671%2C6677%2C6683%2C6689%2C6704%2C6781%2C6783-6785%2C6789%2C6796%2C6801%2C6803%2C6811%2C6814-6815%2C6825%2C6831%2C6901
r6906
  +dir_prop: branches/qmmp-0.10 svn:mergeinfo /branches/qmmp-1.0:5596%0A/branches/qmmp-1.1:5819%2C5968%2C6043%2C6172%2C6233%2C6442%0A/branches/qmmp-1.2:6799%0A/trunk/qmmp:6515%2C6534-6535%2C6539%2C6545-6547%2C6552-6553%2C6577%2C6586%2C6612%2C6616%2C6620%2C6624%2C6637%2C6671%2C6677%2C6683%2C6689%2C6704%2C6781%2C6783-6785%2C6789%2C6796%2C6801%2C6803%2C6811%2C6814-6815%2C6825%2C6831%2C6901%2C6905
r6912
  +dir_prop: branches/qmmp-0.10 svn:mergeinfo /branches/qmmp-1.0:5596%0A/branches/qmmp-1.1:5819%2C5968%2C6043%2C6172%2C6233%2C6442%0A/branches/qmmp-1.2:6799%0A/trunk/qmmp:6515%2C6534-6535%2C6539%2C6545-6547%2C6552-6553%2C6577%2C6586%2C6612%2C6616%2C6620%2C6624%2C6637%2C6671%2C6677%2C6683%2C6689%2C6704%2C6781%2C6783-6785%2C6789%2C6796%2C6801%2C6803%2C6811%2C6814-6815%2C6825%2C6831%2C6901%2C6905%2C6909
r6922
  +dir_prop: branches/qmmp-0.10 svn:mergeinfo /branches/qmmp-1.0:5596%0A/branches/qmmp-1.1:5819%2C5968%2C6043%2C6172%2C6233%2C6442%0A/branches/qmmp-1.2:6799%0A/trunk/qmmp:6515%2C6534-6535%2C6539%2C6545-6547%2C6552-6553%2C6577%2C6586%2C6612%2C6616%2C6620%2C6624%2C6637%2C6671%2C6677%2C6683%2C6689%2C6704%2C6781%2C6783-6785%2C6789%2C6796%2C6801%2C6803%2C6811%2C6814-6815%2C6825%2C6831%2C6901%2C6905%2C6909%2C6919
r6923
r6960
  +dir_prop: branches/qmmp-0.10 svn:mergeinfo /branches/qmmp-1.0:5596%0A/branches/qmmp-1.1:5819%2C5968%2C6043%2C6172%2C6233%2C6442%0A/branches/qmmp-1.2:6799%0A/trunk/qmmp:6515%2C6534-6535%2C6539%2C6545-6547%2C6552-6553%2C6577%2C6586%2C6612%2C6616%2C6620%2C6624%2C6637%2C6671%2C6677%2C6683%2C6689%2C6704%2C6781%2C6783-6785%2C6789%2C6796%2C6801%2C6803%2C6811%2C6814-6815%2C6825%2C6831%2C6901%2C6905%2C6909%2C6919%2C6958
r6963
  +dir_prop: branches/qmmp-0.10 svn:mergeinfo /branches/qmmp-1.0:5596%0A/branches/qmmp-1.1:5819%2C5968%2C6043%2C6172%2C6233%2C6442%0A/branches/qmmp-1.2:6799%0A/trunk/qmmp:6515%2C6534-6535%2C6539%2C6545-6547%2C6552-6553%2C6577%2C6586%2C6612%2C6616%2C6620%2C6624%2C6637%2C6671%2C6677%2C6683%2C6689%2C6704%2C6781%2C6783-6785%2C6789%2C6796%2C6801%2C6803%2C6811%2C6814-6815%2C6825%2C6831%2C6901%2C6905%2C6909%2C6919%2C6958-6959
r6964
r6965
r6970
r6978
  +dir_prop: branches/qmmp-0.10 svn:mergeinfo /branches/qmmp-1.0:5596%0A/branches/qmmp-1.1:5819%2C5968%2C6043%2C6172%2C6233%2C6442%0A/branches/qmmp-1.2:6799%2C6975%0A/trunk/qmmp:6515%2C6534-6535%2C6539%2C6545-6547%2C6552-6553%2C6577%2C6586%2C6612%2C6616%2C6620%2C6624%2C6637%2C6671%2C6677%2C6683%2C6689%2C6704%2C6781%2C6783-6785%2C6789%2C6796%2C6801%2C6803%2C6811%2C6814-6815%2C6825%2C6831%2C6901%2C6905%2C6909%2C6919%2C6958-6959
r7006
  +dir_prop: branches/qmmp-0.10 svn:mergeinfo /branches/qmmp-1.0:5596%0A/branches/qmmp-1.1:5819%2C5968%2C6043%2C6172%2C6233%2C6442%0A/branches/qmmp-1.2:6799%2C6975%0A/trunk/qmmp:6515%2C6534-6535%2C6539%2C6545-6547%2C6552-6553%2C6577%2C6586%2C6612%2C6616%2C6620%2C6624%2C6637%2C6671%2C6677%2C6683%2C6689%2C6704%2C6781%2C6783-6785%2C6789%2C6796%2C6801%2C6803%2C6811%2C6814-6815%2C6825%2C6831%2C6901%2C6905%2C6909%2C6919%2C6958-6959%2C7003
r7007
  +dir_prop: branches/qmmp-0.10 svn:mergeinfo /branches/qmmp-1.0:5596%0A/branches/qmmp-1.1:5819%2C5968%2C6043%2C6172%2C6233%2C6442%0A/branches/qmmp-1.2:6799%2C6975%0A/trunk/qmmp:6515%2C6534-6535%2C6539%2C6545-6547%2C6552-6553%2C6577%2C6586%2C6612%2C6616%2C6620%2C6624%2C6637%2C6671%2C6677%2C6683%2C6689%2C6704%2C6781%2C6783-6785%2C6789%2C6796%2C6801%2C6803%2C6811%2C6814-6815%2C6825%2C6831%2C6901%2C6905%2C6909%2C6919%2C6958-6959%2C7000%2C7003
r7015
r7022
r7026
r7038
  +dir_prop: branches/qmmp-0.10 svn:mergeinfo /branches/qmmp-1.0:5596%0A/branches/qmmp-1.1:5819%2C5968%2C6043%2C6172%2C6233%2C6442%0A/branches/qmmp-1.2:6799%2C6975%0A/trunk/qmmp:6515%2C6534-6535%2C6539%2C6545-6547%2C6552-6553%2C6577%2C6586%2C6612%2C6616%2C6620%2C6624%2C6637%2C6671%2C6677%2C6683%2C6689%2C6704%2C6781%2C6783-6785%2C6789%2C6796%2C6801%2C6803%2C6811%2C6814-6815%2C6825%2C6831%2C6901%2C6905%2C6909%2C6919%2C6958-6959%2C7000%2C7003%2C7036
r7041
  +dir_prop: branches/qmmp-0.10 svn:mergeinfo /branches/qmmp-1.0:5596%0A/branches/qmmp-1.1:5819%2C5968%2C6043%2C6172%2C6233%2C6442%0A/branches/qmmp-1.2:6799%2C6975%0A/trunk/qmmp:6515%2C6534-6535%2C6539%2C6545-6547%2C6552-6553%2C6577%2C6586%2C6612%2C6616%2C6620%2C6624%2C6637%2C6671%2C6677%2C6683%2C6689%2C6704%2C6781%2C6783-6785%2C6789%2C6796%2C6801%2C6803%2C6811%2C6814-6815%2C6825%2C6831%2C6901%2C6905%2C6909%2C6919%2C6958-6959%2C7000%2C7003%2C7036%2C7040
r7058
r7062
r7063
r7067
  +dir_prop: branches/qmmp-0.10 svn:mergeinfo /branches/qmmp-1.0:5596%0A/branches/qmmp-1.1:5819%2C5968%2C6043%2C6172%2C6233%2C6442%0A/branches/qmmp-1.2:6799%2C6975%0A/trunk/qmmp:6515%2C6534-6535%2C6539%2C6545-6547%2C6552-6553%2C6577%2C6586%2C6612%2C6616%2C6620%2C6624%2C6637%2C6671%2C6677%2C6683%2C6689%2C6704%2C6781%2C6783-6785%2C6789%2C6796%2C6801%2C6803%2C6811%2C6814-6815%2C6825%2C6831%2C6901%2C6905%2C6909%2C6919%2C6958-6959%2C7000%2C7003%2C7036%2C7040%2C7066
r7075
r7095
  +dir_prop: branches/qmmp-0.10 svn:mergeinfo /branches/qmmp-1.0:5596%0A/branches/qmmp-1.1:5819%2C5968%2C6043%2C6172%2C6233%2C6442%0A/branches/qmmp-1.2:6799%2C6975%0A/trunk/qmmp:6515%2C6534-6535%2C6539%2C6545-6547%2C6552-6553%2C6577%2C6586%2C6612%2C6616%2C6620%2C6624%2C6637%2C6671%2C6677%2C6683%2C6689%2C6704%2C6781%2C6783-6785%2C6789%2C6796%2C6801%2C6803%2C6811%2C6814-6815%2C6825%2C6831%2C6901%2C6905%2C6909%2C6919%2C6958-6959%2C7000%2C7003%2C7036%2C7040%2C7066%2C7094
r7101
  +dir_prop: branches/qmmp-0.10 svn:mergeinfo /branches/qmmp-1.0:5596%0A/branches/qmmp-1.1:5819%2C5968%2C6043%2C6172%2C6233%2C6442%0A/branches/qmmp-1.2:6799%2C6975%0A/trunk/qmmp:6515%2C6534-6535%2C6539%2C6545-6547%2C6552-6553%2C6577%2C6586%2C6612%2C6616%2C6620%2C6624%2C6637%2C6671%2C6677%2C6683%2C6689%2C6704%2C6781%2C6783-6785%2C6789%2C6796%2C6801%2C6803%2C6811%2C6814-6815%2C6825%2C6831%2C6901%2C6905%2C6909%2C6919%2C6958-6959%2C7000%2C7003%2C7036%2C7040%2C7066%2C7094%2C7098
r7102
r7103
r7106
  +dir_prop: branches/qmmp-0.10 svn:mergeinfo /branches/qmmp-1.0:5596%0A/branches/qmmp-1.1:5819%2C5968%2C6043%2C6172%2C6233%2C6442%2C7105%0A/branches/qmmp-1.2:6799%2C6975%0A/trunk/qmmp:6515%2C6534-6535%2C6539%2C6545-6547%2C6552-6553%2C6577%2C6586%2C6612%2C6616%2C6620%2C6624%2C6637%2C6671%2C6677%2C6683%2C6689%2C6704%2C6781%2C6783-6785%2C6789%2C6796%2C6801%2C6803%2C6811%2C6814-6815%2C6825%2C6831%2C6901%2C6905%2C6909%2C6919%2C6958-6959%2C7000%2C7003%2C7036%2C7040%2C7066%2C7094%2C7098
r7109
r7126
  +dir_prop: branches/qmmp-0.10 svn:mergeinfo /branches/qmmp-1.0:5596%0A/branches/qmmp-1.1:5819%2C5968%2C6043%2C6172%2C6233%2C6442%2C7105%0A/branches/qmmp-1.2:6799%2C6975%0A/trunk/qmmp:6515%2C6534-6535%2C6539%2C6545-6547%2C6552-6553%2C6577%2C6586%2C6612%2C6616%2C6620%2C6624%2C6637%2C6671%2C6677%2C6683%2C6689%2C6704%2C6781%2C6783-6785%2C6789%2C6796%2C6801%2C6803%2C6811%2C6814-6815%2C6825%2C6831%2C6901%2C6905%2C6909%2C6919%2C6958-6959%2C7000%2C7003%2C7036%2C7040%2C7066%2C7094%2C7098%2C7122
r7145
  +dir_prop: branches/qmmp-0.10 svn:mergeinfo /branches/qmmp-1.0:5596%0A/branches/qmmp-1.1:5819%2C5968%2C6043%2C6172%2C6233%2C6442%2C7105%0A/branches/qmmp-1.2:6799%2C6975%0A/trunk/qmmp:6515%2C6534-6535%2C6539%2C6545-6547%2C6552-6553%2C6577%2C6586%2C6612%2C6616%2C6620%2C6624%2C6637%2C6671%2C6677%2C6683%2C6689%2C6704%2C6781%2C6783-6785%2C6789%2C6796%2C6801%2C6803%2C6811%2C6814-6815%2C6825%2C6831%2C6901%2C6905%2C6909%2C6919%2C6958-6959%2C7000%2C7003%2C7036%2C7040%2C7066%2C7094%2C7098%2C7122%2C7142
r7148
  +dir_prop: branches/qmmp-0.10 svn:mergeinfo /branches/qmmp-1.0:5596%0A/branches/qmmp-1.1:5819%2C5968%2C6043%2C6172%2C6233%2C6442%2C7105%0A/branches/qmmp-1.2:6799%2C6975%0A/trunk/qmmp:6515%2C6534-6535%2C6539%2C6545-6547%2C6552-6553%2C6577%2C6586%2C6612%2C6616%2C6620%2C6624%2C6637%2C6671%2C6677%2C6683%2C6689%2C6704%2C6781%2C6783-6785%2C6789%2C6796%2C6801%2C6803%2C6811%2C6814-6815%2C6825%2C6831%2C6901%2C6905%2C6909%2C6919%2C6958-6959%2C7000%2C7003%2C7036%2C7040%2C7066%2C7094%2C7098%2C7122%2C7142%2C7146
r7150
r7153
r7156
r7162
  +dir_prop: branches/qmmp-0.10 svn:mergeinfo /branches/qmmp-1.0:5596%0A/branches/qmmp-1.1:5819%2C5968%2C6043%2C6172%2C6233%2C6442%2C7105%0A/branches/qmmp-1.2:6799%2C6975%0A/trunk/qmmp:6515%2C6534-6535%2C6539%2C6545-6547%2C6552-6553%2C6577%2C6586%2C6612%2C6616%2C6620%2C6624%2C6637%2C6671%2C6677%2C6683%2C6689%2C6704%2C6781%2C6783-6785%2C6789%2C6796%2C6801%2C6803%2C6811%2C6814-6815%2C6825%2C6831%2C6901%2C6905%2C6909%2C6919%2C6958-6959%2C7000%2C7003%2C7036%2C7040%2C7066%2C7094%2C7098%2C7122%2C7142%2C7146%2C7159
r7164
  +dir_prop: branches/qmmp-0.10 svn:mergeinfo /branches/qmmp-1.0:5596%0A/branches/qmmp-1.1:5819%2C5968%2C6043%2C6172%2C6233%2C6442%2C7105%0A/branches/qmmp-1.2:6799%2C6975%0A/trunk/qmmp:6515%2C6534-6535%2C6539%2C6545-6547%2C6552-6553%2C6577%2C6586%2C6612%2C6616%2C6620%2C6624%2C6637%2C6671%2C6677%2C6683%2C6689%2C6704%2C6781%2C6783-6785%2C6789%2C6796%2C6801%2C6803%2C6811%2C6814-6815%2C6825%2C6831%2C6901%2C6905%2C6909%2C6919%2C6958-6959%2C7000%2C7003%2C7036%2C7040%2C7066%2C7094%2C7098%2C7122%2C7142%2C7146%2C7159%2C7163
r7172
  +dir_prop: branches/qmmp-0.10 svn:mergeinfo /branches/qmmp-1.0:5596%0A/branches/qmmp-1.1:5819%2C5968%2C6043%2C6172%2C6233%2C6442%2C7105%0A/branches/qmmp-1.2:6799%2C6975%0A/trunk/qmmp:6515%2C6534-6535%2C6539%2C6545-6547%2C6552-6553%2C6577%2C6586%2C6612%2C6616%2C6620%2C6624%2C6637%2C6671%2C6677%2C6683%2C6689%2C6704%2C6781%2C6783-6785%2C6789%2C6796%2C6801%2C6803%2C6811%2C6814-6815%2C6825%2C6831%2C6901%2C6905%2C6909%2C6919%2C6958-6959%2C7000%2C7003%2C7036%2C7040%2C7066%2C7094%2C7098%2C7122%2C7142%2C7146%2C7159%2C7163%2C7169
r7176
  +dir_prop: branches/qmmp-0.10 svn:mergeinfo /branches/qmmp-1.0:5596%0A/branches/qmmp-1.1:5819%2C5968%2C6043%2C6172%2C6233%2C6442%2C7105%0A/branches/qmmp-1.2:6799%2C6975%2C7173%0A/trunk/qmmp:6515%2C6534-6535%2C6539%2C6545-6547%2C6552-6553%2C6577%2C6586%2C6612%2C6616%2C6620%2C6624%2C6637%2C6671%2C6677%2C6683%2C6689%2C6704%2C6781%2C6783-6785%2C6789%2C6796%2C6801%2C6803%2C6811%2C6814-6815%2C6825%2C6831%2C6901%2C6905%2C6909%2C6919%2C6958-6959%2C7000%2C7003%2C7036%2C7040%2C7066%2C7094%2C7098%2C7122%2C7142%2C7146%2C7159%2C7163%2C7169
r7183
  +dir_prop: branches/qmmp-0.10 svn:mergeinfo /branches/qmmp-1.0:5596%0A/branches/qmmp-1.1:5819%2C5968%2C6043%2C6172%2C6233%2C6442%2C7105%0A/branches/qmmp-1.2:6799%2C6975%2C7173%0A/trunk/qmmp:6515%2C6534-6535%2C6539%2C6545-6547%2C6552-6553%2C6577%2C6586%2C6612%2C6616%2C6620%2C6624%2C6637%2C6671%2C6677%2C6683%2C6689%2C6704%2C6781%2C6783-6785%2C6789%2C6796%2C6801%2C6803%2C6811%2C6814-6815%2C6825%2C6831%2C6901%2C6905%2C6909%2C6919%2C6958-6959%2C7000%2C7003%2C7036%2C7040%2C7066%2C7094%2C7098%2C7122%2C7142%2C7146%2C7159%2C7163%2C7169%2C7180
r7184
r7189
  +dir_prop: branches/qmmp-0.10 svn:mergeinfo /branches/qmmp-1.0:5596%0A/branches/qmmp-1.1:5819%2C5968%2C6043%2C6172%2C6233%2C6442%2C7105%0A/branches/qmmp-1.2:6799%2C6975%2C7173%0A/trunk/qmmp:6515%2C6534-6535%2C6539%2C6545-6547%2C6552-6553%2C6577%2C6586%2C6612%2C6616%2C6620%2C6624%2C6637%2C6671%2C6677%2C6683%2C6689%2C6704%2C6781%2C6783-6785%2C6789%2C6796%2C6801%2C6803%2C6811%2C6814-6815%2C6825%2C6831%2C6901%2C6905%2C6909%2C6919%2C6958-6959%2C7000%2C7003%2C7036%2C7040%2C7066%2C7094%2C7098%2C7122%2C7142%2C7146%2C7159%2C7163%2C7169%2C7180%2C7186
r7192
r7195
r7203
  +dir_prop: branches/qmmp-0.10 svn:mergeinfo /branches/qmmp-1.0:5596%0A/branches/qmmp-1.1:5819%2C5968%2C6043%2C6172%2C6233%2C6442%2C7105%0A/branches/qmmp-1.2:6799%2C6975%2C7173%0A/trunk/qmmp:6515%2C6534-6535%2C6539%2C6545-6547%2C6552-6553%2C6577%2C6586%2C6612%2C6616%2C6620%2C6624%2C6637%2C6671%2C6677%2C6683%2C6689%2C6704%2C6781%2C6783-6785%2C6789%2C6796%2C6801%2C6803%2C6811%2C6814-6815%2C6825%2C6831%2C6901%2C6905%2C6909%2C6919%2C6958-6959%2C7000%2C7003%2C7036%2C7040%2C7066%2C7094%2C7098%2C7122%2C7142%2C7146%2C7159%2C7163%2C7169%2C7180%2C7186%2C7200
r7204
r7210
r7219
r7230
  +dir_prop: branches/qmmp-0.10 svn:mergeinfo /branches/qmmp-1.0:5596%0A/branches/qmmp-1.1:5819%2C5968%2C6043%2C6172%2C6233%2C6442%2C7105%0A/branches/qmmp-1.2:6799%2C6975%2C7173%0A/trunk/qmmp:6515%2C6534-6535%2C6539%2C6545-6547%2C6552-6553%2C6577%2C6586%2C6612%2C6616%2C6620%2C6624%2C6637%2C6671%2C6677%2C6683%2C6689%2C6704%2C6781%2C6783-6785%2C6789%2C6796%2C6801%2C6803%2C6811%2C6814-6815%2C6825%2C6831%2C6901%2C6905%2C6909%2C6919%2C6958-6959%2C7000%2C7003%2C7036%2C7040%2C7066%2C7094%2C7098%2C7122%2C7142%2C7146%2C7159%2C7163%2C7169%2C7180%2C7186%2C7200%2C7223
r7234
  +dir_prop: branches/qmmp-0.10 svn:mergeinfo /branches/qmmp-1.0:5596%0A/branches/qmmp-1.1:5819%2C5968%2C6043%2C6172%2C6233%2C6442%2C7105%2C7223%2C7233%0A/branches/qmmp-1.2:6799%2C6975%2C7173%0A/trunk/qmmp:6515%2C6534-6535%2C6539%2C6545-6547%2C6552-6553%2C6577%2C6586%2C6612%2C6616%2C6620%2C6624%2C6637%2C6671%2C6677%2C6683%2C6689%2C6704%2C6781%2C6783-6785%2C6789%2C6796%2C6801%2C6803%2C6811%2C6814-6815%2C6825%2C6831%2C6901%2C6905%2C6909%2C6919%2C6958-6959%2C7000%2C7003%2C7036%2C7040%2C7066%2C7094%2C7098%2C7122%2C7142%2C7146%2C7159%2C7163%2C7169%2C7180%2C7186%2C7200%2C7223
r7236
  +dir_prop: branches/qmmp-0.10 svn:mergeinfo /branches/qmmp-1.0:5596%0A/branches/qmmp-1.1:5819%2C5968%2C6043%2C6172%2C6233%2C6442%2C7105%2C7223%2C7233%2C7235%0A/branches/qmmp-1.2:6799%2C6975%2C7173%0A/trunk/qmmp:6515%2C6534-6535%2C6539%2C6545-6547%2C6552-6553%2C6577%2C6586%2C6612%2C6616%2C6620%2C6624%2C6637%2C6671%2C6677%2C6683%2C6689%2C6704%2C6781%2C6783-6785%2C6789%2C6796%2C6801%2C6803%2C6811%2C6814-6815%2C6825%2C6831%2C6901%2C6905%2C6909%2C6919%2C6958-6959%2C7000%2C7003%2C7036%2C7040%2C7066%2C7094%2C7098%2C7122%2C7142%2C7146%2C7159%2C7163%2C7169%2C7180%2C7186%2C7200%2C7223
r7241
  +dir_prop: branches/qmmp-0.10 svn:mergeinfo /branches/qmmp-1.0:5596%0A/branches/qmmp-1.1:5819%2C5968%2C6043%2C6172%2C6233%2C6442%2C7105%2C7223%2C7233%2C7235%0A/branches/qmmp-1.2:6799%2C6975%2C7173%0A/trunk/qmmp:6515%2C6534-6535%2C6539%2C6545-6547%2C6552-6553%2C6577%2C6586%2C6612%2C6616%2C6620%2C6624%2C6637%2C6671%2C6677%2C6683%2C6689%2C6704%2C6781%2C6783-6785%2C6789%2C6796%2C6801%2C6803%2C6811%2C6814-6815%2C6825%2C6831%2C6901%2C6905%2C6909%2C6919%2C6958-6959%2C7000%2C7003%2C7036%2C7040%2C7066%2C7094%2C7098%2C7122%2C7142%2C7146%2C7159%2C7163%2C7169%2C7180%2C7186%2C7200%2C7223%2C7239
r7248
  +dir_prop: branches/qmmp-0.10 svn:mergeinfo /branches/qmmp-1.0:5596%0A/branches/qmmp-1.1:5819%2C5968%2C6043%2C6172%2C6233%2C6442%2C7105%2C7223%2C7233%2C7235%0A/branches/qmmp-1.2:6799%2C6975%2C7173%0A/trunk/qmmp:6515%2C6534-6535%2C6539%2C6545-6547%2C6552-6553%2C6577%2C6586%2C6612%2C6616%2C6620%2C6624%2C6637%2C6671%2C6677%2C6683%2C6689%2C6704%2C6781%2C6783-6785%2C6789%2C6796%2C6801%2C6803%2C6811%2C6814-6815%2C6825%2C6831%2C6901%2C6905%2C6909%2C6919%2C6958-6959%2C7000%2C7003%2C7036%2C7040%2C7066%2C7094%2C7098%2C7122%2C7142%2C7146%2C7159%2C7163%2C7169%2C7180%2C7186%2C7200%2C7223%2C7239%2C7245
r7249
r7253
  +dir_prop: branches/qmmp-0.10 svn:mergeinfo /branches/qmmp-1.0:5596%0A/branches/qmmp-1.1:5819%2C5968%2C6043%2C6172%2C6233%2C6442%2C7105%2C7223%2C7233%2C7235%0A/branches/qmmp-1.2:6799%2C6975%2C7173%0A/trunk/qmmp:6515%2C6534-6535%2C6539%2C6545-6547%2C6552-6553%2C6577%2C6586%2C6612%2C6616%2C6620%2C6624%2C6637%2C6671%2C6677%2C6683%2C6689%2C6704%2C6781%2C6783-6785%2C6789%2C6796%2C6801%2C6803%2C6811%2C6814-6815%2C6825%2C6831%2C6901%2C6905%2C6909%2C6919%2C6958-6959%2C7000%2C7003%2C7036%2C7040%2C7066%2C7094%2C7098%2C7122%2C7142%2C7146%2C7159%2C7163%2C7169%2C7180%2C7186%2C7200%2C7223%2C7239%2C7245%2C7250
r7257
  +dir_prop: branches/qmmp-0.10 svn:mergeinfo /branches/qmmp-1.0:5596%0A/branches/qmmp-1.1:5819%2C5968%2C6043%2C6172%2C6233%2C6442%2C7105%2C7223%2C7233%2C7235%0A/branches/qmmp-1.2:6799%2C6975%2C7173%0A/trunk/qmmp:6515%2C6534-6535%2C6539%2C6545-6547%2C6552-6553%2C6577%2C6586%2C6612%2C6616%2C6620%2C6624%2C6637%2C6671%2C6677%2C6683%2C6689%2C6704%2C6781%2C6783-6785%2C6789%2C6796%2C6801%2C6803%2C6811%2C6814-6815%2C6825%2C6831%2C6901%2C6905%2C6909%2C6919%2C6958-6959%2C7000%2C7003%2C7036%2C7040%2C7066%2C7094%2C7098%2C7122%2C7142%2C7146%2C7159%2C7163%2C7169%2C7180%2C7186%2C7200%2C7223%2C7239%2C7245%2C7250%2C7254
r7261
  +dir_prop: branches/qmmp-0.10 svn:mergeinfo /branches/qmmp-1.0:5596%0A/branches/qmmp-1.1:5819%2C5968%2C6043%2C6172%2C6233%2C6442%2C7105%2C7223%2C7233%2C7235%0A/branches/qmmp-1.2:6799%2C6975%2C7173%0A/trunk/qmmp:6515%2C6534-6535%2C6539%2C6545-6547%2C6552-6553%2C6577%2C6586%2C6612%2C6616%2C6620%2C6624%2C6637%2C6671%2C6677%2C6683%2C6689%2C6704%2C6781%2C6783-6785%2C6789%2C6796%2C6801%2C6803%2C6811%2C6814-6815%2C6825%2C6831%2C6901%2C6905%2C6909%2C6919%2C6958-6959%2C7000%2C7003%2C7036%2C7040%2C7066%2C7094%2C7098%2C7122%2C7142%2C7146%2C7159%2C7163%2C7169%2C7180%2C7186%2C7200%2C7223%2C7239%2C7245%2C7250%2C7254%2C7258
r7265
  +dir_prop: branches/qmmp-0.10 svn:mergeinfo /branches/qmmp-1.0:5596%0A/branches/qmmp-1.1:5819%2C5968%2C6043%2C6172%2C6233%2C6442%2C7105%2C7223%2C7233%2C7235%0A/branches/qmmp-1.2:6799%2C6975%2C7173%0A/trunk/qmmp:6515%2C6534-6535%2C6539%2C6545-6547%2C6552-6553%2C6577%2C6586%2C6612%2C6616%2C6620%2C6624%2C6637%2C6671%2C6677%2C6683%2C6689%2C6704%2C6781%2C6783-6785%2C6789%2C6796%2C6801%2C6803%2C6811%2C6814-6815%2C6825%2C6831%2C6901%2C6905%2C6909%2C6919%2C6958-6959%2C7000%2C7003%2C7036%2C7040%2C7066%2C7094%2C7098%2C7122%2C7142%2C7146%2C7159%2C7163%2C7169%2C7180%2C7186%2C7200%2C7223%2C7239%2C7245%2C7250%2C7254%2C7258%2C7262
r7269
  +dir_prop: branches/qmmp-0.10 svn:mergeinfo /branches/qmmp-1.0:5596%0A/branches/qmmp-1.1:5819%2C5968%2C6043%2C6172%2C6233%2C6442%2C7105%2C7223%2C7233%2C7235%0A/branches/qmmp-1.2:6799%2C6975%2C7173%0A/trunk/qmmp:6515%2C6534-6535%2C6539%2C6545-6547%2C6552-6553%2C6577%2C6586%2C6612%2C6616%2C6620%2C6624%2C6637%2C6671%2C6677%2C6683%2C6689%2C6704%2C6781%2C6783-6785%2C6789%2C6796%2C6801%2C6803%2C6811%2C6814-6815%2C6825%2C6831%2C6901%2C6905%2C6909%2C6919%2C6958-6959%2C7000%2C7003%2C7036%2C7040%2C7066%2C7094%2C7098%2C7122%2C7142%2C7146%2C7159%2C7163%2C7169%2C7180%2C7186%2C7200%2C7223%2C7239%2C7245%2C7250%2C7254%2C7258%2C7262%2C7266
r7275
  +dir_prop: branches/qmmp-0.10 svn:mergeinfo /branches/qmmp-1.0:5596%0A/branches/qmmp-1.1:5819%2C5968%2C6043%2C6172%2C6233%2C6442%2C7105%2C7223%2C7233%2C7235%0A/branches/qmmp-1.2:6799%2C6975%2C7173%0A/trunk/qmmp:6515%2C6534-6535%2C6539%2C6545-6547%2C6552-6553%2C6577%2C6586%2C6612%2C6616%2C6620%2C6624%2C6637%2C6671%2C6677%2C6683%2C6689%2C6704%2C6781%2C6783-6785%2C6789%2C6796%2C6801%2C6803%2C6811%2C6814-6815%2C6825%2C6831%2C6901%2C6905%2C6909%2C6919%2C6958-6959%2C7000%2C7003%2C7036%2C7040%2C7066%2C7094%2C7098%2C7122%2C7142%2C7146%2C7159%2C7163%2C7169%2C7180%2C7186%2C7200%2C7223%2C7239%2C7245%2C7250%2C7254%2C7258%2C7262%2C7266%2C7272
r7279
  +dir_prop: branches/qmmp-0.10 svn:mergeinfo /branches/qmmp-1.0:5596%0A/branches/qmmp-1.1:5819%2C5968%2C6043%2C6172%2C6233%2C6442%2C7105%2C7223%2C7233%2C7235%2C7278%0A/branches/qmmp-1.2:6799%2C6975%2C7173%0A/trunk/qmmp:6515%2C6534-6535%2C6539%2C6545-6547%2C6552-6553%2C6577%2C6586%2C6612%2C6616%2C6620%2C6624%2C6637%2C6671%2C6677%2C6683%2C6689%2C6704%2C6781%2C6783-6785%2C6789%2C6796%2C6801%2C6803%2C6811%2C6814-6815%2C6825%2C6831%2C6901%2C6905%2C6909%2C6919%2C6958-6959%2C7000%2C7003%2C7036%2C7040%2C7066%2C7094%2C7098%2C7122%2C7142%2C7146%2C7159%2C7163%2C7169%2C7180%2C7186%2C7200%2C7223%2C7239%2C7245%2C7250%2C7254%2C7258%2C7262%2C7266%2C7272
r7289
  +dir_prop: branches/qmmp-0.10 svn:mergeinfo /branches/qmmp-1.0:5596%0A/branches/qmmp-1.1:5819%2C5968%2C6043%2C6172%2C6233%2C6442%2C7105%2C7223%2C7233%2C7235%2C7278%0A/branches/qmmp-1.2:6799%2C6975%2C7173%0A/trunk/qmmp:6515%2C6534-6535%2C6539%2C6545-6547%2C6552-6553%2C6577%2C6586%2C6612%2C6616%2C6620%2C6624%2C6637%2C6671%2C6677%2C6683%2C6689%2C6704%2C6781%2C6783-6785%2C6789%2C6796%2C6801%2C6803%2C6811%2C6814-6815%2C6825%2C6831%2C6901%2C6905%2C6909%2C6919%2C6958-6959%2C7000%2C7003%2C7036%2C7040%2C7066%2C7094%2C7098%2C7122%2C7142%2C7146%2C7159%2C7163%2C7169%2C7180%2C7186%2C7200%2C7223%2C7239%2C7245%2C7250%2C7254%2C7258%2C7262%2C7266%2C7272%2C7286
r7318
  +dir_prop: branches/qmmp-0.10 svn:mergeinfo /branches/qmmp-1.0:5596%0A/branches/qmmp-1.1:5819%2C5968%2C6043%2C6172%2C6233%2C6442%2C7105%2C7223%2C7233%2C7235%2C7278%0A/branches/qmmp-1.2:6799%2C6975%2C7173%0A/trunk/qmmp:6515%2C6534-6535%2C6539%2C6545-6547%2C6552-6553%2C6577%2C6586%2C6612%2C6616%2C6620%2C6624%2C6637%2C6671%2C6677%2C6683%2C6689%2C6704%2C6781%2C6783-6785%2C6789%2C6796%2C6801%2C6803%2C6811%2C6814-6815%2C6825%2C6831%2C6901%2C6905%2C6909%2C6919%2C6958-6959%2C7000%2C7003%2C7036%2C7040%2C7066%2C7094%2C7098%2C7122%2C7142%2C7146%2C7159%2C7163%2C7169%2C7180%2C7186%2C7200%2C7223%2C7239%2C7245%2C7250%2C7254%2C7258%2C7262%2C7266%2C7272%2C7286%2C7315
r7320
  +dir_prop: branches/qmmp-0.10 svn:mergeinfo /branches/qmmp-1.0:5596%0A/branches/qmmp-1.1:5819%2C5968%2C6043%2C6172%2C6233%2C6442%2C7105%2C7223%2C7233%2C7235%2C7278%0A/branches/qmmp-1.2:6799%2C6975%2C7173%0A/trunk/qmmp:6515%2C6534-6535%2C6539%2C6545-6547%2C6552-6553%2C6577%2C6586%2C6612%2C6616%2C6620%2C6624%2C6637%2C6671%2C6677%2C6683%2C6689%2C6704%2C6781%2C6783-6785%2C6789%2C6796%2C6801%2C6803%2C6811%2C6814-6815%2C6825%2C6831%2C6901%2C6905%2C6909%2C6919%2C6958-6959%2C7000%2C7003%2C7036%2C7040%2C7066%2C7094%2C7098%2C7122%2C7142%2C7146%2C7159%2C7163%2C7169%2C7180%2C7186%2C7200%2C7223%2C7239%2C7245%2C7250%2C7254%2C7258%2C7262%2C7266%2C7272%2C7286%2C7315%2C7319
r7326
r7332
  +dir_prop: branches/qmmp-0.10 svn:mergeinfo /branches/qmmp-1.0:5596%0A/branches/qmmp-1.1:5819%2C5968%2C6043%2C6172%2C6233%2C6442%2C7105%2C7223%2C7233%2C7235%2C7278%0A/branches/qmmp-1.2:6799%2C6975%2C7173%0A/trunk/qmmp:6515%2C6534-6535%2C6539%2C6545-6547%2C6552-6553%2C6577%2C6586%2C6612%2C6616%2C6620%2C6624%2C6637%2C6671%2C6677%2C6683%2C6689%2C6704%2C6781%2C6783-6785%2C6789%2C6796%2C6801%2C6803%2C6811%2C6814-6815%2C6825%2C6831%2C6901%2C6905%2C6909%2C6919%2C6958-6959%2C7000%2C7003%2C7036%2C7040%2C7066%2C7094%2C7098%2C7122%2C7142%2C7146%2C7159%2C7163%2C7169%2C7180%2C7186%2C7200%2C7223%2C7239%2C7245%2C7250%2C7254%2C7258%2C7262%2C7266%2C7272%2C7286%2C7315%2C7319%2C7329
r7333
r7335
r7341
  +dir_prop: branches/qmmp-0.10 svn:mergeinfo /branches/qmmp-1.0:5596%0A/branches/qmmp-1.1:5819%2C5968%2C6043%2C6172%2C6233%2C6442%2C7105%2C7223%2C7233%2C7235%2C7278%0A/branches/qmmp-1.2:6799%2C6975%2C7173%0A/trunk/qmmp:6515%2C6534-6535%2C6539%2C6545-6547%2C6552-6553%2C6577%2C6586%2C6612%2C6616%2C6620%2C6624%2C6637%2C6671%2C6677%2C6683%2C6689%2C6704%2C6781%2C6783-6785%2C6789%2C6796%2C6801%2C6803%2C6811%2C6814-6815%2C6825%2C6831%2C6901%2C6905%2C6909%2C6919%2C6958-6959%2C7000%2C7003%2C7036%2C7040%2C7066%2C7094%2C7098%2C7122%2C7142%2C7146%2C7159%2C7163%2C7169%2C7180%2C7186%2C7200%2C7223%2C7239%2C7245%2C7250%2C7254%2C7258%2C7262%2C7266%2C7272%2C7286%2C7315%2C7319%2C7329%2C7338
r7342
r7343
r7346
r7349
r7365
r7373
  +dir_prop: branches/qmmp-0.10 svn:mergeinfo /branches/qmmp-1.0:5596%0A/branches/qmmp-1.1:5819%2C5968%2C6043%2C6172%2C6233%2C6442%2C7105%2C7223%2C7233%2C7235%2C7278%0A/branches/qmmp-1.2:6799%2C6975%2C7173%0A/trunk/qmmp:6515%2C6534-6535%2C6539%2C6545-6547%2C6552-6553%2C6577%2C6586%2C6612%2C6616%2C6620%2C6624%2C6637%2C6671%2C6677%2C6683%2C6689%2C6704%2C6781%2C6783-6785%2C6789%2C6796%2C6801%2C6803%2C6811%2C6814-6815%2C6825%2C6831%2C6901%2C6905%2C6909%2C6919%2C6958-6959%2C7000%2C7003%2C7036%2C7040%2C7066%2C7094%2C7098%2C7122%2C7142%2C7146%2C7159%2C7163%2C7169%2C7180%2C7186%2C7200%2C7223%2C7239%2C7245%2C7250%2C7254%2C7258%2C7262%2C7266%2C7272%2C7286%2C7315%2C7319%2C7329%2C7338%2C7370
r7379
  +dir_prop: branches/qmmp-0.10 svn:mergeinfo /branches/qmmp-1.0:5596%0A/branches/qmmp-1.1:5819%2C5968%2C6043%2C6172%2C6233%2C6442%2C7105%2C7223%2C7233%2C7235%2C7278%0A/branches/qmmp-1.2:6799%2C6975%2C7173%0A/trunk/qmmp:6515%2C6534-6535%2C6539%2C6545-6547%2C6552-6553%2C6577%2C6586%2C6612%2C6616%2C6620%2C6624%2C6637%2C6671%2C6677%2C6683%2C6689%2C6704%2C6781%2C6783-6785%2C6789%2C6796%2C6801%2C6803%2C6811%2C6814-6815%2C6825%2C6831%2C6901%2C6905%2C6909%2C6919%2C6958-6959%2C7000%2C7003%2C7036%2C7040%2C7066%2C7094%2C7098%2C7122%2C7142%2C7146%2C7159%2C7163%2C7169%2C7180%2C7186%2C7200%2C7223%2C7239%2C7245%2C7250%2C7254%2C7258%2C7262%2C7266%2C7272%2C7286%2C7315%2C7319%2C7329%2C7338%2C7370%2C7376
r7384
  +dir_prop: branches/qmmp-0.10 svn:mergeinfo /branches/qmmp-1.0:5596%0A/branches/qmmp-1.1:5819%2C5968%2C6043%2C6172%2C6233%2C6442%2C7105%2C7223%2C7233%2C7235%2C7278%0A/branches/qmmp-1.2:6799%2C6975%2C7173%2C7382%0A/trunk/qmmp:6515%2C6534-6535%2C6539%2C6545-6547%2C6552-6553%2C6577%2C6586%2C6612%2C6616%2C6620%2C6624%2C6637%2C6671%2C6677%2C6683%2C6689%2C6704%2C6781%2C6783-6785%2C6789%2C6796%2C6801%2C6803%2C6811%2C6814-6815%2C6825%2C6831%2C6901%2C6905%2C6909%2C6919%2C6958-6959%2C7000%2C7003%2C7036%2C7040%2C7066%2C7094%2C7098%2C7122%2C7142%2C7146%2C7159%2C7163%2C7169%2C7180%2C7186%2C7200%2C7223%2C7239%2C7245%2C7250%2C7254%2C7258%2C7262%2C7266%2C7272%2C7286%2C7315%2C7319%2C7329%2C7338%2C7370%2C7376
  +dir_prop: branches/qmmp-0.10/src/plugins/Ui/qsui svn:mergeinfo /branches/qmmp-1.1/src/plugins/Ui/qsui:6172%0A/branches/qmmp-1.2/src/plugins/Ui/qsui:7382%0A/trunk/qmmp/src/plugins/Ui/qsui:6547%2C6577%2C6789%2C6811%0A/trunk/qmmp/src/plugins/Ui/skinned:5223%2C6018-6019%2C6022
r7418
  +dir_prop: branches/qmmp-0.10 svn:mergeinfo /branches/qmmp-1.0:5596%0A/branches/qmmp-1.1:5819%2C5968%2C6043%2C6172%2C6233%2C6442%2C7105%2C7223%2C7233%2C7235%2C7278%0A/branches/qmmp-1.2:6799%2C6975%2C7173%2C7382%0A/trunk/qmmp:6515%2C6534-6535%2C6539%2C6545-6547%2C6552-6553%2C6577%2C6586%2C6612%2C6616%2C6620%2C6624%2C6637%2C6671%2C6677%2C6683%2C6689%2C6704%2C6781%2C6783-6785%2C6789%2C6796%2C6801%2C6803%2C6811%2C6814-6815%2C6825%2C6831%2C6901%2C6905%2C6909%2C6919%2C6958-6959%2C7000%2C7003%2C7036%2C7040%2C7066%2C7094%2C7098%2C7122%2C7142%2C7146%2C7159%2C7163%2C7169%2C7180%2C7186%2C7200%2C7223%2C7239%2C7245%2C7250%2C7254%2C7258%2C7262%2C7266%2C7272%2C7286%2C7315%2C7319%2C7329%2C7338%2C7370%2C7376%2C7415
r7442
  +dir_prop: branches/qmmp-0.10 svn:mergeinfo /branches/qmmp-1.0:5596%0A/branches/qmmp-1.1:5819%2C5968%2C6043%2C6172%2C6233%2C6442%2C7105%2C7223%2C7233%2C7235%2C7278%0A/branches/qmmp-1.2:6799%2C6975%2C7173%2C7382%0A/trunk/qmmp:6515%2C6534-6535%2C6539%2C6545-6547%2C6552-6553%2C6577%2C6586%2C6612%2C6616%2C6620%2C6624%2C6637%2C6671%2C6677%2C6683%2C6689%2C6704%2C6781%2C6783-6785%2C6789%2C6796%2C6801%2C6803%2C6811%2C6814-6815%2C6825%2C6831%2C6901%2C6905%2C6909%2C6919%2C6958-6959%2C7000%2C7003%2C7036%2C7040%2C7066%2C7094%2C7098%2C7122%2C7142%2C7146%2C7159%2C7163%2C7169%2C7180%2C7186%2C7200%2C7223%2C7239%2C7245%2C7250%2C7254%2C7258%2C7262%2C7266%2C7272%2C7286%2C7315%2C7319%2C7329%2C7338%2C7370%2C7376%2C7415%2C7441
r7462
  +dir_prop: branches/qmmp-0.10 svn:mergeinfo /branches/qmmp-1.0:5596%0A/branches/qmmp-1.1:5819%2C5968%2C6043%2C6172%2C6233%2C6442%2C7105%2C7223%2C7233%2C7235%2C7278%0A/branches/qmmp-1.2:6799%2C6975%2C7173%2C7382%0A/trunk/qmmp:6515%2C6534-6535%2C6539%2C6545-6547%2C6552-6553%2C6577%2C6586%2C6612%2C6616%2C6620%2C6624%2C6637%2C6671%2C6677%2C6683%2C6689%2C6704%2C6781%2C6783-6785%2C6789%2C6796%2C6801%2C6803%2C6811%2C6814-6815%2C6825%2C6831%2C6901%2C6905%2C6909%2C6919%2C6958-6959%2C7000%2C7003%2C7036%2C7040%2C7066%2C7094%2C7098%2C7122%2C7142%2C7146%2C7159%2C7163%2C7169%2C7180%2C7186%2C7200%2C7223%2C7239%2C7245%2C7250%2C7254%2C7258%2C7262%2C7266%2C7272%2C7286%2C7315%2C7319%2C7329%2C7338%2C7370%2C7376%2C7415%2C7441%2C7459
r7472
  +dir_prop: branches/qmmp-0.10 svn:mergeinfo /branches/qmmp-1.0:5596%0A/branches/qmmp-1.1:5819%2C5968%2C6043%2C6172%2C6233%2C6442%2C7105%2C7223%2C7233%2C7235%2C7278%0A/branches/qmmp-1.2:6799%2C6975%2C7173%2C7382%0A/trunk/qmmp:6515%2C6534-6535%2C6539%2C6545-6547%2C6552-6553%2C6577%2C6586%2C6612%2C6616%2C6620%2C6624%2C6637%2C6671%2C6677%2C6683%2C6689%2C6704%2C6781%2C6783-6785%2C6789%2C6796%2C6801%2C6803%2C6811%2C6814-6815%2C6825%2C6831%2C6901%2C6905%2C6909%2C6919%2C6958-6959%2C7000%2C7003%2C7036%2C7040%2C7066%2C7094%2C7098%2C7122%2C7142%2C7146%2C7159%2C7163%2C7169%2C7180%2C7186%2C7200%2C7223%2C7239%2C7245%2C7250%2C7254%2C7258%2C7262%2C7266%2C7272%2C7286%2C7315%2C7319%2C7329%2C7338%2C7370%2C7376%2C7415%2C7441%2C7459%2C7466-7467%2C7471
  +dir_prop: branches/qmmp-0.10/src/plugins/Ui/qsui svn:mergeinfo /branches/qmmp-1.1/src/plugins/Ui/qsui:6172%0A/branches/qmmp-1.2/src/plugins/Ui/qsui:7382%0A/trunk/qmmp/src/plugins/Ui/qsui:6547%2C6577%2C6789%2C6811%2C7466-7467%2C7471%0A/trunk/qmmp/src/plugins/Ui/skinned:5223%2C6018-6019%2C6022
r7488
  +dir_prop: branches/qmmp-0.10 svn:mergeinfo /branches/qmmp-1.0:5596%0A/branches/qmmp-1.1:5819%2C5968%2C6043%2C6172%2C6233%2C6442%2C7105%2C7223%2C7233%2C7235%2C7278%0A/branches/qmmp-1.2:6799%2C6975%2C7173%2C7382%0A/trunk/qmmp:6515%2C6534-6535%2C6539%2C6545-6547%2C6552-6553%2C6577%2C6586%2C6612%2C6616%2C6620%2C6624%2C6637%2C6671%2C6677%2C6683%2C6689%2C6704%2C6781%2C6783-6785%2C6789%2C6796%2C6801%2C6803%2C6811%2C6814-6815%2C6825%2C6831%2C6901%2C6905%2C6909%2C6919%2C6958-6959%2C7000%2C7003%2C7036%2C7040%2C7066%2C7094%2C7098%2C7122%2C7142%2C7146%2C7159%2C7163%2C7169%2C7180%2C7186%2C7200%2C7223%2C7239%2C7245%2C7250%2C7254%2C7258%2C7262%2C7266%2C7272%2C7286%2C7315%2C7319%2C7329%2C7338%2C7370%2C7376%2C7415%2C7441%2C7459%2C7466-7467%2C7471%2C7487
r7493
  +dir_prop: branches/qmmp-0.10 svn:mergeinfo /branches/qmmp-1.0:5596%0A/branches/qmmp-1.1:5819%2C5968%2C6043%2C6172%2C6233%2C6442%2C7105%2C7223%2C7233%2C7235%2C7278%0A/branches/qmmp-1.2:6799%2C6975%2C7173%2C7382%0A/trunk/qmmp:6515%2C6534-6535%2C6539%2C6545-6547%2C6552-6553%2C6577%2C6586%2C6612%2C6616%2C6620%2C6624%2C6637%2C6671%2C6677%2C6683%2C6689%2C6704%2C6781%2C6783-6785%2C6789%2C6796%2C6801%2C6803%2C6811%2C6814-6815%2C6825%2C6831%2C6901%2C6905%2C6909%2C6919%2C6958-6959%2C7000%2C7003%2C7036%2C7040%2C7066%2C7094%2C7098%2C7122%2C7142%2C7146%2C7159%2C7163%2C7169%2C7180%2C7186%2C7200%2C7223%2C7239%2C7245%2C7250%2C7254%2C7258%2C7262%2C7266%2C7272%2C7286%2C7315%2C7319%2C7329%2C7338%2C7370%2C7376%2C7415%2C7441%2C7459%2C7466-7467%2C7471%2C7487%2C7492
r7499
r7500
r7504
r7505
r7506
r7507
r7509
r7513
  +dir_prop: branches/qmmp-0.10 svn:mergeinfo /branches/qmmp-1.0:5596%0A/branches/qmmp-1.1:5819%2C5968%2C6043%2C6172%2C6233%2C6442%2C7105%2C7223%2C7233%2C7235%2C7278%0A/branches/qmmp-1.2:6799%2C6975%2C7173%2C7382%0A/trunk/qmmp:6515%2C6534-6535%2C6539%2C6545-6547%2C6552-6553%2C6577%2C6586%2C6612%2C6616%2C6620%2C6624%2C6637%2C6671%2C6677%2C6683%2C6689%2C6704%2C6781%2C6783-6785%2C6789%2C6796%2C6801%2C6803%2C6811%2C6814-6815%2C6825%2C6831%2C6901%2C6905%2C6909%2C6919%2C6958-6959%2C7000%2C7003%2C7036%2C7040%2C7066%2C7094%2C7098%2C7122%2C7142%2C7146%2C7159%2C7163%2C7169%2C7180%2C7186%2C7200%2C7223%2C7239%2C7245%2C7250%2C7254%2C7258%2C7262%2C7266%2C7272%2C7286%2C7315%2C7319%2C7329%2C7338%2C7370%2C7376%2C7415%2C7441%2C7459%2C7466-7467%2C7471%2C7487%2C7492%2C7510
  +dir_prop: branches/qmmp-0.10/src/plugins/Ui/qsui svn:mergeinfo /branches/qmmp-1.1/src/plugins/Ui/qsui:6172%0A/branches/qmmp-1.2/src/plugins/Ui/qsui:7382%0A/trunk/qmmp/src/plugins/Ui/qsui:6547%2C6577%2C6789%2C6811%2C7466-7467%2C7471%2C7510%0A/trunk/qmmp/src/plugins/Ui/skinned:5223%2C6018-6019%2C6022
r7522
  +dir_prop: branches/qmmp-0.10 svn:mergeinfo /branches/qmmp-1.0:5596%0A/branches/qmmp-1.1:5819%2C5968%2C6043%2C6172%2C6233%2C6442%2C7105%2C7223%2C7233%2C7235%2C7278%0A/branches/qmmp-1.2:6799%2C6975%2C7173%2C7382%2C7520%0A/trunk/qmmp:6515%2C6534-6535%2C6539%2C6545-6547%2C6552-6553%2C6577%2C6586%2C6612%2C6616%2C6620%2C6624%2C6637%2C6671%2C6677%2C6683%2C6689%2C6704%2C6781%2C6783-6785%2C6789%2C6796%2C6801%2C6803%2C6811%2C6814-6815%2C6825%2C6831%2C6901%2C6905%2C6909%2C6919%2C6958-6959%2C7000%2C7003%2C7036%2C7040%2C7066%2C7094%2C7098%2C7122%2C7142%2C7146%2C7159%2C7163%2C7169%2C7180%2C7186%2C7200%2C7223%2C7239%2C7245%2C7250%2C7254%2C7258%2C7262%2C7266%2C7272%2C7286%2C7315%2C7319%2C7329%2C7338%2C7370%2C7376%2C7415%2C7441%2C7459%2C7466-7467%2C7471%2C7487%2C7492%2C7510
r7534
  +dir_prop: branches/qmmp-0.10 svn:mergeinfo /branches/qmmp-1.0:5596%0A/branches/qmmp-1.1:5819%2C5968%2C6043%2C6172%2C6233%2C6442%2C7105%2C7223%2C7233%2C7235%2C7278%0A/branches/qmmp-1.2:6799%2C6975%2C7173%2C7382%2C7520%0A/trunk/qmmp:6515%2C6534-6535%2C6539%2C6545-6547%2C6552-6553%2C6577%2C6586%2C6612%2C6616%2C6620%2C6624%2C6637%2C6671%2C6677%2C6683%2C6689%2C6704%2C6781%2C6783-6785%2C6789%2C6796%2C6801%2C6803%2C6811%2C6814-6815%2C6825%2C6831%2C6901%2C6905%2C6909%2C6919%2C6958-6959%2C7000%2C7003%2C7036%2C7040%2C7066%2C7094%2C7098%2C7122%2C7142%2C7146%2C7159%2C7163%2C7169%2C7180%2C7186%2C7200%2C7223%2C7239%2C7245%2C7250%2C7254%2C7258%2C7262%2C7266%2C7272%2C7286%2C7315%2C7319%2C7329%2C7338%2C7370%2C7376%2C7415%2C7441%2C7459%2C7466-7467%2C7471%2C7487%2C7492%2C7510%2C7531
r7539
r7542
r7561
  +dir_prop: branches/qmmp-0.10 svn:mergeinfo /branches/qmmp-1.0:5596%0A/branches/qmmp-1.1:5819%2C5968%2C6043%2C6172%2C6233%2C6442%2C7105%2C7223%2C7233%2C7235%2C7278%0A/branches/qmmp-1.2:6799%2C6975%2C7173%2C7382%2C7520%0A/trunk/qmmp:6515%2C6534-6535%2C6539%2C6545-6547%2C6552-6553%2C6577%2C6586%2C6612%2C6616%2C6620%2C6624%2C6637%2C6671%2C6677%2C6683%2C6689%2C6704%2C6781%2C6783-6785%2C6789%2C6796%2C6801%2C6803%2C6811%2C6814-6815%2C6825%2C6831%2C6901%2C6905%2C6909%2C6919%2C6958-6959%2C7000%2C7003%2C7036%2C7040%2C7066%2C7094%2C7098%2C7122%2C7142%2C7146%2C7159%2C7163%2C7169%2C7180%2C7186%2C7200%2C7223%2C7239%2C7245%2C7250%2C7254%2C7258%2C7262%2C7266%2C7272%2C7286%2C7315%2C7319%2C7329%2C7338%2C7370%2C7376%2C7415%2C7441%2C7459%2C7466-7467%2C7471%2C7487%2C7492%2C7510%2C7531%2C7558
r7562
r7584
  +dir_prop: branches/qmmp-0.10 svn:mergeinfo /branches/qmmp-1.0:5596%0A/branches/qmmp-1.1:5819%2C5968%2C6043%2C6172%2C6233%2C6442%2C7105%2C7223%2C7233%2C7235%2C7278%0A/branches/qmmp-1.2:6799%2C6975%2C7173%2C7382%2C7520%0A/trunk/qmmp:6515%2C6534-6535%2C6539%2C6545-6547%2C6552-6553%2C6577%2C6586%2C6612%2C6616%2C6620%2C6624%2C6637%2C6671%2C6677%2C6683%2C6689%2C6704%2C6781%2C6783-6785%2C6789%2C6796%2C6801%2C6803%2C6811%2C6814-6815%2C6825%2C6831%2C6901%2C6905%2C6909%2C6919%2C6958-6959%2C7000%2C7003%2C7036%2C7040%2C7066%2C7094%2C7098%2C7122%2C7142%2C7146%2C7159%2C7163%2C7169%2C7180%2C7186%2C7200%2C7223%2C7239%2C7245%2C7250%2C7254%2C7258%2C7262%2C7266%2C7272%2C7286%2C7315%2C7319%2C7329%2C7338%2C7370%2C7376%2C7415%2C7441%2C7459%2C7466-7467%2C7471%2C7487%2C7492%2C7510%2C7531%2C7558%2C7582
r7586
r7588
r7593
r7597
  +dir_prop: branches/qmmp-0.10 svn:mergeinfo /branches/qmmp-1.0:5596%0A/branches/qmmp-1.1:5819%2C5968%2C6043%2C6172%2C6233%2C6442%2C7105%2C7223%2C7233%2C7235%2C7278%0A/branches/qmmp-1.2:6799%2C6975%2C7173%2C7382%2C7520%0A/trunk/qmmp:6515%2C6534-6535%2C6539%2C6545-6547%2C6552-6553%2C6577%2C6586%2C6612%2C6616%2C6620%2C6624%2C6637%2C6671%2C6677%2C6683%2C6689%2C6704%2C6781%2C6783-6785%2C6789%2C6796%2C6801%2C6803%2C6811%2C6814-6815%2C6825%2C6831%2C6901%2C6905%2C6909%2C6919%2C6958-6959%2C7000%2C7003%2C7036%2C7040%2C7066%2C7094%2C7098%2C7122%2C7142%2C7146%2C7159%2C7163%2C7169%2C7180%2C7186%2C7200%2C7223%2C7239%2C7245%2C7250%2C7254%2C7258%2C7262%2C7266%2C7272%2C7286%2C7315%2C7319%2C7329%2C7338%2C7370%2C7376%2C7415%2C7441%2C7459%2C7466-7467%2C7471%2C7487%2C7492%2C7510%2C7531%2C7558%2C7582%2C7594
r7602
r7694
r7698
