r9875
r9876
r9877
r9878
r9882
r9886
r9887
r9888
r9889
r9890
r9891
r9892
r9893
r9897
r9898
r9899
r9900
r9901
r9902
r9904
r9905
r9906
r9907
r9908
r9909
r9910
r9911
r9912
r9913
r9914
r9915
r9916
r9917
r9918
r9922
r9923
r9924
r9926
r9932
r9937
  +dir_prop: branches/qmmp-2.0 svn:mergeinfo /branches/qmmp-0.10:7522%0A/branches/qmmp-0.11:7919%0A/branches/qmmp-0.12:7828%2C7918%2C8045%2C8073-8075%2C8668%2C8705%0A/branches/qmmp-1.0:5596%0A/branches/qmmp-1.1:5819%2C5968%2C6043%2C6172%2C6233%2C6442%0A/branches/qmmp-1.2:6799%2C6945%2C6975%2C7173%2C7382%2C7520%0A/branches/qmmp-1.3:8706%2C8913%0A/trunk/qmmp:9936
r9940
r9946
r9952
r9954
  +dir_prop: branches/qmmp-2.0 svn:mergeinfo /branches/qmmp-0.10:7522%0A/branches/qmmp-0.11:7919%0A/branches/qmmp-0.12:7828%2C7918%2C8045%2C8073-8075%2C8668%2C8705%0A/branches/qmmp-1.0:5596%0A/branches/qmmp-1.1:5819%2C5968%2C6043%2C6172%2C6233%2C6442%0A/branches/qmmp-1.2:6799%2C6945%2C6975%2C7173%2C7382%2C7520%0A/branches/qmmp-1.3:8706%2C8913%0A/trunk/qmmp:9936%2C9953
r9960
  +dir_prop: branches/qmmp-2.0 svn:mergeinfo /branches/qmmp-0.10:7522%0A/branches/qmmp-0.11:7919%0A/branches/qmmp-0.12:7828%2C7918%2C8045%2C8073-8075%2C8668%2C8705%0A/branches/qmmp-1.0:5596%0A/branches/qmmp-1.1:5819%2C5968%2C6043%2C6172%2C6233%2C6442%0A/branches/qmmp-1.2:6799%2C6945%2C6975%2C7173%2C7382%2C7520%0A/branches/qmmp-1.3:8706%2C8913%0A/trunk/qmmp:9936%2C9953%2C9959
r9969
r9972
r9975
r9983
r9990
r9995
r9996
r9999
r10001
r10003
r10005
r10006
r10010
  +dir_prop: branches/qmmp-2.0 svn:mergeinfo /branches/qmmp-0.10:7522%0A/branches/qmmp-0.11:7919%0A/branches/qmmp-0.12:7828%2C7918%2C8045%2C8073-8075%2C8668%2C8705%0A/branches/qmmp-1.0:5596%0A/branches/qmmp-1.1:5819%2C5968%2C6043%2C6172%2C6233%2C6442%0A/branches/qmmp-1.2:6799%2C6945%2C6975%2C7173%2C7382%2C7520%0A/branches/qmmp-1.3:8706%2C8913%0A/trunk/qmmp:9936%2C9953%2C9959%2C10009
r10014
r10016
r10020
r10038
r10043
  +dir_prop: branches/qmmp-2.0 svn:mergeinfo /branches/qmmp-0.10:7522%0A/branches/qmmp-0.11:7919%0A/branches/qmmp-0.12:7828%2C7918%2C8045%2C8073-8075%2C8668%2C8705%0A/branches/qmmp-1.0:5596%0A/branches/qmmp-1.1:5819%2C5968%2C6043%2C6172%2C6233%2C6442%0A/branches/qmmp-1.2:6799%2C6945%2C6975%2C7173%2C7382%2C7520%0A/branches/qmmp-1.3:8706%2C8913%0A/trunk/qmmp:9936%2C9953%2C9959%2C10009%2C10041
r10048
r10050
  +dir_prop: branches/qmmp-2.0 svn:mergeinfo /branches/qmmp-0.10:7522%0A/branches/qmmp-0.11:7919%0A/branches/qmmp-0.12:7828%2C7918%2C8045%2C8073-8075%2C8668%2C8705%0A/branches/qmmp-1.0:5596%0A/branches/qmmp-1.1:5819%2C5968%2C6043%2C6172%2C6233%2C6442%0A/branches/qmmp-1.2:6799%2C6945%2C6975%2C7173%2C7382%2C7520%0A/branches/qmmp-1.3:8706%2C8913%0A/trunk/qmmp:9936%2C9953%2C9959%2C10009%2C10041%2C10049
r10059
  +file_prop: branches/qmmp-2.0/src/qmmpui/txt/description_ko.txt svn:mime-type application/octet-stream
r10065
r10067
  +dir_prop: branches/qmmp-2.0 svn:mergeinfo /branches/qmmp-0.10:7522%0A/branches/qmmp-0.11:7919%0A/branches/qmmp-0.12:7828%2C7918%2C8045%2C8073-8075%2C8668%2C8705%0A/branches/qmmp-1.0:5596%0A/branches/qmmp-1.1:5819%2C5968%2C6043%2C6172%2C6233%2C6442%0A/branches/qmmp-1.2:6799%2C6945%2C6975%2C7173%2C7382%2C7520%0A/branches/qmmp-1.3:8706%2C8913%0A/trunk/qmmp:9936%2C9953%2C9959%2C10009%2C10041%2C10049%2C10066
r10069
r10071
  +dir_prop: branches/qmmp-2.0 svn:mergeinfo /branches/qmmp-0.10:7522%0A/branches/qmmp-0.11:7919%0A/branches/qmmp-0.12:7828%2C7918%2C8045%2C8073-8075%2C8668%2C8705%0A/branches/qmmp-1.0:5596%0A/branches/qmmp-1.1:5819%2C5968%2C6043%2C6172%2C6233%2C6442%0A/branches/qmmp-1.2:6799%2C6945%2C6975%2C7173%2C7382%2C7520%0A/branches/qmmp-1.3:8706%2C8913%0A/trunk/qmmp:9936%2C9953%2C9959%2C10009%2C10041%2C10049%2C10066%2C10070
r10074
  +dir_prop: branches/qmmp-2.0 svn:mergeinfo /branches/qmmp-0.10:7522%0A/branches/qmmp-0.11:7919%0A/branches/qmmp-0.12:7828%2C7918%2C8045%2C8073-8075%2C8668%2C8705%0A/branches/qmmp-1.0:5596%0A/branches/qmmp-1.1:5819%2C5968%2C6043%2C6172%2C6233%2C6442%0A/branches/qmmp-1.2:6799%2C6945%2C6975%2C7173%2C7382%2C7520%0A/branches/qmmp-1.3:8706%2C8913%0A/trunk/qmmp:9936%2C9953%2C9959%2C10009%2C10041%2C10049%2C10066%2C10070%2C10073
r10078
  +dir_prop: branches/qmmp-2.0 svn:mergeinfo /branches/qmmp-0.10:7522%0A/branches/qmmp-0.11:7919%0A/branches/qmmp-0.12:7828%2C7918%2C8045%2C8073-8075%2C8668%2C8705%0A/branches/qmmp-1.0:5596%0A/branches/qmmp-1.1:5819%2C5968%2C6043%2C6172%2C6233%2C6442%0A/branches/qmmp-1.2:6799%2C6945%2C6975%2C7173%2C7382%2C7520%0A/branches/qmmp-1.3:8706%2C8913%0A/trunk/qmmp:9936%2C9953%2C9959%2C10009%2C10041%2C10049%2C10066%2C10070%2C10073%2C10076
r10081
  +dir_prop: branches/qmmp-2.0 svn:mergeinfo /branches/qmmp-0.10:7522%0A/branches/qmmp-0.11:7919%0A/branches/qmmp-0.12:7828%2C7918%2C8045%2C8073-8075%2C8668%2C8705%0A/branches/qmmp-1.0:5596%0A/branches/qmmp-1.1:5819%2C5968%2C6043%2C6172%2C6233%2C6442%0A/branches/qmmp-1.2:6799%2C6945%2C6975%2C7173%2C7382%2C7520%0A/branches/qmmp-1.3:8706%2C8913%0A/trunk/qmmp:9936%2C9953%2C9959%2C10009%2C10041%2C10049%2C10066%2C10070%2C10073%2C10076%2C10079
r10082
r10083
r10085
  +dir_prop: branches/qmmp-2.0 svn:mergeinfo /branches/qmmp-0.10:7522%0A/branches/qmmp-0.11:7919%0A/branches/qmmp-0.12:7828%2C7918%2C8045%2C8073-8075%2C8668%2C8705%0A/branches/qmmp-1.0:5596%0A/branches/qmmp-1.1:5819%2C5968%2C6043%2C6172%2C6233%2C6442%0A/branches/qmmp-1.2:6799%2C6945%2C6975%2C7173%2C7382%2C7520%0A/branches/qmmp-1.3:8706%2C8913%0A/trunk/qmmp:9936%2C9953%2C9959%2C10009%2C10041%2C10049%2C10066%2C10070%2C10073%2C10076%2C10079%2C10084
r10097
  +dir_prop: branches/qmmp-2.0 svn:mergeinfo /branches/qmmp-0.10:7522%0A/branches/qmmp-0.11:7919%0A/branches/qmmp-0.12:7828%2C7918%2C8045%2C8073-8075%2C8668%2C8705%0A/branches/qmmp-1.0:5596%0A/branches/qmmp-1.1:5819%2C5968%2C6043%2C6172%2C6233%2C6442%0A/branches/qmmp-1.2:6799%2C6945%2C6975%2C7173%2C7382%2C7520%0A/branches/qmmp-1.3:8706%2C8913%0A/trunk/qmmp:9936%2C9953%2C9959%2C10009%2C10041%2C10049%2C10066%2C10070%2C10073%2C10076%2C10079%2C10084%2C10096
r10104
r10105
r10109
  +dir_prop: branches/qmmp-2.0 svn:mergeinfo /branches/qmmp-0.10:7522%0A/branches/qmmp-0.11:7919%0A/branches/qmmp-0.12:7828%2C7918%2C8045%2C8073-8075%2C8668%2C8705%0A/branches/qmmp-1.0:5596%0A/branches/qmmp-1.1:5819%2C5968%2C6043%2C6172%2C6233%2C6442%0A/branches/qmmp-1.2:6799%2C6945%2C6975%2C7173%2C7382%2C7520%0A/branches/qmmp-1.3:8706%2C8913%0A/trunk/qmmp:9936%2C9953%2C9959%2C10009%2C10041%2C10049%2C10066%2C10070%2C10073%2C10076%2C10079%2C10084%2C10096%2C10108
r10115
  +dir_prop: branches/qmmp-2.0 svn:mergeinfo /branches/qmmp-0.10:7522%0A/branches/qmmp-0.11:7919%0A/branches/qmmp-0.12:7828%2C7918%2C8045%2C8073-8075%2C8668%2C8705%0A/branches/qmmp-1.0:5596%0A/branches/qmmp-1.1:5819%2C5968%2C6043%2C6172%2C6233%2C6442%0A/branches/qmmp-1.2:6799%2C6945%2C6975%2C7173%2C7382%2C7520%0A/branches/qmmp-1.3:8706%2C8913%0A/trunk/qmmp:9936%2C9953%2C9959%2C10009%2C10041%2C10049%2C10066%2C10070%2C10073%2C10076%2C10079%2C10084%2C10096%2C10108%2C10114
r10119
r10123
r10124
r10125
r10132
r10134
r10136
r10137
r10141
r10146
  +dir_prop: branches/qmmp-2.0 svn:mergeinfo /branches/qmmp-0.10:7522%0A/branches/qmmp-0.11:7919%0A/branches/qmmp-0.12:7828%2C7918%2C8045%2C8073-8075%2C8668%2C8705%0A/branches/qmmp-1.0:5596%0A/branches/qmmp-1.1:5819%2C5968%2C6043%2C6172%2C6233%2C6442%0A/branches/qmmp-1.2:6799%2C6945%2C6975%2C7173%2C7382%2C7520%0A/branches/qmmp-1.3:8706%2C8913%0A/trunk/qmmp:9936%2C9953%2C9959%2C10009%2C10041%2C10049%2C10066%2C10070%2C10073%2C10076%2C10079%2C10084%2C10096%2C10108%2C10114%2C10145
r10150
  +dir_prop: branches/qmmp-2.0 svn:mergeinfo /branches/qmmp-0.10:7522%0A/branches/qmmp-0.11:7919%0A/branches/qmmp-0.12:7828%2C7918%2C8045%2C8073-8075%2C8668%2C8705%0A/branches/qmmp-1.0:5596%0A/branches/qmmp-1.1:5819%2C5968%2C6043%2C6172%2C6233%2C6442%0A/branches/qmmp-1.2:6799%2C6945%2C6975%2C7173%2C7382%2C7520%0A/branches/qmmp-1.3:8706%2C8913%0A/trunk/qmmp:9936%2C9953%2C9959%2C10009%2C10041%2C10049%2C10066%2C10070%2C10073%2C10076%2C10079%2C10084%2C10096%2C10108%2C10114%2C10145%2C10148
  +dir_prop: branches/qmmp-2.0/src/plugins/Ui/qsui svn:mergeinfo /branches/qmmp-0.12/src/plugins/Ui/qsui:8073-8075%0A/branches/qmmp-1.1/src/plugins/Ui/qsui:6172%0A/branches/qmmp-1.2/src/plugins/Ui/qsui:7382%0A/trunk/qmmp/src/plugins/Ui/qsui:10148%0A/trunk/qmmp/src/plugins/Ui/skinned:5223%2C6018-6019%2C6022
r10152
  +dir_prop: branches/qmmp-2.0 svn:mergeinfo /branches/qmmp-0.10:7522%0A/branches/qmmp-0.11:7919%0A/branches/qmmp-0.12:7828%2C7918%2C8045%2C8073-8075%2C8668%2C8705%0A/branches/qmmp-1.0:5596%0A/branches/qmmp-1.1:5819%2C5968%2C6043%2C6172%2C6233%2C6442%0A/branches/qmmp-1.2:6799%2C6945%2C6975%2C7173%2C7382%2C7520%0A/branches/qmmp-1.3:8706%2C8913%0A/trunk/qmmp:9936%2C9953%2C9959%2C10009%2C10041%2C10049%2C10066%2C10070%2C10073%2C10076%2C10079%2C10084%2C10096%2C10108%2C10114%2C10145%2C10148%2C10151
  +dir_prop: branches/qmmp-2.0/src/plugins/Ui/qsui svn:mergeinfo /branches/qmmp-0.12/src/plugins/Ui/qsui:8073-8075%0A/branches/qmmp-1.1/src/plugins/Ui/qsui:6172%0A/branches/qmmp-1.2/src/plugins/Ui/qsui:7382%0A/trunk/qmmp/src/plugins/Ui/qsui:10148%2C10151%0A/trunk/qmmp/src/plugins/Ui/skinned:5223%2C6018-6019%2C6022
r10154
r10159
r10161
r10176
r10184
r10188
r10206
r10219
  +dir_prop: branches/qmmp-2.0 svn:mergeinfo /branches/qmmp-0.10:7522%0A/branches/qmmp-0.11:7919%0A/branches/qmmp-0.12:7828%2C7918%2C8045%2C8073-8075%2C8668%2C8705%0A/branches/qmmp-1.0:5596%0A/branches/qmmp-1.1:5819%2C5968%2C6043%2C6172%2C6233%2C6442%0A/branches/qmmp-1.2:6799%2C6945%2C6975%2C7173%2C7382%2C7520%0A/branches/qmmp-1.3:8706%2C8913%0A/branches/qmmp-2.1:10218%0A/trunk/qmmp:9936%2C9953%2C9959%2C10009%2C10041%2C10049%2C10066%2C10070%2C10073%2C10076%2C10079%2C10084%2C10096%2C10108%2C10114%2C10145%2C10148%2C10151%2C10216
r10252
  +dir_prop: branches/qmmp-2.0 svn:mergeinfo /branches/qmmp-0.10:7522%0A/branches/qmmp-0.11:7919%0A/branches/qmmp-0.12:7828%2C7918%2C8045%2C8073-8075%2C8668%2C8705%0A/branches/qmmp-1.0:5596%0A/branches/qmmp-1.1:5819%2C5968%2C6043%2C6172%2C6233%2C6442%0A/branches/qmmp-1.2:6799%2C6945%2C6975%2C7173%2C7382%2C7520%0A/branches/qmmp-1.3:8706%2C8913%0A/branches/qmmp-2.1:10218%2C10233%0A/trunk/qmmp:9936%2C9953%2C9959%2C10009%2C10041%2C10049%2C10066%2C10070%2C10073%2C10076%2C10079%2C10084%2C10096%2C10108%2C10114%2C10145%2C10148%2C10151%2C10216%2C10232
r10253
  +dir_prop: branches/qmmp-2.0 svn:mergeinfo /branches/qmmp-0.10:7522%0A/branches/qmmp-0.11:7919%0A/branches/qmmp-0.12:7828%2C7918%2C8045%2C8073-8075%2C8668%2C8705%0A/branches/qmmp-1.0:5596%0A/branches/qmmp-1.1:5819%2C5968%2C6043%2C6172%2C6233%2C6442%0A/branches/qmmp-1.2:6799%2C6945%2C6975%2C7173%2C7382%2C7520%0A/branches/qmmp-1.3:8706%2C8913%0A/branches/qmmp-2.1:10218%2C10233%2C10236%0A/trunk/qmmp:9936%2C9953%2C9959%2C10009%2C10041%2C10049%2C10066%2C10070%2C10073%2C10076%2C10079%2C10084%2C10096%2C10108%2C10114%2C10145%2C10148%2C10151%2C10216%2C10232%2C10235
r10254
  +dir_prop: branches/qmmp-2.0 svn:mergeinfo /branches/qmmp-0.10:7522%0A/branches/qmmp-0.11:7919%0A/branches/qmmp-0.12:7828%2C7918%2C8045%2C8073-8075%2C8668%2C8705%0A/branches/qmmp-1.0:5596%0A/branches/qmmp-1.1:5819%2C5968%2C6043%2C6172%2C6233%2C6442%0A/branches/qmmp-1.2:6799%2C6945%2C6975%2C7173%2C7382%2C7520%0A/branches/qmmp-1.3:8706%2C8913%0A/branches/qmmp-2.1:10218%2C10233%2C10236%2C10238%0A/trunk/qmmp:9936%2C9953%2C9959%2C10009%2C10041%2C10049%2C10066%2C10070%2C10073%2C10076%2C10079%2C10084%2C10096%2C10108%2C10114%2C10145%2C10148%2C10151%2C10216%2C10232%2C10235
r10255
  +dir_prop: branches/qmmp-2.0 svn:mergeinfo /branches/qmmp-0.10:7522%0A/branches/qmmp-0.11:7919%0A/branches/qmmp-0.12:7828%2C7918%2C8045%2C8073-8075%2C8668%2C8705%0A/branches/qmmp-1.0:5596%0A/branches/qmmp-1.1:5819%2C5968%2C6043%2C6172%2C6233%2C6442%0A/branches/qmmp-1.2:6799%2C6945%2C6975%2C7173%2C7382%2C7520%0A/branches/qmmp-1.3:8706%2C8913%0A/branches/qmmp-2.1:10218%2C10233%2C10236%2C10238%2C10244%0A/trunk/qmmp:9936%2C9953%2C9959%2C10009%2C10041%2C10049%2C10066%2C10070%2C10073%2C10076%2C10079%2C10084%2C10096%2C10108%2C10114%2C10145%2C10148%2C10151%2C10216%2C10232%2C10235%2C10243
r10256
  +dir_prop: branches/qmmp-2.0 svn:mergeinfo /branches/qmmp-0.10:7522%0A/branches/qmmp-0.11:7919%0A/branches/qmmp-0.12:7828%2C7918%2C8045%2C8073-8075%2C8668%2C8705%0A/branches/qmmp-1.0:5596%0A/branches/qmmp-1.1:5819%2C5968%2C6043%2C6172%2C6233%2C6442%0A/branches/qmmp-1.2:6799%2C6945%2C6975%2C7173%2C7382%2C7520%0A/branches/qmmp-1.3:8706%2C8913%0A/branches/qmmp-2.1:10218%2C10233%2C10236%2C10238%2C10244%2C10248%0A/trunk/qmmp:9936%2C9953%2C9959%2C10009%2C10041%2C10049%2C10066%2C10070%2C10073%2C10076%2C10079%2C10084%2C10096%2C10108%2C10114%2C10145%2C10148%2C10151%2C10216%2C10232%2C10235%2C10243%2C10247
  +dir_prop: branches/qmmp-2.0/src/plugins/Ui/qsui svn:mergeinfo /branches/qmmp-0.12/src/plugins/Ui/qsui:8073-8075%0A/branches/qmmp-1.1/src/plugins/Ui/qsui:6172%0A/branches/qmmp-1.2/src/plugins/Ui/qsui:7382%0A/branches/qmmp-2.1/src/plugins/Ui/qsui:10248%0A/trunk/qmmp/src/plugins/Ui/qsui:10148%2C10151%2C10247%0A/trunk/qmmp/src/plugins/Ui/skinned:5223%2C6018-6019%2C6022
r10257
  +dir_prop: branches/qmmp-2.0 svn:mergeinfo /branches/qmmp-0.10:7522%0A/branches/qmmp-0.11:7919%0A/branches/qmmp-0.12:7828%2C7918%2C8045%2C8073-8075%2C8668%2C8705%0A/branches/qmmp-1.0:5596%0A/branches/qmmp-1.1:5819%2C5968%2C6043%2C6172%2C6233%2C6442%0A/branches/qmmp-1.2:6799%2C6945%2C6975%2C7173%2C7382%2C7520%0A/branches/qmmp-1.3:8706%2C8913%0A/branches/qmmp-2.1:10218%2C10233%2C10236%2C10238%2C10244%2C10248-10251%0A/trunk/qmmp:9936%2C9953%2C9959%2C10009%2C10041%2C10049%2C10066%2C10070%2C10073%2C10076%2C10079%2C10084%2C10096%2C10108%2C10114%2C10145%2C10148%2C10151%2C10216%2C10232%2C10235%2C10243%2C10247
r10263
r10264
r10265
r10281
  +dir_prop: branches/qmmp-2.0 svn:mergeinfo /branches/qmmp-0.10:7522%0A/branches/qmmp-0.11:7919%0A/branches/qmmp-0.12:7828%2C7918%2C8045%2C8073-8075%2C8668%2C8705%0A/branches/qmmp-1.0:5596%0A/branches/qmmp-1.1:5819%2C5968%2C6043%2C6172%2C6233%2C6442%0A/branches/qmmp-1.2:6799%2C6945%2C6975%2C7173%2C7382%2C7520%0A/branches/qmmp-1.3:8706%2C8913%0A/branches/qmmp-2.1:10218%2C10233%2C10236%2C10238%2C10244%2C10248-10251%0A/trunk/qmmp:9936%2C9953%2C9959%2C10009%2C10041%2C10049%2C10066%2C10070%2C10073%2C10076%2C10079%2C10084%2C10096%2C10108%2C10114%2C10145%2C10148%2C10151%2C10216%2C10232%2C10235%2C10243%2C10247%2C10279
  +dir_prop: branches/qmmp-2.0/src/plugins/Ui/qsui svn:mergeinfo /branches/qmmp-0.12/src/plugins/Ui/qsui:8073-8075%0A/branches/qmmp-1.1/src/plugins/Ui/qsui:6172%0A/branches/qmmp-1.2/src/plugins/Ui/qsui:7382%0A/branches/qmmp-2.1/src/plugins/Ui/qsui:10248%0A/trunk/qmmp/src/plugins/Ui/qsui:10148%2C10151%2C10247%2C10279%0A/trunk/qmmp/src/plugins/Ui/skinned:5223%2C6018-6019%2C6022
r10285
  +dir_prop: branches/qmmp-2.0 svn:mergeinfo /branches/qmmp-0.10:7522%0A/branches/qmmp-0.11:7919%0A/branches/qmmp-0.12:7828%2C7918%2C8045%2C8073-8075%2C8668%2C8705%0A/branches/qmmp-1.0:5596%0A/branches/qmmp-1.1:5819%2C5968%2C6043%2C6172%2C6233%2C6442%0A/branches/qmmp-1.2:6799%2C6945%2C6975%2C7173%2C7382%2C7520%0A/branches/qmmp-1.3:8706%2C8913%0A/branches/qmmp-2.1:10218%2C10233%2C10236%2C10238%2C10244%2C10248-10251%0A/trunk/qmmp:9936%2C9953%2C9959%2C10009%2C10041%2C10049%2C10066%2C10070%2C10073%2C10076%2C10079%2C10084%2C10096%2C10108%2C10114%2C10145%2C10148%2C10151%2C10216%2C10232%2C10235%2C10243%2C10247%2C10279%2C10283
  +dir_prop: branches/qmmp-2.0/src/plugins/Ui/qsui svn:mergeinfo /branches/qmmp-0.12/src/plugins/Ui/qsui:8073-8075%0A/branches/qmmp-1.1/src/plugins/Ui/qsui:6172%0A/branches/qmmp-1.2/src/plugins/Ui/qsui:7382%0A/branches/qmmp-2.1/src/plugins/Ui/qsui:10248%0A/trunk/qmmp/src/plugins/Ui/qsui:10148%2C10151%2C10247%2C10279%2C10283%0A/trunk/qmmp/src/plugins/Ui/skinned:5223%2C6018-6019%2C6022
r10301
  +dir_prop: branches/qmmp-2.0 svn:mergeinfo /branches/qmmp-0.10:7522%0A/branches/qmmp-0.11:7919%0A/branches/qmmp-0.12:7828%2C7918%2C8045%2C8073-8075%2C8668%2C8705%0A/branches/qmmp-1.0:5596%0A/branches/qmmp-1.1:5819%2C5968%2C6043%2C6172%2C6233%2C6442%0A/branches/qmmp-1.2:6799%2C6945%2C6975%2C7173%2C7382%2C7520%0A/branches/qmmp-1.3:8706%2C8913%0A/branches/qmmp-2.1:10218%2C10233%2C10236%2C10238%2C10244%2C10248-10251%0A/trunk/qmmp:9936%2C9953%2C9959%2C10009%2C10041%2C10049%2C10066%2C10070%2C10073%2C10076%2C10079%2C10084%2C10096%2C10108%2C10114%2C10145%2C10148%2C10151%2C10216%2C10232%2C10235%2C10243%2C10247%2C10279%2C10283%2C10299
r10321
  +dir_prop: branches/qmmp-2.0 svn:mergeinfo /branches/qmmp-0.10:7522%0A/branches/qmmp-0.11:7919%0A/branches/qmmp-0.12:7828%2C7918%2C8045%2C8073-8075%2C8668%2C8705%0A/branches/qmmp-1.0:5596%0A/branches/qmmp-1.1:5819%2C5968%2C6043%2C6172%2C6233%2C6442%0A/branches/qmmp-1.2:6799%2C6945%2C6975%2C7173%2C7382%2C7520%0A/branches/qmmp-1.3:8706%2C8913%0A/branches/qmmp-1.5:10320%0A/branches/qmmp-2.1:10218%2C10233%2C10236%2C10238%2C10244%2C10248-10251%0A/trunk/qmmp:9936%2C9953%2C9959%2C10009%2C10041%2C10049%2C10066%2C10070%2C10073%2C10076%2C10079%2C10084%2C10096%2C10108%2C10114%2C10145%2C10148%2C10151%2C10216%2C10232%2C10235%2C10243%2C10247%2C10279%2C10283%2C10299
r10327
r10336
  +dir_prop: branches/qmmp-2.0 svn:mergeinfo /branches/qmmp-0.10:7522%0A/branches/qmmp-0.11:7919%0A/branches/qmmp-0.12:7828%2C7918%2C8045%2C8073-8075%2C8668%2C8705%0A/branches/qmmp-1.0:5596%0A/branches/qmmp-1.1:5819%2C5968%2C6043%2C6172%2C6233%2C6442%0A/branches/qmmp-1.2:6799%2C6945%2C6975%2C7173%2C7382%2C7520%0A/branches/qmmp-1.3:8706%2C8913%0A/branches/qmmp-1.5:10320%0A/branches/qmmp-2.1:10218%2C10233%2C10236%2C10238%2C10244%2C10248-10251%0A/trunk/qmmp:9936%2C9953%2C9959%2C10009%2C10041%2C10049%2C10066%2C10070%2C10073%2C10076%2C10079%2C10084%2C10096%2C10108%2C10114%2C10145%2C10148%2C10151%2C10216%2C10232%2C10235%2C10243%2C10247%2C10279%2C10283%2C10299%2C10334
r10341
  +dir_prop: branches/qmmp-2.0 svn:mergeinfo /branches/qmmp-0.10:7522%0A/branches/qmmp-0.11:7919%0A/branches/qmmp-0.12:7828%2C7918%2C8045%2C8073-8075%2C8668%2C8705%0A/branches/qmmp-1.0:5596%0A/branches/qmmp-1.1:5819%2C5968%2C6043%2C6172%2C6233%2C6442%0A/branches/qmmp-1.2:6799%2C6945%2C6975%2C7173%2C7382%2C7520%0A/branches/qmmp-1.3:8706%2C8913%0A/branches/qmmp-1.5:10320%2C10339%0A/branches/qmmp-2.1:10218%2C10233%2C10236%2C10238%2C10244%2C10248-10251%0A/trunk/qmmp:9936%2C9953%2C9959%2C10009%2C10041%2C10049%2C10066%2C10070%2C10073%2C10076%2C10079%2C10084%2C10096%2C10108%2C10114%2C10145%2C10148%2C10151%2C10216%2C10232%2C10235%2C10243%2C10247%2C10279%2C10283%2C10299%2C10334
r10349
r10354
r10359
  +dir_prop: branches/qmmp-2.0 svn:mergeinfo /branches/qmmp-0.10:7522%0A/branches/qmmp-0.11:7919%0A/branches/qmmp-0.12:7828%2C7918%2C8045%2C8073-8075%2C8668%2C8705%0A/branches/qmmp-1.0:5596%0A/branches/qmmp-1.1:5819%2C5968%2C6043%2C6172%2C6233%2C6442%0A/branches/qmmp-1.2:6799%2C6945%2C6975%2C7173%2C7382%2C7520%0A/branches/qmmp-1.3:8706%2C8913%0A/branches/qmmp-1.5:10320%2C10339%0A/branches/qmmp-2.1:10218%2C10233%2C10236%2C10238%2C10244%2C10248-10251%2C10358%0A/trunk/qmmp:9936%2C9953%2C9959%2C10009%2C10041%2C10049%2C10066%2C10070%2C10073%2C10076%2C10079%2C10084%2C10096%2C10108%2C10114%2C10145%2C10148%2C10151%2C10216%2C10232%2C10235%2C10243%2C10247%2C10279%2C10283%2C10299%2C10334
  +dir_prop: branches/qmmp-2.0/src/plugins/Ui/qsui svn:mergeinfo /branches/qmmp-0.12/src/plugins/Ui/qsui:8073-8075%0A/branches/qmmp-1.1/src/plugins/Ui/qsui:6172%0A/branches/qmmp-1.2/src/plugins/Ui/qsui:7382%0A/branches/qmmp-2.1/src/plugins/Ui/qsui:10248%2C10358%0A/trunk/qmmp/src/plugins/Ui/qsui:10148%2C10151%2C10247%2C10279%2C10283%0A/trunk/qmmp/src/plugins/Ui/skinned:5223%2C6018-6019%2C6022
r10360
r10362
r10367
  +dir_prop: branches/qmmp-2.0 svn:mergeinfo /branches/qmmp-0.10:7522%0A/branches/qmmp-0.11:7919%0A/branches/qmmp-0.12:7828%2C7918%2C8045%2C8073-8075%2C8668%2C8705%0A/branches/qmmp-1.0:5596%0A/branches/qmmp-1.1:5819%2C5968%2C6043%2C6172%2C6233%2C6442%0A/branches/qmmp-1.2:6799%2C6945%2C6975%2C7173%2C7382%2C7520%0A/branches/qmmp-1.3:8706%2C8913%0A/branches/qmmp-1.5:10320%2C10339%0A/branches/qmmp-2.1:10218%2C10233%2C10236%2C10238%2C10244%2C10248-10251%2C10358%2C10366%0A/trunk/qmmp:9936%2C9953%2C9959%2C10009%2C10041%2C10049%2C10066%2C10070%2C10073%2C10076%2C10079%2C10084%2C10096%2C10108%2C10114%2C10145%2C10148%2C10151%2C10216%2C10232%2C10235%2C10243%2C10247%2C10279%2C10283%2C10299%2C10334
r10373
  +dir_prop: branches/qmmp-2.0 svn:mergeinfo /branches/qmmp-0.10:7522%0A/branches/qmmp-0.11:7919%0A/branches/qmmp-0.12:7828%2C7918%2C8045%2C8073-8075%2C8668%2C8705%0A/branches/qmmp-1.0:5596%0A/branches/qmmp-1.1:5819%2C5968%2C6043%2C6172%2C6233%2C6442%0A/branches/qmmp-1.2:6799%2C6945%2C6975%2C7173%2C7382%2C7520%0A/branches/qmmp-1.3:8706%2C8913%0A/branches/qmmp-1.5:10320%2C10339%0A/branches/qmmp-2.1:10218%2C10233%2C10236%2C10238%2C10244%2C10248-10251%2C10358%2C10366%2C10372%0A/trunk/qmmp:9936%2C9953%2C9959%2C10009%2C10041%2C10049%2C10066%2C10070%2C10073%2C10076%2C10079%2C10084%2C10096%2C10108%2C10114%2C10145%2C10148%2C10151%2C10216%2C10232%2C10235%2C10243%2C10247%2C10279%2C10283%2C10299%2C10334
r10376
  +dir_prop: branches/qmmp-2.0 svn:mergeinfo /branches/qmmp-0.10:7522%0A/branches/qmmp-0.11:7919%0A/branches/qmmp-0.12:7828%2C7918%2C8045%2C8073-8075%2C8668%2C8705%0A/branches/qmmp-1.0:5596%0A/branches/qmmp-1.1:5819%2C5968%2C6043%2C6172%2C6233%2C6442%0A/branches/qmmp-1.2:6799%2C6945%2C6975%2C7173%2C7382%2C7520%0A/branches/qmmp-1.3:8706%2C8913%0A/branches/qmmp-1.5:10320%2C10339%0A/branches/qmmp-2.1:10218%2C10233%2C10236%2C10238%2C10244%2C10248-10251%2C10358%2C10366%2C10372%0A/trunk/qmmp:9936%2C9953%2C9959%2C10009%2C10041%2C10049%2C10066%2C10070%2C10073%2C10076%2C10079%2C10084%2C10096%2C10108%2C10114%2C10145%2C10148%2C10151%2C10216%2C10232%2C10235%2C10243%2C10247%2C10279%2C10283%2C10299%2C10334%2C10374
r10385
  +dir_prop: branches/qmmp-2.0 svn:mergeinfo /branches/qmmp-0.10:7522%0A/branches/qmmp-0.11:7919%0A/branches/qmmp-0.12:7828%2C7918%2C8045%2C8073-8075%2C8668%2C8705%0A/branches/qmmp-1.0:5596%0A/branches/qmmp-1.1:5819%2C5968%2C6043%2C6172%2C6233%2C6442%0A/branches/qmmp-1.2:6799%2C6945%2C6975%2C7173%2C7382%2C7520%0A/branches/qmmp-1.3:8706%2C8913%0A/branches/qmmp-1.5:10320%2C10339%0A/branches/qmmp-2.1:10218%2C10233%2C10236%2C10238%2C10244%2C10248-10251%2C10358%2C10366%2C10372%0A/trunk/qmmp:9936%2C9953%2C9959%2C10009%2C10041%2C10049%2C10066%2C10070%2C10073%2C10076%2C10079%2C10084%2C10096%2C10108%2C10114%2C10145%2C10148%2C10151%2C10216%2C10232%2C10235%2C10243%2C10247%2C10279%2C10283%2C10299%2C10334%2C10374%2C10383
r10400
  +dir_prop: branches/qmmp-2.0 svn:mergeinfo /branches/qmmp-0.10:7522%0A/branches/qmmp-0.11:7919%0A/branches/qmmp-0.12:7828%2C7918%2C8045%2C8073-8075%2C8668%2C8705%0A/branches/qmmp-1.0:5596%0A/branches/qmmp-1.1:5819%2C5968%2C6043%2C6172%2C6233%2C6442%0A/branches/qmmp-1.2:6799%2C6945%2C6975%2C7173%2C7382%2C7520%0A/branches/qmmp-1.3:8706%2C8913%0A/branches/qmmp-1.5:10320%2C10339%0A/branches/qmmp-2.1:10218%2C10233%2C10236%2C10238%2C10244%2C10248-10251%2C10358%2C10366%2C10372%0A/trunk/qmmp:9936%2C9953%2C9959%2C10009%2C10041%2C10049%2C10066%2C10070%2C10073%2C10076%2C10079%2C10084%2C10096%2C10108%2C10114%2C10145%2C10148%2C10151%2C10216%2C10232%2C10235%2C10243%2C10247%2C10279%2C10283%2C10299%2C10334%2C10374%2C10383%2C10398
r10407
  +dir_prop: branches/qmmp-2.0 svn:mergeinfo /branches/qmmp-0.10:7522%0A/branches/qmmp-0.11:7919%0A/branches/qmmp-0.12:7828%2C7918%2C8045%2C8073-8075%2C8668%2C8705%0A/branches/qmmp-1.0:5596%0A/branches/qmmp-1.1:5819%2C5968%2C6043%2C6172%2C6233%2C6442%0A/branches/qmmp-1.2:6799%2C6945%2C6975%2C7173%2C7382%2C7520%0A/branches/qmmp-1.3:8706%2C8913%0A/branches/qmmp-1.5:10320%2C10339%0A/branches/qmmp-2.1:10218%2C10233%2C10236%2C10238%2C10244%2C10248-10251%2C10358%2C10366%2C10372%0A/trunk/qmmp:9936%2C9953%2C9959%2C10009%2C10041%2C10049%2C10066%2C10070%2C10073%2C10076%2C10079%2C10084%2C10096%2C10108%2C10114%2C10145%2C10148%2C10151%2C10216%2C10232%2C10235%2C10243%2C10247%2C10279%2C10283%2C10299%2C10334%2C10374%2C10383%2C10398%2C10405
r10419
  +dir_prop: branches/qmmp-2.0 svn:mergeinfo /branches/qmmp-0.10:7522%0A/branches/qmmp-0.11:7919%0A/branches/qmmp-0.12:7828%2C7918%2C8045%2C8073-8075%2C8668%2C8705%0A/branches/qmmp-1.0:5596%0A/branches/qmmp-1.1:5819%2C5968%2C6043%2C6172%2C6233%2C6442%0A/branches/qmmp-1.2:6799%2C6945%2C6975%2C7173%2C7382%2C7520%0A/branches/qmmp-1.3:8706%2C8913%0A/branches/qmmp-1.5:10320%2C10339%0A/branches/qmmp-2.1:10218%2C10233%2C10236%2C10238%2C10244%2C10248-10251%2C10358%2C10366%2C10372%0A/trunk/qmmp:9936%2C9953%2C9959%2C10009%2C10041%2C10049%2C10066%2C10070%2C10073%2C10076%2C10079%2C10084%2C10096%2C10108%2C10114%2C10145%2C10148%2C10151%2C10216%2C10232%2C10235%2C10243%2C10247%2C10279%2C10283%2C10299%2C10334%2C10374%2C10383%2C10398%2C10405%2C10417
r10424
r10425
r10431
  +dir_prop: branches/qmmp-2.0 svn:mergeinfo /branches/qmmp-0.10:7522%0A/branches/qmmp-0.11:7919%0A/branches/qmmp-0.12:7828%2C7918%2C8045%2C8073-8075%2C8668%2C8705%0A/branches/qmmp-1.0:5596%0A/branches/qmmp-1.1:5819%2C5968%2C6043%2C6172%2C6233%2C6442%0A/branches/qmmp-1.2:6799%2C6945%2C6975%2C7173%2C7382%2C7520%0A/branches/qmmp-1.3:8706%2C8913%0A/branches/qmmp-1.5:10320%2C10339%0A/branches/qmmp-2.1:10218%2C10233%2C10236%2C10238%2C10244%2C10248-10251%2C10358%2C10366%2C10372%2C10429%0A/trunk/qmmp:9936%2C9953%2C9959%2C10009%2C10041%2C10049%2C10066%2C10070%2C10073%2C10076%2C10079%2C10084%2C10096%2C10108%2C10114%2C10145%2C10148%2C10151%2C10216%2C10232%2C10235%2C10243%2C10247%2C10279%2C10283%2C10299%2C10334%2C10374%2C10383%2C10398%2C10405%2C10417
r10434
  +dir_prop: branches/qmmp-2.0 svn:mergeinfo /branches/qmmp-0.10:7522%0A/branches/qmmp-0.11:7919%0A/branches/qmmp-0.12:7828%2C7918%2C8045%2C8073-8075%2C8668%2C8705%0A/branches/qmmp-1.0:5596%0A/branches/qmmp-1.1:5819%2C5968%2C6043%2C6172%2C6233%2C6442%0A/branches/qmmp-1.2:6799%2C6945%2C6975%2C7173%2C7382%2C7520%0A/branches/qmmp-1.3:8706%2C8913%0A/branches/qmmp-1.5:10320%2C10339%2C10433%0A/branches/qmmp-2.1:10218%2C10233%2C10236%2C10238%2C10244%2C10248-10251%2C10358%2C10366%2C10372%2C10429%0A/trunk/qmmp:9936%2C9953%2C9959%2C10009%2C10041%2C10049%2C10066%2C10070%2C10073%2C10076%2C10079%2C10084%2C10096%2C10108%2C10114%2C10145%2C10148%2C10151%2C10216%2C10232%2C10235%2C10243%2C10247%2C10279%2C10283%2C10299%2C10334%2C10374%2C10383%2C10398%2C10405%2C10417
r10440
r10461
  +dir_prop: branches/qmmp-2.0 svn:mergeinfo /branches/qmmp-0.10:7522%0A/branches/qmmp-0.11:7919%0A/branches/qmmp-0.12:7828%2C7918%2C8045%2C8073-8075%2C8668%2C8705%0A/branches/qmmp-1.0:5596%0A/branches/qmmp-1.1:5819%2C5968%2C6043%2C6172%2C6233%2C6442%0A/branches/qmmp-1.2:6799%2C6945%2C6975%2C7173%2C7382%2C7520%0A/branches/qmmp-1.3:8706%2C8913%0A/branches/qmmp-1.5:10320%2C10339%2C10433%0A/branches/qmmp-2.1:10218%2C10233%2C10236%2C10238%2C10244%2C10248-10251%2C10358%2C10366%2C10372%2C10429%0A/trunk/qmmp:9936%2C9953%2C9959%2C10009%2C10041%2C10049%2C10066%2C10070%2C10073%2C10076%2C10079%2C10084%2C10096%2C10108%2C10114%2C10145%2C10148%2C10151%2C10216%2C10232%2C10235%2C10243%2C10247%2C10279%2C10283%2C10299%2C10334%2C10374%2C10383%2C10398%2C10405%2C10417%2C10459
r10468
  +dir_prop: branches/qmmp-2.0 svn:mergeinfo /branches/qmmp-0.10:7522%0A/branches/qmmp-0.11:7919%0A/branches/qmmp-0.12:7828%2C7918%2C8045%2C8073-8075%2C8668%2C8705%0A/branches/qmmp-1.0:5596%0A/branches/qmmp-1.1:5819%2C5968%2C6043%2C6172%2C6233%2C6442%0A/branches/qmmp-1.2:6799%2C6945%2C6975%2C7173%2C7382%2C7520%0A/branches/qmmp-1.3:8706%2C8913%0A/branches/qmmp-1.5:10320%2C10339%2C10433%0A/branches/qmmp-2.1:10218%2C10233%2C10236%2C10238%2C10244%2C10248-10251%2C10358%2C10366%2C10372%2C10429%0A/trunk/qmmp:9936%2C9953%2C9959%2C10009%2C10041%2C10049%2C10066%2C10070%2C10073%2C10076%2C10079%2C10084%2C10096%2C10108%2C10114%2C10145%2C10148%2C10151%2C10216%2C10232%2C10235%2C10243%2C10247%2C10279%2C10283%2C10299%2C10334%2C10374%2C10383%2C10398%2C10405%2C10417%2C10459%2C10465
r10496
  +dir_prop: branches/qmmp-2.0 svn:mergeinfo /branches/qmmp-0.10:7522%0A/branches/qmmp-0.11:7919%0A/branches/qmmp-0.12:7828%2C7918%2C8045%2C8073-8075%2C8668%2C8705%0A/branches/qmmp-1.0:5596%0A/branches/qmmp-1.1:5819%2C5968%2C6043%2C6172%2C6233%2C6442%0A/branches/qmmp-1.2:6799%2C6945%2C6975%2C7173%2C7382%2C7520%0A/branches/qmmp-1.3:8706%2C8913%0A/branches/qmmp-1.5:10320%2C10339%2C10433%0A/branches/qmmp-2.1:10218%2C10233%2C10236%2C10238%2C10244%2C10248-10251%2C10358%2C10366%2C10372%2C10429%0A/trunk/qmmp:9936%2C9953%2C9959%2C10009%2C10041%2C10049%2C10066%2C10070%2C10073%2C10076%2C10079%2C10084%2C10096%2C10108%2C10114%2C10145%2C10148%2C10151%2C10216%2C10232%2C10235%2C10243%2C10247%2C10279%2C10283%2C10299%2C10334%2C10374%2C10383%2C10398%2C10405%2C10417%2C10459%2C10465%2C10494
r10498
  +dir_prop: branches/qmmp-2.0 svn:mergeinfo /branches/qmmp-0.10:7522%0A/branches/qmmp-0.11:7919%0A/branches/qmmp-0.12:7828%2C7918%2C8045%2C8073-8075%2C8668%2C8705%0A/branches/qmmp-1.0:5596%0A/branches/qmmp-1.1:5819%2C5968%2C6043%2C6172%2C6233%2C6442%0A/branches/qmmp-1.2:6799%2C6945%2C6975%2C7173%2C7382%2C7520%0A/branches/qmmp-1.3:8706%2C8913%0A/branches/qmmp-1.5:10320%2C10339%2C10433%0A/branches/qmmp-2.1:10218%2C10233%2C10236%2C10238%2C10244%2C10248-10251%2C10358%2C10366%2C10372%2C10429%2C10494%0A/trunk/qmmp:9936%2C9953%2C9959%2C10009%2C10041%2C10049%2C10066%2C10070%2C10073%2C10076%2C10079%2C10084%2C10096%2C10108%2C10114%2C10145%2C10148%2C10151%2C10216%2C10232%2C10235%2C10243%2C10247%2C10279%2C10283%2C10299%2C10334%2C10374%2C10383%2C10398%2C10405%2C10417%2C10459%2C10465%2C10494
r10523
  +dir_prop: branches/qmmp-2.0 svn:mergeinfo /branches/qmmp-0.10:7522%0A/branches/qmmp-0.11:7919%0A/branches/qmmp-0.12:7828%2C7918%2C8045%2C8073-8075%2C8668%2C8705%0A/branches/qmmp-1.0:5596%0A/branches/qmmp-1.1:5819%2C5968%2C6043%2C6172%2C6233%2C6442%0A/branches/qmmp-1.2:6799%2C6945%2C6975%2C7173%2C7382%2C7520%0A/branches/qmmp-1.3:8706%2C8913%0A/branches/qmmp-1.5:10320%2C10339%2C10433%0A/branches/qmmp-2.1:10218%2C10233%2C10236%2C10238%2C10244%2C10248-10251%2C10358%2C10366%2C10372%2C10429%2C10494%2C10520-10522%0A/trunk/qmmp:9936%2C9953%2C9959%2C10009%2C10041%2C10049%2C10066%2C10070%2C10073%2C10076%2C10079%2C10084%2C10096%2C10108%2C10114%2C10145%2C10148%2C10151%2C10216%2C10232%2C10235%2C10243%2C10247%2C10279%2C10283%2C10299%2C10334%2C10374%2C10383%2C10398%2C10405%2C10417%2C10459%2C10465%2C10494
r10529
r10537
  +dir_prop: branches/qmmp-2.0 svn:mergeinfo /branches/qmmp-0.10:7522%0A/branches/qmmp-0.11:7919%0A/branches/qmmp-0.12:7828%2C7918%2C8045%2C8073-8075%2C8668%2C8705%0A/branches/qmmp-1.0:5596%0A/branches/qmmp-1.1:5819%2C5968%2C6043%2C6172%2C6233%2C6442%0A/branches/qmmp-1.2:6799%2C6945%2C6975%2C7173%2C7382%2C7520%0A/branches/qmmp-1.3:8706%2C8913%0A/branches/qmmp-1.5:10320%2C10339%2C10433%0A/branches/qmmp-2.1:10218%2C10233%2C10236%2C10238%2C10244%2C10248-10251%2C10358%2C10366%2C10372%2C10429%2C10494%2C10520-10522%0A/trunk/qmmp:9936%2C9953%2C9959%2C10009%2C10041%2C10049%2C10066%2C10070%2C10073%2C10076%2C10079%2C10084%2C10096%2C10108%2C10114%2C10145%2C10148%2C10151%2C10216%2C10232%2C10235%2C10243%2C10247%2C10279%2C10283%2C10299%2C10334%2C10374%2C10383%2C10398%2C10405%2C10417%2C10459%2C10465%2C10494%2C10535
  +dir_prop: branches/qmmp-2.0/src/plugins/Ui/qsui svn:mergeinfo /branches/qmmp-0.12/src/plugins/Ui/qsui:8073-8075%0A/branches/qmmp-1.1/src/plugins/Ui/qsui:6172%0A/branches/qmmp-1.2/src/plugins/Ui/qsui:7382%0A/branches/qmmp-2.1/src/plugins/Ui/qsui:10248%2C10358%0A/trunk/qmmp/src/plugins/Ui/qsui:10148%2C10151%2C10247%2C10279%2C10283%2C10535%0A/trunk/qmmp/src/plugins/Ui/skinned:5223%2C6018-6019%2C6022
r10539
r10550
r10557
