r1700
r1703
r1705
r1707
r1708
r1711
r1713
r1715
r1716
r1718
r1721
r1727
r1732
r1735
r1742
r1744
r1745
r1750
r1752
r1755
r1756
r1758
r1759
r1761
r1762
  -empty_dir: branches/qmmp-0.4/src/ui/ui.pro.orig
  -empty_dir: branches/qmmp-0.4/src/ui/ui.pro.rej
r1764
  +file_prop: branches/qmmp-0.4/src/ui/txt/authors_nl.txt svn:eol-style native
  +file_prop: branches/qmmp-0.4/src/ui/txt/description_nl.txt svn:eol-style native
  +file_prop: branches/qmmp-0.4/src/ui/txt/thanks_nl.txt svn:eol-style native
  +file_prop: branches/qmmp-0.4/src/ui/txt/translators_nl.txt svn:eol-style native
r1767
r1770
r1771
r1772
r1774
  -empty_dir: branches/qmmp-0.4/ChangeLog.svn
r1775
r1779
r1781
r1783
r1787
r1788
r1791
r1793
r1794
r1798
r1800
r1803
r1805
r1807
r1808
r1810
r1812
r1826
r1828
r1830
r1833
r1835
r1836
r1838
r1840
  -empty_dir: branches/qmmp-0.4/src/plugins/General/hotkey/%3D
  -empty_dir: branches/qmmp-0.4/src/plugins/General/hotkey/RESOURCES
  -empty_dir: branches/qmmp-0.4/src/plugins/Visual/projectm/%3D
  -empty_dir: branches/qmmp-0.4/src/plugins/Visual/projectm/RESOURCES
r1841
  +file_prop: branches/qmmp-0.4/src/ui/txt/authors_ja.txt svn:eol-style native
  +file_prop: branches/qmmp-0.4/src/ui/txt/description_ja.txt svn:mime-type application/octet-stream
r1843
  +file_prop: branches/qmmp-0.4/src/ui/txt/authors_es.txt svn:eol-style native
  +file_prop: branches/qmmp-0.4/src/ui/txt/description_es.txt svn:eol-style native
  +file_prop: branches/qmmp-0.4/src/ui/txt/thanks_es.txt svn:eol-style native
  +file_prop: branches/qmmp-0.4/src/ui/txt/translators_es.txt svn:eol-style native
r1846
r1848
r1851
r1852
r1854
r1857
r1861
r1863
r1865
r1867
r1871
r1877
r1878
r1882
r1887
r1892
r1895
r1897
r1906
r1908
r1920
r1922
r1927
  -empty_dir: branches/qmmp-0.4/src/ui/logscale.cpp
  -empty_dir: branches/qmmp-0.4/src/ui/logscale.h
r1939
r1944
r1949
r1954
r1955
r1956
r1958
r1960
r1962
r1963
r1965
r1967
r1969
r1974
r1976
r1978
r1979
r1994
r2003
r2018
r2022
r2026
r2030
r2031
r2034
r2037
r2039
r2043
r2044
r2047
r2048
r2050
r2052
r2054
r2059
r2065
r2081
r2083
r2090
r2096
r2101
r2113
r2114
r2117
