r4333
r4341
r4346
r4354
r4356
r4363
r4369
r4374
r4381
r4388
r4396
r4399
r4409
r4419
r4434
r4457
r4459
r4467
r4469
r4481
r4484
r4488
r4490
r4495
r4500
r4521
r4525
r4527
r4557
r4561
r4568
r4625
r4635
r4649
r4654
r4655
r4659
r4704
r4821
r4898
r4931
  +dir_prop: branches/qmmp-plugin-pack-0.8 svn:mergeinfo /trunk/qmmp-plugin-pack:4930
r4959
  +dir_prop: branches/qmmp-plugin-pack-0.8 svn:mergeinfo /trunk/qmmp-plugin-pack:4930%2C4958
r5003
r5026
r5107
r5111
r5114
  +dir_prop: branches/qmmp-plugin-pack-0.8 svn:mergeinfo /trunk/qmmp-plugin-pack:4930%2C4958%2C5113
r5116
  +dir_prop: branches/qmmp-plugin-pack-0.8 svn:mergeinfo /trunk/qmmp-plugin-pack:4930%2C4958%2C5113%2C5115
r5140
  +dir_prop: branches/qmmp-plugin-pack-0.8 svn:mergeinfo /trunk/qmmp-plugin-pack:4930%2C4958%2C5113%2C5115%2C5139
r5144
  +dir_prop: branches/qmmp-plugin-pack-0.8 svn:mergeinfo /trunk/qmmp-plugin-pack:4930%2C4958%2C5113%2C5115%2C5139%2C5143
r5246
r5303
r5342
r5343
r5350
r5417
r5450
r5473
r5485
