r9921
r9925
r9930
r9931
r9933
r9939
r9942
r9966
  +dir_prop: branches/qmmp-plugin-pack-2.0 svn:mergeinfo /branches/qmmp-plugin-pack-0.12:8082%0A/branches/qmmp-plugin-pack-1.2:6860%0A/trunk/qmmp-plugin-pack:9964-9965
r9979
  +dir_prop: branches/qmmp-plugin-pack-2.0 svn:mergeinfo /branches/qmmp-plugin-pack-0.12:8082%0A/branches/qmmp-plugin-pack-1.2:6860%0A/trunk/qmmp:9978%0A/trunk/qmmp-plugin-pack:9964-9965
r10015
r10021
r10037
r10053
  +dir_prop: branches/qmmp-plugin-pack-2.0 svn:mergeinfo /branches/qmmp-plugin-pack-0.12:8082%0A/branches/qmmp-plugin-pack-1.2:6860%0A/trunk/qmmp:9978%0A/trunk/qmmp-plugin-pack:9964-9965%2C10052
r10060
r10106
r10107
r10112
r10118
r10130
r10135
r10140
r10160
r10179
r10185
r10227
  +dir_prop: branches/qmmp-plugin-pack-2.0 svn:mergeinfo /branches/qmmp-plugin-pack-0.12:8082%0A/branches/qmmp-plugin-pack-1.2:6860%0A/trunk/qmmp:9978%0A/trunk/qmmp-plugin-pack:9964-9965%2C10052%2C10224
r10273
  +dir_prop: branches/qmmp-plugin-pack-2.0 svn:mergeinfo /branches/qmmp-plugin-pack-0.12:8082%0A/branches/qmmp-plugin-pack-1.2:6860%0A/trunk/qmmp:9978%0A/trunk/qmmp-plugin-pack:9964-9965%2C10052%2C10224%2C10270
r10277
r10323
  +dir_prop: branches/qmmp-plugin-pack-2.0 svn:mergeinfo /branches/qmmp-plugin-pack-0.12:8082%0A/branches/qmmp-plugin-pack-1.2:6860%0A/branches/qmmp-plugin-pack-1.5:10322%0A/trunk/qmmp:9978%0A/trunk/qmmp-plugin-pack:9964-9965%2C10052%2C10224%2C10270
r10329
r10342
  +dir_prop: branches/qmmp-plugin-pack-2.0 svn:mergeinfo /branches/qmmp-plugin-pack-0.12:8082%0A/branches/qmmp-plugin-pack-1.2:6860%0A/branches/qmmp-plugin-pack-1.5:10322%2C10340%0A/trunk/qmmp:9978%0A/trunk/qmmp-plugin-pack:9964-9965%2C10052%2C10224%2C10270
r10350
r10525
r10542
r10545
  +dir_prop: branches/qmmp-plugin-pack-2.0 svn:mergeinfo /branches/qmmp-plugin-pack-0.12:8082%0A/branches/qmmp-plugin-pack-1.2:6860%0A/branches/qmmp-plugin-pack-1.5:10322%2C10340%2C10544%0A/trunk/qmmp:9978%0A/trunk/qmmp-plugin-pack:9964-9965%2C10052%2C10224%2C10270
r10559
