r5528
r5533
r5535
r5562
  +dir_prop: branches/qmmp-plugin-pack-0.9 svn:mergeinfo /trunk/qmmp-plugin-pack:5561
r5630
r5634
r5651
  +dir_prop: branches/qmmp-plugin-pack-0.9 svn:mergeinfo /trunk/qmmp-plugin-pack:5561%2C5650
r5656
r5657
r5664
  +dir_prop: branches/qmmp-plugin-pack-0.9 svn:mergeinfo /trunk/qmmp-plugin-pack:5561%2C5650%2C5663
r5665
r5670
r5682
  +dir_prop: branches/qmmp-plugin-pack-0.9 svn:mergeinfo /trunk/qmmp-plugin-pack:5561%2C5650%2C5663%2C5681
r5804
  +dir_prop: branches/qmmp-plugin-pack-0.9 svn:mergeinfo /trunk/qmmp-plugin-pack:5561%2C5650%2C5663%2C5681%2C5801
r5838
r5850
r5851
r5853
r5857
r6265
  +dir_prop: branches/qmmp-plugin-pack-0.9 svn:mergeinfo /trunk/qmmp-plugin-pack:5561%2C5650%2C5663%2C5681%2C5801%2C6263
r6278
  +dir_prop: branches/qmmp-plugin-pack-0.9 svn:mergeinfo /trunk/qmmp-plugin-pack:5561%2C5650%2C5663%2C5681%2C5801%2C6077-6274
r6279
r6280
r6288
r6293
r6300
r6301
r6302
r6303
r6307
r6340
r6391
r6395
