r10633
r10644
  +dir_prop: branches/qmmp-1.6 svn:mergeinfo /branches/qmmp-0.10:7522%0A/branches/qmmp-0.11:7919%0A/branches/qmmp-0.12:7828%2C7918%2C8045%2C8073-8075%2C8668%2C8705%0A/branches/qmmp-1.0:5596%0A/branches/qmmp-1.1:5819%2C5968%2C6043%2C6172%2C6233%2C6442%0A/branches/qmmp-1.2:6799%2C6945%2C6975%2C7173%2C7382%2C7520%0A/branches/qmmp-1.3:8706%2C8913%0A/branches/qmmp-2.0:9877%2C9946%2C9969%2C9972%2C9983%2C9990%2C9999%2C10001%2C10003%0A/branches/qmmp-2.1:10618%0A/trunk/qmmp:10640
r10645
  +dir_prop: branches/qmmp-1.6 svn:mergeinfo /branches/qmmp-0.10:7522%0A/branches/qmmp-0.11:7919%0A/branches/qmmp-0.12:7828%2C7918%2C8045%2C8073-8075%2C8668%2C8705%0A/branches/qmmp-1.0:5596%0A/branches/qmmp-1.1:5819%2C5968%2C6043%2C6172%2C6233%2C6442%0A/branches/qmmp-1.2:6799%2C6945%2C6975%2C7173%2C7382%2C7520%0A/branches/qmmp-1.3:8706%2C8913%0A/branches/qmmp-2.0:9877%2C9946%2C9969%2C9972%2C9983%2C9990%2C9999%2C10001%2C10003%0A/branches/qmmp-2.1:10618%0A/trunk/qmmp:10639-10641
r10646
r10662
r10666
r10673
r10678
r10685
  +dir_prop: branches/qmmp-1.6 svn:mergeinfo /branches/qmmp-0.10:7522%0A/branches/qmmp-0.11:7919%0A/branches/qmmp-0.12:7828%2C7918%2C8045%2C8073-8075%2C8668%2C8705%0A/branches/qmmp-1.0:5596%0A/branches/qmmp-1.1:5819%2C5968%2C6043%2C6172%2C6233%2C6442%0A/branches/qmmp-1.2:6799%2C6945%2C6975%2C7173%2C7382%2C7520%0A/branches/qmmp-1.3:8706%2C8913%0A/branches/qmmp-2.0:9877%2C9946%2C9969%2C9972%2C9983%2C9990%2C9999%2C10001%2C10003%0A/branches/qmmp-2.1:10618%0A/trunk/qmmp:10639-10641%2C10684
r10688
  +dir_prop: branches/qmmp-1.6 svn:mergeinfo /branches/qmmp-0.10:7522%0A/branches/qmmp-0.11:7919%0A/branches/qmmp-0.12:7828%2C7918%2C8045%2C8073-8075%2C8668%2C8705%0A/branches/qmmp-1.0:5596%0A/branches/qmmp-1.1:5819%2C5968%2C6043%2C6172%2C6233%2C6442%0A/branches/qmmp-1.2:6799%2C6945%2C6975%2C7173%2C7382%2C7520%0A/branches/qmmp-1.3:8706%2C8913%0A/branches/qmmp-2.0:9877%2C9946%2C9969%2C9972%2C9983%2C9990%2C9999%2C10001%2C10003%0A/branches/qmmp-2.1:10618%0A/trunk/qmmp:10639-10641%2C10684%2C10687
r10692
r10700
r10701
r10702
r10705
  +dir_prop: branches/qmmp-1.6 svn:mergeinfo /branches/qmmp-0.10:7522%0A/branches/qmmp-0.11:7919%0A/branches/qmmp-0.12:7828%2C7918%2C8045%2C8073-8075%2C8668%2C8705%0A/branches/qmmp-1.0:5596%0A/branches/qmmp-1.1:5819%2C5968%2C6043%2C6172%2C6233%2C6442%0A/branches/qmmp-1.2:6799%2C6945%2C6975%2C7173%2C7382%2C7520%0A/branches/qmmp-1.3:8706%2C8913%0A/branches/qmmp-2.0:9877%2C9946%2C9969%2C9972%2C9983%2C9990%2C9999%2C10001%2C10003%0A/branches/qmmp-2.1:10618%0A/trunk/qmmp:10639-10641%2C10684%2C10687%2C10695
r10713
r10719
r10726
  -empty_dir: branches/qmmp-1.6/src/plugins/General/hal
  +dir_prop: branches/qmmp-1.6 svn:mergeinfo /branches/qmmp-0.10:7522%0A/branches/qmmp-0.11:7919%0A/branches/qmmp-0.12:7828%2C7918%2C8045%2C8073-8075%2C8668%2C8705%0A/branches/qmmp-1.0:5596%0A/branches/qmmp-1.1:5819%2C5968%2C6043%2C6172%2C6233%2C6442%0A/branches/qmmp-1.2:6799%2C6945%2C6975%2C7173%2C7382%2C7520%0A/branches/qmmp-1.3:8706%2C8913%0A/branches/qmmp-2.0:9877%2C9946%2C9969%2C9972%2C9983%2C9990%2C9999%2C10001%2C10003%0A/branches/qmmp-2.1:10618%0A/trunk/qmmp:10639-10641%2C10684%2C10687%2C10695%2C10722
r10727
r10730
  +dir_prop: branches/qmmp-1.6 svn:mergeinfo /branches/qmmp-0.10:7522%0A/branches/qmmp-0.11:7919%0A/branches/qmmp-0.12:7828%2C7918%2C8045%2C8073-8075%2C8668%2C8705%0A/branches/qmmp-1.0:5596%0A/branches/qmmp-1.1:5819%2C5968%2C6043%2C6172%2C6233%2C6442%0A/branches/qmmp-1.2:6799%2C6945%2C6975%2C7173%2C7382%2C7520%0A/branches/qmmp-1.3:8706%2C8913%0A/branches/qmmp-2.0:9877%2C9946%2C9969%2C9972%2C9983%2C9990%2C9999%2C10001%2C10003%0A/branches/qmmp-2.1:10618%2C10729%0A/trunk/qmmp:10639-10641%2C10684%2C10687%2C10695%2C10722
r10734
r10739
r10741
r10743
  +dir_prop: branches/qmmp-1.6 svn:mergeinfo /branches/qmmp-0.10:7522%0A/branches/qmmp-0.11:7919%0A/branches/qmmp-0.12:7828%2C7918%2C8045%2C8073-8075%2C8668%2C8705%0A/branches/qmmp-1.0:5596%0A/branches/qmmp-1.1:5819%2C5968%2C6043%2C6172%2C6233%2C6442%0A/branches/qmmp-1.2:6799%2C6945%2C6975%2C7173%2C7382%2C7520%0A/branches/qmmp-1.3:8706%2C8913%0A/branches/qmmp-2.0:9877%2C9946%2C9969%2C9972%2C9983%2C9990%2C9999%2C10001%2C10003%0A/branches/qmmp-2.1:10618%2C10729%2C10742%0A/trunk/qmmp:10639-10641%2C10684%2C10687%2C10695%2C10722
r10745
  +dir_prop: branches/qmmp-1.6 svn:mergeinfo /branches/qmmp-0.10:7522%0A/branches/qmmp-0.11:7919%0A/branches/qmmp-0.12:7828%2C7918%2C8045%2C8073-8075%2C8668%2C8705%0A/branches/qmmp-1.0:5596%0A/branches/qmmp-1.1:5819%2C5968%2C6043%2C6172%2C6233%2C6442%0A/branches/qmmp-1.2:6799%2C6945%2C6975%2C7173%2C7382%2C7520%0A/branches/qmmp-1.3:8706%2C8913%0A/branches/qmmp-2.0:9877%2C9946%2C9969%2C9972%2C9983%2C9990%2C9999%2C10001%2C10003%0A/branches/qmmp-2.1:10618%2C10729%2C10742%2C10744%0A/trunk/qmmp:10639-10641%2C10684%2C10687%2C10695%2C10722
r10747
r10750
r10759
  +dir_prop: branches/qmmp-1.6 svn:mergeinfo /branches/qmmp-0.10:7522%0A/branches/qmmp-0.11:7919%0A/branches/qmmp-0.12:7828%2C7918%2C8045%2C8073-8075%2C8668%2C8705%0A/branches/qmmp-1.0:5596%0A/branches/qmmp-1.1:5819%2C5968%2C6043%2C6172%2C6233%2C6442%0A/branches/qmmp-1.2:6799%2C6945%2C6975%2C7173%2C7382%2C7520%0A/branches/qmmp-1.3:8706%2C8913%0A/branches/qmmp-2.0:9877%2C9946%2C9969%2C9972%2C9983%2C9990%2C9999%2C10001%2C10003%0A/branches/qmmp-2.1:10618%2C10729%2C10742%2C10744%0A/trunk/qmmp:10639-10641%2C10684%2C10687%2C10695%2C10722%2C10756
r10774
  +dir_prop: branches/qmmp-1.6 svn:mergeinfo /branches/qmmp-0.10:7522%0A/branches/qmmp-0.11:7919%0A/branches/qmmp-0.12:7828%2C7918%2C8045%2C8073-8075%2C8668%2C8705%0A/branches/qmmp-1.0:5596%0A/branches/qmmp-1.1:5819%2C5968%2C6043%2C6172%2C6233%2C6442%0A/branches/qmmp-1.2:6799%2C6945%2C6975%2C7173%2C7382%2C7520%0A/branches/qmmp-1.3:8706%2C8913%0A/branches/qmmp-2.0:9877%2C9946%2C9969%2C9972%2C9983%2C9990%2C9999%2C10001%2C10003%0A/branches/qmmp-2.1:10618%2C10729%2C10742%2C10744%0A/trunk/qmmp:10639-10641%2C10684%2C10687%2C10695%2C10722%2C10756%2C10772
r10777
r10778
r10780
r10790
  +dir_prop: branches/qmmp-1.6 svn:mergeinfo /branches/qmmp-0.10:7522%0A/branches/qmmp-0.11:7919%0A/branches/qmmp-0.12:7828%2C7918%2C8045%2C8073-8075%2C8668%2C8705%0A/branches/qmmp-1.0:5596%0A/branches/qmmp-1.1:5819%2C5968%2C6043%2C6172%2C6233%2C6442%0A/branches/qmmp-1.2:6799%2C6945%2C6975%2C7173%2C7382%2C7520%0A/branches/qmmp-1.3:8706%2C8913%0A/branches/qmmp-2.0:9877%2C9946%2C9969%2C9972%2C9983%2C9990%2C9999%2C10001%2C10003%0A/branches/qmmp-2.1:10618%2C10729%2C10742%2C10744%0A/trunk/qmmp:10639-10641%2C10684%2C10687%2C10695%2C10722%2C10756%2C10772%2C10787-10788
r10792
  +dir_prop: branches/qmmp-1.6 svn:mergeinfo /branches/qmmp-0.10:7522%0A/branches/qmmp-0.11:7919%0A/branches/qmmp-0.12:7828%2C7918%2C8045%2C8073-8075%2C8668%2C8705%0A/branches/qmmp-1.0:5596%0A/branches/qmmp-1.1:5819%2C5968%2C6043%2C6172%2C6233%2C6442%0A/branches/qmmp-1.2:6799%2C6945%2C6975%2C7173%2C7382%2C7520%0A/branches/qmmp-1.3:8706%2C8913%0A/branches/qmmp-2.0:9877%2C9946%2C9969%2C9972%2C9983%2C9990%2C9999%2C10001%2C10003%0A/branches/qmmp-2.1:10618%2C10729%2C10742%2C10744%2C10791%0A/trunk/qmmp:10639-10641%2C10684%2C10687%2C10695%2C10722%2C10756%2C10772%2C10787-10788
r10796
  +dir_prop: branches/qmmp-1.6 svn:mergeinfo /branches/qmmp-0.10:7522%0A/branches/qmmp-0.11:7919%0A/branches/qmmp-0.12:7828%2C7918%2C8045%2C8073-8075%2C8668%2C8705%0A/branches/qmmp-1.0:5596%0A/branches/qmmp-1.1:5819%2C5968%2C6043%2C6172%2C6233%2C6442%0A/branches/qmmp-1.2:6799%2C6945%2C6975%2C7173%2C7382%2C7520%0A/branches/qmmp-1.3:8706%2C8913%0A/branches/qmmp-2.0:9877%2C9946%2C9969%2C9972%2C9983%2C9990%2C9999%2C10001%2C10003%0A/branches/qmmp-2.1:10618%2C10729%2C10742%2C10744%2C10791%0A/trunk/qmmp:10639-10641%2C10684%2C10687%2C10695%2C10722%2C10756%2C10772%2C10787-10788%2C10794
r10799
  +dir_prop: branches/qmmp-1.6 svn:mergeinfo /branches/qmmp-0.10:7522%0A/branches/qmmp-0.11:7919%0A/branches/qmmp-0.12:7828%2C7918%2C8045%2C8073-8075%2C8668%2C8705%0A/branches/qmmp-1.0:5596%0A/branches/qmmp-1.1:5819%2C5968%2C6043%2C6172%2C6233%2C6442%0A/branches/qmmp-1.2:6799%2C6945%2C6975%2C7173%2C7382%2C7520%0A/branches/qmmp-1.3:8706%2C8913%0A/branches/qmmp-2.0:9877%2C9946%2C9969%2C9972%2C9983%2C9990%2C9999%2C10001%2C10003%0A/branches/qmmp-2.1:10618%2C10729%2C10742%2C10744%2C10791%0A/trunk/qmmp:10639-10641%2C10684%2C10687%2C10695%2C10722%2C10756%2C10772%2C10787-10788%2C10794%2C10797
r10800
r10803
r10810
  +dir_prop: branches/qmmp-1.6 svn:mergeinfo /branches/qmmp-0.10:7522%0A/branches/qmmp-0.11:7919%0A/branches/qmmp-0.12:7828%2C7918%2C8045%2C8073-8075%2C8668%2C8705%0A/branches/qmmp-1.0:5596%0A/branches/qmmp-1.1:5819%2C5968%2C6043%2C6172%2C6233%2C6442%0A/branches/qmmp-1.2:6799%2C6945%2C6975%2C7173%2C7382%2C7520%0A/branches/qmmp-1.3:8706%2C8913%0A/branches/qmmp-2.0:9877%2C9946%2C9969%2C9972%2C9983%2C9990%2C9999%2C10001%2C10003%0A/branches/qmmp-2.1:10618%2C10729%2C10742%2C10744%2C10791%0A/trunk/qmmp:10639-10641%2C10684%2C10687%2C10695%2C10722%2C10756%2C10772%2C10787-10788%2C10794%2C10797%2C10805
r10811
  +dir_prop: branches/qmmp-1.6 svn:mergeinfo /branches/qmmp-0.10:7522%0A/branches/qmmp-0.11:7919%0A/branches/qmmp-0.12:7828%2C7918%2C8045%2C8073-8075%2C8668%2C8705%0A/branches/qmmp-1.0:5596%0A/branches/qmmp-1.1:5819%2C5968%2C6043%2C6172%2C6233%2C6442%0A/branches/qmmp-1.2:6799%2C6945%2C6975%2C7173%2C7382%2C7520%0A/branches/qmmp-1.3:8706%2C8913%0A/branches/qmmp-2.0:9877%2C9946%2C9969%2C9972%2C9983%2C9990%2C9999%2C10001%2C10003%0A/branches/qmmp-2.1:10618%2C10729%2C10742%2C10744%2C10791%0A/trunk/qmmp:10639-10641%2C10684%2C10687%2C10695%2C10722%2C10756%2C10772%2C10787-10788%2C10794%2C10797%2C10804-10805
r10813
  +dir_prop: branches/qmmp-1.6 svn:mergeinfo /branches/qmmp-0.10:7522%0A/branches/qmmp-0.11:7919%0A/branches/qmmp-0.12:7828%2C7918%2C8045%2C8073-8075%2C8668%2C8705%0A/branches/qmmp-1.0:5596%0A/branches/qmmp-1.1:5819%2C5968%2C6043%2C6172%2C6233%2C6442%0A/branches/qmmp-1.2:6799%2C6945%2C6975%2C7173%2C7382%2C7520%0A/branches/qmmp-1.3:8706%2C8913%0A/branches/qmmp-2.0:9877%2C9946%2C9969%2C9972%2C9983%2C9990%2C9999%2C10001%2C10003%0A/branches/qmmp-2.1:10618%2C10729%2C10742%2C10744%2C10791%2C10812%0A/trunk/qmmp:10639-10641%2C10684%2C10687%2C10695%2C10722%2C10756%2C10772%2C10787-10788%2C10794%2C10797%2C10804-10805
r10826
  +dir_prop: branches/qmmp-1.6 svn:mergeinfo /branches/qmmp-0.10:7522%0A/branches/qmmp-0.11:7919%0A/branches/qmmp-0.12:7828%2C7918%2C8045%2C8073-8075%2C8668%2C8705%0A/branches/qmmp-1.0:5596%0A/branches/qmmp-1.1:5819%2C5968%2C6043%2C6172%2C6233%2C6442%0A/branches/qmmp-1.2:6799%2C6945%2C6975%2C7173%2C7382%2C7520%0A/branches/qmmp-1.3:8706%2C8913%0A/branches/qmmp-2.0:9877%2C9946%2C9969%2C9972%2C9983%2C9990%2C9999%2C10001%2C10003%0A/branches/qmmp-2.1:10618%2C10729%2C10742%2C10744%2C10791%2C10812%0A/trunk/qmmp:10639-10641%2C10684%2C10687%2C10695%2C10722%2C10756%2C10772%2C10787-10788%2C10794%2C10797%2C10804-10805%2C10821%2C10824
r10828
  +dir_prop: branches/qmmp-1.6 svn:mergeinfo /branches/qmmp-0.10:7522%0A/branches/qmmp-0.11:7919%0A/branches/qmmp-0.12:7828%2C7918%2C8045%2C8073-8075%2C8668%2C8705%0A/branches/qmmp-1.0:5596%0A/branches/qmmp-1.1:5819%2C5968%2C6043%2C6172%2C6233%2C6442%0A/branches/qmmp-1.2:6799%2C6945%2C6975%2C7173%2C7382%2C7520%0A/branches/qmmp-1.3:8706%2C8913%0A/branches/qmmp-2.0:9877%2C9946%2C9969%2C9972%2C9983%2C9990%2C9999%2C10001%2C10003%0A/branches/qmmp-2.1:10618%2C10729%2C10742%2C10744%2C10791%2C10812%2C10827%0A/trunk/qmmp:10639-10641%2C10684%2C10687%2C10695%2C10722%2C10756%2C10772%2C10787-10788%2C10794%2C10797%2C10804-10805%2C10821%2C10824
r10830
r10840
r10848
  +dir_prop: branches/qmmp-1.6 svn:mergeinfo /branches/qmmp-0.10:7522%0A/branches/qmmp-0.11:7919%0A/branches/qmmp-0.12:7828%2C7918%2C8045%2C8073-8075%2C8668%2C8705%0A/branches/qmmp-1.0:5596%0A/branches/qmmp-1.1:5819%2C5968%2C6043%2C6172%2C6233%2C6442%0A/branches/qmmp-1.2:6799%2C6945%2C6975%2C7173%2C7382%2C7520%0A/branches/qmmp-1.3:8706%2C8913%0A/branches/qmmp-2.0:9877%2C9946%2C9969%2C9972%2C9983%2C9990%2C9999%2C10001%2C10003%0A/branches/qmmp-2.1:10618%2C10729%2C10742%2C10744%2C10791%2C10812%2C10827%0A/trunk/qmmp:10639-10641%2C10684%2C10687%2C10695%2C10722%2C10756%2C10772%2C10787-10788%2C10794%2C10797%2C10804-10805%2C10821%2C10824%2C10846
r10854
  +dir_prop: branches/qmmp-1.6 svn:mergeinfo /branches/qmmp-0.10:7522%0A/branches/qmmp-0.11:7919%0A/branches/qmmp-0.12:7828%2C7918%2C8045%2C8073-8075%2C8668%2C8705%0A/branches/qmmp-1.0:5596%0A/branches/qmmp-1.1:5819%2C5968%2C6043%2C6172%2C6233%2C6442%0A/branches/qmmp-1.2:6799%2C6945%2C6975%2C7173%2C7382%2C7520%0A/branches/qmmp-1.3:8706%2C8913%0A/branches/qmmp-2.0:9877%2C9946%2C9969%2C9972%2C9983%2C9990%2C9999%2C10001%2C10003%0A/branches/qmmp-2.1:10618%2C10729%2C10742%2C10744%2C10791%2C10812%2C10827%0A/trunk/qmmp:10639-10641%2C10684%2C10687%2C10695%2C10722%2C10756%2C10772%2C10787-10788%2C10794%2C10797%2C10804-10805%2C10821%2C10824%2C10846%2C10852
r10866
r10878
  +dir_prop: branches/qmmp-1.6 svn:mergeinfo /branches/qmmp-0.10:7522%0A/branches/qmmp-0.11:7919%0A/branches/qmmp-0.12:7828%2C7918%2C8045%2C8073-8075%2C8668%2C8705%0A/branches/qmmp-1.0:5596%0A/branches/qmmp-1.1:5819%2C5968%2C6043%2C6172%2C6233%2C6442%0A/branches/qmmp-1.2:6799%2C6945%2C6975%2C7173%2C7382%2C7520%0A/branches/qmmp-1.3:8706%2C8913%0A/branches/qmmp-2.0:9877%2C9946%2C9969%2C9972%2C9983%2C9990%2C9999%2C10001%2C10003%0A/branches/qmmp-2.1:10618%2C10729%2C10742%2C10744%2C10791%2C10812%2C10827%0A/trunk/qmmp:10639-10641%2C10684%2C10687%2C10695%2C10722%2C10756%2C10772%2C10787-10788%2C10794%2C10797%2C10804-10805%2C10821%2C10824%2C10846%2C10852%2C10876
r10883
  +dir_prop: branches/qmmp-1.6 svn:mergeinfo /branches/qmmp-0.10:7522%0A/branches/qmmp-0.11:7919%0A/branches/qmmp-0.12:7828%2C7918%2C8045%2C8073-8075%2C8668%2C8705%0A/branches/qmmp-1.0:5596%0A/branches/qmmp-1.1:5819%2C5968%2C6043%2C6172%2C6233%2C6442%0A/branches/qmmp-1.2:6799%2C6945%2C6975%2C7173%2C7382%2C7520%0A/branches/qmmp-1.3:8706%2C8913%0A/branches/qmmp-2.0:9877%2C9946%2C9969%2C9972%2C9983%2C9990%2C9999%2C10001%2C10003%0A/branches/qmmp-2.1:10618%2C10729%2C10742%2C10744%2C10791%2C10812%2C10827%2C10879%0A/trunk/qmmp:10639-10641%2C10684%2C10687%2C10695%2C10722%2C10756%2C10772%2C10787-10788%2C10794%2C10797%2C10804-10805%2C10821%2C10824%2C10846%2C10852%2C10876%2C10881
r10887
r10892
r10896
  -empty_dir: branches/qmmp-1.6/ChangeLog.svn
r10900
r10906
r10908
r10913
  +dir_prop: branches/qmmp-1.6 svn:mergeinfo /branches/qmmp-0.10:7522%0A/branches/qmmp-0.11:7919%0A/branches/qmmp-0.12:7828%2C7918%2C8045%2C8073-8075%2C8668%2C8705%0A/branches/qmmp-1.0:5596%0A/branches/qmmp-1.1:5819%2C5968%2C6043%2C6172%2C6233%2C6442%0A/branches/qmmp-1.2:6799%2C6945%2C6975%2C7173%2C7382%2C7520%0A/branches/qmmp-1.3:8706%2C8913%0A/branches/qmmp-2.0:9877%2C9946%2C9969%2C9972%2C9983%2C9990%2C9999%2C10001%2C10003%0A/branches/qmmp-2.1:10618%2C10729%2C10742%2C10744%2C10791%2C10812%2C10827%2C10879%0A/trunk/qmmp:10639-10641%2C10684%2C10687%2C10695%2C10722%2C10756%2C10772%2C10787-10788%2C10794%2C10797%2C10804-10805%2C10821%2C10824%2C10846%2C10852%2C10876%2C10881%2C10911
r10920
  +dir_prop: branches/qmmp-1.6 svn:mergeinfo /branches/qmmp-0.10:7522%0A/branches/qmmp-0.11:7919%0A/branches/qmmp-0.12:7828%2C7918%2C8045%2C8073-8075%2C8668%2C8705%0A/branches/qmmp-1.0:5596%0A/branches/qmmp-1.1:5819%2C5968%2C6043%2C6172%2C6233%2C6442%0A/branches/qmmp-1.2:6799%2C6945%2C6975%2C7173%2C7382%2C7520%0A/branches/qmmp-1.3:8706%2C8913%0A/branches/qmmp-2.0:9877%2C9946%2C9969%2C9972%2C9983%2C9990%2C9999%2C10001%2C10003%0A/branches/qmmp-2.1:10618%2C10729%2C10742%2C10744%2C10791%2C10812%2C10827%2C10879%0A/trunk/qmmp:10639-10641%2C10684%2C10687%2C10695%2C10722%2C10756%2C10772%2C10787-10788%2C10794%2C10797%2C10804-10805%2C10821%2C10824%2C10846%2C10852%2C10876%2C10881%2C10911%2C10918
r10931
  +dir_prop: branches/qmmp-1.6 svn:mergeinfo /branches/qmmp-0.10:7522%0A/branches/qmmp-0.11:7919%0A/branches/qmmp-0.12:7828%2C7918%2C8045%2C8073-8075%2C8668%2C8705%0A/branches/qmmp-1.0:5596%0A/branches/qmmp-1.1:5819%2C5968%2C6043%2C6172%2C6233%2C6442%0A/branches/qmmp-1.2:6799%2C6945%2C6975%2C7173%2C7382%2C7520%0A/branches/qmmp-1.3:8706%2C8913%0A/branches/qmmp-2.0:9877%2C9946%2C9969%2C9972%2C9983%2C9990%2C9999%2C10001%2C10003%0A/branches/qmmp-2.1:10618%2C10729%2C10742%2C10744%2C10791%2C10812%2C10827%2C10879%0A/trunk/qmmp:10639-10641%2C10684%2C10687%2C10695%2C10722%2C10756%2C10772%2C10787-10788%2C10794%2C10797%2C10804-10805%2C10821%2C10824%2C10846%2C10852%2C10876%2C10881%2C10911%2C10918%2C10929
r10933
r10943
r10944
r10953
  +dir_prop: branches/qmmp-1.6 svn:mergeinfo /branches/qmmp-0.10:7522%0A/branches/qmmp-0.11:7919%0A/branches/qmmp-0.12:7828%2C7918%2C8045%2C8073-8075%2C8668%2C8705%0A/branches/qmmp-1.0:5596%0A/branches/qmmp-1.1:5819%2C5968%2C6043%2C6172%2C6233%2C6442%0A/branches/qmmp-1.2:6799%2C6945%2C6975%2C7173%2C7382%2C7520%0A/branches/qmmp-1.3:8706%2C8913%0A/branches/qmmp-2.0:9877%2C9946%2C9969%2C9972%2C9983%2C9990%2C9999%2C10001%2C10003%0A/branches/qmmp-2.1:10618%2C10729%2C10742%2C10744%2C10791%2C10812%2C10827%2C10879%0A/trunk/qmmp:10639-10641%2C10684%2C10687%2C10695%2C10722%2C10756%2C10772%2C10787-10788%2C10794%2C10797%2C10804-10805%2C10821%2C10824%2C10846%2C10852%2C10876%2C10881%2C10911%2C10918%2C10929%2C10951
r10959
r10966
r10970
r10995
r10996
r11003
  +dir_prop: branches/qmmp-1.6 svn:mergeinfo /branches/qmmp-0.10:7522%0A/branches/qmmp-0.11:7919%0A/branches/qmmp-0.12:7828%2C7918%2C8045%2C8073-8075%2C8668%2C8705%0A/branches/qmmp-1.0:5596%0A/branches/qmmp-1.1:5819%2C5968%2C6043%2C6172%2C6233%2C6442%0A/branches/qmmp-1.2:6799%2C6945%2C6975%2C7173%2C7382%2C7520%0A/branches/qmmp-1.3:8706%2C8913%0A/branches/qmmp-2.0:9877%2C9946%2C9969%2C9972%2C9983%2C9990%2C9999%2C10001%2C10003%0A/branches/qmmp-2.1:10618%2C10729%2C10742%2C10744%2C10791%2C10812%2C10827%2C10879%2C10997%0A/trunk/qmmp:10639-10641%2C10684%2C10687%2C10695%2C10722%2C10756%2C10772%2C10787-10788%2C10794%2C10797%2C10804-10805%2C10821%2C10824%2C10846%2C10852%2C10876%2C10881%2C10911%2C10918%2C10929%2C10951
r11006
r11025
  +dir_prop: branches/qmmp-1.6 svn:mergeinfo /branches/qmmp-0.10:7522%0A/branches/qmmp-0.11:7919%0A/branches/qmmp-0.12:7828%2C7918%2C8045%2C8073-8075%2C8668%2C8705%0A/branches/qmmp-1.0:5596%0A/branches/qmmp-1.1:5819%2C5968%2C6043%2C6172%2C6233%2C6442%0A/branches/qmmp-1.2:6799%2C6945%2C6975%2C7173%2C7382%2C7520%0A/branches/qmmp-1.3:8706%2C8913%0A/branches/qmmp-2.0:9877%2C9946%2C9969%2C9972%2C9983%2C9990%2C9999%2C10001%2C10003%0A/branches/qmmp-2.1:10618%2C10729%2C10742%2C10744%2C10791%2C10812%2C10827%2C10879%2C10997%0A/trunk/qmmp:10639-10641%2C10684%2C10687%2C10695%2C10722%2C10756%2C10772%2C10787-10788%2C10794%2C10797%2C10804-10805%2C10821%2C10824%2C10846%2C10852%2C10876%2C10881%2C10911%2C10918%2C10929%2C10951%2C11023
r11028
  +dir_prop: branches/qmmp-1.6 svn:mergeinfo /branches/qmmp-0.10:7522%0A/branches/qmmp-0.11:7919%0A/branches/qmmp-0.12:7828%2C7918%2C8045%2C8073-8075%2C8668%2C8705%0A/branches/qmmp-1.0:5596%0A/branches/qmmp-1.1:5819%2C5968%2C6043%2C6172%2C6233%2C6442%0A/branches/qmmp-1.2:6799%2C6945%2C6975%2C7173%2C7382%2C7520%0A/branches/qmmp-1.3:8706%2C8913%0A/branches/qmmp-2.0:9877%2C9946%2C9969%2C9972%2C9983%2C9990%2C9999%2C10001%2C10003%0A/branches/qmmp-2.1:10618%2C10729%2C10742%2C10744%2C10791%2C10812%2C10827%2C10879%2C10997%0A/trunk/qmmp:10639-10641%2C10684%2C10687%2C10695%2C10722%2C10756%2C10772%2C10787-10788%2C10794%2C10797%2C10804-10805%2C10821%2C10824%2C10846%2C10852%2C10876%2C10881%2C10911%2C10918%2C10929%2C10951%2C11023%2C11026
r11042
r11043
r11044
r11045
r11048
r11053
r11058
r11064
  +dir_prop: branches/qmmp-1.6 svn:mergeinfo /branches/qmmp-0.10:7522%0A/branches/qmmp-0.11:7919%0A/branches/qmmp-0.12:7828%2C7918%2C8045%2C8073-8075%2C8668%2C8705%0A/branches/qmmp-1.0:5596%0A/branches/qmmp-1.1:5819%2C5968%2C6043%2C6172%2C6233%2C6442%0A/branches/qmmp-1.2:6799%2C6945%2C6975%2C7173%2C7382%2C7520%0A/branches/qmmp-1.3:8706%2C8913%0A/branches/qmmp-2.0:9877%2C9946%2C9969%2C9972%2C9983%2C9990%2C9999%2C10001%2C10003%0A/branches/qmmp-2.1:10618%2C10729%2C10742%2C10744%2C10791%2C10812%2C10827%2C10879%2C10997%0A/trunk/qmmp:10639-10641%2C10684%2C10687%2C10695%2C10722%2C10756%2C10772%2C10787-10788%2C10794%2C10797%2C10804-10805%2C10821%2C10824%2C10846%2C10852%2C10876%2C10881%2C10911%2C10918%2C10929%2C10951%2C11023%2C11026%2C11062
r11073
  +dir_prop: branches/qmmp-1.6 svn:mergeinfo /branches/qmmp-0.10:7522%0A/branches/qmmp-0.11:7919%0A/branches/qmmp-0.12:7828%2C7918%2C8045%2C8073-8075%2C8668%2C8705%0A/branches/qmmp-1.0:5596%0A/branches/qmmp-1.1:5819%2C5968%2C6043%2C6172%2C6233%2C6442%0A/branches/qmmp-1.2:6799%2C6945%2C6975%2C7173%2C7382%2C7520%0A/branches/qmmp-1.3:8706%2C8913%0A/branches/qmmp-2.0:9877%2C9946%2C9969%2C9972%2C9983%2C9990%2C9999%2C10001%2C10003%0A/branches/qmmp-2.1:10618%2C10729%2C10742%2C10744%2C10791%2C10812%2C10827%2C10879%2C10997%0A/trunk/qmmp:10639-10641%2C10684%2C10687%2C10695%2C10722%2C10756%2C10772%2C10787-10788%2C10794%2C10797%2C10804-10805%2C10821%2C10824%2C10846%2C10852%2C10876%2C10881%2C10911%2C10918%2C10929%2C10951%2C11023%2C11026%2C11062%2C11071
r11075
  +dir_prop: branches/qmmp-1.6 svn:mergeinfo /branches/qmmp-0.10:7522%0A/branches/qmmp-0.11:7919%0A/branches/qmmp-0.12:7828%2C7918%2C8045%2C8073-8075%2C8668%2C8705%0A/branches/qmmp-1.0:5596%0A/branches/qmmp-1.1:5819%2C5968%2C6043%2C6172%2C6233%2C6442%0A/branches/qmmp-1.2:6799%2C6945%2C6975%2C7173%2C7382%2C7520%0A/branches/qmmp-1.3:8706%2C8913%0A/branches/qmmp-2.0:9877%2C9946%2C9969%2C9972%2C9983%2C9990%2C9999%2C10001%2C10003%0A/branches/qmmp-2.1:10618%2C10729%2C10742%2C10744%2C10791%2C10812%2C10827%2C10879%2C10997%2C11074%0A/trunk/qmmp:10639-10641%2C10684%2C10687%2C10695%2C10722%2C10756%2C10772%2C10787-10788%2C10794%2C10797%2C10804-10805%2C10821%2C10824%2C10846%2C10852%2C10876%2C10881%2C10911%2C10918%2C10929%2C10951%2C11023%2C11026%2C11062%2C11071
r11077
r11079
r11085
r11098
  +dir_prop: branches/qmmp-1.6 svn:mergeinfo /branches/qmmp-0.10:7522%0A/branches/qmmp-0.11:7919%0A/branches/qmmp-0.12:7828%2C7918%2C8045%2C8073-8075%2C8668%2C8705%0A/branches/qmmp-1.0:5596%0A/branches/qmmp-1.1:5819%2C5968%2C6043%2C6172%2C6233%2C6442%0A/branches/qmmp-1.2:6799%2C6945%2C6975%2C7173%2C7382%2C7520%0A/branches/qmmp-1.3:8706%2C8913%0A/branches/qmmp-2.0:9877%2C9946%2C9969%2C9972%2C9983%2C9990%2C9999%2C10001%2C10003%0A/branches/qmmp-2.1:10618%2C10729%2C10742%2C10744%2C10791%2C10812%2C10827%2C10879%2C10997%2C11074%0A/trunk/qmmp:10639-10641%2C10684%2C10687%2C10695%2C10722%2C10756%2C10772%2C10787-10788%2C10794%2C10797%2C10804-10805%2C10821%2C10824%2C10846%2C10852%2C10876%2C10881%2C10911%2C10918%2C10929%2C10951%2C11023%2C11026%2C11062%2C11071%2C11096
  +dir_prop: branches/qmmp-1.6/src/plugins/Ui/qsui svn:mergeinfo /branches/qmmp-0.12/src/plugins/Ui/qsui:8073-8075%0A/branches/qmmp-1.1/src/plugins/Ui/qsui:6172%0A/branches/qmmp-1.2/src/plugins/Ui/qsui:7382%0A/trunk/qmmp/src/plugins/Ui/qsui:11096%0A/trunk/qmmp/src/plugins/Ui/skinned:5223%2C6018-6019%2C6022
r11102
  +dir_prop: branches/qmmp-1.6 svn:mergeinfo /branches/qmmp-0.10:7522%0A/branches/qmmp-0.11:7919%0A/branches/qmmp-0.12:7828%2C7918%2C8045%2C8073-8075%2C8668%2C8705%0A/branches/qmmp-1.0:5596%0A/branches/qmmp-1.1:5819%2C5968%2C6043%2C6172%2C6233%2C6442%0A/branches/qmmp-1.2:6799%2C6945%2C6975%2C7173%2C7382%2C7520%0A/branches/qmmp-1.3:8706%2C8913%0A/branches/qmmp-2.0:9877%2C9946%2C9969%2C9972%2C9983%2C9990%2C9999%2C10001%2C10003%0A/branches/qmmp-2.1:10618%2C10729%2C10742%2C10744%2C10791%2C10812%2C10827%2C10879%2C10997%2C11074%0A/trunk/qmmp:10639-10641%2C10684%2C10687%2C10695%2C10722%2C10756%2C10772%2C10787-10788%2C10794%2C10797%2C10804-10805%2C10821%2C10824%2C10846%2C10852%2C10876%2C10881%2C10911%2C10918%2C10929%2C10951%2C11023%2C11026%2C11062%2C11071%2C11096%2C11100
r11107
  +dir_prop: branches/qmmp-1.6 svn:mergeinfo /branches/qmmp-0.10:7522%0A/branches/qmmp-0.11:7919%0A/branches/qmmp-0.12:7828%2C7918%2C8045%2C8073-8075%2C8668%2C8705%0A/branches/qmmp-1.0:5596%0A/branches/qmmp-1.1:5819%2C5968%2C6043%2C6172%2C6233%2C6442%0A/branches/qmmp-1.2:6799%2C6945%2C6975%2C7173%2C7382%2C7520%0A/branches/qmmp-1.3:8706%2C8913%0A/branches/qmmp-2.0:9877%2C9946%2C9969%2C9972%2C9983%2C9990%2C9999%2C10001%2C10003%0A/branches/qmmp-2.1:10618%2C10729%2C10742%2C10744%2C10791%2C10812%2C10827%2C10879%2C10997%2C11074%0A/trunk/qmmp:10639-10641%2C10684%2C10687%2C10695%2C10722%2C10756%2C10772%2C10787-10788%2C10794%2C10797%2C10804-10805%2C10821%2C10824%2C10846%2C10852%2C10876%2C10881%2C10911%2C10918%2C10929%2C10951%2C11023%2C11026%2C11062%2C11071%2C11096%2C11100%2C11105
r11111
  +dir_prop: branches/qmmp-1.6 svn:mergeinfo /branches/qmmp-0.10:7522%0A/branches/qmmp-0.11:7919%0A/branches/qmmp-0.12:7828%2C7918%2C8045%2C8073-8075%2C8668%2C8705%0A/branches/qmmp-1.0:5596%0A/branches/qmmp-1.1:5819%2C5968%2C6043%2C6172%2C6233%2C6442%0A/branches/qmmp-1.2:6799%2C6945%2C6975%2C7173%2C7382%2C7520%0A/branches/qmmp-1.3:8706%2C8913%0A/branches/qmmp-2.0:9877%2C9946%2C9969%2C9972%2C9983%2C9990%2C9999%2C10001%2C10003%0A/branches/qmmp-2.1:10618%2C10729%2C10742%2C10744%2C10791%2C10812%2C10827%2C10879%2C10997%2C11074%0A/trunk/qmmp:10639-10641%2C10684%2C10687%2C10695%2C10722%2C10756%2C10772%2C10787-10788%2C10794%2C10797%2C10804-10805%2C10821%2C10824%2C10846%2C10852%2C10876%2C10881%2C10911%2C10918%2C10929%2C10951%2C11023%2C11026%2C11062%2C11071%2C11096%2C11100%2C11105%2C11108
r11116
  +dir_prop: branches/qmmp-1.6 svn:mergeinfo /branches/qmmp-0.10:7522%0A/branches/qmmp-0.11:7919%0A/branches/qmmp-0.12:7828%2C7918%2C8045%2C8073-8075%2C8668%2C8705%0A/branches/qmmp-1.0:5596%0A/branches/qmmp-1.1:5819%2C5968%2C6043%2C6172%2C6233%2C6442%0A/branches/qmmp-1.2:6799%2C6945%2C6975%2C7173%2C7382%2C7520%0A/branches/qmmp-1.3:8706%2C8913%0A/branches/qmmp-2.0:9877%2C9946%2C9969%2C9972%2C9983%2C9990%2C9999%2C10001%2C10003%0A/branches/qmmp-2.1:10618%2C10729%2C10742%2C10744%2C10791%2C10812%2C10827%2C10879%2C10997%2C11074%0A/trunk/qmmp:10639-10641%2C10684%2C10687%2C10695%2C10722%2C10756%2C10772%2C10787-10788%2C10794%2C10797%2C10804-10805%2C10821%2C10824%2C10846%2C10852%2C10876%2C10881%2C10911%2C10918%2C10929%2C10951%2C11023%2C11026%2C11062%2C11071%2C11096%2C11100%2C11105%2C11108%2C11114
  +dir_prop: branches/qmmp-1.6/src/plugins/Ui/qsui svn:mergeinfo /branches/qmmp-0.12/src/plugins/Ui/qsui:8073-8075%0A/branches/qmmp-1.1/src/plugins/Ui/qsui:6172%0A/branches/qmmp-1.2/src/plugins/Ui/qsui:7382%0A/trunk/qmmp/src/plugins/Ui/qsui:11096%2C11114%0A/trunk/qmmp/src/plugins/Ui/skinned:5223%2C6018-6019%2C6022
r11117
r11137
  +dir_prop: branches/qmmp-1.6 svn:mergeinfo /branches/qmmp-0.10:7522%0A/branches/qmmp-0.11:7919%0A/branches/qmmp-0.12:7828%2C7918%2C8045%2C8073-8075%2C8668%2C8705%0A/branches/qmmp-1.0:5596%0A/branches/qmmp-1.1:5819%2C5968%2C6043%2C6172%2C6233%2C6442%0A/branches/qmmp-1.2:6799%2C6945%2C6975%2C7173%2C7382%2C7520%0A/branches/qmmp-1.3:8706%2C8913%0A/branches/qmmp-2.0:9877%2C9946%2C9969%2C9972%2C9983%2C9990%2C9999%2C10001%2C10003%0A/branches/qmmp-2.1:10618%2C10729%2C10742%2C10744%2C10791%2C10812%2C10827%2C10879%2C10997%2C11074%0A/trunk/qmmp:10639-10641%2C10684%2C10687%2C10695%2C10722%2C10756%2C10772%2C10787-10788%2C10794%2C10797%2C10804-10805%2C10821%2C10824%2C10846%2C10852%2C10876%2C10881%2C10911%2C10918%2C10929%2C10951%2C11023%2C11026%2C11062%2C11071%2C11096%2C11100%2C11105%2C11108%2C11114%2C11135
  +dir_prop: branches/qmmp-1.6/src/plugins/Ui/qsui svn:mergeinfo /branches/qmmp-0.12/src/plugins/Ui/qsui:8073-8075%0A/branches/qmmp-1.1/src/plugins/Ui/qsui:6172%0A/branches/qmmp-1.2/src/plugins/Ui/qsui:7382%0A/trunk/qmmp/src/plugins/Ui/qsui:11096%2C11114%2C11135%0A/trunk/qmmp/src/plugins/Ui/skinned:5223%2C6018-6019%2C6022
r11140
r11141
r11149
r11162
  +dir_prop: branches/qmmp-1.6 svn:mergeinfo /branches/qmmp-0.10:7522%0A/branches/qmmp-0.11:7919%0A/branches/qmmp-0.12:7828%2C7918%2C8045%2C8073-8075%2C8668%2C8705%0A/branches/qmmp-1.0:5596%0A/branches/qmmp-1.1:5819%2C5968%2C6043%2C6172%2C6233%2C6442%0A/branches/qmmp-1.2:6799%2C6945%2C6975%2C7173%2C7382%2C7520%0A/branches/qmmp-1.3:8706%2C8913%0A/branches/qmmp-2.0:9877%2C9946%2C9969%2C9972%2C9983%2C9990%2C9999%2C10001%2C10003%0A/branches/qmmp-2.1:10618%2C10729%2C10742%2C10744%2C10791%2C10812%2C10827%2C10879%2C10997%2C11074%0A/trunk/qmmp:10639-10641%2C10684%2C10687%2C10695%2C10722%2C10756%2C10772%2C10787-10788%2C10794%2C10797%2C10804-10805%2C10821%2C10824%2C10846%2C10852%2C10876%2C10881%2C10911%2C10918%2C10929%2C10951%2C11023%2C11026%2C11062%2C11071%2C11096%2C11100%2C11105%2C11108%2C11114%2C11135%2C11160
r11165
r11166
r11172
  +dir_prop: branches/qmmp-1.6 svn:mergeinfo /branches/qmmp-0.10:7522%0A/branches/qmmp-0.11:7919%0A/branches/qmmp-0.12:7828%2C7918%2C8045%2C8073-8075%2C8668%2C8705%0A/branches/qmmp-1.0:5596%0A/branches/qmmp-1.1:5819%2C5968%2C6043%2C6172%2C6233%2C6442%0A/branches/qmmp-1.2:6799%2C6945%2C6975%2C7173%2C7382%2C7520%0A/branches/qmmp-1.3:8706%2C8913%0A/branches/qmmp-2.0:9877%2C9946%2C9969%2C9972%2C9983%2C9990%2C9999%2C10001%2C10003%0A/branches/qmmp-2.1:10618%2C10729%2C10742%2C10744%2C10791%2C10812%2C10827%2C10879%2C10997%2C11074%2C11171%0A/trunk/qmmp:10639-10641%2C10684%2C10687%2C10695%2C10722%2C10756%2C10772%2C10787-10788%2C10794%2C10797%2C10804-10805%2C10821%2C10824%2C10846%2C10852%2C10876%2C10881%2C10911%2C10918%2C10929%2C10951%2C11023%2C11026%2C11062%2C11071%2C11096%2C11100%2C11105%2C11108%2C11114%2C11135%2C11160
r11174
r11177
  +dir_prop: branches/qmmp-1.6 svn:mergeinfo /branches/qmmp-0.10:7522%0A/branches/qmmp-0.11:7919%0A/branches/qmmp-0.12:7828%2C7918%2C8045%2C8073-8075%2C8668%2C8705%0A/branches/qmmp-1.0:5596%0A/branches/qmmp-1.1:5819%2C5968%2C6043%2C6172%2C6233%2C6442%0A/branches/qmmp-1.2:6799%2C6945%2C6975%2C7173%2C7382%2C7520%0A/branches/qmmp-1.3:8706%2C8913%0A/branches/qmmp-2.0:9877%2C9946%2C9969%2C9972%2C9983%2C9990%2C9999%2C10001%2C10003%0A/branches/qmmp-2.1:10618%2C10729%2C10742%2C10744%2C10791%2C10812%2C10827%2C10879%2C10997%2C11074%2C11171%0A/trunk/qmmp:10639-10641%2C10684%2C10687%2C10695%2C10722%2C10756%2C10772%2C10787-10788%2C10794%2C10797%2C10804-10805%2C10821%2C10824%2C10846%2C10852%2C10876%2C10881%2C10911%2C10918%2C10929%2C10951%2C11023%2C11026%2C11062%2C11071%2C11096%2C11100%2C11105%2C11108%2C11114%2C11135%2C11160%2C11175
  +dir_prop: branches/qmmp-1.6/src/plugins/Ui/qsui svn:mergeinfo /branches/qmmp-0.12/src/plugins/Ui/qsui:8073-8075%0A/branches/qmmp-1.1/src/plugins/Ui/qsui:6172%0A/branches/qmmp-1.2/src/plugins/Ui/qsui:7382%0A/trunk/qmmp/src/plugins/Ui/qsui:11096%2C11114%2C11135%2C11175%0A/trunk/qmmp/src/plugins/Ui/skinned:5223%2C6018-6019%2C6022
r11180
  +dir_prop: branches/qmmp-1.6 svn:mergeinfo /branches/qmmp-0.10:7522%0A/branches/qmmp-0.11:7919%0A/branches/qmmp-0.12:7828%2C7918%2C8045%2C8073-8075%2C8668%2C8705%0A/branches/qmmp-1.0:5596%0A/branches/qmmp-1.1:5819%2C5968%2C6043%2C6172%2C6233%2C6442%0A/branches/qmmp-1.2:6799%2C6945%2C6975%2C7173%2C7382%2C7520%0A/branches/qmmp-1.3:8706%2C8913%0A/branches/qmmp-2.0:9877%2C9946%2C9969%2C9972%2C9983%2C9990%2C9999%2C10001%2C10003%0A/branches/qmmp-2.1:10618%2C10729%2C10742%2C10744%2C10791%2C10812%2C10827%2C10879%2C10997%2C11074%2C11171%0A/trunk/qmmp:10639-10641%2C10684%2C10687%2C10695%2C10722%2C10756%2C10772%2C10787-10788%2C10794%2C10797%2C10804-10805%2C10821%2C10824%2C10846%2C10852%2C10876%2C10881%2C10911%2C10918%2C10929%2C10951%2C11023%2C11026%2C11062%2C11071%2C11096%2C11100%2C11105%2C11108%2C11114%2C11135%2C11160%2C11175%2C11178
  +dir_prop: branches/qmmp-1.6/src/plugins/Ui/qsui svn:mergeinfo /branches/qmmp-0.12/src/plugins/Ui/qsui:8073-8075%0A/branches/qmmp-1.1/src/plugins/Ui/qsui:6172%0A/branches/qmmp-1.2/src/plugins/Ui/qsui:7382%0A/trunk/qmmp/src/plugins/Ui/qsui:11096%2C11114%2C11135%2C11175%2C11178%0A/trunk/qmmp/src/plugins/Ui/skinned:5223%2C6018-6019%2C6022
r11182
  +dir_prop: branches/qmmp-1.6 svn:mergeinfo /branches/qmmp-0.10:7522%0A/branches/qmmp-0.11:7919%0A/branches/qmmp-0.12:7828%2C7918%2C8045%2C8073-8075%2C8668%2C8705%0A/branches/qmmp-1.0:5596%0A/branches/qmmp-1.1:5819%2C5968%2C6043%2C6172%2C6233%2C6442%0A/branches/qmmp-1.2:6799%2C6945%2C6975%2C7173%2C7382%2C7520%0A/branches/qmmp-1.3:8706%2C8913%0A/branches/qmmp-2.0:9877%2C9946%2C9969%2C9972%2C9983%2C9990%2C9999%2C10001%2C10003%0A/branches/qmmp-2.1:10618%2C10729%2C10742%2C10744%2C10791%2C10812%2C10827%2C10879%2C10997%2C11074%2C11171%2C11181%0A/trunk/qmmp:10639-10641%2C10684%2C10687%2C10695%2C10722%2C10756%2C10772%2C10787-10788%2C10794%2C10797%2C10804-10805%2C10821%2C10824%2C10846%2C10852%2C10876%2C10881%2C10911%2C10918%2C10929%2C10951%2C11023%2C11026%2C11062%2C11071%2C11096%2C11100%2C11105%2C11108%2C11114%2C11135%2C11160%2C11175%2C11178
r11187
r11215
  +dir_prop: branches/qmmp-1.6 svn:mergeinfo /branches/qmmp-0.10:7522%0A/branches/qmmp-0.11:7919%0A/branches/qmmp-0.12:7828%2C7918%2C8045%2C8073-8075%2C8668%2C8705%0A/branches/qmmp-1.0:5596%0A/branches/qmmp-1.1:5819%2C5968%2C6043%2C6172%2C6233%2C6442%0A/branches/qmmp-1.2:6799%2C6945%2C6975%2C7173%2C7382%2C7520%0A/branches/qmmp-1.3:8706%2C8913%0A/branches/qmmp-2.0:9877%2C9946%2C9969%2C9972%2C9983%2C9990%2C9999%2C10001%2C10003%0A/branches/qmmp-2.1:10618%2C10729%2C10742%2C10744%2C10791%2C10812%2C10827%2C10879%2C10997%2C11074%2C11171%2C11181%0A/trunk/qmmp:10639-10641%2C10684%2C10687%2C10695%2C10722%2C10756%2C10772%2C10787-10788%2C10794%2C10797%2C10804-10805%2C10821%2C10824%2C10846%2C10852%2C10876%2C10881%2C10911%2C10918%2C10929%2C10951%2C11023%2C11026%2C11062%2C11071%2C11096%2C11100%2C11105%2C11108%2C11114%2C11135%2C11160%2C11175%2C11178%2C11212
r11228
  +dir_prop: branches/qmmp-1.6 svn:mergeinfo /branches/qmmp-0.10:7522%0A/branches/qmmp-0.11:7919%0A/branches/qmmp-0.12:7828%2C7918%2C8045%2C8073-8075%2C8668%2C8705%0A/branches/qmmp-1.0:5596%0A/branches/qmmp-1.1:5819%2C5968%2C6043%2C6172%2C6233%2C6442%0A/branches/qmmp-1.2:6799%2C6945%2C6975%2C7173%2C7382%2C7520%0A/branches/qmmp-1.3:8706%2C8913%0A/branches/qmmp-2.0:9877%2C9946%2C9969%2C9972%2C9983%2C9990%2C9999%2C10001%2C10003%0A/branches/qmmp-2.1:10618%2C10729%2C10742%2C10744%2C10791%2C10812%2C10827%2C10879%2C10997%2C11074%2C11171%2C11181%0A/trunk/qmmp:10639-10641%2C10684%2C10687%2C10695%2C10722%2C10756%2C10772%2C10787-10788%2C10794%2C10797%2C10804-10805%2C10821%2C10824%2C10846%2C10852%2C10876%2C10881%2C10911%2C10918%2C10929%2C10951%2C11023%2C11026%2C11062%2C11071%2C11096%2C11100%2C11105%2C11108%2C11114%2C11135%2C11160%2C11175%2C11178%2C11212%2C11226
  +dir_prop: branches/qmmp-1.6/src/plugins/Ui/qsui svn:mergeinfo /branches/qmmp-0.12/src/plugins/Ui/qsui:8073-8075%0A/branches/qmmp-1.1/src/plugins/Ui/qsui:6172%0A/branches/qmmp-1.2/src/plugins/Ui/qsui:7382%0A/trunk/qmmp/src/plugins/Ui/qsui:11096%2C11114%2C11135%2C11175%2C11178%2C11226%0A/trunk/qmmp/src/plugins/Ui/skinned:5223%2C6018-6019%2C6022
r11248
  +dir_prop: branches/qmmp-1.6 svn:mergeinfo /branches/qmmp-0.10:7522%0A/branches/qmmp-0.11:7919%0A/branches/qmmp-0.12:7828%2C7918%2C8045%2C8073-8075%2C8668%2C8705%0A/branches/qmmp-1.0:5596%0A/branches/qmmp-1.1:5819%2C5968%2C6043%2C6172%2C6233%2C6442%0A/branches/qmmp-1.2:6799%2C6945%2C6975%2C7173%2C7382%2C7520%0A/branches/qmmp-1.3:8706%2C8913%0A/branches/qmmp-2.0:9877%2C9946%2C9969%2C9972%2C9983%2C9990%2C9999%2C10001%2C10003%0A/branches/qmmp-2.1:10618%2C10729%2C10742%2C10744%2C10791%2C10812%2C10827%2C10879%2C10997%2C11074%2C11171%2C11181%0A/trunk/qmmp:10639-10641%2C10684%2C10687%2C10695%2C10722%2C10756%2C10772%2C10787-10788%2C10794%2C10797%2C10804-10805%2C10821%2C10824%2C10846%2C10852%2C10876%2C10881%2C10911%2C10918%2C10929%2C10951%2C11023%2C11026%2C11062%2C11071%2C11096%2C11100%2C11105%2C11108%2C11114%2C11135%2C11160%2C11175%2C11178%2C11212%2C11226%2C11246
r11257
  +dir_prop: branches/qmmp-1.6 svn:mergeinfo /branches/qmmp-0.10:7522%0A/branches/qmmp-0.11:7919%0A/branches/qmmp-0.12:7828%2C7918%2C8045%2C8073-8075%2C8668%2C8705%0A/branches/qmmp-1.0:5596%0A/branches/qmmp-1.1:5819%2C5968%2C6043%2C6172%2C6233%2C6442%0A/branches/qmmp-1.2:6799%2C6945%2C6975%2C7173%2C7382%2C7520%0A/branches/qmmp-1.3:8706%2C8913%0A/branches/qmmp-2.0:9877%2C9946%2C9969%2C9972%2C9983%2C9990%2C9999%2C10001%2C10003%0A/branches/qmmp-2.1:10618%2C10729%2C10742%2C10744%2C10791%2C10812%2C10827%2C10879%2C10997%2C11074%2C11171%2C11181%0A/trunk/qmmp:10639-10641%2C10684%2C10687%2C10695%2C10722%2C10756%2C10772%2C10787-10788%2C10794%2C10797%2C10804-10805%2C10821%2C10824%2C10846%2C10852%2C10876%2C10881%2C10911%2C10918%2C10929%2C10951%2C11023%2C11026%2C11062%2C11071%2C11096%2C11100%2C11105%2C11108%2C11114%2C11135%2C11160%2C11175%2C11178%2C11212%2C11226%2C11246%2C11255
r11271
  +dir_prop: branches/qmmp-1.6 svn:mergeinfo /branches/qmmp-0.10:7522%0A/branches/qmmp-0.11:7919%0A/branches/qmmp-0.12:7828%2C7918%2C8045%2C8073-8075%2C8668%2C8705%0A/branches/qmmp-1.0:5596%0A/branches/qmmp-1.1:5819%2C5968%2C6043%2C6172%2C6233%2C6442%0A/branches/qmmp-1.2:6799%2C6945%2C6975%2C7173%2C7382%2C7520%0A/branches/qmmp-1.3:8706%2C8913%0A/branches/qmmp-2.0:9877%2C9946%2C9969%2C9972%2C9983%2C9990%2C9999%2C10001%2C10003%0A/branches/qmmp-2.1:10618%2C10729%2C10742%2C10744%2C10791%2C10812%2C10827%2C10879%2C10997%2C11074%2C11171%2C11181%2C11269%0A/trunk/qmmp:10639-10641%2C10684%2C10687%2C10695%2C10722%2C10756%2C10772%2C10787-10788%2C10794%2C10797%2C10804-10805%2C10821%2C10824%2C10846%2C10852%2C10876%2C10881%2C10911%2C10918%2C10929%2C10951%2C11023%2C11026%2C11062%2C11071%2C11096%2C11100%2C11105%2C11108%2C11114%2C11135%2C11160%2C11175%2C11178%2C11212%2C11226%2C11246%2C11255%2C11261-11264%2C11268
r11272
r11274
r11275
r11276
r11278
r11290
r11291
r11296
  +dir_prop: branches/qmmp-1.6 svn:mergeinfo /branches/qmmp-0.10:7522%0A/branches/qmmp-0.11:7919%0A/branches/qmmp-0.12:7828%2C7918%2C8045%2C8073-8075%2C8668%2C8705%0A/branches/qmmp-1.0:5596%0A/branches/qmmp-1.1:5819%2C5968%2C6043%2C6172%2C6233%2C6442%0A/branches/qmmp-1.2:6799%2C6945%2C6975%2C7173%2C7382%2C7520%0A/branches/qmmp-1.3:8706%2C8913%0A/branches/qmmp-2.0:9877%2C9946%2C9969%2C9972%2C9983%2C9990%2C9999%2C10001%2C10003%0A/branches/qmmp-2.1:10618%2C10729%2C10742%2C10744%2C10791%2C10812%2C10827%2C10879%2C10997%2C11074%2C11171%2C11181%2C11269%2C11295%0A/trunk/qmmp:10639-10641%2C10684%2C10687%2C10695%2C10722%2C10756%2C10772%2C10787-10788%2C10794%2C10797%2C10804-10805%2C10821%2C10824%2C10846%2C10852%2C10876%2C10881%2C10911%2C10918%2C10929%2C10951%2C11023%2C11026%2C11062%2C11071%2C11096%2C11100%2C11105%2C11108%2C11114%2C11135%2C11160%2C11175%2C11178%2C11212%2C11226%2C11246%2C11255%2C11261-11264%2C11268
r11301
r11324
  +dir_prop: branches/qmmp-1.6 svn:mergeinfo /branches/qmmp-0.10:7522%0A/branches/qmmp-0.11:7919%0A/branches/qmmp-0.12:7828%2C7918%2C8045%2C8073-8075%2C8668%2C8705%0A/branches/qmmp-1.0:5596%0A/branches/qmmp-1.1:5819%2C5968%2C6043%2C6172%2C6233%2C6442%0A/branches/qmmp-1.2:6799%2C6945%2C6975%2C7173%2C7382%2C7520%0A/branches/qmmp-1.3:8706%2C8913%0A/branches/qmmp-2.0:9877%2C9946%2C9969%2C9972%2C9983%2C9990%2C9999%2C10001%2C10003%0A/branches/qmmp-2.1:10618%2C10729%2C10742%2C10744%2C10791%2C10812%2C10827%2C10879%2C10997%2C11074%2C11171%2C11181%2C11269%2C11295%0A/trunk/qmmp:10639-10641%2C10684%2C10687%2C10695%2C10722%2C10756%2C10772%2C10787-10788%2C10794%2C10797%2C10804-10805%2C10821%2C10824%2C10846%2C10852%2C10876%2C10881%2C10911%2C10918%2C10929%2C10951%2C11023%2C11026%2C11062%2C11071%2C11096%2C11100%2C11105%2C11108%2C11114%2C11135%2C11160%2C11175%2C11178%2C11212%2C11226%2C11246%2C11255%2C11261-11264%2C11268%2C11322
r11338
  +dir_prop: branches/qmmp-1.6 svn:mergeinfo /branches/qmmp-0.10:7522%0A/branches/qmmp-0.11:7919%0A/branches/qmmp-0.12:7828%2C7918%2C8045%2C8073-8075%2C8668%2C8705%0A/branches/qmmp-1.0:5596%0A/branches/qmmp-1.1:5819%2C5968%2C6043%2C6172%2C6233%2C6442%0A/branches/qmmp-1.2:6799%2C6945%2C6975%2C7173%2C7382%2C7520%0A/branches/qmmp-1.3:8706%2C8913%0A/branches/qmmp-2.0:9877%2C9946%2C9969%2C9972%2C9983%2C9990%2C9999%2C10001%2C10003%0A/branches/qmmp-2.1:10618%2C10729%2C10742%2C10744%2C10791%2C10812%2C10827%2C10879%2C10997%2C11074%2C11171%2C11181%2C11269%2C11295%0A/trunk/qmmp:10639-10641%2C10684%2C10687%2C10695%2C10722%2C10756%2C10772%2C10787-10788%2C10794%2C10797%2C10804-10805%2C10821%2C10824%2C10846%2C10852%2C10876%2C10881%2C10911%2C10918%2C10929%2C10951%2C11023%2C11026%2C11062%2C11071%2C11096%2C11100%2C11105%2C11108%2C11114%2C11135%2C11160%2C11175%2C11178%2C11212%2C11226%2C11246%2C11255%2C11261-11264%2C11268%2C11322%2C11336
r11359
  +dir_prop: branches/qmmp-1.6 svn:mergeinfo /branches/qmmp-0.10:7522%0A/branches/qmmp-0.11:7919%0A/branches/qmmp-0.12:7828%2C7918%2C8045%2C8073-8075%2C8668%2C8705%0A/branches/qmmp-1.0:5596%0A/branches/qmmp-1.1:5819%2C5968%2C6043%2C6172%2C6233%2C6442%0A/branches/qmmp-1.2:6799%2C6945%2C6975%2C7173%2C7382%2C7520%0A/branches/qmmp-1.3:8706%2C8913%0A/branches/qmmp-2.0:9877%2C9946%2C9969%2C9972%2C9983%2C9990%2C9999%2C10001%2C10003%0A/branches/qmmp-2.1:10618%2C10729%2C10742%2C10744%2C10791%2C10812%2C10827%2C10879%2C10997%2C11074%2C11171%2C11181%2C11269%2C11295%2C11357%0A/trunk/qmmp:10639-10641%2C10684%2C10687%2C10695%2C10722%2C10756%2C10772%2C10787-10788%2C10794%2C10797%2C10804-10805%2C10821%2C10824%2C10846%2C10852%2C10876%2C10881%2C10911%2C10918%2C10929%2C10951%2C11023%2C11026%2C11062%2C11071%2C11096%2C11100%2C11105%2C11108%2C11114%2C11135%2C11160%2C11175%2C11178%2C11212%2C11226%2C11246%2C11255%2C11261-11264%2C11268%2C11322%2C11336
r11360
r11370
  +dir_prop: branches/qmmp-1.6 svn:mergeinfo /branches/qmmp-0.10:7522%0A/branches/qmmp-0.11:7919%0A/branches/qmmp-0.12:7828%2C7918%2C8045%2C8073-8075%2C8668%2C8705%0A/branches/qmmp-1.0:5596%0A/branches/qmmp-1.1:5819%2C5968%2C6043%2C6172%2C6233%2C6442%0A/branches/qmmp-1.2:6799%2C6945%2C6975%2C7173%2C7382%2C7520%0A/branches/qmmp-1.3:8706%2C8913%0A/branches/qmmp-2.0:9877%2C9946%2C9969%2C9972%2C9983%2C9990%2C9999%2C10001%2C10003%0A/branches/qmmp-2.1:10618%2C10729%2C10742%2C10744%2C10791%2C10812%2C10827%2C10879%2C10997%2C11074%2C11171%2C11181%2C11269%2C11295%2C11357%0A/trunk/qmmp:10639-10641%2C10684%2C10687%2C10695%2C10722%2C10756%2C10772%2C10787-10788%2C10794%2C10797%2C10804-10805%2C10821%2C10824%2C10846%2C10852%2C10876%2C10881%2C10911%2C10918%2C10929%2C10951%2C11023%2C11026%2C11062%2C11071%2C11096%2C11100%2C11105%2C11108%2C11114%2C11135%2C11160%2C11175%2C11178%2C11212%2C11226%2C11246%2C11255%2C11261-11264%2C11268%2C11322%2C11336%2C11368
r11373
  +dir_prop: branches/qmmp-1.6 svn:mergeinfo /branches/qmmp-0.10:7522%0A/branches/qmmp-0.11:7919%0A/branches/qmmp-0.12:7828%2C7918%2C8045%2C8073-8075%2C8668%2C8705%0A/branches/qmmp-1.0:5596%0A/branches/qmmp-1.1:5819%2C5968%2C6043%2C6172%2C6233%2C6442%0A/branches/qmmp-1.2:6799%2C6945%2C6975%2C7173%2C7382%2C7520%0A/branches/qmmp-1.3:8706%2C8913%0A/branches/qmmp-2.0:9877%2C9946%2C9969%2C9972%2C9983%2C9990%2C9999%2C10001%2C10003%0A/branches/qmmp-2.1:10618%2C10729%2C10742%2C10744%2C10791%2C10812%2C10827%2C10879%2C10997%2C11074%2C11171%2C11181%2C11269%2C11295%2C11357%0A/trunk/qmmp:10639-10641%2C10684%2C10687%2C10695%2C10722%2C10756%2C10772%2C10787-10788%2C10794%2C10797%2C10804-10805%2C10821%2C10824%2C10846%2C10852%2C10876%2C10881%2C10911%2C10918%2C10929%2C10951%2C11023%2C11026%2C11062%2C11071%2C11096%2C11100%2C11105%2C11108%2C11114%2C11135%2C11160%2C11175%2C11178%2C11212%2C11226%2C11246%2C11255%2C11261-11264%2C11268%2C11322%2C11336%2C11368%2C11371
r11377
  +dir_prop: branches/qmmp-1.6 svn:mergeinfo /branches/qmmp-0.10:7522%0A/branches/qmmp-0.11:7919%0A/branches/qmmp-0.12:7828%2C7918%2C8045%2C8073-8075%2C8668%2C8705%0A/branches/qmmp-1.0:5596%0A/branches/qmmp-1.1:5819%2C5968%2C6043%2C6172%2C6233%2C6442%0A/branches/qmmp-1.2:6799%2C6945%2C6975%2C7173%2C7382%2C7520%0A/branches/qmmp-1.3:8706%2C8913%0A/branches/qmmp-2.0:9877%2C9946%2C9969%2C9972%2C9983%2C9990%2C9999%2C10001%2C10003%0A/branches/qmmp-2.1:10618%2C10729%2C10742%2C10744%2C10791%2C10812%2C10827%2C10879%2C10997%2C11074%2C11171%2C11181%2C11269%2C11295%2C11357%2C11376%0A/trunk/qmmp:10639-10641%2C10684%2C10687%2C10695%2C10722%2C10756%2C10772%2C10787-10788%2C10794%2C10797%2C10804-10805%2C10821%2C10824%2C10846%2C10852%2C10876%2C10881%2C10911%2C10918%2C10929%2C10951%2C11023%2C11026%2C11062%2C11071%2C11096%2C11100%2C11105%2C11108%2C11114%2C11135%2C11160%2C11175%2C11178%2C11212%2C11226%2C11246%2C11255%2C11261-11264%2C11268%2C11322%2C11336%2C11368%2C11371
r11380
r11382
r11386
r11399
  +dir_prop: branches/qmmp-1.6 svn:mergeinfo /branches/qmmp-0.10:7522%0A/branches/qmmp-0.11:7919%0A/branches/qmmp-0.12:7828%2C7918%2C8045%2C8073-8075%2C8668%2C8705%0A/branches/qmmp-1.0:5596%0A/branches/qmmp-1.1:5819%2C5968%2C6043%2C6172%2C6233%2C6442%0A/branches/qmmp-1.2:6799%2C6945%2C6975%2C7173%2C7382%2C7520%0A/branches/qmmp-1.3:8706%2C8913%0A/branches/qmmp-2.0:9877%2C9946%2C9969%2C9972%2C9983%2C9990%2C9999%2C10001%2C10003%0A/branches/qmmp-2.1:10618%2C10729%2C10742%2C10744%2C10791%2C10812%2C10827%2C10879%2C10997%2C11074%2C11171%2C11181%2C11269%2C11295%2C11357%2C11376%0A/trunk/qmmp:10639-10641%2C10684%2C10687%2C10695%2C10722%2C10756%2C10772%2C10787-10788%2C10794%2C10797%2C10804-10805%2C10821%2C10824%2C10846%2C10852%2C10876%2C10881%2C10911%2C10918%2C10929%2C10951%2C11023%2C11026%2C11062%2C11071%2C11096%2C11100%2C11105%2C11108%2C11114%2C11135%2C11160%2C11175%2C11178%2C11212%2C11226%2C11246%2C11255%2C11261-11264%2C11268%2C11322%2C11336%2C11368%2C11371%2C11397
r11413
r11427
  +dir_prop: branches/qmmp-1.6 svn:mergeinfo /branches/qmmp-0.10:7522%0A/branches/qmmp-0.11:7919%0A/branches/qmmp-0.12:7828%2C7918%2C8045%2C8073-8075%2C8668%2C8705%0A/branches/qmmp-1.0:5596%0A/branches/qmmp-1.1:5819%2C5968%2C6043%2C6172%2C6233%2C6442%0A/branches/qmmp-1.2:6799%2C6945%2C6975%2C7173%2C7382%2C7520%0A/branches/qmmp-1.3:8706%2C8913%0A/branches/qmmp-2.0:9877%2C9946%2C9969%2C9972%2C9983%2C9990%2C9999%2C10001%2C10003%0A/branches/qmmp-2.1:10618%2C10729%2C10742%2C10744%2C10791%2C10812%2C10827%2C10879%2C10997%2C11074%2C11171%2C11181%2C11269%2C11295%2C11357%2C11376%0A/trunk/qmmp:10639-10641%2C10684%2C10687%2C10695%2C10722%2C10756%2C10772%2C10787-10788%2C10794%2C10797%2C10804-10805%2C10821%2C10824%2C10846%2C10852%2C10876%2C10881%2C10911%2C10918%2C10929%2C10951%2C11023%2C11026%2C11062%2C11071%2C11096%2C11100%2C11105%2C11108%2C11114%2C11135%2C11160%2C11175%2C11178%2C11212%2C11226%2C11246%2C11255%2C11261-11264%2C11268%2C11322%2C11336%2C11368%2C11371%2C11397%2C11425
  +dir_prop: branches/qmmp-1.6/src/plugins/Ui/qsui svn:mergeinfo /branches/qmmp-0.12/src/plugins/Ui/qsui:8073-8075%0A/branches/qmmp-1.1/src/plugins/Ui/qsui:6172%0A/branches/qmmp-1.2/src/plugins/Ui/qsui:7382%0A/trunk/qmmp/src/plugins/Ui/qsui:11096%2C11114%2C11135%2C11175%2C11178%2C11226%2C11425%0A/trunk/qmmp/src/plugins/Ui/skinned:5223%2C6018-6019%2C6022
r11428
r11430
r11455
  +dir_prop: branches/qmmp-1.6 svn:mergeinfo /branches/qmmp-0.10:7522%0A/branches/qmmp-0.11:7919%0A/branches/qmmp-0.12:7828%2C7918%2C8045%2C8073-8075%2C8668%2C8705%0A/branches/qmmp-1.0:5596%0A/branches/qmmp-1.1:5819%2C5968%2C6043%2C6172%2C6233%2C6442%0A/branches/qmmp-1.2:6799%2C6945%2C6975%2C7173%2C7382%2C7520%0A/branches/qmmp-1.3:8706%2C8913%0A/branches/qmmp-2.0:9877%2C9946%2C9969%2C9972%2C9983%2C9990%2C9999%2C10001%2C10003%0A/branches/qmmp-2.1:10618%2C10729%2C10742%2C10744%2C10791%2C10812%2C10827%2C10879%2C10997%2C11074%2C11171%2C11181%2C11269%2C11295%2C11357%2C11376%2C11454%0A/trunk/qmmp:10639-10641%2C10684%2C10687%2C10695%2C10722%2C10756%2C10772%2C10787-10788%2C10794%2C10797%2C10804-10805%2C10821%2C10824%2C10846%2C10852%2C10876%2C10881%2C10911%2C10918%2C10929%2C10951%2C11023%2C11026%2C11062%2C11071%2C11096%2C11100%2C11105%2C11108%2C11114%2C11135%2C11160%2C11175%2C11178%2C11212%2C11226%2C11246%2C11255%2C11261-11264%2C11268%2C11322%2C11336%2C11368%2C11371%2C11397%2C11425
r11472
  +dir_prop: branches/qmmp-1.6 svn:mergeinfo /branches/qmmp-0.10:7522%0A/branches/qmmp-0.11:7919%0A/branches/qmmp-0.12:7828%2C7918%2C8045%2C8073-8075%2C8668%2C8705%0A/branches/qmmp-1.0:5596%0A/branches/qmmp-1.1:5819%2C5968%2C6043%2C6172%2C6233%2C6442%0A/branches/qmmp-1.2:6799%2C6945%2C6975%2C7173%2C7382%2C7520%0A/branches/qmmp-1.3:8706%2C8913%0A/branches/qmmp-2.0:9877%2C9946%2C9969%2C9972%2C9983%2C9990%2C9999%2C10001%2C10003%0A/branches/qmmp-2.1:10618%2C10729%2C10742%2C10744%2C10791%2C10812%2C10827%2C10879%2C10997%2C11074%2C11171%2C11181%2C11269%2C11295%2C11357%2C11376%2C11454%0A/trunk/qmmp:10639-10641%2C10684%2C10687%2C10695%2C10722%2C10756%2C10772%2C10787-10788%2C10794%2C10797%2C10804-10805%2C10821%2C10824%2C10846%2C10852%2C10876%2C10881%2C10911%2C10918%2C10929%2C10951%2C11023%2C11026%2C11062%2C11071%2C11096%2C11100%2C11105%2C11108%2C11114%2C11135%2C11160%2C11175%2C11178%2C11212%2C11226%2C11246%2C11255%2C11261-11264%2C11268%2C11322%2C11336%2C11368%2C11371%2C11397%2C11425%2C11470
r11481
r11514
  +dir_prop: branches/qmmp-1.6 svn:mergeinfo /branches/qmmp-0.10:7522%0A/branches/qmmp-0.11:7919%0A/branches/qmmp-0.12:7828%2C7918%2C8045%2C8073-8075%2C8668%2C8705%0A/branches/qmmp-1.0:5596%0A/branches/qmmp-1.1:5819%2C5968%2C6043%2C6172%2C6233%2C6442%0A/branches/qmmp-1.2:6799%2C6945%2C6975%2C7173%2C7382%2C7520%0A/branches/qmmp-1.3:8706%2C8913%0A/branches/qmmp-2.0:9877%2C9946%2C9969%2C9972%2C9983%2C9990%2C9999%2C10001%2C10003%0A/branches/qmmp-2.1:10618%2C10729%2C10742%2C10744%2C10791%2C10812%2C10827%2C10879%2C10997%2C11074%2C11171%2C11181%2C11269%2C11295%2C11357%2C11376%2C11454%0A/trunk/qmmp:10639-10641%2C10684%2C10687%2C10695%2C10722%2C10756%2C10772%2C10787-10788%2C10794%2C10797%2C10804-10805%2C10821%2C10824%2C10846%2C10852%2C10876%2C10881%2C10911%2C10918%2C10929%2C10951%2C11023%2C11026%2C11062%2C11071%2C11096%2C11100%2C11105%2C11108%2C11114%2C11135%2C11160%2C11175%2C11178%2C11212%2C11226%2C11246%2C11255%2C11261-11264%2C11268%2C11322%2C11336%2C11368%2C11371%2C11397%2C11425%2C11470%2C11512
r11519
  +dir_prop: branches/qmmp-1.6 svn:mergeinfo /branches/qmmp-0.10:7522%0A/branches/qmmp-0.11:7919%0A/branches/qmmp-0.12:7828%2C7918%2C8045%2C8073-8075%2C8668%2C8705%0A/branches/qmmp-1.0:5596%0A/branches/qmmp-1.1:5819%2C5968%2C6043%2C6172%2C6233%2C6442%0A/branches/qmmp-1.2:6799%2C6945%2C6975%2C7173%2C7382%2C7520%0A/branches/qmmp-1.3:8706%2C8913%0A/branches/qmmp-2.0:9877%2C9946%2C9969%2C9972%2C9983%2C9990%2C9999%2C10001%2C10003%0A/branches/qmmp-2.1:10618%2C10729%2C10742%2C10744%2C10791%2C10812%2C10827%2C10879%2C10997%2C11074%2C11171%2C11181%2C11269%2C11295%2C11357%2C11376%2C11454%2C11518%0A/trunk/qmmp:10639-10641%2C10684%2C10687%2C10695%2C10722%2C10756%2C10772%2C10787-10788%2C10794%2C10797%2C10804-10805%2C10821%2C10824%2C10846%2C10852%2C10876%2C10881%2C10911%2C10918%2C10929%2C10951%2C11023%2C11026%2C11062%2C11071%2C11096%2C11100%2C11105%2C11108%2C11114%2C11135%2C11160%2C11175%2C11178%2C11212%2C11226%2C11246%2C11255%2C11261-11264%2C11268%2C11322%2C11336%2C11368%2C11371%2C11397%2C11425%2C11470%2C11512
r11539
  +dir_prop: branches/qmmp-1.6 svn:mergeinfo /branches/qmmp-0.10:7522%0A/branches/qmmp-0.11:7919%0A/branches/qmmp-0.12:7828%2C7918%2C8045%2C8073-8075%2C8668%2C8705%0A/branches/qmmp-1.0:5596%0A/branches/qmmp-1.1:5819%2C5968%2C6043%2C6172%2C6233%2C6442%0A/branches/qmmp-1.2:6799%2C6945%2C6975%2C7173%2C7382%2C7520%0A/branches/qmmp-1.3:8706%2C8913%0A/branches/qmmp-2.0:9877%2C9946%2C9969%2C9972%2C9983%2C9990%2C9999%2C10001%2C10003%0A/branches/qmmp-2.1:10618%2C10729%2C10742%2C10744%2C10791%2C10812%2C10827%2C10879%2C10997%2C11074%2C11171%2C11181%2C11269%2C11295%2C11357%2C11376%2C11454%2C11518%2C11538%0A/trunk/qmmp:10639-10641%2C10684%2C10687%2C10695%2C10722%2C10756%2C10772%2C10787-10788%2C10794%2C10797%2C10804-10805%2C10821%2C10824%2C10846%2C10852%2C10876%2C10881%2C10911%2C10918%2C10929%2C10951%2C11023%2C11026%2C11062%2C11071%2C11096%2C11100%2C11105%2C11108%2C11114%2C11135%2C11160%2C11175%2C11178%2C11212%2C11226%2C11246%2C11255%2C11261-11264%2C11268%2C11322%2C11336%2C11368%2C11371%2C11397%2C11425%2C11470%2C11512
r11544
r11547
r11557
r11558
r11571
  +dir_prop: branches/qmmp-1.6 svn:mergeinfo /branches/qmmp-0.10:7522%0A/branches/qmmp-0.11:7919%0A/branches/qmmp-0.12:7828%2C7918%2C8045%2C8073-8075%2C8668%2C8705%0A/branches/qmmp-1.0:5596%0A/branches/qmmp-1.1:5819%2C5968%2C6043%2C6172%2C6233%2C6442%0A/branches/qmmp-1.2:6799%2C6945%2C6975%2C7173%2C7382%2C7520%0A/branches/qmmp-1.3:8706%2C8913%0A/branches/qmmp-2.0:9877%2C9946%2C9969%2C9972%2C9983%2C9990%2C9999%2C10001%2C10003%0A/branches/qmmp-2.1:10618%2C10729%2C10742%2C10744%2C10791%2C10812%2C10827%2C10879%2C10997%2C11074%2C11171%2C11181%2C11269%2C11295%2C11357%2C11376%2C11454%2C11518%2C11538%2C11570%0A/trunk/qmmp:10639-10641%2C10684%2C10687%2C10695%2C10722%2C10756%2C10772%2C10787-10788%2C10794%2C10797%2C10804-10805%2C10821%2C10824%2C10846%2C10852%2C10876%2C10881%2C10911%2C10918%2C10929%2C10951%2C11023%2C11026%2C11062%2C11071%2C11096%2C11100%2C11105%2C11108%2C11114%2C11135%2C11160%2C11175%2C11178%2C11212%2C11226%2C11246%2C11255%2C11261-11264%2C11268%2C11322%2C11336%2C11368%2C11371%2C11397%2C11425%2C11470%2C11512
r11572
r11576
r11611
  +dir_prop: branches/qmmp-1.6 svn:mergeinfo /branches/qmmp-0.10:7522%0A/branches/qmmp-0.11:7919%0A/branches/qmmp-0.12:7828%2C7918%2C8045%2C8073-8075%2C8668%2C8705%0A/branches/qmmp-1.0:5596%0A/branches/qmmp-1.1:5819%2C5968%2C6043%2C6172%2C6233%2C6442%0A/branches/qmmp-1.2:6799%2C6945%2C6975%2C7173%2C7382%2C7520%0A/branches/qmmp-1.3:8706%2C8913%0A/branches/qmmp-2.0:9877%2C9946%2C9969%2C9972%2C9983%2C9990%2C9999%2C10001%2C10003%0A/branches/qmmp-2.1:10618%2C10729%2C10742%2C10744%2C10791%2C10812%2C10827%2C10879%2C10997%2C11074%2C11171%2C11181%2C11269%2C11295%2C11357%2C11376%2C11454%2C11518%2C11538%2C11570%0A/trunk/qmmp:10639-10641%2C10684%2C10687%2C10695%2C10722%2C10756%2C10772%2C10787-10788%2C10794%2C10797%2C10804-10805%2C10821%2C10824%2C10846%2C10852%2C10876%2C10881%2C10911%2C10918%2C10929%2C10951%2C11023%2C11026%2C11062%2C11071%2C11096%2C11100%2C11105%2C11108%2C11114%2C11135%2C11160%2C11175%2C11178%2C11212%2C11226%2C11246%2C11255%2C11261-11264%2C11268%2C11322%2C11336%2C11368%2C11371%2C11397%2C11425%2C11470%2C11512%2C11609
r11646
  +dir_prop: branches/qmmp-1.6 svn:mergeinfo /branches/qmmp-0.10:7522%0A/branches/qmmp-0.11:7919%0A/branches/qmmp-0.12:7828%2C7918%2C8045%2C8073-8075%2C8668%2C8705%0A/branches/qmmp-1.0:5596%0A/branches/qmmp-1.1:5819%2C5968%2C6043%2C6172%2C6233%2C6442%0A/branches/qmmp-1.2:6799%2C6945%2C6975%2C7173%2C7382%2C7520%0A/branches/qmmp-1.3:8706%2C8913%0A/branches/qmmp-2.0:9877%2C9946%2C9969%2C9972%2C9983%2C9990%2C9999%2C10001%2C10003%0A/branches/qmmp-2.1:10618%2C10729%2C10742%2C10744%2C10791%2C10812%2C10827%2C10879%2C10997%2C11074%2C11171%2C11181%2C11269%2C11295%2C11357%2C11376%2C11454%2C11518%2C11538%2C11570%0A/trunk/qmmp:10639-10641%2C10684%2C10687%2C10695%2C10722%2C10756%2C10772%2C10787-10788%2C10794%2C10797%2C10804-10805%2C10821%2C10824%2C10846%2C10852%2C10876%2C10881%2C10911%2C10918%2C10929%2C10951%2C11023%2C11026%2C11062%2C11071%2C11096%2C11100%2C11105%2C11108%2C11114%2C11135%2C11160%2C11175%2C11178%2C11212%2C11226%2C11246%2C11255%2C11261-11264%2C11268%2C11322%2C11336%2C11368%2C11371%2C11397%2C11425%2C11470%2C11512%2C11609%2C11644
r11694
r11700
  +dir_prop: branches/qmmp-1.6 svn:mergeinfo /branches/qmmp-0.10:7522%0A/branches/qmmp-0.11:7919%0A/branches/qmmp-0.12:7828%2C7918%2C8045%2C8073-8075%2C8668%2C8705%0A/branches/qmmp-1.0:5596%0A/branches/qmmp-1.1:5819%2C5968%2C6043%2C6172%2C6233%2C6442%0A/branches/qmmp-1.2:6799%2C6945%2C6975%2C7173%2C7382%2C7520%0A/branches/qmmp-1.3:8706%2C8913%0A/branches/qmmp-2.0:9877%2C9946%2C9969%2C9972%2C9983%2C9990%2C9999%2C10001%2C10003%0A/branches/qmmp-2.1:10618%2C10729%2C10742%2C10744%2C10791%2C10812%2C10827%2C10879%2C10997%2C11074%2C11171%2C11181%2C11269%2C11295%2C11357%2C11376%2C11454%2C11518%2C11538%2C11570%0A/trunk/qmmp:10639-10641%2C10684%2C10687%2C10695%2C10722%2C10756%2C10772%2C10787-10788%2C10794%2C10797%2C10804-10805%2C10821%2C10824%2C10846%2C10852%2C10876%2C10881%2C10911%2C10918%2C10929%2C10951%2C11023%2C11026%2C11062%2C11071%2C11096%2C11100%2C11105%2C11108%2C11114%2C11135%2C11160%2C11175%2C11178%2C11212%2C11226%2C11246%2C11255%2C11261-11264%2C11268%2C11322%2C11336%2C11368%2C11371%2C11397%2C11425%2C11470%2C11512%2C11609%2C11644%2C11698
  +dir_prop: branches/qmmp-1.6/src/plugins/Ui/qsui svn:mergeinfo /branches/qmmp-0.12/src/plugins/Ui/qsui:8073-8075%0A/branches/qmmp-1.1/src/plugins/Ui/qsui:6172%0A/branches/qmmp-1.2/src/plugins/Ui/qsui:7382%0A/trunk/qmmp/src/plugins/Ui/qsui:11096%2C11114%2C11135%2C11175%2C11178%2C11226%2C11425%2C11698%0A/trunk/qmmp/src/plugins/Ui/skinned:5223%2C6018-6019%2C6022
r11710
