r6495
r6502
r6512
r6611
  +dir_prop: branches/qmmp-plugin-pack-0.10 svn:mergeinfo /branches/qmmp-plugin-pack-1.1:6610
r6633
r6642
  +dir_prop: branches/qmmp-plugin-pack-0.10 svn:mergeinfo /branches/qmmp-plugin-pack-1.1:6610%0A/trunk/qmmp-plugin-pack:6638
r6655
r6666
r6701
r6759
  +dir_prop: branches/qmmp-plugin-pack-0.10 svn:mergeinfo /branches/qmmp-plugin-pack-1.1:6610%0A/trunk/qmmp-plugin-pack:6638%2C6756
r6760
r6764
r6823
  +dir_prop: branches/qmmp-plugin-pack-0.10 svn:mergeinfo /branches/qmmp-plugin-pack-1.1:6610%0A/trunk/qmmp-plugin-pack:6638%2C6756%2C6821
r7033
  +dir_prop: branches/qmmp-plugin-pack-0.10 svn:mergeinfo /branches/qmmp-plugin-pack-1.1:6610%0A/trunk/qmmp-plugin-pack:6638%2C6756%2C6821%2C7032
r7197
r7323
r7352
r7355
r7357
r7367
r7445
  +dir_prop: branches/qmmp-plugin-pack-0.10 svn:mergeinfo /branches/qmmp-plugin-pack-1.1:6610%0A/trunk/qmmp-plugin-pack:6638%2C6756%2C6821%2C7032%2C7441
r7475
  +dir_prop: branches/qmmp-plugin-pack-0.10 svn:mergeinfo /branches/qmmp-plugin-pack-1.1:6610%0A/trunk/qmmp-plugin-pack:6638%2C6756%2C6821%2C7032%2C7441%2C7468
r7496
  +dir_prop: branches/qmmp-plugin-pack-0.10 svn:mergeinfo /branches/qmmp-plugin-pack-1.1:6610%0A/trunk/qmmp-plugin-pack:6638%2C6756%2C6821%2C7032%2C7441%2C7468%2C7491
r7525
r7563
r7564
r7566
r7568
  +dir_prop: branches/qmmp-plugin-pack-0.10 svn:mergeinfo /branches/qmmp-plugin-pack-1.1:6610%0A/trunk/qmmp-plugin-pack:6638%2C6756%2C6821%2C7032%2C7441%2C7468%2C7491%2C7567
r7601
  +dir_prop: branches/qmmp-plugin-pack-0.10 svn:mergeinfo /branches/qmmp-plugin-pack-1.1:6610%0A/trunk/qmmp-plugin-pack:6638%2C6756%2C6821%2C7032%2C7441%2C7468%2C7491%2C7567%2C7598
r7604
r7696
r7700
