r5410
r5411
r5412
r5413
r5415
r5452
r5460
r5468
r5501
r5503
r5505
r5516
r5520
  +dir_prop: branches/qmmp-plugin-pack-1.0 svn:mergeinfo /trunk/qmmp-plugin-pack:5518
r5524
r5563
  +dir_prop: branches/qmmp-plugin-pack-1.0 svn:mergeinfo /trunk/qmmp-plugin-pack:5518%2C5561
r5629
r5646
r5652
r5661
  +dir_prop: branches/qmmp-plugin-pack-1.0 svn:mergeinfo /branches/qmmp-plugin-pack-1.1:5658%0A/trunk/qmmp-plugin-pack:5518%2C5561
r5662
  +dir_prop: branches/qmmp-plugin-pack-1.0 svn:mergeinfo /branches/qmmp-plugin-pack-1.1:5658%2C5660%0A/trunk/qmmp-plugin-pack:5518%2C5561
r5666
  +dir_prop: branches/qmmp-plugin-pack-1.0 svn:mergeinfo /branches/qmmp-plugin-pack-0.9:5665%0A/branches/qmmp-plugin-pack-1.1:5658%2C5660%0A/trunk/qmmp-plugin-pack:5518%2C5561
r5669
r5683
  +dir_prop: branches/qmmp-plugin-pack-1.0 svn:mergeinfo /branches/qmmp-plugin-pack-0.9:5665%0A/branches/qmmp-plugin-pack-1.1:5658%2C5660%0A/trunk/qmmp-plugin-pack:5518%2C5561%2C5681
r5687
  +dir_prop: branches/qmmp-plugin-pack-1.0 svn:mergeinfo /branches/qmmp-plugin-pack-0.9:5665%0A/branches/qmmp-plugin-pack-1.1:5658%2C5660%2C5685-5686%0A/trunk/qmmp-plugin-pack:5518%2C5561%2C5681
r5718
r5803
  +dir_prop: branches/qmmp-plugin-pack-1.0 svn:mergeinfo /branches/qmmp-plugin-pack-0.9:5665%0A/branches/qmmp-plugin-pack-1.1:5658%2C5660%2C5685-5686%0A/trunk/qmmp-plugin-pack:5518%2C5561%2C5681%2C5801
r5839
r5849
r5852
r5854
r5858
r6294
r6299
  +dir_prop: branches/qmmp-plugin-pack-1.0 svn:mergeinfo /branches/qmmp-plugin-pack-0.9:5665%0A/branches/qmmp-plugin-pack-1.1:5658%2C5660%2C5685-5686%2C6285-6286%0A/trunk/qmmp-plugin-pack:5518%2C5561%2C5681%2C5801
r6304
r6308
r6339
r6392
r6396
