r9372
r9381
r9390
r9399
  +dir_prop: branches/qmmp-1.4 svn:mergeinfo /branches/qmmp-0.10:7522%0A/branches/qmmp-0.11:7919%0A/branches/qmmp-0.12:7828%2C7918%2C8045%2C8073-8075%2C8668%2C8705%0A/branches/qmmp-1.0:5596%0A/branches/qmmp-1.1:5819%2C5968%2C6043%2C6172%2C6233%2C6442%0A/branches/qmmp-1.2:6799%2C6945%2C6975%2C7173%2C7382%2C7520%0A/branches/qmmp-1.3:8706%2C8913%0A/trunk/qmmp:9398
r9403
  +dir_prop: branches/qmmp-1.4 svn:mergeinfo /branches/qmmp-0.10:7522%0A/branches/qmmp-0.11:7919%0A/branches/qmmp-0.12:7828%2C7918%2C8045%2C8073-8075%2C8668%2C8705%0A/branches/qmmp-1.0:5596%0A/branches/qmmp-1.1:5819%2C5968%2C6043%2C6172%2C6233%2C6442%0A/branches/qmmp-1.2:6799%2C6945%2C6975%2C7173%2C7382%2C7520%0A/branches/qmmp-1.3:8706%2C8913%0A/trunk/qmmp:9398%2C9402
r9405
  +dir_prop: branches/qmmp-1.4 svn:mergeinfo /branches/qmmp-0.10:7522%0A/branches/qmmp-0.11:7919%0A/branches/qmmp-0.12:7828%2C7918%2C8045%2C8073-8075%2C8668%2C8705%0A/branches/qmmp-1.0:5596%0A/branches/qmmp-1.1:5819%2C5968%2C6043%2C6172%2C6233%2C6442%0A/branches/qmmp-1.2:6799%2C6945%2C6975%2C7173%2C7382%2C7520%0A/branches/qmmp-1.3:8706%2C8913%0A/trunk/qmmp:9398%2C9402%2C9404
r9409
  +dir_prop: branches/qmmp-1.4 svn:mergeinfo /branches/qmmp-0.10:7522%0A/branches/qmmp-0.11:7919%0A/branches/qmmp-0.12:7828%2C7918%2C8045%2C8073-8075%2C8668%2C8705%0A/branches/qmmp-1.0:5596%0A/branches/qmmp-1.1:5819%2C5968%2C6043%2C6172%2C6233%2C6442%0A/branches/qmmp-1.2:6799%2C6945%2C6975%2C7173%2C7382%2C7520%0A/branches/qmmp-1.3:8706%2C8913%0A/trunk/qmmp:9398%2C9402%2C9404%2C9408
r9415
  +dir_prop: branches/qmmp-1.4 svn:mergeinfo /branches/qmmp-0.10:7522%0A/branches/qmmp-0.11:7919%0A/branches/qmmp-0.12:7828%2C7918%2C8045%2C8073-8075%2C8668%2C8705%0A/branches/qmmp-1.0:5596%0A/branches/qmmp-1.1:5819%2C5968%2C6043%2C6172%2C6233%2C6442%0A/branches/qmmp-1.2:6799%2C6945%2C6975%2C7173%2C7382%2C7520%0A/branches/qmmp-1.3:8706%2C8913%0A/trunk/qmmp:9398%2C9402%2C9404%2C9408%2C9412
r9416
  +dir_prop: branches/qmmp-1.4 svn:mergeinfo /branches/qmmp-0.10:7522%0A/branches/qmmp-0.11:7919%0A/branches/qmmp-0.12:7828%2C7918%2C8045%2C8073-8075%2C8668%2C8705%0A/branches/qmmp-1.0:5596%0A/branches/qmmp-1.1:5819%2C5968%2C6043%2C6172%2C6233%2C6442%0A/branches/qmmp-1.2:6799%2C6945%2C6975%2C7173%2C7382%2C7520%0A/branches/qmmp-1.3:8706%2C8913%0A/trunk/qmmp:9398%2C9402%2C9404%2C9408%2C9412-9413
r9417
  +dir_prop: branches/qmmp-1.4 svn:mergeinfo /branches/qmmp-0.10:7522%0A/branches/qmmp-0.11:7919%0A/branches/qmmp-0.12:7828%2C7918%2C8045%2C8073-8075%2C8668%2C8705%0A/branches/qmmp-1.0:5596%0A/branches/qmmp-1.1:5819%2C5968%2C6043%2C6172%2C6233%2C6442%0A/branches/qmmp-1.2:6799%2C6945%2C6975%2C7173%2C7382%2C7520%0A/branches/qmmp-1.3:8706%2C8913%0A/trunk/qmmp:9398%2C9402%2C9404%2C9408%2C9412-9414
r9420
  +dir_prop: branches/qmmp-1.4 svn:mergeinfo /branches/qmmp-0.10:7522%0A/branches/qmmp-0.11:7919%0A/branches/qmmp-0.12:7828%2C7918%2C8045%2C8073-8075%2C8668%2C8705%0A/branches/qmmp-1.0:5596%0A/branches/qmmp-1.1:5819%2C5968%2C6043%2C6172%2C6233%2C6442%0A/branches/qmmp-1.2:6799%2C6945%2C6975%2C7173%2C7382%2C7520%0A/branches/qmmp-1.3:8706%2C8913%0A/trunk/qmmp:9398%2C9402%2C9404%2C9408%2C9412-9414%2C9419
r9423
  +dir_prop: branches/qmmp-1.4 svn:mergeinfo /branches/qmmp-0.10:7522%0A/branches/qmmp-0.11:7919%0A/branches/qmmp-0.12:7828%2C7918%2C8045%2C8073-8075%2C8668%2C8705%0A/branches/qmmp-1.0:5596%0A/branches/qmmp-1.1:5819%2C5968%2C6043%2C6172%2C6233%2C6442%0A/branches/qmmp-1.2:6799%2C6945%2C6975%2C7173%2C7382%2C7520%0A/branches/qmmp-1.3:8706%2C8913%0A/trunk/qmmp:9398%2C9402%2C9404%2C9408%2C9412-9414%2C9419%2C9422
  +dir_prop: branches/qmmp-1.4/src/plugins/Ui/qsui svn:mergeinfo /branches/qmmp-0.12/src/plugins/Ui/qsui:8073-8075%0A/branches/qmmp-1.1/src/plugins/Ui/qsui:6172%0A/branches/qmmp-1.2/src/plugins/Ui/qsui:7382%0A/trunk/qmmp/src/plugins/Ui/qsui:9422%0A/trunk/qmmp/src/plugins/Ui/skinned:5223%2C6018-6019%2C6022
r9424
r9427
r9428
r9429
r9430
r9431
r9433
  +dir_prop: branches/qmmp-1.4 svn:mergeinfo /branches/qmmp-0.10:7522%0A/branches/qmmp-0.11:7919%0A/branches/qmmp-0.12:7828%2C7918%2C8045%2C8073-8075%2C8668%2C8705%0A/branches/qmmp-1.0:5596%0A/branches/qmmp-1.1:5819%2C5968%2C6043%2C6172%2C6233%2C6442%0A/branches/qmmp-1.2:6799%2C6945%2C6975%2C7173%2C7382%2C7520%0A/branches/qmmp-1.3:8706%2C8913%0A/trunk/qmmp:9398%2C9402%2C9404%2C9408%2C9412-9414%2C9419%2C9422%2C9432
r9435
r9437
r9475
  +dir_prop: branches/qmmp-1.4 svn:mergeinfo /branches/qmmp-0.10:7522%0A/branches/qmmp-0.11:7919%0A/branches/qmmp-0.12:7828%2C7918%2C8045%2C8073-8075%2C8668%2C8705%2C9473%0A/branches/qmmp-1.0:5596%0A/branches/qmmp-1.1:5819%2C5968%2C6043%2C6172%2C6233%2C6442%0A/branches/qmmp-1.2:6799%2C6945%2C6975%2C7173%2C7382%2C7520%0A/branches/qmmp-1.3:8706%2C8913%0A/trunk/qmmp:9398%2C9402%2C9404%2C9408%2C9412-9414%2C9419%2C9422%2C9432
r9476
  +dir_prop: branches/qmmp-1.4 svn:mergeinfo /branches/qmmp-0.10:7522%0A/branches/qmmp-0.11:7919%0A/branches/qmmp-0.12:7828%2C7918%2C8045%2C8073-8075%2C8668%2C8705%2C9473-9474%0A/branches/qmmp-1.0:5596%0A/branches/qmmp-1.1:5819%2C5968%2C6043%2C6172%2C6233%2C6442%0A/branches/qmmp-1.2:6799%2C6945%2C6975%2C7173%2C7382%2C7520%0A/branches/qmmp-1.3:8706%2C8913%0A/trunk/qmmp:9398%2C9402%2C9404%2C9408%2C9412-9414%2C9419%2C9422%2C9432
r9479
r9485
  +dir_prop: branches/qmmp-1.4 svn:mergeinfo /branches/qmmp-0.10:7522%0A/branches/qmmp-0.11:7919%0A/branches/qmmp-0.12:7828%2C7918%2C8045%2C8073-8075%2C8668%2C8705%2C9473-9474%0A/branches/qmmp-1.0:5596%0A/branches/qmmp-1.1:5819%2C5968%2C6043%2C6172%2C6233%2C6442%0A/branches/qmmp-1.2:6799%2C6945%2C6975%2C7173%2C7382%2C7520%0A/branches/qmmp-1.3:8706%2C8913%0A/trunk/qmmp:9398%2C9402%2C9404%2C9408%2C9412-9414%2C9419%2C9422%2C9432%2C9484
r9488
  +dir_prop: branches/qmmp-1.4 svn:mergeinfo /branches/qmmp-0.10:7522%0A/branches/qmmp-0.11:7919%0A/branches/qmmp-0.12:7828%2C7918%2C8045%2C8073-8075%2C8668%2C8705%2C9473-9474%0A/branches/qmmp-1.0:5596%0A/branches/qmmp-1.1:5819%2C5968%2C6043%2C6172%2C6233%2C6442%0A/branches/qmmp-1.2:6799%2C6945%2C6975%2C7173%2C7382%2C7520%0A/branches/qmmp-1.3:8706%2C8913%0A/trunk/qmmp:9398%2C9402%2C9404%2C9408%2C9412-9414%2C9419%2C9422%2C9432%2C9484%2C9487
r9493
  +dir_prop: branches/qmmp-1.4 svn:mergeinfo /branches/qmmp-0.10:7522%0A/branches/qmmp-0.11:7919%0A/branches/qmmp-0.12:7828%2C7918%2C8045%2C8073-8075%2C8668%2C8705%2C9473-9474%0A/branches/qmmp-1.0:5596%0A/branches/qmmp-1.1:5819%2C5968%2C6043%2C6172%2C6233%2C6442%0A/branches/qmmp-1.2:6799%2C6945%2C6975%2C7173%2C7382%2C7520%0A/branches/qmmp-1.3:8706%2C8913%0A/trunk/qmmp:9398%2C9402%2C9404%2C9408%2C9412-9414%2C9419%2C9422%2C9432%2C9484%2C9487%2C9492
r9495
r9498
r9499
r9500
r9504
r9511
  +dir_prop: branches/qmmp-1.4 svn:mergeinfo /branches/qmmp-0.10:7522%0A/branches/qmmp-0.11:7919%0A/branches/qmmp-0.12:7828%2C7918%2C8045%2C8073-8075%2C8668%2C8705%2C9473-9474%0A/branches/qmmp-1.0:5596%0A/branches/qmmp-1.1:5819%2C5968%2C6043%2C6172%2C6233%2C6442%0A/branches/qmmp-1.2:6799%2C6945%2C6975%2C7173%2C7382%2C7520%0A/branches/qmmp-1.3:8706%2C8913%0A/trunk/qmmp:9398%2C9402%2C9404%2C9408%2C9412-9414%2C9419%2C9422%2C9432%2C9484%2C9487%2C9492%2C9510
r9546
  +dir_prop: branches/qmmp-1.4 svn:mergeinfo /branches/qmmp-0.10:7522%0A/branches/qmmp-0.11:7919%0A/branches/qmmp-0.12:7828%2C7918%2C8045%2C8073-8075%2C8668%2C8705%2C9473-9474%0A/branches/qmmp-1.0:5596%0A/branches/qmmp-1.1:5819%2C5968%2C6043%2C6172%2C6233%2C6442%0A/branches/qmmp-1.2:6799%2C6945%2C6975%2C7173%2C7382%2C7520%0A/branches/qmmp-1.3:8706%2C8913%0A/trunk/qmmp:9398%2C9402%2C9404%2C9408%2C9412-9414%2C9419%2C9422%2C9432%2C9484%2C9487%2C9492%2C9510%2C9545
r9548
r9556
r9559
  +dir_prop: branches/qmmp-1.4 svn:mergeinfo /branches/qmmp-0.10:7522%0A/branches/qmmp-0.11:7919%0A/branches/qmmp-0.12:7828%2C7918%2C8045%2C8073-8075%2C8668%2C8705%2C9473-9474%0A/branches/qmmp-1.0:5596%0A/branches/qmmp-1.1:5819%2C5968%2C6043%2C6172%2C6233%2C6442%0A/branches/qmmp-1.2:6799%2C6945%2C6975%2C7173%2C7382%2C7520%0A/branches/qmmp-1.3:8706%2C8913%0A/trunk/qmmp:9398%2C9402%2C9404%2C9408%2C9412-9414%2C9419%2C9422%2C9432%2C9484%2C9487%2C9492%2C9510%2C9545%2C9558
r9564
  +dir_prop: branches/qmmp-1.4 svn:mergeinfo /branches/qmmp-0.10:7522%0A/branches/qmmp-0.11:7919%0A/branches/qmmp-0.12:7828%2C7918%2C8045%2C8073-8075%2C8668%2C8705%2C9473-9474%0A/branches/qmmp-1.0:5596%0A/branches/qmmp-1.1:5819%2C5968%2C6043%2C6172%2C6233%2C6442%0A/branches/qmmp-1.2:6799%2C6945%2C6975%2C7173%2C7382%2C7520%0A/branches/qmmp-1.3:8706%2C8913%0A/trunk/qmmp:9398%2C9402%2C9404%2C9408%2C9412-9414%2C9419%2C9422%2C9432%2C9484%2C9487%2C9492%2C9510%2C9545%2C9558%2C9563
r9567
  +dir_prop: branches/qmmp-1.4 svn:mergeinfo /branches/qmmp-0.10:7522%0A/branches/qmmp-0.11:7919%0A/branches/qmmp-0.12:7828%2C7918%2C8045%2C8073-8075%2C8668%2C8705%2C9473-9474%0A/branches/qmmp-1.0:5596%0A/branches/qmmp-1.1:5819%2C5968%2C6043%2C6172%2C6233%2C6442%0A/branches/qmmp-1.2:6799%2C6945%2C6975%2C7173%2C7382%2C7520%0A/branches/qmmp-1.3:8706%2C8913%0A/trunk/qmmp:9398%2C9402%2C9404%2C9408%2C9412-9414%2C9419%2C9422%2C9432%2C9484%2C9487%2C9492%2C9510%2C9545%2C9558%2C9563%2C9566
r9568
r9569
r9570
r9571
r9573
r9575
r9577
r9583
  +dir_prop: branches/qmmp-1.4 svn:mergeinfo /branches/qmmp-0.10:7522%0A/branches/qmmp-0.11:7919%0A/branches/qmmp-0.12:7828%2C7918%2C8045%2C8073-8075%2C8668%2C8705%2C9473-9474%0A/branches/qmmp-1.0:5596%0A/branches/qmmp-1.1:5819%2C5968%2C6043%2C6172%2C6233%2C6442%0A/branches/qmmp-1.2:6799%2C6945%2C6975%2C7173%2C7382%2C7520%0A/branches/qmmp-1.3:8706%2C8913%0A/trunk/qmmp:9398%2C9402%2C9404%2C9408%2C9412-9414%2C9419%2C9422%2C9432%2C9484%2C9487%2C9492%2C9510%2C9545%2C9558%2C9563%2C9566%2C9582
r9586
r9590
r9593
r9594
r9611
  +dir_prop: branches/qmmp-1.4 svn:mergeinfo /branches/qmmp-0.10:7522%0A/branches/qmmp-0.11:7919%0A/branches/qmmp-0.12:7828%2C7918%2C8045%2C8073-8075%2C8668%2C8705%2C9473-9474%0A/branches/qmmp-1.0:5596%0A/branches/qmmp-1.1:5819%2C5968%2C6043%2C6172%2C6233%2C6442%0A/branches/qmmp-1.2:6799%2C6945%2C6975%2C7173%2C7382%2C7520%0A/branches/qmmp-1.3:8706%2C8913%0A/trunk/qmmp:9398%2C9402%2C9404%2C9408%2C9412-9414%2C9419%2C9422%2C9432%2C9484%2C9487%2C9492%2C9510%2C9545%2C9558%2C9563%2C9566%2C9582%2C9610
r9622
r9628
  +dir_prop: branches/qmmp-1.4 svn:mergeinfo /branches/qmmp-0.10:7522%0A/branches/qmmp-0.11:7919%0A/branches/qmmp-0.12:7828%2C7918%2C8045%2C8073-8075%2C8668%2C8705%2C9473-9474%0A/branches/qmmp-1.0:5596%0A/branches/qmmp-1.1:5819%2C5968%2C6043%2C6172%2C6233%2C6442%0A/branches/qmmp-1.2:6799%2C6945%2C6975%2C7173%2C7382%2C7520%0A/branches/qmmp-1.3:8706%2C8913%0A/trunk/qmmp:9398%2C9402%2C9404%2C9408%2C9412-9414%2C9419%2C9422%2C9432%2C9484%2C9487%2C9492%2C9510%2C9545%2C9558%2C9563%2C9566%2C9582%2C9610%2C9627
r9630
r9652
  +dir_prop: branches/qmmp-1.4 svn:mergeinfo /branches/qmmp-0.10:7522%0A/branches/qmmp-0.11:7919%0A/branches/qmmp-0.12:7828%2C7918%2C8045%2C8073-8075%2C8668%2C8705%2C9473-9474%0A/branches/qmmp-1.0:5596%0A/branches/qmmp-1.1:5819%2C5968%2C6043%2C6172%2C6233%2C6442%0A/branches/qmmp-1.2:6799%2C6945%2C6975%2C7173%2C7382%2C7520%0A/branches/qmmp-1.3:8706%2C8913%0A/trunk/qmmp:9398%2C9402%2C9404%2C9408%2C9412-9414%2C9419%2C9422%2C9432%2C9484%2C9487%2C9492%2C9510%2C9545%2C9558%2C9563%2C9566%2C9582%2C9610%2C9627%2C9651
r9658
  +dir_prop: branches/qmmp-1.4 svn:mergeinfo /branches/qmmp-0.10:7522%0A/branches/qmmp-0.11:7919%0A/branches/qmmp-0.12:7828%2C7918%2C8045%2C8073-8075%2C8668%2C8705%2C9473-9474%0A/branches/qmmp-1.0:5596%0A/branches/qmmp-1.1:5819%2C5968%2C6043%2C6172%2C6233%2C6442%0A/branches/qmmp-1.2:6799%2C6945%2C6975%2C7173%2C7382%2C7520%0A/branches/qmmp-1.3:8706%2C8913%0A/trunk/qmmp:9398%2C9402%2C9404%2C9408%2C9412-9414%2C9419%2C9422%2C9432%2C9484%2C9487%2C9492%2C9510%2C9545%2C9558%2C9563%2C9566%2C9582%2C9610%2C9627%2C9651%2C9657
r9670
  +dir_prop: branches/qmmp-1.4 svn:mergeinfo /branches/qmmp-0.10:7522%0A/branches/qmmp-0.11:7919%0A/branches/qmmp-0.12:7828%2C7918%2C8045%2C8073-8075%2C8668%2C8705%2C9473-9474%0A/branches/qmmp-1.0:5596%0A/branches/qmmp-1.1:5819%2C5968%2C6043%2C6172%2C6233%2C6442%0A/branches/qmmp-1.2:6799%2C6945%2C6975%2C7173%2C7382%2C7520%0A/branches/qmmp-1.3:8706%2C8913%0A/trunk/qmmp:9398%2C9402%2C9404%2C9408%2C9412-9414%2C9419%2C9422%2C9432%2C9484%2C9487%2C9492%2C9510%2C9545%2C9558%2C9563%2C9566%2C9582%2C9610%2C9627%2C9651%2C9657%2C9668
r9674
r9675
r9679
r9681
r9683
r9686
r9721
  +dir_prop: branches/qmmp-1.4 svn:mergeinfo /branches/qmmp-0.10:7522%0A/branches/qmmp-0.11:7919%0A/branches/qmmp-0.12:7828%2C7918%2C8045%2C8073-8075%2C8668%2C8705%2C9473-9474%0A/branches/qmmp-1.0:5596%0A/branches/qmmp-1.1:5819%2C5968%2C6043%2C6172%2C6233%2C6442%0A/branches/qmmp-1.2:6799%2C6945%2C6975%2C7173%2C7382%2C7520%0A/branches/qmmp-1.3:8706%2C8913%0A/trunk/qmmp:9398%2C9402%2C9404%2C9408%2C9412-9414%2C9419%2C9422%2C9432%2C9484%2C9487%2C9492%2C9510%2C9545%2C9558%2C9563%2C9566%2C9582%2C9610%2C9627%2C9651%2C9657%2C9668%2C9718
r9736
r9743
  +dir_prop: branches/qmmp-1.4 svn:mergeinfo /branches/qmmp-0.10:7522%0A/branches/qmmp-0.11:7919%0A/branches/qmmp-0.12:7828%2C7918%2C8045%2C8073-8075%2C8668%2C8705%2C9473-9474%0A/branches/qmmp-1.0:5596%0A/branches/qmmp-1.1:5819%2C5968%2C6043%2C6172%2C6233%2C6442%0A/branches/qmmp-1.2:6799%2C6945%2C6975%2C7173%2C7382%2C7520%0A/branches/qmmp-1.3:8706%2C8913%0A/trunk/qmmp:9398%2C9402%2C9404%2C9408%2C9412-9414%2C9419%2C9422%2C9432%2C9484%2C9487%2C9492%2C9510%2C9545%2C9558%2C9563%2C9566%2C9582%2C9610%2C9627%2C9651%2C9657%2C9668%2C9718%2C9742
r9745
  +dir_prop: branches/qmmp-1.4 svn:mergeinfo /branches/qmmp-0.10:7522%0A/branches/qmmp-0.11:7919%0A/branches/qmmp-0.12:7828%2C7918%2C8045%2C8073-8075%2C8668%2C8705%2C9473-9474%0A/branches/qmmp-1.0:5596%0A/branches/qmmp-1.1:5819%2C5968%2C6043%2C6172%2C6233%2C6442%0A/branches/qmmp-1.2:6799%2C6945%2C6975%2C7173%2C7382%2C7520%0A/branches/qmmp-1.3:8706%2C8913%0A/trunk/qmmp:9398%2C9402%2C9404%2C9408%2C9412-9414%2C9419%2C9422%2C9432%2C9484%2C9487%2C9492%2C9510%2C9545%2C9558%2C9563%2C9566%2C9582%2C9610%2C9627%2C9651%2C9657%2C9668%2C9718%2C9742%2C9744
r9748
  +dir_prop: branches/qmmp-1.4 svn:mergeinfo /branches/qmmp-0.10:7522%0A/branches/qmmp-0.11:7919%0A/branches/qmmp-0.12:7828%2C7918%2C8045%2C8073-8075%2C8668%2C8705%2C9473-9474%0A/branches/qmmp-1.0:5596%0A/branches/qmmp-1.1:5819%2C5968%2C6043%2C6172%2C6233%2C6442%0A/branches/qmmp-1.2:6799%2C6945%2C6975%2C7173%2C7382%2C7520%0A/branches/qmmp-1.3:8706%2C8913%0A/trunk/qmmp:9398%2C9402%2C9404%2C9408%2C9412-9414%2C9419%2C9422%2C9432%2C9484%2C9487%2C9492%2C9510%2C9545%2C9558%2C9563%2C9566%2C9582%2C9610%2C9627%2C9651%2C9657%2C9668%2C9718%2C9742%2C9744%2C9747
r9759
  +dir_prop: branches/qmmp-1.4 svn:mergeinfo /branches/qmmp-0.10:7522%0A/branches/qmmp-0.11:7919%0A/branches/qmmp-0.12:7828%2C7918%2C8045%2C8073-8075%2C8668%2C8705%2C9473-9474%0A/branches/qmmp-1.0:5596%0A/branches/qmmp-1.1:5819%2C5968%2C6043%2C6172%2C6233%2C6442%0A/branches/qmmp-1.2:6799%2C6945%2C6975%2C7173%2C7382%2C7520%0A/branches/qmmp-1.3:8706%2C8913%0A/trunk/qmmp:9398%2C9402%2C9404%2C9408%2C9412-9414%2C9419%2C9422%2C9432%2C9484%2C9487%2C9492%2C9510%2C9545%2C9558%2C9563%2C9566%2C9582%2C9610%2C9627%2C9651%2C9657%2C9668%2C9718%2C9742%2C9744%2C9747%2C9757-9758
r9792
  +dir_prop: branches/qmmp-1.4 svn:mergeinfo /branches/qmmp-0.10:7522%0A/branches/qmmp-0.11:7919%0A/branches/qmmp-0.12:7828%2C7918%2C8045%2C8073-8075%2C8668%2C8705%2C9473-9474%0A/branches/qmmp-1.0:5596%0A/branches/qmmp-1.1:5819%2C5968%2C6043%2C6172%2C6233%2C6442%0A/branches/qmmp-1.2:6799%2C6945%2C6975%2C7173%2C7382%2C7520%0A/branches/qmmp-1.3:8706%2C8913%0A/trunk/qmmp:9398%2C9402%2C9404%2C9408%2C9412-9414%2C9419%2C9422%2C9432%2C9484%2C9487%2C9492%2C9510%2C9545%2C9558%2C9563%2C9566%2C9582%2C9610%2C9627%2C9651%2C9657%2C9668%2C9718%2C9742%2C9744%2C9747%2C9757-9758%2C9791
r9799
  +dir_prop: branches/qmmp-1.4 svn:mergeinfo /branches/qmmp-0.10:7522%0A/branches/qmmp-0.11:7919%0A/branches/qmmp-0.12:7828%2C7918%2C8045%2C8073-8075%2C8668%2C8705%2C9473-9474%0A/branches/qmmp-1.0:5596%0A/branches/qmmp-1.1:5819%2C5968%2C6043%2C6172%2C6233%2C6442%0A/branches/qmmp-1.2:6799%2C6945%2C6975%2C7173%2C7382%2C7520%0A/branches/qmmp-1.3:8706%2C8913%0A/trunk/qmmp:9398%2C9402%2C9404%2C9408%2C9412-9414%2C9419%2C9422%2C9432%2C9484%2C9487%2C9492%2C9510%2C9545%2C9558%2C9563%2C9566%2C9582%2C9610%2C9627%2C9651%2C9657%2C9668%2C9718%2C9742%2C9744%2C9747%2C9757-9758%2C9791%2C9798
r9814
r9835
r9837
r9841
r9850
r9863
r9884
  +dir_prop: branches/qmmp-1.4 svn:mergeinfo /branches/qmmp-0.10:7522%0A/branches/qmmp-0.11:7919%0A/branches/qmmp-0.12:7828%2C7918%2C8045%2C8073-8075%2C8668%2C8705%2C9473-9474%0A/branches/qmmp-1.0:5596%0A/branches/qmmp-1.1:5819%2C5968%2C6043%2C6172%2C6233%2C6442%0A/branches/qmmp-1.2:6799%2C6945%2C6975%2C7173%2C7382%2C7520%0A/branches/qmmp-1.3:8706%2C8913%0A/trunk/qmmp:9398%2C9402%2C9404%2C9408%2C9412-9414%2C9419%2C9422%2C9432%2C9484%2C9487%2C9492%2C9510%2C9545%2C9558%2C9563%2C9566%2C9582%2C9610%2C9627%2C9651%2C9657%2C9668%2C9718%2C9742%2C9744%2C9747%2C9757-9758%2C9791%2C9798%2C9883
  +dir_prop: branches/qmmp-1.4/src/plugins/Ui/qsui svn:mergeinfo /branches/qmmp-0.12/src/plugins/Ui/qsui:8073-8075%0A/branches/qmmp-1.1/src/plugins/Ui/qsui:6172%0A/branches/qmmp-1.2/src/plugins/Ui/qsui:7382%0A/trunk/qmmp/src/plugins/Ui/qsui:9422%2C9883%0A/trunk/qmmp/src/plugins/Ui/skinned:5223%2C6018-6019%2C6022
r9895
r9920
  +dir_prop: branches/qmmp-1.4 svn:mergeinfo /branches/qmmp-0.10:7522%0A/branches/qmmp-0.11:7919%0A/branches/qmmp-0.12:7828%2C7918%2C8045%2C8073-8075%2C8668%2C8705%2C9473-9474%0A/branches/qmmp-1.0:5596%0A/branches/qmmp-1.1:5819%2C5968%2C6043%2C6172%2C6233%2C6442%0A/branches/qmmp-1.2:6799%2C6945%2C6975%2C7173%2C7382%2C7520%0A/branches/qmmp-1.3:8706%2C8913%0A/trunk/qmmp:9398%2C9402%2C9404%2C9408%2C9412-9414%2C9419%2C9422%2C9432%2C9484%2C9487%2C9492%2C9510%2C9545%2C9558%2C9563%2C9566%2C9582%2C9610%2C9627%2C9651%2C9657%2C9668%2C9718%2C9742%2C9744%2C9747%2C9757-9758%2C9791%2C9798%2C9883%2C9919
r9927
  +dir_prop: branches/qmmp-1.4 svn:mergeinfo /branches/qmmp-0.10:7522%0A/branches/qmmp-0.11:7919%0A/branches/qmmp-0.12:7828%2C7918%2C8045%2C8073-8075%2C8668%2C8705%2C9473-9474%0A/branches/qmmp-1.0:5596%0A/branches/qmmp-1.1:5819%2C5968%2C6043%2C6172%2C6233%2C6442%0A/branches/qmmp-1.2:6799%2C6945%2C6975%2C7173%2C7382%2C7520%0A/branches/qmmp-1.3:8706%2C8913%0A/branches/qmmp-2.0:9926%0A/trunk/qmmp:9398%2C9402%2C9404%2C9408%2C9412-9414%2C9419%2C9422%2C9432%2C9484%2C9487%2C9492%2C9510%2C9545%2C9558%2C9563%2C9566%2C9582%2C9610%2C9627%2C9651%2C9657%2C9668%2C9718%2C9742%2C9744%2C9747%2C9757-9758%2C9791%2C9798%2C9883%2C9919
r9929
r9943
r9945
r9948
  +dir_prop: branches/qmmp-1.4 svn:mergeinfo /branches/qmmp-0.10:7522%0A/branches/qmmp-0.11:7919%0A/branches/qmmp-0.12:7828%2C7918%2C8045%2C8073-8075%2C8668%2C8705%2C9473-9474%0A/branches/qmmp-1.0:5596%0A/branches/qmmp-1.1:5819%2C5968%2C6043%2C6172%2C6233%2C6442%0A/branches/qmmp-1.2:6799%2C6945%2C6975%2C7173%2C7382%2C7520%0A/branches/qmmp-1.3:8706%2C8913%0A/branches/qmmp-2.0:9926%2C9946%0A/trunk/qmmp:9398%2C9402%2C9404%2C9408%2C9412-9414%2C9419%2C9422%2C9432%2C9484%2C9487%2C9492%2C9510%2C9545%2C9558%2C9563%2C9566%2C9582%2C9610%2C9627%2C9651%2C9657%2C9668%2C9718%2C9742%2C9744%2C9747%2C9757-9758%2C9791%2C9798%2C9883%2C9919
r9949
r9950
r9955
  +dir_prop: branches/qmmp-1.4 svn:mergeinfo /branches/qmmp-0.10:7522%0A/branches/qmmp-0.11:7919%0A/branches/qmmp-0.12:7828%2C7918%2C8045%2C8073-8075%2C8668%2C8705%2C9473-9474%0A/branches/qmmp-1.0:5596%0A/branches/qmmp-1.1:5819%2C5968%2C6043%2C6172%2C6233%2C6442%0A/branches/qmmp-1.2:6799%2C6945%2C6975%2C7173%2C7382%2C7520%0A/branches/qmmp-1.3:8706%2C8913%0A/branches/qmmp-2.0:9926%2C9946%0A/trunk/qmmp:9398%2C9402%2C9404%2C9408%2C9412-9414%2C9419%2C9422%2C9432%2C9484%2C9487%2C9492%2C9510%2C9545%2C9558%2C9563%2C9566%2C9582%2C9610%2C9627%2C9651%2C9657%2C9668%2C9718%2C9742%2C9744%2C9747%2C9757-9758%2C9791%2C9798%2C9883%2C9919%2C9953
r9961
  +dir_prop: branches/qmmp-1.4 svn:mergeinfo /branches/qmmp-0.10:7522%0A/branches/qmmp-0.11:7919%0A/branches/qmmp-0.12:7828%2C7918%2C8045%2C8073-8075%2C8668%2C8705%2C9473-9474%0A/branches/qmmp-1.0:5596%0A/branches/qmmp-1.1:5819%2C5968%2C6043%2C6172%2C6233%2C6442%0A/branches/qmmp-1.2:6799%2C6945%2C6975%2C7173%2C7382%2C7520%0A/branches/qmmp-1.3:8706%2C8913%0A/branches/qmmp-2.0:9926%2C9946%0A/trunk/qmmp:9398%2C9402%2C9404%2C9408%2C9412-9414%2C9419%2C9422%2C9432%2C9484%2C9487%2C9492%2C9510%2C9545%2C9558%2C9563%2C9566%2C9582%2C9610%2C9627%2C9651%2C9657%2C9668%2C9718%2C9742%2C9744%2C9747%2C9757-9758%2C9791%2C9798%2C9883%2C9919%2C9953%2C9959
r9971
  +dir_prop: branches/qmmp-1.4 svn:mergeinfo /branches/qmmp-0.10:7522%0A/branches/qmmp-0.11:7919%0A/branches/qmmp-0.12:7828%2C7918%2C8045%2C8073-8075%2C8668%2C8705%2C9473-9474%0A/branches/qmmp-1.0:5596%0A/branches/qmmp-1.1:5819%2C5968%2C6043%2C6172%2C6233%2C6442%0A/branches/qmmp-1.2:6799%2C6945%2C6975%2C7173%2C7382%2C7520%0A/branches/qmmp-1.3:8706%2C8913%0A/branches/qmmp-2.0:9926%2C9946%2C9969%0A/trunk/qmmp:9398%2C9402%2C9404%2C9408%2C9412-9414%2C9419%2C9422%2C9432%2C9484%2C9487%2C9492%2C9510%2C9545%2C9558%2C9563%2C9566%2C9582%2C9610%2C9627%2C9651%2C9657%2C9668%2C9718%2C9742%2C9744%2C9747%2C9757-9758%2C9791%2C9798%2C9883%2C9919%2C9953%2C9959
r9976
