r11863
r11876
r11894
  +dir_prop: branches/qmmp-plugin-pack-2.2 svn:mergeinfo /branches/qmmp-plugin-pack-0.12:8082%0A/branches/qmmp-plugin-pack-1.2:6860%0A/trunk/qmmp:9978%2C10224%2C10270%2C11893%0A/trunk/qmmp-plugin-pack:9964-9965%2C10052%2C10224%2C10235%2C10240-10241%2C10245%2C10270%2C10306%2C10332%2C10480%2C10604%2C10611%2C10626
r11900
  +dir_prop: branches/qmmp-plugin-pack-2.2 svn:mergeinfo /branches/qmmp-plugin-pack-0.12:8082%0A/branches/qmmp-plugin-pack-1.2:6860%0A/trunk/qmmp:9978%2C10224%2C10270%2C11893%0A/trunk/qmmp-plugin-pack:9964-9965%2C10052%2C10224%2C10235%2C10240-10241%2C10245%2C10270%2C10306%2C10332%2C10480%2C10604%2C10611%2C10626%2C11899
r11905
r11937
r11938
r11939
r11941
  +dir_prop: branches/qmmp-plugin-pack-2.2 svn:mergeinfo /branches/qmmp-plugin-pack-0.12:8082%0A/branches/qmmp-plugin-pack-1.2:6860%0A/trunk/qmmp:9978%2C10224%2C10270%2C11893%0A/trunk/qmmp-plugin-pack:9964-9965%2C10052%2C10224%2C10235%2C10240-10241%2C10245%2C10270%2C10306%2C10332%2C10480%2C10604%2C10611%2C10626%2C11899%2C11940
r11950
r12018
  +dir_prop: branches/qmmp-plugin-pack-2.2 svn:mergeinfo /branches/qmmp-plugin-pack-0.12:8082%0A/branches/qmmp-plugin-pack-1.2:6860%0A/trunk/qmmp:9978%2C10224%2C10270%2C11893%0A/trunk/qmmp-plugin-pack:9964-9965%2C10052%2C10224%2C10235%2C10240-10241%2C10245%2C10270%2C10306%2C10332%2C10480%2C10604%2C10611%2C10626%2C11899%2C11940%2C12017
r12098
r12108
  +dir_prop: branches/qmmp-plugin-pack-2.2 svn:mergeinfo /branches/qmmp-plugin-pack-0.12:8082%0A/branches/qmmp-plugin-pack-1.2:6860%0A/trunk/qmmp:9978%2C10224%2C10270%2C11893%0A/trunk/qmmp-plugin-pack:9964-9965%2C10052%2C10224%2C10235%2C10240-10241%2C10245%2C10270%2C10306%2C10332%2C10480%2C10604%2C10611%2C10626%2C11899%2C11940%2C12017%2C12107
r12165
  +dir_prop: branches/qmmp-plugin-pack-2.2 svn:mergeinfo /branches/qmmp-plugin-pack-0.12:8082%0A/branches/qmmp-plugin-pack-1.2:6860%0A/trunk/qmmp:9978%2C10224%2C10270%2C11893%0A/trunk/qmmp-plugin-pack:9964-9965%2C10052%2C10224%2C10235%2C10240-10241%2C10245%2C10270%2C10306%2C10332%2C10480%2C10604%2C10611%2C10626%2C11899%2C11940%2C12017%2C12107%2C12163
r12202
r12221
  +dir_prop: branches/qmmp-plugin-pack-2.2 svn:mergeinfo /branches/qmmp-plugin-pack-0.12:8082%0A/branches/qmmp-plugin-pack-1.2:6860%0A/trunk/qmmp:9978%2C10224%2C10270%2C11893%0A/trunk/qmmp-plugin-pack:9964-9965%2C10052%2C10224%2C10235%2C10240-10241%2C10245%2C10270%2C10306%2C10332%2C10480%2C10604%2C10611%2C10626%2C11899%2C11940%2C12017%2C12107%2C12163%2C12220
r12223
r12235
r12625
