r994
r996
r999
r1000
r1003
r1005
r1008
r1009
r1012
r1015
r1018
r1022
r1023
  +file_prop: branches/qmmp-0.3/src/plugins/Output/waveout/CMakeLists.txt svn:eol-style native
r1034
r1040
r1042
r1045
r1047
r1055
r1057
r1060
r1068
r1071
  +file_prop: branches/qmmp-0.3/src/ui/txt/authors_tr.txt svn:eol-style native
  +file_prop: branches/qmmp-0.3/src/ui/txt/description_tr.txt svn:eol-style native
  +file_prop: branches/qmmp-0.3/src/ui/txt/thanks_tr.txt svn:eol-style native
  +file_prop: branches/qmmp-0.3/src/ui/txt/translators_tr.txt svn:eol-style native
r1073
r1074
r1078
  -empty_dir: branches/qmmp-0.3/src/plugins/FileDialogs/QmmpFileDialog/translations/qmmp_file_dialog_plugin_it.tr
  +file_prop: branches/qmmp-0.3/src/ui/txt/authors_lt.txt svn:eol-style native
  +file_prop: branches/qmmp-0.3/src/ui/txt/description_lt.txt svn:eol-style native
  +file_prop: branches/qmmp-0.3/src/ui/txt/thanks_lt.txt svn:eol-style native
  +file_prop: branches/qmmp-0.3/src/ui/txt/translators_lt.txt svn:eol-style native
r1079
r1081
r1092
r1096
r1098
r1101
r1102
r1106
r1108
r1114
r1117
r1119
r1129
r1133
r1143
r1144
r1147
r1153
r1154
r1158
r1162
r1163
r1164
r1165
r1166
r1167
r1170
r1173
r1175
r1176
r1189
r1193
r1198
r1199
r1202
r1206
r1225
r1232
r1247
r1257
r1258
r1266
r1267
r1271
r1272
r1274
r1280
r1283
r1284
r1286
r1294
r1314
r1322
r1324
r1327
r1335
r1340
  +file_prop: branches/qmmp-0.3/update_ts.sh svn:eol-style native
r1343
r1349
r1373
r1403
r1418
r1420
r1435
r1456
r1471
r1473
r1477
r1492
r1494
r1495
r1496
r1501
r1515
r1551
r1556
r1569
r1571
r1572
r1575
r1596
r1605
r1608
r1610
r1612
r1626
r1653
r1655
r1663
r1669
r1675
r1682
r1683
