r14
r39
  +file_prop: trunk/qmmp-plugin-pack/FileDialogs/QmmpFileDialog/images/cdup.png svn:mime-type application/octet-stream
  +file_prop: trunk/qmmp-plugin-pack/FileDialogs/QmmpFileDialog/images/detail.png svn:mime-type application/octet-stream
  +file_prop: trunk/qmmp-plugin-pack/FileDialogs/QmmpFileDialog/images/list.png svn:mime-type application/octet-stream
r213
r215
r674
  +dir_prop: trunk/qmmp-plugin-pack/wildmidi svn:mergeinfo 
  +file_prop: trunk/qmmp-plugin-pack/wildmidi/decoder_wildmidi.cpp svn:eol-style native
  +file_prop: trunk/qmmp-plugin-pack/wildmidi/decoder_wildmidi.h svn:eol-style native
  +file_prop: trunk/qmmp-plugin-pack/wildmidi/decoderwildmidifactory.cpp svn:eol-style native
  +file_prop: trunk/qmmp-plugin-pack/wildmidi/decoderwildmidifactory.h svn:eol-style native
  +file_prop: trunk/qmmp-plugin-pack/wildmidi/detailsdialog.cpp svn:eol-style native
  +file_prop: trunk/qmmp-plugin-pack/wildmidi/detailsdialog.h svn:eol-style native
r801
  +file_prop: trunk/qmmp-plugin-pack/bs2b/bs2b-2.1.0/bs2b.c svn:eol-style native
  +file_prop: trunk/qmmp-plugin-pack/bs2b/bs2b-2.1.0/bs2b.h svn:eol-style native
  +file_prop: trunk/qmmp-plugin-pack/bs2b/bs2b-2.1.0/license.txt svn:eol-style native
  +file_prop: trunk/qmmp-plugin-pack/bs2b/bs2b-2.1.0/readme.txt svn:eol-style native
  +file_prop: trunk/qmmp-plugin-pack/bs2b/bs2bplugin.cpp svn:eol-style native
  +file_prop: trunk/qmmp-plugin-pack/bs2b/bs2bplugin.h svn:eol-style native
  +file_prop: trunk/qmmp-plugin-pack/bs2b/effectbs2bfactory.cpp svn:eol-style native
  +file_prop: trunk/qmmp-plugin-pack/bs2b/effectbs2bfactory.h svn:eol-style native
r808
r810
  -empty_dir: trunk/qmmp-plugin-pack/bs2b
r869
  +dir_prop: trunk/qmmp-plugin-pack/phonon svn:mergeinfo 
  +file_prop: trunk/qmmp-plugin-pack/phonon/decoder_phonon.cpp svn:eol-style native
  +file_prop: trunk/qmmp-plugin-pack/phonon/decoder_phonon.h svn:eol-style native
  +file_prop: trunk/qmmp-plugin-pack/phonon/decoderphononfactory.cpp svn:eol-style native
  +file_prop: trunk/qmmp-plugin-pack/phonon/decoderphononfactory.h svn:eol-style native
r870
r871
r1001
  -dir_prop: trunk/qmmp-plugin-pack/phonon svn:mergeinfo
  -dir_prop: trunk/qmmp-plugin-pack/wildmidi svn:mergeinfo
r1765
  -empty_dir: trunk/qmmp-plugin-pack/wildmidi/detailsdialog.cpp
  -empty_dir: trunk/qmmp-plugin-pack/wildmidi/detailsdialog.h
  -empty_dir: trunk/qmmp-plugin-pack/wildmidi/detailsdialog.ui
r1784
r1785
r1815
  -empty_dir: trunk/qmmp-plugin-pack/wildmidi
r2420
  +empty_dir: trunk/qmmp-plugin-pack/src/Input
  +empty_dir: trunk/qmmp-plugin-pack/src/Output
  +file_prop: trunk/qmmp-plugin-pack/clear_qmake.sh svn:eol-style native
  +file_prop: trunk/qmmp-plugin-pack/update_ts.sh svn:eol-style native
r2421
  +file_prop: trunk/qmmp-plugin-pack/src/Input/mpg123/decoder_mpg123.cpp svn:eol-style native
  +file_prop: trunk/qmmp-plugin-pack/src/Input/mpg123/decoder_mpg123.h svn:eol-style native
  +file_prop: trunk/qmmp-plugin-pack/src/Input/mpg123/decodermpg123factory.cpp svn:eol-style native
  +file_prop: trunk/qmmp-plugin-pack/src/Input/mpg123/decodermpg123factory.h svn:eol-style native
  +file_prop: trunk/qmmp-plugin-pack/src/Input/mpg123/mpegmetadatamodel.cpp svn:eol-style native
  +file_prop: trunk/qmmp-plugin-pack/src/Input/mpg123/mpegmetadatamodel.h svn:eol-style native
  +file_prop: trunk/qmmp-plugin-pack/src/Input/mpg123/replaygainreader.cpp svn:eol-style native
  +file_prop: trunk/qmmp-plugin-pack/src/Input/mpg123/replaygainreader.h svn:eol-style native
  +file_prop: trunk/qmmp-plugin-pack/src/Input/mpg123/settingsdialog.cpp svn:eol-style native
  +file_prop: trunk/qmmp-plugin-pack/src/Input/mpg123/settingsdialog.h svn:eol-style native
  +file_prop: trunk/qmmp-plugin-pack/src/Input/mpg123/tagextractor.cpp svn:eol-style native
  +file_prop: trunk/qmmp-plugin-pack/src/Input/mpg123/tagextractor.h svn:eol-style native
  +file_prop: trunk/qmmp-plugin-pack/src/Input/mpg123/ui_settingsdialog.h svn:eol-style native
r2422
  -empty_dir: trunk/qmmp-plugin-pack/src/Input/mpg123/ui_settingsdialog.h
  +file_prop: trunk/qmmp-plugin-pack/CMakeLists.txt svn:eol-style native
  +file_prop: trunk/qmmp-plugin-pack/src/CMakeLists.txt svn:eol-style native
  +file_prop: trunk/qmmp-plugin-pack/src/Input/CMakeLists.txt svn:eol-style native
  +file_prop: trunk/qmmp-plugin-pack/src/Input/mpg123/CMakeLists.txt svn:eol-style native
r2425
r2427
  +file_prop: trunk/qmmp-plugin-pack/src/Ui/simple/images/next.png svn:mime-type image/png
  +file_prop: trunk/qmmp-plugin-pack/src/Ui/simple/images/pause.png svn:mime-type image/png
  +file_prop: trunk/qmmp-plugin-pack/src/Ui/simple/images/play.png svn:mime-type image/png
  +file_prop: trunk/qmmp-plugin-pack/src/Ui/simple/images/previous.png svn:mime-type image/png
  +file_prop: trunk/qmmp-plugin-pack/src/Ui/simple/images/stop.png svn:mime-type image/png
  +file_prop: trunk/qmmp-plugin-pack/src/Ui/simple/listwidget.cpp svn:eol-style native
  +file_prop: trunk/qmmp-plugin-pack/src/Ui/simple/listwidget.h svn:eol-style native
  +file_prop: trunk/qmmp-plugin-pack/src/Ui/simple/main.cpp svn:eol-style native
  +file_prop: trunk/qmmp-plugin-pack/src/Ui/simple/mainwindow.cpp svn:eol-style native
  +file_prop: trunk/qmmp-plugin-pack/src/Ui/simple/mainwindow.h svn:eol-style native
  +file_prop: trunk/qmmp-plugin-pack/src/Ui/simple/pluginitem.cpp svn:eol-style native
  +file_prop: trunk/qmmp-plugin-pack/src/Ui/simple/pluginitem.h svn:eol-style native
  +file_prop: trunk/qmmp-plugin-pack/src/Ui/simple/renamedialog.cpp svn:eol-style native
  +file_prop: trunk/qmmp-plugin-pack/src/Ui/simple/renamedialog.h svn:eol-style native
  +file_prop: trunk/qmmp-plugin-pack/src/Ui/simple/simplefactory.cpp svn:eol-style native
  +file_prop: trunk/qmmp-plugin-pack/src/Ui/simple/simplefactory.h svn:eol-style native
  +file_prop: trunk/qmmp-plugin-pack/src/Ui/simple/visualmenu.cpp svn:eol-style native
  +file_prop: trunk/qmmp-plugin-pack/src/Ui/simple/visualmenu.h svn:eol-style native
r2428
r2430
  -empty_dir: trunk/qmmp-plugin-pack/src/Ui/simple/pluginitem.cpp
  -empty_dir: trunk/qmmp-plugin-pack/src/Ui/simple/pluginitem.h
r2432
r2433
r2435
  +file_prop: trunk/qmmp-plugin-pack/src/Ui/simple/positionslider.cpp svn:eol-style native
  +file_prop: trunk/qmmp-plugin-pack/src/Ui/simple/positionslider.h svn:eol-style native
r2440
  +file_prop: trunk/qmmp-plugin-pack/src/Ui/simple/actionmanager.cpp svn:eol-style native
  +file_prop: trunk/qmmp-plugin-pack/src/Ui/simple/actionmanager.h svn:eol-style native
r2441
r2443
r2446
r2447
r2448
  +file_prop: trunk/qmmp-plugin-pack/src/Ui/simple/volumeslider.cpp svn:eol-style native
  +file_prop: trunk/qmmp-plugin-pack/src/Ui/simple/volumeslider.h svn:eol-style native
r2449
r2455
  +file_prop: trunk/qmmp-plugin-pack/src/Ui/simple/simplesettings.cpp svn:eol-style native
  +file_prop: trunk/qmmp-plugin-pack/src/Ui/simple/simplesettings.h svn:eol-style native
r2456
r2457
r2458
  +file_prop: trunk/qmmp-plugin-pack/src/Ui/CMakeLists.txt svn:eol-style native
  +file_prop: trunk/qmmp-plugin-pack/src/Ui/simple/CMakeLists.txt svn:eol-style native
r2460
  +file_prop: trunk/qmmp-plugin-pack/src/Ui/simple/popupsettings.cpp svn:eol-style native
  +file_prop: trunk/qmmp-plugin-pack/src/Ui/simple/popupsettings.h svn:eol-style native
  +file_prop: trunk/qmmp-plugin-pack/src/Ui/simple/shortcutdialog.cpp svn:eol-style native
  +file_prop: trunk/qmmp-plugin-pack/src/Ui/simple/shortcutdialog.h svn:eol-style native
  +file_prop: trunk/qmmp-plugin-pack/src/Ui/simple/shortcutitem.cpp svn:eol-style native
  +file_prop: trunk/qmmp-plugin-pack/src/Ui/simple/shortcutitem.h svn:eol-style native
r2463
r2464
r2465
  +file_prop: trunk/qmmp-plugin-pack/src/Ui/simple/popupwidget.cpp svn:eol-style native
  +file_prop: trunk/qmmp-plugin-pack/src/Ui/simple/popupwidget.h svn:eol-style native
r2466
r2467
r2468
  -empty_dir: trunk/qmmp-plugin-pack/src/Ui/simple/volumeslider.cpp
  -empty_dir: trunk/qmmp-plugin-pack/src/Ui/simple/volumeslider.h
r2469
r2470
  +file_prop: trunk/qmmp-plugin-pack/src/Ui/simple/addurldialog.cpp svn:eol-style native
  +file_prop: trunk/qmmp-plugin-pack/src/Ui/simple/addurldialog.h svn:eol-style native
r2471
r2475
  +file_prop: trunk/qmmp-plugin-pack/src/Ui/simple/equalizer.cpp svn:eol-style native
  +file_prop: trunk/qmmp-plugin-pack/src/Ui/simple/equalizer.h svn:eol-style native
r2476
  -empty_dir: trunk/qmmp-plugin-pack/src/Ui/simple/images/next.png
  -empty_dir: trunk/qmmp-plugin-pack/src/Ui/simple/images/pause.png
  -empty_dir: trunk/qmmp-plugin-pack/src/Ui/simple/images/play.png
  -empty_dir: trunk/qmmp-plugin-pack/src/Ui/simple/images/previous.png
  -empty_dir: trunk/qmmp-plugin-pack/src/Ui/simple/images/stop.png
  -empty_dir: trunk/qmmp-plugin-pack/src/Ui/simple/stuff.qrc
  +file_prop: trunk/qmmp-plugin-pack/src/Ui/simple/aboutsimpleuidialog.cpp svn:eol-style native
  +file_prop: trunk/qmmp-plugin-pack/src/Ui/simple/aboutsimpleuidialog.h svn:eol-style native
  +file_prop: trunk/qmmp-plugin-pack/src/Ui/simple/images/simple_settings.png svn:mime-type image/png
  +file_prop: trunk/qmmp-plugin-pack/src/Ui/simple/images/terminus.png svn:mime-type image/png
  +file_prop: trunk/qmmp-plugin-pack/src/Ui/simple/logo.cpp svn:eol-style native
  +file_prop: trunk/qmmp-plugin-pack/src/Ui/simple/logo.h svn:eol-style native
  +file_prop: trunk/qmmp-plugin-pack/src/Ui/simple/qrc_stuff.cpp svn:eol-style native
  +file_prop: trunk/qmmp-plugin-pack/src/Ui/simple/txt/ascii_logo.txt svn:eol-style native
  +file_prop: trunk/qmmp-plugin-pack/src/Ui/simple/txt/authors.txt svn:eol-style native
  +file_prop: trunk/qmmp-plugin-pack/src/Ui/simple/txt/authors_ru.txt svn:eol-style native
r2479
r2480
r2481
r2483
  +file_prop: trunk/qmmp-plugin-pack/src/Ui/simple/images/ui_no_cover.png svn:mime-type image/png
r2484
r2487
  +file_prop: trunk/qmmp-plugin-pack/src/Ui/simple/keyboardmanager.cpp svn:eol-style native
  +file_prop: trunk/qmmp-plugin-pack/src/Ui/simple/keyboardmanager.h svn:eol-style native
r2488
r2489
r2490
r2494
r2505
  +file_prop: trunk/qmmp-plugin-pack/src/Input/ffap/CMakeLists.txt svn:eol-style native
  +file_prop: trunk/qmmp-plugin-pack/src/Input/ffap/cueparser.cpp svn:eol-style native
  +file_prop: trunk/qmmp-plugin-pack/src/Input/ffap/cueparser.h svn:eol-style native
  +file_prop: trunk/qmmp-plugin-pack/src/Input/ffap/decoder_ffap.cpp svn:eol-style native
  +file_prop: trunk/qmmp-plugin-pack/src/Input/ffap/decoder_ffap.h svn:eol-style native
  +file_prop: trunk/qmmp-plugin-pack/src/Input/ffap/decoderffapfactory.cpp svn:eol-style native
  +file_prop: trunk/qmmp-plugin-pack/src/Input/ffap/decoderffapfactory.h svn:eol-style native
  +file_prop: trunk/qmmp-plugin-pack/src/Input/ffap/ffap.c svn:eol-style native
  +file_prop: trunk/qmmp-plugin-pack/src/Input/ffap/ffap.h svn:eol-style native
  +file_prop: trunk/qmmp-plugin-pack/src/Input/ffap/ffapmetadatamodel.cpp svn:eol-style native
  +file_prop: trunk/qmmp-plugin-pack/src/Input/ffap/ffapmetadatamodel.h svn:eol-style native
  +file_prop: trunk/qmmp-plugin-pack/src/Input/ffap/replaygainreader.cpp svn:eol-style native
  +file_prop: trunk/qmmp-plugin-pack/src/Input/ffap/replaygainreader.h svn:eol-style native
r2506
r2507
r2508
r2509
r2511
  +file_prop: trunk/qmmp-plugin-pack/src/Input/ffap/decoder_ffapcue.cpp svn:eol-style native
  +file_prop: trunk/qmmp-plugin-pack/src/Input/ffap/decoder_ffapcue.h svn:eol-style native
r2515
r2516
r2517
  -empty_dir: trunk/qmmp-plugin-pack/src/Ui/simple/txt/authors.txt
  -empty_dir: trunk/qmmp-plugin-pack/src/Ui/simple/txt/authors_ru.txt
r2518
r2523
r2526
r2527
r2531
r2532
r2533
r2534
r2551
r2562
r2574
r2582
r2593
r2598
r2602
r2605
r2610
r2611
r2613
r2614
r2661
r2662
r2663
  -empty_dir: trunk/qmmp-plugin-pack/src/Ui/simple/qrc_stuff.cpp
r2664
r2665
r2671
r2672
r2676
  +file_prop: trunk/qmmp-plugin-pack/src/Ui/simple/txt/qsui_authors.txt svn:eol-style native
  +file_prop: trunk/qmmp-plugin-pack/src/Ui/simple/txt/qsui_authors_ru.txt svn:eol-style native
r2677
  -empty_dir: trunk/qmmp-plugin-pack/src/Ui/simple
  +file_prop: trunk/qmmp-plugin-pack/src/Ui/qsui/CMakeLists.txt svn:eol-style native
  +file_prop: trunk/qmmp-plugin-pack/src/Ui/qsui/aboutsimpleuidialog.cpp svn:eol-style native
  +file_prop: trunk/qmmp-plugin-pack/src/Ui/qsui/aboutsimpleuidialog.h svn:eol-style native
  +file_prop: trunk/qmmp-plugin-pack/src/Ui/qsui/actionmanager.cpp svn:eol-style native
  +file_prop: trunk/qmmp-plugin-pack/src/Ui/qsui/actionmanager.h svn:eol-style native
  +file_prop: trunk/qmmp-plugin-pack/src/Ui/qsui/addurldialog.cpp svn:eol-style native
  +file_prop: trunk/qmmp-plugin-pack/src/Ui/qsui/addurldialog.h svn:eol-style native
  +file_prop: trunk/qmmp-plugin-pack/src/Ui/qsui/equalizer.cpp svn:eol-style native
  +file_prop: trunk/qmmp-plugin-pack/src/Ui/qsui/equalizer.h svn:eol-style native
  +file_prop: trunk/qmmp-plugin-pack/src/Ui/qsui/images/simple_settings.png svn:mime-type image/png
  +file_prop: trunk/qmmp-plugin-pack/src/Ui/qsui/images/terminus.png svn:mime-type image/png
  +file_prop: trunk/qmmp-plugin-pack/src/Ui/qsui/images/ui_no_cover.png svn:mime-type image/png
  +file_prop: trunk/qmmp-plugin-pack/src/Ui/qsui/keyboardmanager.cpp svn:eol-style native
  +file_prop: trunk/qmmp-plugin-pack/src/Ui/qsui/keyboardmanager.h svn:eol-style native
  +file_prop: trunk/qmmp-plugin-pack/src/Ui/qsui/listwidget.cpp svn:eol-style native
  +file_prop: trunk/qmmp-plugin-pack/src/Ui/qsui/listwidget.h svn:eol-style native
  +file_prop: trunk/qmmp-plugin-pack/src/Ui/qsui/logo.cpp svn:eol-style native
  +file_prop: trunk/qmmp-plugin-pack/src/Ui/qsui/logo.h svn:eol-style native
  +file_prop: trunk/qmmp-plugin-pack/src/Ui/qsui/main.cpp svn:eol-style native
  +file_prop: trunk/qmmp-plugin-pack/src/Ui/qsui/mainwindow.cpp svn:eol-style native
  +file_prop: trunk/qmmp-plugin-pack/src/Ui/qsui/mainwindow.h svn:eol-style native
  +file_prop: trunk/qmmp-plugin-pack/src/Ui/qsui/popupsettings.cpp svn:eol-style native
  +file_prop: trunk/qmmp-plugin-pack/src/Ui/qsui/popupsettings.h svn:eol-style native
  +file_prop: trunk/qmmp-plugin-pack/src/Ui/qsui/popupwidget.cpp svn:eol-style native
  +file_prop: trunk/qmmp-plugin-pack/src/Ui/qsui/popupwidget.h svn:eol-style native
  +file_prop: trunk/qmmp-plugin-pack/src/Ui/qsui/positionslider.cpp svn:eol-style native
  +file_prop: trunk/qmmp-plugin-pack/src/Ui/qsui/positionslider.h svn:eol-style native
  +file_prop: trunk/qmmp-plugin-pack/src/Ui/qsui/renamedialog.cpp svn:eol-style native
  +file_prop: trunk/qmmp-plugin-pack/src/Ui/qsui/renamedialog.h svn:eol-style native
  +file_prop: trunk/qmmp-plugin-pack/src/Ui/qsui/shortcutdialog.cpp svn:eol-style native
  +file_prop: trunk/qmmp-plugin-pack/src/Ui/qsui/shortcutdialog.h svn:eol-style native
  +file_prop: trunk/qmmp-plugin-pack/src/Ui/qsui/shortcutitem.cpp svn:eol-style native
  +file_prop: trunk/qmmp-plugin-pack/src/Ui/qsui/shortcutitem.h svn:eol-style native
  +file_prop: trunk/qmmp-plugin-pack/src/Ui/qsui/simplefactory.cpp svn:eol-style native
  +file_prop: trunk/qmmp-plugin-pack/src/Ui/qsui/simplefactory.h svn:eol-style native
  +file_prop: trunk/qmmp-plugin-pack/src/Ui/qsui/simplesettings.cpp svn:eol-style native
  +file_prop: trunk/qmmp-plugin-pack/src/Ui/qsui/simplesettings.h svn:eol-style native
  +file_prop: trunk/qmmp-plugin-pack/src/Ui/qsui/txt/ascii_logo.txt svn:eol-style native
  +file_prop: trunk/qmmp-plugin-pack/src/Ui/qsui/txt/qsui_authors.txt svn:eol-style native
  +file_prop: trunk/qmmp-plugin-pack/src/Ui/qsui/txt/qsui_authors_ru.txt svn:eol-style native
  +file_prop: trunk/qmmp-plugin-pack/src/Ui/qsui/visualmenu.cpp svn:eol-style native
  +file_prop: trunk/qmmp-plugin-pack/src/Ui/qsui/visualmenu.h svn:eol-style native
r2678
  -empty_dir: trunk/qmmp-plugin-pack/src/Ui/qsui/aboutsimpleuidialog.cpp
  -empty_dir: trunk/qmmp-plugin-pack/src/Ui/qsui/aboutsimpleuidialog.h
  -empty_dir: trunk/qmmp-plugin-pack/src/Ui/qsui/forms/aboutsimpleuidialog.ui
  -empty_dir: trunk/qmmp-plugin-pack/src/Ui/qsui/forms/simplesettings.ui
  -empty_dir: trunk/qmmp-plugin-pack/src/Ui/qsui/simple.pro
  -empty_dir: trunk/qmmp-plugin-pack/src/Ui/qsui/simplefactory.cpp
  -empty_dir: trunk/qmmp-plugin-pack/src/Ui/qsui/simplefactory.h
  -empty_dir: trunk/qmmp-plugin-pack/src/Ui/qsui/simplesettings.cpp
  -empty_dir: trunk/qmmp-plugin-pack/src/Ui/qsui/simplesettings.h
  -empty_dir: trunk/qmmp-plugin-pack/src/Ui/qsui/translations/simple_plugin_cs.ts
  -empty_dir: trunk/qmmp-plugin-pack/src/Ui/qsui/translations/simple_plugin_de.ts
  -empty_dir: trunk/qmmp-plugin-pack/src/Ui/qsui/translations/simple_plugin_es.ts
  -empty_dir: trunk/qmmp-plugin-pack/src/Ui/qsui/translations/simple_plugin_fr.ts
  -empty_dir: trunk/qmmp-plugin-pack/src/Ui/qsui/translations/simple_plugin_hu.ts
  -empty_dir: trunk/qmmp-plugin-pack/src/Ui/qsui/translations/simple_plugin_it.ts
  -empty_dir: trunk/qmmp-plugin-pack/src/Ui/qsui/translations/simple_plugin_ja.ts
  -empty_dir: trunk/qmmp-plugin-pack/src/Ui/qsui/translations/simple_plugin_kk.ts
  -empty_dir: trunk/qmmp-plugin-pack/src/Ui/qsui/translations/simple_plugin_lt.ts
  -empty_dir: trunk/qmmp-plugin-pack/src/Ui/qsui/translations/simple_plugin_nl.ts
  -empty_dir: trunk/qmmp-plugin-pack/src/Ui/qsui/translations/simple_plugin_pt_BR.ts
  -empty_dir: trunk/qmmp-plugin-pack/src/Ui/qsui/translations/simple_plugin_ru.ts
  -empty_dir: trunk/qmmp-plugin-pack/src/Ui/qsui/translations/simple_plugin_sk.ts
  -empty_dir: trunk/qmmp-plugin-pack/src/Ui/qsui/translations/simple_plugin_tr.ts
  -empty_dir: trunk/qmmp-plugin-pack/src/Ui/qsui/translations/simple_plugin_uk_UA.ts
  -empty_dir: trunk/qmmp-plugin-pack/src/Ui/qsui/translations/simple_plugin_zh_CN.ts
  -empty_dir: trunk/qmmp-plugin-pack/src/Ui/qsui/translations/simple_plugin_zh_TW.ts
  -empty_dir: trunk/qmmp-plugin-pack/src/Ui/qsui/txt/simple_txt.qrc
  +file_prop: trunk/qmmp-plugin-pack/src/Ui/qsui/aboutqsuidialog.cpp svn:eol-style native
  +file_prop: trunk/qmmp-plugin-pack/src/Ui/qsui/aboutqsuidialog.h svn:eol-style native
  +file_prop: trunk/qmmp-plugin-pack/src/Ui/qsui/qsuifactory.cpp svn:eol-style native
  +file_prop: trunk/qmmp-plugin-pack/src/Ui/qsui/qsuifactory.h svn:eol-style native
  +file_prop: trunk/qmmp-plugin-pack/src/Ui/qsui/qsuisettings.cpp svn:eol-style native
  +file_prop: trunk/qmmp-plugin-pack/src/Ui/qsui/qsuisettings.h svn:eol-style native
r2679
r2680
  -empty_dir: trunk/qmmp-plugin-pack/src/Ui/qsui/images/simple_images.qrc
  -empty_dir: trunk/qmmp-plugin-pack/src/Ui/qsui/images/simple_settings.png
  -empty_dir: trunk/qmmp-plugin-pack/src/Ui/qsui/translations/simple_plugin_pl_PL.ts
  +file_prop: trunk/qmmp-plugin-pack/src/Ui/qsui/images/qsui_settings.png svn:mime-type image/png
r2681
r2686
  +file_prop: trunk/qmmp-plugin-pack/src/Ui/qsui/images/audio-volume-high.png svn:mime-type image/png
  +file_prop: trunk/qmmp-plugin-pack/src/Ui/qsui/images/audio-volume-low.png svn:mime-type image/png
  +file_prop: trunk/qmmp-plugin-pack/src/Ui/qsui/images/audio-volume-medium.png svn:mime-type image/png
  +file_prop: trunk/qmmp-plugin-pack/src/Ui/qsui/images/audio-volume-muted.png svn:mime-type image/png
  +file_prop: trunk/qmmp-plugin-pack/src/Ui/qsui/images/media-eject.png svn:mime-type image/png
  +file_prop: trunk/qmmp-plugin-pack/src/Ui/qsui/images/media-playback-pause.png svn:mime-type image/png
  +file_prop: trunk/qmmp-plugin-pack/src/Ui/qsui/images/media-playback-start.png svn:mime-type image/png
  +file_prop: trunk/qmmp-plugin-pack/src/Ui/qsui/images/media-playback-stop.png svn:mime-type image/png
  +file_prop: trunk/qmmp-plugin-pack/src/Ui/qsui/images/media-skip-backward.png svn:mime-type image/png
  +file_prop: trunk/qmmp-plugin-pack/src/Ui/qsui/images/media-skip-forward.png svn:mime-type image/png
r2687
r2688
r2694
  +file_prop: trunk/qmmp-plugin-pack/src/Ui/qsui/txt/qsui_authors_ja.txt svn:eol-style native
r2697
r2699
  +file_prop: trunk/qmmp-plugin-pack/src/Ui/qsui/txt/qsui_authors_pl.txt svn:eol-style native
r2700
r2705
r2706
r2707
r2708
  +file_prop: trunk/qmmp-plugin-pack/src/Ui/qsui/txt/qsui_authors_nl.txt svn:eol-style native
r2713
r2732
r2733
r2755
r2762
r2768
r2770
r2771
r2781
r2795
r2801
r2803
r2804
r2810
r2814
r2817
r2846
r2847
r2855
  +file_prop: trunk/qmmp-plugin-pack/src/Ui/qsui/txt/qsui_authors_lt_LT.txt svn:eol-style native
r2858
r2862
r2876
r2901
  -empty_dir: trunk/qmmp-plugin-pack/remove_svn_tags
  -empty_dir: trunk/qmmp-plugin-pack/remove_svn_tags.cmd
  -empty_dir: trunk/qmmp-plugin-pack/update_ts.sh
  +file_prop: trunk/qmmp-plugin-pack/utils/remove_svn_tags.sh svn:eol-style native
  +file_prop: trunk/qmmp-plugin-pack/utils/update_ts.sh svn:eol-style native
r2934
  +file_prop: trunk/qmmp-plugin-pack/src/Ui/qsui/fft.c svn:eol-style native
  +file_prop: trunk/qmmp-plugin-pack/src/Ui/qsui/fft.h svn:eol-style native
  +file_prop: trunk/qmmp-plugin-pack/src/Ui/qsui/inlines.h svn:eol-style native
  +file_prop: trunk/qmmp-plugin-pack/src/Ui/qsui/qsuianalyzer.cpp svn:eol-style native
  +file_prop: trunk/qmmp-plugin-pack/src/Ui/qsui/qsuianalyzer.h svn:eol-style native
r2935
r2940
  +file_prop: trunk/qmmp-plugin-pack/src/Ui/qsui/colorwidget.cpp svn:eol-style native
  +file_prop: trunk/qmmp-plugin-pack/src/Ui/qsui/colorwidget.h svn:eol-style native
r2943
r2953
r2954
r2955
r2967
r2975
r2976
r2979
r2980
r2982
r2992
r3006
r3008
  +file_prop: trunk/qmmp-plugin-pack/src/Ui/qsui/txt/qsui_authors_he.txt svn:eol-style native
r3015
r3018
r3030
r3048
r3059
r3064
r3069
r3076
r3092
  -empty_dir: trunk/qmmp-plugin-pack/src/Ui/qsui/addurldialog.cpp
  -empty_dir: trunk/qmmp-plugin-pack/src/Ui/qsui/addurldialog.h
  -empty_dir: trunk/qmmp-plugin-pack/src/Ui/qsui/forms/addurldialog.ui
r3096
r3099
  +file_prop: trunk/qmmp-plugin-pack/src/Ui/qsui/qsuitabwidget.cpp svn:eol-style native
  +file_prop: trunk/qmmp-plugin-pack/src/Ui/qsui/qsuitabwidget.h svn:eol-style native
r3100
  +file_prop: trunk/qmmp-plugin-pack/src/Ui/qsui/qsuitabbar.cpp svn:eol-style native
  +file_prop: trunk/qmmp-plugin-pack/src/Ui/qsui/qsuitabbar.h svn:eol-style native
r3101
r3102
r3105
r3108
r3110
r3117
r3129
r3168
r3176
r3180
r3184
r3190
  -empty_dir: trunk/qmmp-plugin-pack/src/Ui/qsui/renamedialog.cpp
  -empty_dir: trunk/qmmp-plugin-pack/src/Ui/qsui/renamedialog.h
r3192
  -empty_dir: trunk/qmmp-plugin-pack/src/Ui/qsui/forms/renamedialog.ui
r3207
r3248
r3251
r3254
r3282
r3283
r3284
r3285
r3286
r3287
r3288
r3290
r3291
  -empty_dir: trunk/qmmp-plugin-pack/src/Ui/qsui/main.cpp
r3293
r3294
r3295
r3296
  -empty_dir: trunk/qmmp-plugin-pack/TODO
r3297
  -empty_dir: trunk/qmmp-plugin-pack/src/Ui/qsui/images
  +file_prop: trunk/qmmp-plugin-pack/src/Ui/qsui/resources/audio-volume-high.png svn:mime-type application/octet-stream
  +file_prop: trunk/qmmp-plugin-pack/src/Ui/qsui/resources/audio-volume-low.png svn:mime-type application/octet-stream
  +file_prop: trunk/qmmp-plugin-pack/src/Ui/qsui/resources/audio-volume-medium.png svn:mime-type application/octet-stream
  +file_prop: trunk/qmmp-plugin-pack/src/Ui/qsui/resources/audio-volume-muted.png svn:mime-type application/octet-stream
  +file_prop: trunk/qmmp-plugin-pack/src/Ui/qsui/resources/media-eject.png svn:mime-type application/octet-stream
  +file_prop: trunk/qmmp-plugin-pack/src/Ui/qsui/resources/media-playback-pause.png svn:mime-type application/octet-stream
  +file_prop: trunk/qmmp-plugin-pack/src/Ui/qsui/resources/media-playback-start.png svn:mime-type application/octet-stream
  +file_prop: trunk/qmmp-plugin-pack/src/Ui/qsui/resources/media-playback-stop.png svn:mime-type application/octet-stream
  +file_prop: trunk/qmmp-plugin-pack/src/Ui/qsui/resources/media-skip-backward.png svn:mime-type application/octet-stream
  +file_prop: trunk/qmmp-plugin-pack/src/Ui/qsui/resources/media-skip-forward.png svn:mime-type application/octet-stream
  +file_prop: trunk/qmmp-plugin-pack/src/Ui/qsui/resources/qsui_settings.png svn:mime-type application/octet-stream
  +file_prop: trunk/qmmp-plugin-pack/src/Ui/qsui/resources/terminus.png svn:mime-type application/octet-stream
  +file_prop: trunk/qmmp-plugin-pack/src/Ui/qsui/resources/ui_no_cover.png svn:mime-type application/octet-stream
r3298
r3299
r3300
r3301
r3320
r3325
r3329
r3332
r3333
r3334
r3335
r3340
r3342
r3359
r3365
r3366
r3370
r3375
r3377
r3379
r3387
r3388
r3391
r3394
r3395
r3419
r3437
r3456
r3459
r3497
r3537
r3563
r3581
r3636
r3638
r3639
r3640
r3642
r3643
r3645
r3646
r3647
r3653
r3654
r3660
r3668
r3676
r3682
r3687
r3690
r3691
r3749
r3808
r3810
r3812
r3813
r3815
  -empty_dir: trunk/qmmp-plugin-pack/src/Input/fluidsynth/settingsdialog.cpp
  -empty_dir: trunk/qmmp-plugin-pack/src/Input/fluidsynth/settingsdialog.h
r3816
  -empty_dir: trunk/qmmp-plugin-pack/src/Input/fluidsynth
r3827
r3845
r3846
r3847
r3848
r3850
r3854
r3855
r3856
r3857
r3858
r3859
r3860
  -empty_dir: trunk/qmmp-plugin-pack/src/Ui/qsui/forms/filesystembrowser.ui
r3861
r3862
r3863
r3864
r3865
r3866
r3867
r3868
r3869
r3870
r3871
r3876
r3877
r3879
r3881
r3884
r3885
r3886
r3892
r3893
r3894
r3895
r3896
r3897
r3898
r3899
r3900
r3901
r3902
r3903
r3908
r3909
r3910
r3917
r3928
r3932
r3963
r3970
r3982
r3984
r3985
r3986
r3987
r3990
r3991
r3992
r4017
r4018
r4032
r4034
r4036
r4040
r4046
r4085
r4107
r4114
r4115
r4116
r4119
r4120
r4121
r4130
r4132
r4143
r4149
r4160
r4161
r4162
r4163
r4164
r4165
r4167
r4168
r4169
r4170
r4171
r4172
r4173
r4174
r4175
r4177
r4178
r4182
r4199
r4204
r4210
r4211
r4248
r4255
r4262
r4264
r4265
r4272
r4273
r4275
r4276
  -empty_dir: trunk/qmmp-plugin-pack/src/Input/ffap/translations/ffap_plugin_pl.ts
  -empty_dir: trunk/qmmp-plugin-pack/src/Input/mpg123/translations/mpg123_plugin_pl.ts
r4278
  -empty_dir: trunk/qmmp-plugin-pack/src/Ui/qsui/txt/qsui_authors_pl.txt
  +file_prop: trunk/qmmp-plugin-pack/src/Ui/qsui/txt/qsui_authors_pl_PL.txt svn:eol-style native
r4281
r4282
r4283
r4318
r4323
r4328
r4343
r4348
r4352
r4362
r4367
r4376
r4379
r4397
r4398
r4410
r4430
r4431
r4432
r4454
r4465
r4468
r4482
r4485
r4486
r4489
r4501
r4517
r4518
r4528
r4556
r4624
r4634
r4648
r4665
r4676
r4677
r4696
r4702
r4717
r4755
r4778
r4805
r4835
r4877
r4893
r4896
r4897
r4899
r4900
r4901
r4902
r4903
r4904
r4905
r4906
r4907
r4908
r4909
r4911
r4912
r4914
r4916
r4918
r4919
r4920
r4921
r4922
r4923
r4924
r4925
r4926
r4930
r4938
r4939
r4941
r4944
r4945
r4956
r4957
r4958
r4962
r4963
r4964
r4965
r4974
r4977
r4978
r4980
r4981
r4982
r4988
  +file_prop: trunk/qmmp-plugin-pack/src/Ui/qsui/resources/qsui_shortcuts.png svn:mime-type application/octet-stream
r4989
r4990
r4991
r4992
r4993
r4994
r4995
r4997
r5001
r5004
r5006
r5007
r5008
r5014
r5015
r5016
r5017
r5018
r5021
r5023
r5024
r5032
r5039
r5040
r5050
r5051
r5053
r5057
r5060
r5061
r5062
r5063
r5064
r5068
r5070
r5072
r5078
r5079
r5081
r5082
r5083
r5084
r5085
r5086
r5087
r5090
r5091
r5092
r5094
r5097
r5098
r5113
r5115
r5117
r5118
r5121
r5122
r5123
r5134
r5139
r5141
r5143
r5147
r5148
r5149
r5151
r5152
r5153
r5154
r5155
r5179
r5180
r5182
r5205
r5211
r5212
r5213
r5214
r5215
r5217
r5218
r5219
r5220
r5221
r5224
  +dir_prop: trunk/qmmp-plugin-pack/src/Ui/qsui svn:mergeinfo /trunk/qmmp/src/plugins/Ui/skinned:5223
r5225
r5227
r5240
r5247
r5272
r5274
r5276
r5277
r5278
r5279
r5280
r5281
r5308
r5309
r5344
r5361
r5363
r5364
r5365
r5366
r5380
  -empty_dir: trunk/qmmp-plugin-pack/src/Ui
r5381
r5382
r5388
r5416
r5418
r5447
r5454
r5455
r5456
r5465
r5466
r5492
r5496
r5499
r5514
r5518
r5532
r5561
r5650
r5655
r5663
r5681
r5801
r5822
r5932
r5998
r6000
r6001
r6005
r6007
r6049
r6054
r6076
r6263
r6271
r6272
r6274
r6295
r6341
r6345
r6402
r6407
r6408
r6410
r6412
r6414
r6419
r6425
r6427
r6435
r6438
r6440
r6445
r6450
r6476
r6477
r6485
r6500
r6606
r6608
r6638
r6654
r6658
r6717
r6720
r6756
r6775
r6821
r6837
r6838
  -empty_dir: trunk/qmmp-plugin-pack/src/Visual/goom/xine_goom.c
r6839
r6840
  -empty_dir: trunk/qmmp-plugin-pack/src/Visual/goom/inlines.h
r6841
r6842
r6843
  -empty_dir: trunk/qmmp-plugin-pack/src/Visual/goom/ppc_drawings.h
  -empty_dir: trunk/qmmp-plugin-pack/src/Visual/goom/ppc_drawings.s
  -empty_dir: trunk/qmmp-plugin-pack/src/Visual/goom/ppc_zoom_ultimate.h
  -empty_dir: trunk/qmmp-plugin-pack/src/Visual/goom/ppc_zoom_ultimate.s
r6844
r6845
r6846
r6847
r6848
r6849
r6850
r6851
r6852
r6853
r6857
r6861
  +dir_prop: trunk/qmmp-plugin-pack svn:mergeinfo /branches/qmmp-plugin-pack-1.2:6860
r6862
r6863
r6864
r6865
r6866
r6877
r6892
r6893
r6895
r6897
r6997
r7032
r7191
r7285
r7290
r7291
r7292
r7293
r7294
r7295
r7296
r7297
r7298
r7299
r7319
r7348
r7388
r7394
r7409
r7411
r7412
r7435
r7436
  -empty_dir: trunk/qmmp-plugin-pack/clear_qmake.sh
r7437
r7440
r7441
r7468
r7476
r7479
r7480
r7481
r7482
r7483
r7484
r7485
r7486
r7491
r7524
r7530
r7535
r7536
r7544
r7545
r7546
r7547
r7548
r7549
r7550
r7551
r7552
r7553
r7567
r7572
r7574
r7575
r7578
r7580
r7598
r7614
r7618
r7633
r7636
r7639
r7656
r7658
r7660
r7672
r7675
r7676
r7677
r7682
r7691
r7705
r7708
r7710
r7711
r7712
r7713
r7714
r7715
r7716
r7717
r7718
r7721
r7722
r7729
r7732
r7737
r7740
r7772
r7773
r7812
  -empty_dir: trunk/qmmp-plugin-pack/src/Input/mpg123
r7820
r7844
r7886
r7901
r7997
r7998
r7999
r8000
r8001
r8027
r8028
  -empty_dir: trunk/qmmp-plugin-pack/src/Input/ffap/replaygainreader.cpp
  -empty_dir: trunk/qmmp-plugin-pack/src/Input/ffap/replaygainreader.h
r8051
r8079
r8083
  +dir_prop: trunk/qmmp-plugin-pack svn:mergeinfo /branches/qmmp-plugin-pack-0.12:8082%0A/branches/qmmp-plugin-pack-1.2:6860
r8084
r8086
r8113
r8132
r8153
r8154
r8164
r8184
r8195
r8199
r8202
r8206
r8216
r8235
r8239
r8240
r8242
r8291
r8331
r8362
  -empty_dir: trunk/qmmp-plugin-pack/src/General
r8364
r8423
r8433
r8434
r8437
r8438
r8439
r8440
r8441
r8460
r8502
r8559
r8561
r8562
r8567
r8574
r8593
r8619
r8625
r8629
r8638
r8639
r8642
r8645
r8646
r8650
r8684
r8687
r8771
r8772
r8815
r8881
  -empty_dir: trunk/qmmp-plugin-pack/src/Input/ffap/cueparser.cpp
  -empty_dir: trunk/qmmp-plugin-pack/src/Input/ffap/cueparser.h
r8882
r8883
r8887
r8888
r8889
r8890
r8891
r8921
r8961
r8962
r8963
r8978
r9005
r9041
r9066
r9070
r9102
r9105
r9110
r9111
r9225
r9241
r9245
r9256
r9283
r9325
r9326
r9327
r9328
r9329
r9338
r9339
r9340
r9342
r9343
r9354
r9355
r9356
r9360
r9366
r9374
r9383
r9385
r9441
r9442
r9466
r9477
r9478
r9533
r9535
r9603
r9656
r9738
r9740
r9749
r9752
r9753
r9754
r9756
r9761
r9764
r9767
r9802
  -empty_dir: trunk/qmmp-plugin-pack/src/Input/ffap/dsputil_yasm.asm
  -empty_dir: trunk/qmmp-plugin-pack/src/Input/ffap/x86inc.asm
r9803
r9804
r9809
r9903
r9934
  +dir_prop: trunk/qmmp-plugin-pack svn:mergeinfo /branches/qmmp-plugin-pack-0.12:8082%0A/branches/qmmp-plugin-pack-1.2:6860%0A/branches/qmmp-plugin-pack-2.0:9933
r9938
r9941
r9958
r9964
r9965
r9978
r9989
r10013
r10019
r10022
r10033
r10036
r10052
r10056
r10111
r10117
r10170
r10224
r10232
r10234
r10235
r10240
  -empty_dir: trunk/qmmp-plugin-pack/src/Visual/goom/gfontrle.c
r10241
  -empty_dir: trunk/qmmp-plugin-pack/src/Visual/goom/mathtools.c
r10245
r10270
r10275
r10304
  -empty_dir: trunk/qmmp-plugin-pack/src/Input/xmp
r10305
r10306
r10314
r10332
r10364
r10414
r10480
r10500
r10508
r10516
r10588
r10593
r10637
r10638
r10885
r10886
r10891
  -empty_dir: trunk/qmmp-plugin-pack/src/Effect/srconverter/translations/srconverter_plugin_sw.ts
  -empty_dir: trunk/qmmp-plugin-pack/src/Engines/ffvideo/translations/ffvideo_plugin_sw.ts
  -empty_dir: trunk/qmmp-plugin-pack/src/Input/ffap/translations/ffap_plugin_sw.ts
  -empty_dir: trunk/qmmp-plugin-pack/src/Input/modplug/translations/modplug_plugin_sw.ts
  -empty_dir: trunk/qmmp-plugin-pack/src/Transports/ytb/translations/ytb_plugin_sw.ts
  -empty_dir: trunk/qmmp-plugin-pack/src/Visual/goom/translations/goom_plugin_sw.ts
r10912
r10921
r10922
r10926
r10961
r10981
r10982
r11168
r11448
r11485
r11559
  -empty_dir: trunk/qmmp-plugin-pack/src/Effect/srconverter/settingsdialog.cpp
  -empty_dir: trunk/qmmp-plugin-pack/src/Effect/srconverter/settingsdialog.h
  -empty_dir: trunk/qmmp-plugin-pack/src/Effect/srconverter/settingsdialog.ui
  -empty_dir: trunk/qmmp-plugin-pack/src/Input/modplug/settingsdialog.cpp
  -empty_dir: trunk/qmmp-plugin-pack/src/Input/modplug/settingsdialog.h
  -empty_dir: trunk/qmmp-plugin-pack/src/Input/modplug/settingsdialog.ui
r11560
r11615
r11631
r11632
r11633
r11634
r11635
r11685
r11689
r11718
r11734
r11736
r11737
r11738
r11739
r11761
r11804
r11854
r11893
r11897
r11899
r11940
r12017
r12061
r12062
r12063
r12064
r12099
r12107
r12163
r12192
r12198
r12220
r12243
r12541
r12543
r12546
r12556
r12575
r12576
r12578
r12579
r12580
r12581
r12582
r12583
r12585
r12591
r12600
r12601
r12614
r12636
r12637
r12661
r12663
r12672
r12673
r12674
r12676
r12694
r12700
r12709
r12710
r12711
r12716
  -empty_dir: trunk/qmmp-plugin-pack/utils/remove_svn_tags.cmd
  -empty_dir: trunk/qmmp-plugin-pack/utils/remove_svn_tags.sh
r12729
r12736
  +dir_prop: trunk/qmmp-plugin-pack svn:mergeinfo /branches/qmmp-plugin-pack-0.12:8082%0A/branches/qmmp-plugin-pack-1.2:6860%0A/branches/qmmp-plugin-pack-1.7:12735%0A/trunk/qmmp:9978%2C10224%2C10270%0A/trunk/qmmp-plugin-pack:9964-9965%2C10052%2C10224%2C10235%2C10240-10241%2C10245%2C10270%2C10306%2C10332%2C10480%2C10604%2C10611%2C10626
r12737
r12749
r12767
r12780
r12788
r12886
r12892
r12893
r12919
r12928
r12994
r13069
r13082
r13085
r13087
r13088
r13089
r13104
r13113
r13115
r13120
r13152
r13170
r13177
r13183
r13206
r13210
