r11185
r11297
  +dir_prop: tags/qmmp-1.6.5/qmmp-1.6 svn:mergeinfo /branches/qmmp-0.10:7522%0A/branches/qmmp-0.11:7919%0A/branches/qmmp-0.12:7828%2C7918%2C8045%2C8073-8075%2C8668%2C8705%0A/branches/qmmp-1.0:5596%0A/branches/qmmp-1.1:5819%2C5968%2C6043%2C6172%2C6233%2C6442%0A/branches/qmmp-1.2:6799%2C6945%2C6975%2C7173%2C7382%2C7520%0A/branches/qmmp-1.3:8706%2C8913%0A/branches/qmmp-2.0:9877%2C9946%2C9969%2C9972%2C9983%2C9990%2C9999%2C10001%2C10003%0A/branches/qmmp-2.1:10618%2C10729%2C10742%2C10744%2C10791%2C10812%2C10827%2C10879%2C10997%2C11074%2C11171%2C11181%2C11269%2C11295%0A/trunk/qmmp:10639-10641%2C10684%2C10687%2C10695%2C10722%2C10756%2C10772%2C10787-10788%2C10794%2C10797%2C10804-10805%2C10821%2C10824%2C10846%2C10852%2C10876%2C10881%2C10911%2C10918%2C10929%2C10951%2C11023%2C11026%2C11062%2C11071%2C11096%2C11100%2C11105%2C11108%2C11114%2C11135%2C11160%2C11175%2C11178%2C11212%2C11226%2C11246%2C11255%2C11261-11264%2C11268
  +dir_prop: tags/qmmp-1.6.5/qmmp-1.6/src/plugins/Ui/qsui svn:mergeinfo /branches/qmmp-0.12/src/plugins/Ui/qsui:8073-8075%0A/branches/qmmp-1.1/src/plugins/Ui/qsui:6172%0A/branches/qmmp-1.2/src/plugins/Ui/qsui:7382%0A/trunk/qmmp/src/plugins/Ui/qsui:11096%2C11114%2C11135%2C11175%2C11178%2C11226%0A/trunk/qmmp/src/plugins/Ui/skinned:5223%2C6018-6019%2C6022
  +file_prop: tags/qmmp-1.6.5/qmmp-1.6/src/app/images/128x128/qmmp-1.png svn:mime-type application/octet-stream
  +file_prop: tags/qmmp-1.6.5/qmmp-1.6/src/app/images/16x16/qmmp-1.png svn:mime-type application/octet-stream
  +file_prop: tags/qmmp-1.6.5/qmmp-1.6/src/app/images/256x256/qmmp-1.png svn:mime-type application/octet-stream
  +file_prop: tags/qmmp-1.6.5/qmmp-1.6/src/app/images/32x32/qmmp-1.png svn:mime-type application/octet-stream
  +file_prop: tags/qmmp-1.6.5/qmmp-1.6/src/app/images/48x48/qmmp-1.png svn:mime-type application/octet-stream
  +file_prop: tags/qmmp-1.6.5/qmmp-1.6/src/app/images/56x56/qmmp-1.png svn:mime-type application/octet-stream
  +file_prop: tags/qmmp-1.6.5/qmmp-1.6/src/app/images/64x64/qmmp-1.png svn:mime-type application/octet-stream
  +file_prop: tags/qmmp-1.6.5/qmmp-1.6/src/app/images/ico/qmmp.ico svn:mime-type application/octet-stream
  +file_prop: tags/qmmp-1.6.5/qmmp-1.6/src/app/images/ico/qmmp_file.ico svn:mime-type application/octet-stream
  +file_prop: tags/qmmp-1.6.5/qmmp-1.6/src/app/images/scalable/qmmp-1.svgz svn:mime-type application/octet-stream
  +file_prop: tags/qmmp-1.6.5/qmmp-1.6/src/app/images/scalable/qmmp-simple-1.svgz svn:mime-type application/octet-stream
  +file_prop: tags/qmmp-1.6.5/qmmp-1.6/src/plugins/CommandLineOptions/CMakeLists.txt svn:eol-style native
  +file_prop: tags/qmmp-1.6.5/qmmp-1.6/src/plugins/CommandLineOptions/IncDecVolumeOption/CMakeLists.txt svn:eol-style native
  +file_prop: tags/qmmp-1.6.5/qmmp-1.6/src/plugins/CommandLineOptions/IncDecVolumeOption/incdecvolumeoption.cpp svn:eol-style native
  +file_prop: tags/qmmp-1.6.5/qmmp-1.6/src/plugins/CommandLineOptions/IncDecVolumeOption/incdecvolumeoption.h svn:eol-style native
  +file_prop: tags/qmmp-1.6.5/qmmp-1.6/src/plugins/CommandLineOptions/PlayListOption/CMakeLists.txt svn:eol-style native
  +file_prop: tags/qmmp-1.6.5/qmmp-1.6/src/plugins/CommandLineOptions/PlayListOption/playlistoption.cpp svn:eol-style native
  +file_prop: tags/qmmp-1.6.5/qmmp-1.6/src/plugins/CommandLineOptions/PlayListOption/playlistoption.h svn:eol-style native
  +file_prop: tags/qmmp-1.6.5/qmmp-1.6/src/plugins/CommandLineOptions/SeekOption/CMakeLists.txt svn:eol-style native
  +file_prop: tags/qmmp-1.6.5/qmmp-1.6/src/plugins/CommandLineOptions/SeekOption/seekoption.cpp svn:eol-style native
  +file_prop: tags/qmmp-1.6.5/qmmp-1.6/src/plugins/CommandLineOptions/SeekOption/seekoption.h svn:eol-style native
  +file_prop: tags/qmmp-1.6.5/qmmp-1.6/src/plugins/CommandLineOptions/StatusOption/CMakeLists.txt svn:eol-style native
  +file_prop: tags/qmmp-1.6.5/qmmp-1.6/src/plugins/CommandLineOptions/StatusOption/statusoption.cpp svn:eol-style native
  +file_prop: tags/qmmp-1.6.5/qmmp-1.6/src/plugins/CommandLineOptions/StatusOption/statusoption.h svn:eol-style native
  +file_prop: tags/qmmp-1.6.5/qmmp-1.6/src/plugins/Effect/bs2b/CMakeLists.txt svn:eol-style native
  +file_prop: tags/qmmp-1.6.5/qmmp-1.6/src/plugins/Effect/bs2b/bs2bplugin.cpp svn:eol-style native
  +file_prop: tags/qmmp-1.6.5/qmmp-1.6/src/plugins/Effect/bs2b/bs2bplugin.h svn:eol-style native
  +file_prop: tags/qmmp-1.6.5/qmmp-1.6/src/plugins/Effect/bs2b/effectbs2bfactory.cpp svn:eol-style native
  +file_prop: tags/qmmp-1.6.5/qmmp-1.6/src/plugins/Effect/bs2b/effectbs2bfactory.h svn:eol-style native
  +file_prop: tags/qmmp-1.6.5/qmmp-1.6/src/plugins/Effect/bs2b/settingsdialog.cpp svn:eol-style native
  +file_prop: tags/qmmp-1.6.5/qmmp-1.6/src/plugins/Effect/bs2b/settingsdialog.h svn:eol-style native
  +file_prop: tags/qmmp-1.6.5/qmmp-1.6/src/plugins/Effect/crossfade/CMakeLists.txt svn:eol-style native
  +file_prop: tags/qmmp-1.6.5/qmmp-1.6/src/plugins/Effect/crossfade/crossfadeplugin.cpp svn:eol-style native
  +file_prop: tags/qmmp-1.6.5/qmmp-1.6/src/plugins/Effect/crossfade/crossfadeplugin.h svn:eol-style native
  +file_prop: tags/qmmp-1.6.5/qmmp-1.6/src/plugins/Effect/crossfade/effectcrossfadefactory.cpp svn:eol-style native
  +file_prop: tags/qmmp-1.6.5/qmmp-1.6/src/plugins/Effect/crossfade/effectcrossfadefactory.h svn:eol-style native
  +file_prop: tags/qmmp-1.6.5/qmmp-1.6/src/plugins/Effect/crossfade/settingsdialog.cpp svn:eol-style native
  +file_prop: tags/qmmp-1.6.5/qmmp-1.6/src/plugins/Effect/crossfade/settingsdialog.h svn:eol-style native
  +file_prop: tags/qmmp-1.6.5/qmmp-1.6/src/plugins/Effect/ladspa/CMakeLists.txt svn:eol-style native
  +file_prop: tags/qmmp-1.6.5/qmmp-1.6/src/plugins/Effect/ladspa/effectladspafactory.cpp svn:eol-style native
  +file_prop: tags/qmmp-1.6.5/qmmp-1.6/src/plugins/Effect/ladspa/effectladspafactory.h svn:eol-style native
  +file_prop: tags/qmmp-1.6.5/qmmp-1.6/src/plugins/Effect/ladspa/ladspa.h svn:eol-style native
  +file_prop: tags/qmmp-1.6.5/qmmp-1.6/src/plugins/Effect/ladspa/ladspabutton.cpp svn:eol-style native
  +file_prop: tags/qmmp-1.6.5/qmmp-1.6/src/plugins/Effect/ladspa/ladspabutton.h svn:eol-style native
  +file_prop: tags/qmmp-1.6.5/qmmp-1.6/src/plugins/Effect/ladspa/ladspahelper.cpp svn:eol-style native
  +file_prop: tags/qmmp-1.6.5/qmmp-1.6/src/plugins/Effect/ladspa/ladspahelper.h svn:eol-style native
  +file_prop: tags/qmmp-1.6.5/qmmp-1.6/src/plugins/Effect/ladspa/ladspahost.cpp svn:eol-style native
  +file_prop: tags/qmmp-1.6.5/qmmp-1.6/src/plugins/Effect/ladspa/ladspahost.h svn:eol-style native
  +file_prop: tags/qmmp-1.6.5/qmmp-1.6/src/plugins/Effect/ladspa/ladspaslider.cpp svn:eol-style native
  +file_prop: tags/qmmp-1.6.5/qmmp-1.6/src/plugins/Effect/ladspa/ladspaslider.h svn:eol-style native
  +file_prop: tags/qmmp-1.6.5/qmmp-1.6/src/plugins/Effect/ladspa/settingsdialog.cpp svn:eol-style native
  +file_prop: tags/qmmp-1.6.5/qmmp-1.6/src/plugins/Effect/ladspa/settingsdialog.h svn:eol-style native
  +file_prop: tags/qmmp-1.6.5/qmmp-1.6/src/plugins/Effect/stereo/CMakeLists.txt svn:eol-style native
  +file_prop: tags/qmmp-1.6.5/qmmp-1.6/src/plugins/Effect/stereo/effectstereofactory.cpp svn:eol-style native
  +file_prop: tags/qmmp-1.6.5/qmmp-1.6/src/plugins/Effect/stereo/effectstereofactory.h svn:eol-style native
  +file_prop: tags/qmmp-1.6.5/qmmp-1.6/src/plugins/Effect/stereo/settingsdialog.cpp svn:eol-style native
  +file_prop: tags/qmmp-1.6.5/qmmp-1.6/src/plugins/Effect/stereo/settingsdialog.h svn:eol-style native
  +file_prop: tags/qmmp-1.6.5/qmmp-1.6/src/plugins/Effect/stereo/stereoplugin.cpp svn:eol-style native
  +file_prop: tags/qmmp-1.6.5/qmmp-1.6/src/plugins/Effect/stereo/stereoplugin.h svn:eol-style native
  +file_prop: tags/qmmp-1.6.5/qmmp-1.6/src/plugins/Engines/CMakeLists.txt svn:eol-style native
  +file_prop: tags/qmmp-1.6.5/qmmp-1.6/src/plugins/Engines/mplayer/CMakeLists.txt svn:eol-style native
  +file_prop: tags/qmmp-1.6.5/qmmp-1.6/src/plugins/Engines/mplayer/mplayerengine.cpp svn:eol-style native
  +file_prop: tags/qmmp-1.6.5/qmmp-1.6/src/plugins/Engines/mplayer/mplayerengine.h svn:eol-style native
  +file_prop: tags/qmmp-1.6.5/qmmp-1.6/src/plugins/Engines/mplayer/mplayerenginefactory.cpp svn:eol-style native
  +file_prop: tags/qmmp-1.6.5/qmmp-1.6/src/plugins/Engines/mplayer/mplayerenginefactory.h svn:eol-style native
  +file_prop: tags/qmmp-1.6.5/qmmp-1.6/src/plugins/Engines/mplayer/mplayermetadatamodel.cpp svn:eol-style native
  +file_prop: tags/qmmp-1.6.5/qmmp-1.6/src/plugins/Engines/mplayer/mplayermetadatamodel.h svn:eol-style native
  +file_prop: tags/qmmp-1.6.5/qmmp-1.6/src/plugins/Engines/mplayer/settingsdialog.cpp svn:eol-style native
  +file_prop: tags/qmmp-1.6.5/qmmp-1.6/src/plugins/Engines/mplayer/settingsdialog.h svn:eol-style native
  +file_prop: tags/qmmp-1.6.5/qmmp-1.6/src/plugins/FileDialogs/CMakeLists.txt svn:eol-style native
  +file_prop: tags/qmmp-1.6.5/qmmp-1.6/src/plugins/FileDialogs/QmmpFileDialog/CMakeLists.txt svn:eol-style native
  +file_prop: tags/qmmp-1.6.5/qmmp-1.6/src/plugins/FileDialogs/QmmpFileDialog/qmmpfiledialog.cpp svn:eol-style native
  +file_prop: tags/qmmp-1.6.5/qmmp-1.6/src/plugins/FileDialogs/QmmpFileDialog/qmmpfiledialog.h svn:eol-style native
  +file_prop: tags/qmmp-1.6.5/qmmp-1.6/src/plugins/FileDialogs/QmmpFileDialog/qmmpfiledialogimpl.cpp svn:eol-style native
  +file_prop: tags/qmmp-1.6.5/qmmp-1.6/src/plugins/FileDialogs/QmmpFileDialog/qmmpfiledialogimpl.h svn:eol-style native
  +file_prop: tags/qmmp-1.6.5/qmmp-1.6/src/plugins/General/CMakeLists.txt svn:eol-style native
  +file_prop: tags/qmmp-1.6.5/qmmp-1.6/src/plugins/General/converter/CMakeLists.txt svn:eol-style native
  +file_prop: tags/qmmp-1.6.5/qmmp-1.6/src/plugins/General/converter/converter.cpp svn:eol-style native
  +file_prop: tags/qmmp-1.6.5/qmmp-1.6/src/plugins/General/converter/converter.h svn:eol-style native
  +file_prop: tags/qmmp-1.6.5/qmmp-1.6/src/plugins/General/converter/converterdialog.cpp svn:eol-style native
  +file_prop: tags/qmmp-1.6.5/qmmp-1.6/src/plugins/General/converter/converterdialog.h svn:eol-style native
  +file_prop: tags/qmmp-1.6.5/qmmp-1.6/src/plugins/General/converter/converterfactory.cpp svn:eol-style native
  +file_prop: tags/qmmp-1.6.5/qmmp-1.6/src/plugins/General/converter/converterfactory.h svn:eol-style native
  +file_prop: tags/qmmp-1.6.5/qmmp-1.6/src/plugins/General/converter/converterhelper.cpp svn:eol-style native
  +file_prop: tags/qmmp-1.6.5/qmmp-1.6/src/plugins/General/converter/converterhelper.h svn:eol-style native
  +file_prop: tags/qmmp-1.6.5/qmmp-1.6/src/plugins/General/converter/preseteditor.cpp svn:eol-style native
  +file_prop: tags/qmmp-1.6.5/qmmp-1.6/src/plugins/General/converter/preseteditor.h svn:eol-style native
  +file_prop: tags/qmmp-1.6.5/qmmp-1.6/src/plugins/General/covermanager/CMakeLists.txt svn:eol-style native
  +file_prop: tags/qmmp-1.6.5/qmmp-1.6/src/plugins/General/covermanager/covermanager.cpp svn:eol-style native
  +file_prop: tags/qmmp-1.6.5/qmmp-1.6/src/plugins/General/covermanager/covermanager.h svn:eol-style native
  +file_prop: tags/qmmp-1.6.5/qmmp-1.6/src/plugins/General/covermanager/covermanagerfactory.cpp svn:eol-style native
  +file_prop: tags/qmmp-1.6.5/qmmp-1.6/src/plugins/General/covermanager/covermanagerfactory.h svn:eol-style native
  +file_prop: tags/qmmp-1.6.5/qmmp-1.6/src/plugins/General/covermanager/coverwidget.cpp svn:eol-style native
  +file_prop: tags/qmmp-1.6.5/qmmp-1.6/src/plugins/General/covermanager/coverwidget.h svn:eol-style native
  +file_prop: tags/qmmp-1.6.5/qmmp-1.6/src/plugins/General/covermanager/images/cm_no_cover.png svn:mime-type image/png
  +file_prop: tags/qmmp-1.6.5/qmmp-1.6/src/plugins/General/fileops/CMakeLists.txt svn:eol-style native
  +file_prop: tags/qmmp-1.6.5/qmmp-1.6/src/plugins/General/fileops/fileops.cpp svn:eol-style native
  +file_prop: tags/qmmp-1.6.5/qmmp-1.6/src/plugins/General/fileops/fileops.h svn:eol-style native
  +file_prop: tags/qmmp-1.6.5/qmmp-1.6/src/plugins/General/fileops/fileopsfactory.cpp svn:eol-style native
  +file_prop: tags/qmmp-1.6.5/qmmp-1.6/src/plugins/General/fileops/fileopsfactory.h svn:eol-style native
  +file_prop: tags/qmmp-1.6.5/qmmp-1.6/src/plugins/General/fileops/hotkeydialog.cpp svn:eol-style native
  +file_prop: tags/qmmp-1.6.5/qmmp-1.6/src/plugins/General/fileops/hotkeydialog.h svn:eol-style native
  +file_prop: tags/qmmp-1.6.5/qmmp-1.6/src/plugins/General/fileops/settingsdialog.cpp svn:eol-style native
  +file_prop: tags/qmmp-1.6.5/qmmp-1.6/src/plugins/General/fileops/settingsdialog.h svn:eol-style native
  +file_prop: tags/qmmp-1.6.5/qmmp-1.6/src/plugins/General/hotkey/CMakeLists.txt svn:eol-style native
  +file_prop: tags/qmmp-1.6.5/qmmp-1.6/src/plugins/General/hotkey/hotkeydialog.cpp svn:eol-style native
  +file_prop: tags/qmmp-1.6.5/qmmp-1.6/src/plugins/General/hotkey/hotkeydialog.h svn:eol-style native
  +file_prop: tags/qmmp-1.6.5/qmmp-1.6/src/plugins/General/hotkey/hotkeyfactory.cpp svn:eol-style native
  +file_prop: tags/qmmp-1.6.5/qmmp-1.6/src/plugins/General/hotkey/hotkeyfactory.h svn:eol-style native
  +file_prop: tags/qmmp-1.6.5/qmmp-1.6/src/plugins/General/hotkey/hotkeymanager.h svn:eol-style native
  +file_prop: tags/qmmp-1.6.5/qmmp-1.6/src/plugins/General/hotkey/hotkeymanager_x11.cpp svn:eol-style native
  +file_prop: tags/qmmp-1.6.5/qmmp-1.6/src/plugins/General/hotkey/settingsdialog.cpp svn:eol-style native
  +file_prop: tags/qmmp-1.6.5/qmmp-1.6/src/plugins/General/hotkey/settingsdialog.h svn:eol-style native
  +file_prop: tags/qmmp-1.6.5/qmmp-1.6/src/plugins/General/kdenotify/CMakeLists.txt svn:eol-style native
  +file_prop: tags/qmmp-1.6.5/qmmp-1.6/src/plugins/General/kdenotify/images/app_icon.png svn:mime-type image/png
  +file_prop: tags/qmmp-1.6.5/qmmp-1.6/src/plugins/General/kdenotify/images/empty_cover.png svn:mime-type image/png
  +file_prop: tags/qmmp-1.6.5/qmmp-1.6/src/plugins/General/kdenotify/kdenotify.cpp svn:eol-style native
  +file_prop: tags/qmmp-1.6.5/qmmp-1.6/src/plugins/General/kdenotify/kdenotify.h svn:eol-style native
  +file_prop: tags/qmmp-1.6.5/qmmp-1.6/src/plugins/General/kdenotify/kdenotifyfactory.cpp svn:eol-style native
  +file_prop: tags/qmmp-1.6.5/qmmp-1.6/src/plugins/General/kdenotify/kdenotifyfactory.h svn:eol-style native
  +file_prop: tags/qmmp-1.6.5/qmmp-1.6/src/plugins/General/kdenotify/settingsdialog.cpp svn:eol-style native
  +file_prop: tags/qmmp-1.6.5/qmmp-1.6/src/plugins/General/kdenotify/settingsdialog.h svn:eol-style native
  +file_prop: tags/qmmp-1.6.5/qmmp-1.6/src/plugins/General/lyrics/CMakeLists.txt svn:eol-style native
  +file_prop: tags/qmmp-1.6.5/qmmp-1.6/src/plugins/General/lyrics/lyrics.cpp svn:eol-style native
  +file_prop: tags/qmmp-1.6.5/qmmp-1.6/src/plugins/General/lyrics/lyrics.h svn:eol-style native
  +file_prop: tags/qmmp-1.6.5/qmmp-1.6/src/plugins/General/lyrics/lyricsfactory.cpp svn:eol-style native
  +file_prop: tags/qmmp-1.6.5/qmmp-1.6/src/plugins/General/lyrics/lyricsfactory.h svn:eol-style native
  +file_prop: tags/qmmp-1.6.5/qmmp-1.6/src/plugins/General/lyrics/lyricswidget.cpp svn:eol-style native
  +file_prop: tags/qmmp-1.6.5/qmmp-1.6/src/plugins/General/lyrics/lyricswidget.h svn:eol-style native
  +file_prop: tags/qmmp-1.6.5/qmmp-1.6/src/plugins/General/mpris/CMakeLists.txt svn:eol-style native
  +file_prop: tags/qmmp-1.6.5/qmmp-1.6/src/plugins/General/mpris/mpris.cpp svn:eol-style native
  +file_prop: tags/qmmp-1.6.5/qmmp-1.6/src/plugins/General/mpris/mpris.h svn:eol-style native
  +file_prop: tags/qmmp-1.6.5/qmmp-1.6/src/plugins/General/mpris/mprisfactory.cpp svn:eol-style native
  +file_prop: tags/qmmp-1.6.5/qmmp-1.6/src/plugins/General/mpris/mprisfactory.h svn:eol-style native
  +file_prop: tags/qmmp-1.6.5/qmmp-1.6/src/plugins/General/notifier/CMakeLists.txt svn:eol-style native
  +file_prop: tags/qmmp-1.6.5/qmmp-1.6/src/plugins/General/notifier/notifier.cpp svn:eol-style native
  +file_prop: tags/qmmp-1.6.5/qmmp-1.6/src/plugins/General/notifier/notifier.h svn:eol-style native
  +file_prop: tags/qmmp-1.6.5/qmmp-1.6/src/plugins/General/notifier/notifier_icon.png svn:mime-type application/octet-stream
  +file_prop: tags/qmmp-1.6.5/qmmp-1.6/src/plugins/General/notifier/notifierfactory.cpp svn:eol-style native
  +file_prop: tags/qmmp-1.6.5/qmmp-1.6/src/plugins/General/notifier/notifierfactory.h svn:eol-style native
  +file_prop: tags/qmmp-1.6.5/qmmp-1.6/src/plugins/General/notifier/popupwidget.cpp svn:eol-style native
  +file_prop: tags/qmmp-1.6.5/qmmp-1.6/src/plugins/General/notifier/popupwidget.h svn:eol-style native
  +file_prop: tags/qmmp-1.6.5/qmmp-1.6/src/plugins/General/notifier/settingsdialog.cpp svn:eol-style native
  +file_prop: tags/qmmp-1.6.5/qmmp-1.6/src/plugins/General/notifier/settingsdialog.h svn:eol-style native
  +file_prop: tags/qmmp-1.6.5/qmmp-1.6/src/plugins/General/scrobbler/CMakeLists.txt svn:eol-style native
  +file_prop: tags/qmmp-1.6.5/qmmp-1.6/src/plugins/General/scrobbler/scrobbler.cpp svn:eol-style native
  +file_prop: tags/qmmp-1.6.5/qmmp-1.6/src/plugins/General/scrobbler/scrobbler.h svn:eol-style native
  +file_prop: tags/qmmp-1.6.5/qmmp-1.6/src/plugins/General/scrobbler/scrobblercache.cpp svn:eol-style native
  +file_prop: tags/qmmp-1.6.5/qmmp-1.6/src/plugins/General/scrobbler/scrobblercache.h svn:eol-style native
  +file_prop: tags/qmmp-1.6.5/qmmp-1.6/src/plugins/General/scrobbler/scrobblerhandler.cpp svn:eol-style native
  +file_prop: tags/qmmp-1.6.5/qmmp-1.6/src/plugins/General/scrobbler/scrobblerhandler.h svn:eol-style native
  +file_prop: tags/qmmp-1.6.5/qmmp-1.6/src/plugins/General/statusicon/CMakeLists.txt svn:eol-style native
  +file_prop: tags/qmmp-1.6.5/qmmp-1.6/src/plugins/General/statusicon/coverwidget.cpp svn:eol-style native
  +file_prop: tags/qmmp-1.6.5/qmmp-1.6/src/plugins/General/statusicon/coverwidget.h svn:eol-style native
  +file_prop: tags/qmmp-1.6.5/qmmp-1.6/src/plugins/General/statusicon/images/empty_cover.png svn:mime-type image/png
  +file_prop: tags/qmmp-1.6.5/qmmp-1.6/src/plugins/General/statusicon/images/tray_pause.png svn:mime-type application/octet-stream
  +file_prop: tags/qmmp-1.6.5/qmmp-1.6/src/plugins/General/statusicon/images/tray_play.png svn:mime-type application/octet-stream
  +file_prop: tags/qmmp-1.6.5/qmmp-1.6/src/plugins/General/statusicon/images/tray_stop.png svn:mime-type application/octet-stream
  +file_prop: tags/qmmp-1.6.5/qmmp-1.6/src/plugins/General/statusicon/qmmptrayicon.cpp svn:eol-style native
  +file_prop: tags/qmmp-1.6.5/qmmp-1.6/src/plugins/General/statusicon/qmmptrayicon.h svn:eol-style native
  +file_prop: tags/qmmp-1.6.5/qmmp-1.6/src/plugins/General/statusicon/statusiconpopupwidget.cpp svn:eol-style native
  +file_prop: tags/qmmp-1.6.5/qmmp-1.6/src/plugins/General/statusicon/statusiconpopupwidget.h svn:eol-style native
  +file_prop: tags/qmmp-1.6.5/qmmp-1.6/src/plugins/General/streambrowser/CMakeLists.txt svn:eol-style native
  +file_prop: tags/qmmp-1.6.5/qmmp-1.6/src/plugins/General/streambrowser/streambrowser.cpp svn:eol-style native
  +file_prop: tags/qmmp-1.6.5/qmmp-1.6/src/plugins/General/streambrowser/streambrowser.h svn:eol-style native
  +file_prop: tags/qmmp-1.6.5/qmmp-1.6/src/plugins/General/streambrowser/streambrowserfactory.cpp svn:eol-style native
  +file_prop: tags/qmmp-1.6.5/qmmp-1.6/src/plugins/General/streambrowser/streambrowserfactory.h svn:eol-style native
  +file_prop: tags/qmmp-1.6.5/qmmp-1.6/src/plugins/General/streambrowser/streamwindow.cpp svn:eol-style native
  +file_prop: tags/qmmp-1.6.5/qmmp-1.6/src/plugins/General/streambrowser/streamwindow.h svn:eol-style native
  +file_prop: tags/qmmp-1.6.5/qmmp-1.6/src/plugins/General/trackchange/CMakeLists.txt svn:eol-style native
  +file_prop: tags/qmmp-1.6.5/qmmp-1.6/src/plugins/General/trackchange/settingsdialog.cpp svn:eol-style native
  +file_prop: tags/qmmp-1.6.5/qmmp-1.6/src/plugins/General/trackchange/settingsdialog.h svn:eol-style native
  +file_prop: tags/qmmp-1.6.5/qmmp-1.6/src/plugins/General/trackchange/trackchange.cpp svn:eol-style native
  +file_prop: tags/qmmp-1.6.5/qmmp-1.6/src/plugins/General/trackchange/trackchange.h svn:eol-style native
  +file_prop: tags/qmmp-1.6.5/qmmp-1.6/src/plugins/General/trackchange/trackchangefactory.cpp svn:eol-style native
  +file_prop: tags/qmmp-1.6.5/qmmp-1.6/src/plugins/General/trackchange/trackchangefactory.h svn:eol-style native
  +file_prop: tags/qmmp-1.6.5/qmmp-1.6/src/plugins/Input/aac/CMakeLists.txt svn:eol-style native
  +file_prop: tags/qmmp-1.6.5/qmmp-1.6/src/plugins/Input/aac/aacfile.cpp svn:eol-style native
  +file_prop: tags/qmmp-1.6.5/qmmp-1.6/src/plugins/Input/aac/aacfile.h svn:eol-style native
  +file_prop: tags/qmmp-1.6.5/qmmp-1.6/src/plugins/Input/aac/decoder_aac.cpp svn:eol-style native
  +file_prop: tags/qmmp-1.6.5/qmmp-1.6/src/plugins/Input/aac/decoder_aac.h svn:eol-style native
  +file_prop: tags/qmmp-1.6.5/qmmp-1.6/src/plugins/Input/aac/decoderaacfactory.cpp svn:eol-style native
  +file_prop: tags/qmmp-1.6.5/qmmp-1.6/src/plugins/Input/aac/decoderaacfactory.h svn:eol-style native
  +file_prop: tags/qmmp-1.6.5/qmmp-1.6/src/plugins/Input/cdaudio/CMakeLists.txt svn:eol-style native
  +file_prop: tags/qmmp-1.6.5/qmmp-1.6/src/plugins/Input/cdaudio/decoder_cdaudio.cpp svn:eol-style native
  +file_prop: tags/qmmp-1.6.5/qmmp-1.6/src/plugins/Input/cdaudio/decoder_cdaudio.h svn:eol-style native
  +file_prop: tags/qmmp-1.6.5/qmmp-1.6/src/plugins/Input/cdaudio/decodercdaudiofactory.cpp svn:eol-style native
  +file_prop: tags/qmmp-1.6.5/qmmp-1.6/src/plugins/Input/cdaudio/decodercdaudiofactory.h svn:eol-style native
  +file_prop: tags/qmmp-1.6.5/qmmp-1.6/src/plugins/Input/cdaudio/settingsdialog.cpp svn:eol-style native
  +file_prop: tags/qmmp-1.6.5/qmmp-1.6/src/plugins/Input/cdaudio/settingsdialog.h svn:eol-style native
  +file_prop: tags/qmmp-1.6.5/qmmp-1.6/src/plugins/Input/cue/CMakeLists.txt svn:eol-style native
  +file_prop: tags/qmmp-1.6.5/qmmp-1.6/src/plugins/Input/cue/cuefile.cpp svn:eol-style native
  +file_prop: tags/qmmp-1.6.5/qmmp-1.6/src/plugins/Input/cue/cuefile.h svn:eol-style native
  +file_prop: tags/qmmp-1.6.5/qmmp-1.6/src/plugins/Input/cue/cuemetadatamodel.cpp svn:eol-style native
  +file_prop: tags/qmmp-1.6.5/qmmp-1.6/src/plugins/Input/cue/cuemetadatamodel.h svn:eol-style native
  +file_prop: tags/qmmp-1.6.5/qmmp-1.6/src/plugins/Input/cue/decoder_cue.cpp svn:eol-style native
  +file_prop: tags/qmmp-1.6.5/qmmp-1.6/src/plugins/Input/cue/decoder_cue.h svn:eol-style native
  +file_prop: tags/qmmp-1.6.5/qmmp-1.6/src/plugins/Input/cue/decodercuefactory.cpp svn:eol-style native
  +file_prop: tags/qmmp-1.6.5/qmmp-1.6/src/plugins/Input/cue/decodercuefactory.h svn:eol-style native
  +file_prop: tags/qmmp-1.6.5/qmmp-1.6/src/plugins/Input/cue/settingsdialog.cpp svn:eol-style native
  +file_prop: tags/qmmp-1.6.5/qmmp-1.6/src/plugins/Input/cue/settingsdialog.h svn:eol-style native
  +file_prop: tags/qmmp-1.6.5/qmmp-1.6/src/plugins/Input/ffmpeg/ffmpegmetadatamodel.cpp svn:eol-style native
  +file_prop: tags/qmmp-1.6.5/qmmp-1.6/src/plugins/Input/ffmpeg/ffmpegmetadatamodel.h svn:eol-style native
  +file_prop: tags/qmmp-1.6.5/qmmp-1.6/src/plugins/Input/ffmpeg/settingsdialog.cpp svn:eol-style native
  +file_prop: tags/qmmp-1.6.5/qmmp-1.6/src/plugins/Input/ffmpeg/settingsdialog.h svn:eol-style native
  +file_prop: tags/qmmp-1.6.5/qmmp-1.6/src/plugins/Input/flac/flacmetadatamodel.cpp svn:eol-style native
  +file_prop: tags/qmmp-1.6.5/qmmp-1.6/src/plugins/Input/flac/flacmetadatamodel.h svn:eol-style native
  +file_prop: tags/qmmp-1.6.5/qmmp-1.6/src/plugins/Input/gme/CMakeLists.txt svn:eol-style native
  +file_prop: tags/qmmp-1.6.5/qmmp-1.6/src/plugins/Input/gme/decoder_gme.cpp svn:eol-style native
  +file_prop: tags/qmmp-1.6.5/qmmp-1.6/src/plugins/Input/gme/decoder_gme.h svn:eol-style native
  +file_prop: tags/qmmp-1.6.5/qmmp-1.6/src/plugins/Input/gme/decodergmefactory.cpp svn:eol-style native
  +file_prop: tags/qmmp-1.6.5/qmmp-1.6/src/plugins/Input/gme/decodergmefactory.h svn:eol-style native
  +file_prop: tags/qmmp-1.6.5/qmmp-1.6/src/plugins/Input/gme/gmehelper.cpp svn:eol-style native
  +file_prop: tags/qmmp-1.6.5/qmmp-1.6/src/plugins/Input/gme/gmehelper.h svn:eol-style native
  +file_prop: tags/qmmp-1.6.5/qmmp-1.6/src/plugins/Input/mpc/mpcmetadatamodel.cpp svn:eol-style native
  +file_prop: tags/qmmp-1.6.5/qmmp-1.6/src/plugins/Input/mpc/mpcmetadatamodel.h svn:eol-style native
  +file_prop: tags/qmmp-1.6.5/qmmp-1.6/src/plugins/Input/vorbis/vorbismetadatamodel.cpp svn:eol-style native
  +file_prop: tags/qmmp-1.6.5/qmmp-1.6/src/plugins/Input/vorbis/vorbismetadatamodel.h svn:eol-style native
  +file_prop: tags/qmmp-1.6.5/qmmp-1.6/src/plugins/Input/wavpack/CMakeLists.txt svn:eol-style native
  +file_prop: tags/qmmp-1.6.5/qmmp-1.6/src/plugins/Input/wavpack/decoder_wavpack.cpp svn:eol-style native
  +file_prop: tags/qmmp-1.6.5/qmmp-1.6/src/plugins/Input/wavpack/decoder_wavpack.h svn:eol-style native
  +file_prop: tags/qmmp-1.6.5/qmmp-1.6/src/plugins/Input/wavpack/decoderwavpackfactory.cpp svn:eol-style native
  +file_prop: tags/qmmp-1.6.5/qmmp-1.6/src/plugins/Input/wavpack/decoderwavpackfactory.h svn:eol-style native
  +file_prop: tags/qmmp-1.6.5/qmmp-1.6/src/plugins/Input/wavpack/wavpackmetadatamodel.cpp svn:eol-style native
  +file_prop: tags/qmmp-1.6.5/qmmp-1.6/src/plugins/Input/wavpack/wavpackmetadatamodel.h svn:eol-style native
  +file_prop: tags/qmmp-1.6.5/qmmp-1.6/src/plugins/Input/wildmidi/CMakeLists.txt svn:eol-style native
  +file_prop: tags/qmmp-1.6.5/qmmp-1.6/src/plugins/Input/wildmidi/decoder_wildmidi.cpp svn:eol-style native
  +file_prop: tags/qmmp-1.6.5/qmmp-1.6/src/plugins/Input/wildmidi/decoder_wildmidi.h svn:eol-style native
  +file_prop: tags/qmmp-1.6.5/qmmp-1.6/src/plugins/Input/wildmidi/decoderwildmidifactory.cpp svn:eol-style native
  +file_prop: tags/qmmp-1.6.5/qmmp-1.6/src/plugins/Input/wildmidi/decoderwildmidifactory.h svn:eol-style native
  +file_prop: tags/qmmp-1.6.5/qmmp-1.6/src/plugins/Input/wildmidi/settingsdialog.cpp svn:eol-style native
  +file_prop: tags/qmmp-1.6.5/qmmp-1.6/src/plugins/Input/wildmidi/settingsdialog.h svn:eol-style native
  +file_prop: tags/qmmp-1.6.5/qmmp-1.6/src/plugins/Input/wildmidi/wildmidihelper.cpp svn:eol-style native
  +file_prop: tags/qmmp-1.6.5/qmmp-1.6/src/plugins/Input/wildmidi/wildmidihelper.h svn:eol-style native
  +file_prop: tags/qmmp-1.6.5/qmmp-1.6/src/plugins/Output/null/CMakeLists.txt svn:eol-style native
  +file_prop: tags/qmmp-1.6.5/qmmp-1.6/src/plugins/Output/null/outputnull.cpp svn:eol-style native
  +file_prop: tags/qmmp-1.6.5/qmmp-1.6/src/plugins/Output/null/outputnull.h svn:eol-style native
  +file_prop: tags/qmmp-1.6.5/qmmp-1.6/src/plugins/Output/null/outputnullfactory.cpp svn:eol-style native
  +file_prop: tags/qmmp-1.6.5/qmmp-1.6/src/plugins/Output/null/outputnullfactory.h svn:eol-style native
  +file_prop: tags/qmmp-1.6.5/qmmp-1.6/src/plugins/Output/oss4/CMakeLists.txt svn:eol-style native
  +file_prop: tags/qmmp-1.6.5/qmmp-1.6/src/plugins/Output/oss4/outputoss4.cpp svn:eol-style native
  +file_prop: tags/qmmp-1.6.5/qmmp-1.6/src/plugins/Output/oss4/outputoss4.h svn:eol-style native
  +file_prop: tags/qmmp-1.6.5/qmmp-1.6/src/plugins/Output/oss4/outputoss4factory.cpp svn:eol-style native
  +file_prop: tags/qmmp-1.6.5/qmmp-1.6/src/plugins/Output/oss4/outputoss4factory.h svn:eol-style native
  +file_prop: tags/qmmp-1.6.5/qmmp-1.6/src/plugins/Output/oss4/settingsdialog.cpp svn:eol-style native
  +file_prop: tags/qmmp-1.6.5/qmmp-1.6/src/plugins/Output/oss4/settingsdialog.h svn:eol-style native
  +file_prop: tags/qmmp-1.6.5/qmmp-1.6/src/plugins/Output/pulseaudio/CMakeLists.txt svn:eol-style native
  +file_prop: tags/qmmp-1.6.5/qmmp-1.6/src/plugins/Output/pulseaudio/outputpulseaudio.cpp svn:eol-style native
  +file_prop: tags/qmmp-1.6.5/qmmp-1.6/src/plugins/Output/pulseaudio/outputpulseaudio.h svn:eol-style native
  +file_prop: tags/qmmp-1.6.5/qmmp-1.6/src/plugins/Output/pulseaudio/outputpulseaudiofactory.cpp svn:eol-style native
  +file_prop: tags/qmmp-1.6.5/qmmp-1.6/src/plugins/Output/pulseaudio/outputpulseaudiofactory.h svn:eol-style native
  +file_prop: tags/qmmp-1.6.5/qmmp-1.6/src/plugins/Output/waveout/CMakeLists.txt svn:eol-style native
  +file_prop: tags/qmmp-1.6.5/qmmp-1.6/src/plugins/PlayListFormats/CMakeLists.txt svn:eol-style native
  +file_prop: tags/qmmp-1.6.5/qmmp-1.6/src/plugins/PlayListFormats/m3u/CMakeLists.txt svn:eol-style native
  +file_prop: tags/qmmp-1.6.5/qmmp-1.6/src/plugins/PlayListFormats/m3u/m3uplaylistformat.cpp svn:eol-style native
  +file_prop: tags/qmmp-1.6.5/qmmp-1.6/src/plugins/PlayListFormats/m3u/m3uplaylistformat.h svn:eol-style native
  +file_prop: tags/qmmp-1.6.5/qmmp-1.6/src/plugins/PlayListFormats/pls/CMakeLists.txt svn:eol-style native
  +file_prop: tags/qmmp-1.6.5/qmmp-1.6/src/plugins/PlayListFormats/pls/plsplaylistformat.cpp svn:eol-style native
  +file_prop: tags/qmmp-1.6.5/qmmp-1.6/src/plugins/PlayListFormats/pls/plsplaylistformat.h svn:eol-style native
  +file_prop: tags/qmmp-1.6.5/qmmp-1.6/src/plugins/PlayListFormats/xspf/CMakeLists.txt svn:eol-style native
  +file_prop: tags/qmmp-1.6.5/qmmp-1.6/src/plugins/PlayListFormats/xspf/xspfplaylistformat.cpp svn:eol-style native
  +file_prop: tags/qmmp-1.6.5/qmmp-1.6/src/plugins/PlayListFormats/xspf/xspfplaylistformat.h svn:eol-style native
  +file_prop: tags/qmmp-1.6.5/qmmp-1.6/src/plugins/Transports/CMakeLists.txt svn:eol-style native
  +file_prop: tags/qmmp-1.6.5/qmmp-1.6/src/plugins/Transports/http/CMakeLists.txt svn:eol-style native
  +file_prop: tags/qmmp-1.6.5/qmmp-1.6/src/plugins/Transports/http/httpinputfactory.cpp svn:eol-style native
  +file_prop: tags/qmmp-1.6.5/qmmp-1.6/src/plugins/Transports/http/httpinputfactory.h svn:eol-style native
  +file_prop: tags/qmmp-1.6.5/qmmp-1.6/src/plugins/Transports/http/httpinputsource.cpp svn:eol-style native
  +file_prop: tags/qmmp-1.6.5/qmmp-1.6/src/plugins/Transports/http/httpinputsource.h svn:eol-style native
  +file_prop: tags/qmmp-1.6.5/qmmp-1.6/src/plugins/Transports/http/httpstreamreader.cpp svn:eol-style native
  +file_prop: tags/qmmp-1.6.5/qmmp-1.6/src/plugins/Transports/http/httpstreamreader.h svn:eol-style native
  +file_prop: tags/qmmp-1.6.5/qmmp-1.6/src/plugins/Transports/http/settingsdialog.cpp svn:eol-style native
  +file_prop: tags/qmmp-1.6.5/qmmp-1.6/src/plugins/Transports/http/settingsdialog.h svn:eol-style native
  +file_prop: tags/qmmp-1.6.5/qmmp-1.6/src/plugins/Transports/mms/CMakeLists.txt svn:eol-style native
  +file_prop: tags/qmmp-1.6.5/qmmp-1.6/src/plugins/Transports/mms/mmsinputfactory.cpp svn:eol-style native
  +file_prop: tags/qmmp-1.6.5/qmmp-1.6/src/plugins/Transports/mms/mmsinputfactory.h svn:eol-style native
  +file_prop: tags/qmmp-1.6.5/qmmp-1.6/src/plugins/Transports/mms/mmsinputsource.cpp svn:eol-style native
  +file_prop: tags/qmmp-1.6.5/qmmp-1.6/src/plugins/Transports/mms/mmsinputsource.h svn:eol-style native
  +file_prop: tags/qmmp-1.6.5/qmmp-1.6/src/plugins/Transports/mms/mmsstreamreader.cpp svn:eol-style native
  +file_prop: tags/qmmp-1.6.5/qmmp-1.6/src/plugins/Transports/mms/mmsstreamreader.h svn:eol-style native
  +file_prop: tags/qmmp-1.6.5/qmmp-1.6/src/plugins/Transports/mms/settingsdialog.cpp svn:eol-style native
  +file_prop: tags/qmmp-1.6.5/qmmp-1.6/src/plugins/Transports/mms/settingsdialog.h svn:eol-style native
  +file_prop: tags/qmmp-1.6.5/qmmp-1.6/src/plugins/Ui/CMakeLists.txt svn:eol-style native
  +file_prop: tags/qmmp-1.6.5/qmmp-1.6/src/plugins/Ui/qsui/CMakeLists.txt svn:eol-style native
  +file_prop: tags/qmmp-1.6.5/qmmp-1.6/src/plugins/Ui/qsui/aboutqsuidialog.cpp svn:eol-style native
  +file_prop: tags/qmmp-1.6.5/qmmp-1.6/src/plugins/Ui/qsui/aboutqsuidialog.h svn:eol-style native
  +file_prop: tags/qmmp-1.6.5/qmmp-1.6/src/plugins/Ui/qsui/actionmanager.cpp svn:eol-style native
  +file_prop: tags/qmmp-1.6.5/qmmp-1.6/src/plugins/Ui/qsui/actionmanager.h svn:eol-style native
  +file_prop: tags/qmmp-1.6.5/qmmp-1.6/src/plugins/Ui/qsui/colorwidget.cpp svn:eol-style native
  +file_prop: tags/qmmp-1.6.5/qmmp-1.6/src/plugins/Ui/qsui/colorwidget.h svn:eol-style native
  +file_prop: tags/qmmp-1.6.5/qmmp-1.6/src/plugins/Ui/qsui/equalizer.cpp svn:eol-style native
  +file_prop: tags/qmmp-1.6.5/qmmp-1.6/src/plugins/Ui/qsui/equalizer.h svn:eol-style native
  +file_prop: tags/qmmp-1.6.5/qmmp-1.6/src/plugins/Ui/qsui/fft.c svn:eol-style native
  +file_prop: tags/qmmp-1.6.5/qmmp-1.6/src/plugins/Ui/qsui/fft.h svn:eol-style native
  +file_prop: tags/qmmp-1.6.5/qmmp-1.6/src/plugins/Ui/qsui/inlines.h svn:eol-style native
  +file_prop: tags/qmmp-1.6.5/qmmp-1.6/src/plugins/Ui/qsui/keyboardmanager.cpp svn:eol-style native
  +file_prop: tags/qmmp-1.6.5/qmmp-1.6/src/plugins/Ui/qsui/keyboardmanager.h svn:eol-style native
  +file_prop: tags/qmmp-1.6.5/qmmp-1.6/src/plugins/Ui/qsui/listwidget.cpp svn:eol-style native
  +file_prop: tags/qmmp-1.6.5/qmmp-1.6/src/plugins/Ui/qsui/listwidget.h svn:eol-style native
  +file_prop: tags/qmmp-1.6.5/qmmp-1.6/src/plugins/Ui/qsui/logo.cpp svn:eol-style native
  +file_prop: tags/qmmp-1.6.5/qmmp-1.6/src/plugins/Ui/qsui/logo.h svn:eol-style native
  +file_prop: tags/qmmp-1.6.5/qmmp-1.6/src/plugins/Ui/qsui/mainwindow.cpp svn:eol-style native
  +file_prop: tags/qmmp-1.6.5/qmmp-1.6/src/plugins/Ui/qsui/mainwindow.h svn:eol-style native
  +file_prop: tags/qmmp-1.6.5/qmmp-1.6/src/plugins/Ui/qsui/popupsettings.cpp svn:eol-style native
  +file_prop: tags/qmmp-1.6.5/qmmp-1.6/src/plugins/Ui/qsui/popupsettings.h svn:eol-style native
  +file_prop: tags/qmmp-1.6.5/qmmp-1.6/src/plugins/Ui/qsui/popupwidget.cpp svn:eol-style native
  +file_prop: tags/qmmp-1.6.5/qmmp-1.6/src/plugins/Ui/qsui/popupwidget.h svn:eol-style native
  +file_prop: tags/qmmp-1.6.5/qmmp-1.6/src/plugins/Ui/qsui/positionslider.cpp svn:eol-style native
  +file_prop: tags/qmmp-1.6.5/qmmp-1.6/src/plugins/Ui/qsui/positionslider.h svn:eol-style native
  +file_prop: tags/qmmp-1.6.5/qmmp-1.6/src/plugins/Ui/qsui/qsuifactory.cpp svn:eol-style native
  +file_prop: tags/qmmp-1.6.5/qmmp-1.6/src/plugins/Ui/qsui/qsuifactory.h svn:eol-style native
  +file_prop: tags/qmmp-1.6.5/qmmp-1.6/src/plugins/Ui/qsui/qsuisettings.cpp svn:eol-style native
  +file_prop: tags/qmmp-1.6.5/qmmp-1.6/src/plugins/Ui/qsui/qsuisettings.h svn:eol-style native
  +file_prop: tags/qmmp-1.6.5/qmmp-1.6/src/plugins/Ui/qsui/qsuitabbar.cpp svn:eol-style native
  +file_prop: tags/qmmp-1.6.5/qmmp-1.6/src/plugins/Ui/qsui/qsuitabbar.h svn:eol-style native
  +file_prop: tags/qmmp-1.6.5/qmmp-1.6/src/plugins/Ui/qsui/qsuitabwidget.cpp svn:eol-style native
  +file_prop: tags/qmmp-1.6.5/qmmp-1.6/src/plugins/Ui/qsui/qsuitabwidget.h svn:eol-style native
  +file_prop: tags/qmmp-1.6.5/qmmp-1.6/src/plugins/Ui/qsui/qsuivisualization.cpp svn:eol-style native
  +file_prop: tags/qmmp-1.6.5/qmmp-1.6/src/plugins/Ui/qsui/qsuivisualization.h svn:eol-style native
  +file_prop: tags/qmmp-1.6.5/qmmp-1.6/src/plugins/Ui/qsui/resources/audio-volume-high.png svn:mime-type application/octet-stream
  +file_prop: tags/qmmp-1.6.5/qmmp-1.6/src/plugins/Ui/qsui/resources/audio-volume-low.png svn:mime-type application/octet-stream
  +file_prop: tags/qmmp-1.6.5/qmmp-1.6/src/plugins/Ui/qsui/resources/audio-volume-medium.png svn:mime-type application/octet-stream
  +file_prop: tags/qmmp-1.6.5/qmmp-1.6/src/plugins/Ui/qsui/resources/audio-volume-muted.png svn:mime-type application/octet-stream
  +file_prop: tags/qmmp-1.6.5/qmmp-1.6/src/plugins/Ui/qsui/resources/media-eject.png svn:mime-type application/octet-stream
  +file_prop: tags/qmmp-1.6.5/qmmp-1.6/src/plugins/Ui/qsui/resources/media-playback-pause.png svn:mime-type application/octet-stream
  +file_prop: tags/qmmp-1.6.5/qmmp-1.6/src/plugins/Ui/qsui/resources/media-playback-start.png svn:mime-type application/octet-stream
  +file_prop: tags/qmmp-1.6.5/qmmp-1.6/src/plugins/Ui/qsui/resources/media-playback-stop.png svn:mime-type application/octet-stream
  +file_prop: tags/qmmp-1.6.5/qmmp-1.6/src/plugins/Ui/qsui/resources/media-skip-backward.png svn:mime-type application/octet-stream
  +file_prop: tags/qmmp-1.6.5/qmmp-1.6/src/plugins/Ui/qsui/resources/media-skip-forward.png svn:mime-type application/octet-stream
  +file_prop: tags/qmmp-1.6.5/qmmp-1.6/src/plugins/Ui/qsui/resources/qsui_settings.png svn:mime-type application/octet-stream
  +file_prop: tags/qmmp-1.6.5/qmmp-1.6/src/plugins/Ui/qsui/resources/qsui_shortcuts.png svn:mime-type application/octet-stream
  +file_prop: tags/qmmp-1.6.5/qmmp-1.6/src/plugins/Ui/qsui/resources/terminus.png svn:mime-type application/octet-stream
  +file_prop: tags/qmmp-1.6.5/qmmp-1.6/src/plugins/Ui/qsui/resources/ui_no_cover.png svn:mime-type application/octet-stream
  +file_prop: tags/qmmp-1.6.5/qmmp-1.6/src/plugins/Ui/qsui/shortcutdialog.cpp svn:eol-style native
  +file_prop: tags/qmmp-1.6.5/qmmp-1.6/src/plugins/Ui/qsui/shortcutdialog.h svn:eol-style native
  +file_prop: tags/qmmp-1.6.5/qmmp-1.6/src/plugins/Ui/qsui/shortcutitem.cpp svn:eol-style native
  +file_prop: tags/qmmp-1.6.5/qmmp-1.6/src/plugins/Ui/qsui/shortcutitem.h svn:eol-style native
  +file_prop: tags/qmmp-1.6.5/qmmp-1.6/src/plugins/Ui/qsui/txt/ascii_logo.txt svn:eol-style native
  +file_prop: tags/qmmp-1.6.5/qmmp-1.6/src/plugins/Ui/qsui/visualmenu.cpp svn:eol-style native
  +file_prop: tags/qmmp-1.6.5/qmmp-1.6/src/plugins/Ui/qsui/visualmenu.h svn:eol-style native
  +file_prop: tags/qmmp-1.6.5/qmmp-1.6/src/plugins/Ui/skinned/CMakeLists.txt svn:eol-style native
  +file_prop: tags/qmmp-1.6.5/qmmp-1.6/src/plugins/Ui/skinned/actionmanager.cpp svn:eol-style native
  +file_prop: tags/qmmp-1.6.5/qmmp-1.6/src/plugins/Ui/skinned/actionmanager.h svn:eol-style native
  +file_prop: tags/qmmp-1.6.5/qmmp-1.6/src/plugins/Ui/skinned/balancebar.cpp svn:eol-style native
  +file_prop: tags/qmmp-1.6.5/qmmp-1.6/src/plugins/Ui/skinned/balancebar.h svn:eol-style native
  +file_prop: tags/qmmp-1.6.5/qmmp-1.6/src/plugins/Ui/skinned/button.cpp svn:eol-style native
  +file_prop: tags/qmmp-1.6.5/qmmp-1.6/src/plugins/Ui/skinned/button.h svn:eol-style native
  +file_prop: tags/qmmp-1.6.5/qmmp-1.6/src/plugins/Ui/skinned/cursorimage.cpp svn:eol-style native
  +file_prop: tags/qmmp-1.6.5/qmmp-1.6/src/plugins/Ui/skinned/cursorimage.h svn:eol-style native
  +file_prop: tags/qmmp-1.6.5/qmmp-1.6/src/plugins/Ui/skinned/display.cpp svn:eol-style native
  +file_prop: tags/qmmp-1.6.5/qmmp-1.6/src/plugins/Ui/skinned/display.h svn:eol-style native
  +file_prop: tags/qmmp-1.6.5/qmmp-1.6/src/plugins/Ui/skinned/dock.cpp svn:eol-style native
  +file_prop: tags/qmmp-1.6.5/qmmp-1.6/src/plugins/Ui/skinned/dock.h svn:eol-style native
  +file_prop: tags/qmmp-1.6.5/qmmp-1.6/src/plugins/Ui/skinned/eqgraph.cpp svn:eol-style native
  +file_prop: tags/qmmp-1.6.5/qmmp-1.6/src/plugins/Ui/skinned/eqgraph.h svn:eol-style native
  +file_prop: tags/qmmp-1.6.5/qmmp-1.6/src/plugins/Ui/skinned/eqpreset.cpp svn:eol-style native
  +file_prop: tags/qmmp-1.6.5/qmmp-1.6/src/plugins/Ui/skinned/eqpreset.h svn:eol-style native
  +file_prop: tags/qmmp-1.6.5/qmmp-1.6/src/plugins/Ui/skinned/eqslider.cpp svn:eol-style native
  +file_prop: tags/qmmp-1.6.5/qmmp-1.6/src/plugins/Ui/skinned/eqslider.h svn:eol-style native
  +file_prop: tags/qmmp-1.6.5/qmmp-1.6/src/plugins/Ui/skinned/eqtitlebar.cpp svn:eol-style native
  +file_prop: tags/qmmp-1.6.5/qmmp-1.6/src/plugins/Ui/skinned/eqtitlebar.h svn:eol-style native
  +file_prop: tags/qmmp-1.6.5/qmmp-1.6/src/plugins/Ui/skinned/eqwidget.cpp svn:eol-style native
  +file_prop: tags/qmmp-1.6.5/qmmp-1.6/src/plugins/Ui/skinned/eqwidget.h svn:eol-style native
  +file_prop: tags/qmmp-1.6.5/qmmp-1.6/src/plugins/Ui/skinned/fft.c svn:eol-style native
  +file_prop: tags/qmmp-1.6.5/qmmp-1.6/src/plugins/Ui/skinned/fft.h svn:eol-style native
  +file_prop: tags/qmmp-1.6.5/qmmp-1.6/src/plugins/Ui/skinned/glare/balance.png svn:mime-type application/octet-stream
  +file_prop: tags/qmmp-1.6.5/qmmp-1.6/src/plugins/Ui/skinned/glare/cbuttons.png svn:mime-type application/octet-stream
  +file_prop: tags/qmmp-1.6.5/qmmp-1.6/src/plugins/Ui/skinned/glare/eq_ex.png svn:mime-type application/octet-stream
  +file_prop: tags/qmmp-1.6.5/qmmp-1.6/src/plugins/Ui/skinned/glare/eqmain.png svn:mime-type application/octet-stream
  +file_prop: tags/qmmp-1.6.5/qmmp-1.6/src/plugins/Ui/skinned/glare/main.png svn:mime-type application/octet-stream
  +file_prop: tags/qmmp-1.6.5/qmmp-1.6/src/plugins/Ui/skinned/glare/monoster.png svn:mime-type application/octet-stream
  +file_prop: tags/qmmp-1.6.5/qmmp-1.6/src/plugins/Ui/skinned/glare/nums_ex.png svn:mime-type application/octet-stream
  +file_prop: tags/qmmp-1.6.5/qmmp-1.6/src/plugins/Ui/skinned/glare/playpaus.png svn:mime-type application/octet-stream
  +file_prop: tags/qmmp-1.6.5/qmmp-1.6/src/plugins/Ui/skinned/glare/pledit.png svn:mime-type application/octet-stream
  +file_prop: tags/qmmp-1.6.5/qmmp-1.6/src/plugins/Ui/skinned/glare/posbar.png svn:mime-type application/octet-stream
  +file_prop: tags/qmmp-1.6.5/qmmp-1.6/src/plugins/Ui/skinned/glare/shufrep.png svn:mime-type application/octet-stream
  +file_prop: tags/qmmp-1.6.5/qmmp-1.6/src/plugins/Ui/skinned/glare/text.png svn:mime-type application/octet-stream
  +file_prop: tags/qmmp-1.6.5/qmmp-1.6/src/plugins/Ui/skinned/glare/titlebar.png svn:mime-type application/octet-stream
  +file_prop: tags/qmmp-1.6.5/qmmp-1.6/src/plugins/Ui/skinned/glare/volume.png svn:mime-type application/octet-stream
  +file_prop: tags/qmmp-1.6.5/qmmp-1.6/src/plugins/Ui/skinned/hotkeyeditor.cpp svn:eol-style native
  +file_prop: tags/qmmp-1.6.5/qmmp-1.6/src/plugins/Ui/skinned/hotkeyeditor.h svn:eol-style native
  +file_prop: tags/qmmp-1.6.5/qmmp-1.6/src/plugins/Ui/skinned/inlines.h svn:eol-style native
  +file_prop: tags/qmmp-1.6.5/qmmp-1.6/src/plugins/Ui/skinned/keyboardmanager.cpp svn:eol-style native
  +file_prop: tags/qmmp-1.6.5/qmmp-1.6/src/plugins/Ui/skinned/keyboardmanager.h svn:eol-style native
  +file_prop: tags/qmmp-1.6.5/qmmp-1.6/src/plugins/Ui/skinned/listwidget.cpp svn:eol-style native
  +file_prop: tags/qmmp-1.6.5/qmmp-1.6/src/plugins/Ui/skinned/listwidget.h svn:eol-style native
  +file_prop: tags/qmmp-1.6.5/qmmp-1.6/src/plugins/Ui/skinned/mainvisual.cpp svn:eol-style native
  +file_prop: tags/qmmp-1.6.5/qmmp-1.6/src/plugins/Ui/skinned/mainvisual.h svn:eol-style native
  +file_prop: tags/qmmp-1.6.5/qmmp-1.6/src/plugins/Ui/skinned/mainwindow.cpp svn:eol-style native
  +file_prop: tags/qmmp-1.6.5/qmmp-1.6/src/plugins/Ui/skinned/mainwindow.h svn:eol-style native
  +file_prop: tags/qmmp-1.6.5/qmmp-1.6/src/plugins/Ui/skinned/monostereo.cpp svn:eol-style native
  +file_prop: tags/qmmp-1.6.5/qmmp-1.6/src/plugins/Ui/skinned/monostereo.h svn:eol-style native
  +file_prop: tags/qmmp-1.6.5/qmmp-1.6/src/plugins/Ui/skinned/number.cpp svn:eol-style native
  +file_prop: tags/qmmp-1.6.5/qmmp-1.6/src/plugins/Ui/skinned/number.h svn:eol-style native
  +file_prop: tags/qmmp-1.6.5/qmmp-1.6/src/plugins/Ui/skinned/pixmapwidget.cpp svn:eol-style native
  +file_prop: tags/qmmp-1.6.5/qmmp-1.6/src/plugins/Ui/skinned/pixmapwidget.h svn:eol-style native
  +file_prop: tags/qmmp-1.6.5/qmmp-1.6/src/plugins/Ui/skinned/playlist.cpp svn:eol-style native
  +file_prop: tags/qmmp-1.6.5/qmmp-1.6/src/plugins/Ui/skinned/playlist.h svn:eol-style native
  +file_prop: tags/qmmp-1.6.5/qmmp-1.6/src/plugins/Ui/skinned/playlistbrowser.cpp svn:eol-style native
  +file_prop: tags/qmmp-1.6.5/qmmp-1.6/src/plugins/Ui/skinned/playlistbrowser.h svn:eol-style native
  +file_prop: tags/qmmp-1.6.5/qmmp-1.6/src/plugins/Ui/skinned/playlistcontrol.cpp svn:eol-style native
  +file_prop: tags/qmmp-1.6.5/qmmp-1.6/src/plugins/Ui/skinned/playlistcontrol.h svn:eol-style native
  +file_prop: tags/qmmp-1.6.5/qmmp-1.6/src/plugins/Ui/skinned/playlistselector.cpp svn:eol-style native
  +file_prop: tags/qmmp-1.6.5/qmmp-1.6/src/plugins/Ui/skinned/playlistselector.h svn:eol-style native
  +file_prop: tags/qmmp-1.6.5/qmmp-1.6/src/plugins/Ui/skinned/playlistslider.cpp svn:eol-style native
  +file_prop: tags/qmmp-1.6.5/qmmp-1.6/src/plugins/Ui/skinned/playlistslider.h svn:eol-style native
  +file_prop: tags/qmmp-1.6.5/qmmp-1.6/src/plugins/Ui/skinned/playlisttitlebar.cpp svn:eol-style native
  +file_prop: tags/qmmp-1.6.5/qmmp-1.6/src/plugins/Ui/skinned/playlisttitlebar.h svn:eol-style native
  +file_prop: tags/qmmp-1.6.5/qmmp-1.6/src/plugins/Ui/skinned/playstatus.cpp svn:eol-style native
  +file_prop: tags/qmmp-1.6.5/qmmp-1.6/src/plugins/Ui/skinned/playstatus.h svn:eol-style native
  +file_prop: tags/qmmp-1.6.5/qmmp-1.6/src/plugins/Ui/skinned/popupsettings.cpp svn:eol-style native
  +file_prop: tags/qmmp-1.6.5/qmmp-1.6/src/plugins/Ui/skinned/popupsettings.h svn:eol-style native
  +file_prop: tags/qmmp-1.6.5/qmmp-1.6/src/plugins/Ui/skinned/popupwidget.cpp svn:eol-style native
  +file_prop: tags/qmmp-1.6.5/qmmp-1.6/src/plugins/Ui/skinned/popupwidget.h svn:eol-style native
  +file_prop: tags/qmmp-1.6.5/qmmp-1.6/src/plugins/Ui/skinned/positionbar.cpp svn:eol-style native
  +file_prop: tags/qmmp-1.6.5/qmmp-1.6/src/plugins/Ui/skinned/positionbar.h svn:eol-style native
  +file_prop: tags/qmmp-1.6.5/qmmp-1.6/src/plugins/Ui/skinned/preseteditor.cpp svn:eol-style native
  +file_prop: tags/qmmp-1.6.5/qmmp-1.6/src/plugins/Ui/skinned/preseteditor.h svn:eol-style native
  +file_prop: tags/qmmp-1.6.5/qmmp-1.6/src/plugins/Ui/skinned/resources/interface.png svn:mime-type image/png
  +file_prop: tags/qmmp-1.6.5/qmmp-1.6/src/plugins/Ui/skinned/resources/shortcuts.png svn:mime-type image/png
  +file_prop: tags/qmmp-1.6.5/qmmp-1.6/src/plugins/Ui/skinned/resources/ui_no_cover.png svn:mime-type image/png
  +file_prop: tags/qmmp-1.6.5/qmmp-1.6/src/plugins/Ui/skinned/shadedbar.cpp svn:eol-style native
  +file_prop: tags/qmmp-1.6.5/qmmp-1.6/src/plugins/Ui/skinned/shadedbar.h svn:eol-style native
  +file_prop: tags/qmmp-1.6.5/qmmp-1.6/src/plugins/Ui/skinned/shadedvisual.cpp svn:eol-style native
  +file_prop: tags/qmmp-1.6.5/qmmp-1.6/src/plugins/Ui/skinned/shadedvisual.h svn:eol-style native
  +file_prop: tags/qmmp-1.6.5/qmmp-1.6/src/plugins/Ui/skinned/shortcutdialog.cpp svn:eol-style native
  +file_prop: tags/qmmp-1.6.5/qmmp-1.6/src/plugins/Ui/skinned/shortcutdialog.h svn:eol-style native
  +file_prop: tags/qmmp-1.6.5/qmmp-1.6/src/plugins/Ui/skinned/shortcutitem.cpp svn:eol-style native
  +file_prop: tags/qmmp-1.6.5/qmmp-1.6/src/plugins/Ui/skinned/shortcutitem.h svn:eol-style native
  +file_prop: tags/qmmp-1.6.5/qmmp-1.6/src/plugins/Ui/skinned/skin.cpp svn:eol-style native
  +file_prop: tags/qmmp-1.6.5/qmmp-1.6/src/plugins/Ui/skinned/skin.h svn:eol-style native
  +file_prop: tags/qmmp-1.6.5/qmmp-1.6/src/plugins/Ui/skinned/skinnedfactory.cpp svn:eol-style native
  +file_prop: tags/qmmp-1.6.5/qmmp-1.6/src/plugins/Ui/skinned/skinnedfactory.h svn:eol-style native
  +file_prop: tags/qmmp-1.6.5/qmmp-1.6/src/plugins/Ui/skinned/skinnedsettings.cpp svn:eol-style native
  +file_prop: tags/qmmp-1.6.5/qmmp-1.6/src/plugins/Ui/skinned/skinnedsettings.h svn:eol-style native
  +file_prop: tags/qmmp-1.6.5/qmmp-1.6/src/plugins/Ui/skinned/skinreader.cpp svn:eol-style native
  +file_prop: tags/qmmp-1.6.5/qmmp-1.6/src/plugins/Ui/skinned/skinreader.h svn:eol-style native
  +file_prop: tags/qmmp-1.6.5/qmmp-1.6/src/plugins/Ui/skinned/symboldisplay.cpp svn:eol-style native
  +file_prop: tags/qmmp-1.6.5/qmmp-1.6/src/plugins/Ui/skinned/symboldisplay.h svn:eol-style native
  +file_prop: tags/qmmp-1.6.5/qmmp-1.6/src/plugins/Ui/skinned/textscroller.cpp svn:eol-style native
  +file_prop: tags/qmmp-1.6.5/qmmp-1.6/src/plugins/Ui/skinned/textscroller.h svn:eol-style native
  +file_prop: tags/qmmp-1.6.5/qmmp-1.6/src/plugins/Ui/skinned/timeindicator.cpp svn:eol-style native
  +file_prop: tags/qmmp-1.6.5/qmmp-1.6/src/plugins/Ui/skinned/timeindicator.h svn:eol-style native
  +file_prop: tags/qmmp-1.6.5/qmmp-1.6/src/plugins/Ui/skinned/titlebar.cpp svn:eol-style native
  +file_prop: tags/qmmp-1.6.5/qmmp-1.6/src/plugins/Ui/skinned/titlebar.h svn:eol-style native
  +file_prop: tags/qmmp-1.6.5/qmmp-1.6/src/plugins/Ui/skinned/titlebarcontrol.cpp svn:eol-style native
  +file_prop: tags/qmmp-1.6.5/qmmp-1.6/src/plugins/Ui/skinned/titlebarcontrol.h svn:eol-style native
  +file_prop: tags/qmmp-1.6.5/qmmp-1.6/src/plugins/Ui/skinned/togglebutton.cpp svn:eol-style native
  +file_prop: tags/qmmp-1.6.5/qmmp-1.6/src/plugins/Ui/skinned/togglebutton.h svn:eol-style native
  +file_prop: tags/qmmp-1.6.5/qmmp-1.6/src/plugins/Ui/skinned/visualmenu.cpp svn:eol-style native
  +file_prop: tags/qmmp-1.6.5/qmmp-1.6/src/plugins/Ui/skinned/visualmenu.h svn:eol-style native
  +file_prop: tags/qmmp-1.6.5/qmmp-1.6/src/plugins/Ui/skinned/volumebar.cpp svn:eol-style native
  +file_prop: tags/qmmp-1.6.5/qmmp-1.6/src/plugins/Ui/skinned/volumebar.h svn:eol-style native
  +file_prop: tags/qmmp-1.6.5/qmmp-1.6/src/plugins/Ui/skinned/windowsystem.cpp svn:eol-style native
  +file_prop: tags/qmmp-1.6.5/qmmp-1.6/src/plugins/Ui/skinned/windowsystem.h svn:eol-style native
  +file_prop: tags/qmmp-1.6.5/qmmp-1.6/src/plugins/Visual/projectm/CMakeLists.txt svn:eol-style native
  +file_prop: tags/qmmp-1.6.5/qmmp-1.6/src/plugins/Visual/projectm/projectmplugin.cpp svn:eol-style native
  +file_prop: tags/qmmp-1.6.5/qmmp-1.6/src/plugins/Visual/projectm/projectmplugin.h svn:eol-style native
  +file_prop: tags/qmmp-1.6.5/qmmp-1.6/src/plugins/Visual/projectm/projectmwidget.cpp svn:eol-style native
  +file_prop: tags/qmmp-1.6.5/qmmp-1.6/src/plugins/Visual/projectm/projectmwidget.h svn:eol-style native
  +file_prop: tags/qmmp-1.6.5/qmmp-1.6/src/plugins/Visual/projectm/visualprojectmfactory.cpp svn:eol-style native
  +file_prop: tags/qmmp-1.6.5/qmmp-1.6/src/plugins/Visual/projectm/visualprojectmfactory.h svn:eol-style native
  +file_prop: tags/qmmp-1.6.5/qmmp-1.6/src/qmmp/abstractengine.cpp svn:eol-style native
  +file_prop: tags/qmmp-1.6.5/qmmp-1.6/src/qmmp/abstractengine.h svn:eol-style native
  +file_prop: tags/qmmp-1.6.5/qmmp-1.6/src/qmmp/audioconverter.cpp svn:eol-style native
  +file_prop: tags/qmmp-1.6.5/qmmp-1.6/src/qmmp/audioconverter.h svn:eol-style native
  +file_prop: tags/qmmp-1.6.5/qmmp-1.6/src/qmmp/audioparameters.cpp svn:eol-style native
  +file_prop: tags/qmmp-1.6.5/qmmp-1.6/src/qmmp/audioparameters.h svn:eol-style native
  +file_prop: tags/qmmp-1.6.5/qmmp-1.6/src/qmmp/emptyinputsource.cpp svn:eol-style native
  +file_prop: tags/qmmp-1.6.5/qmmp-1.6/src/qmmp/emptyinputsource_p.h svn:eol-style native
  +file_prop: tags/qmmp-1.6.5/qmmp-1.6/src/qmmp/enginefactory.h svn:eol-style native
  +file_prop: tags/qmmp-1.6.5/qmmp-1.6/src/qmmp/eqsettings.cpp svn:eol-style native
  +file_prop: tags/qmmp-1.6.5/qmmp-1.6/src/qmmp/eqsettings.h svn:eol-style native
  +file_prop: tags/qmmp-1.6.5/qmmp-1.6/src/qmmp/fileinputsource.cpp svn:eol-style native
  +file_prop: tags/qmmp-1.6.5/qmmp-1.6/src/qmmp/fileinputsource_p.h svn:eol-style native
  +file_prop: tags/qmmp-1.6.5/qmmp-1.6/src/qmmp/inputsource.cpp svn:eol-style native
  +file_prop: tags/qmmp-1.6.5/qmmp-1.6/src/qmmp/inputsource.h svn:eol-style native
  +file_prop: tags/qmmp-1.6.5/qmmp-1.6/src/qmmp/inputsourcefactory.h svn:eol-style native
  +file_prop: tags/qmmp-1.6.5/qmmp-1.6/src/qmmp/metadatamanager.cpp svn:eol-style native
  +file_prop: tags/qmmp-1.6.5/qmmp-1.6/src/qmmp/metadatamanager.h svn:eol-style native
  +file_prop: tags/qmmp-1.6.5/qmmp-1.6/src/qmmp/metadatamodel.cpp svn:eol-style native
  +file_prop: tags/qmmp-1.6.5/qmmp-1.6/src/qmmp/metadatamodel.h svn:eol-style native
  +file_prop: tags/qmmp-1.6.5/qmmp-1.6/src/qmmp/outputwriter.cpp svn:eol-style native
  +file_prop: tags/qmmp-1.6.5/qmmp-1.6/src/qmmp/outputwriter_p.h svn:eol-style native
  +file_prop: tags/qmmp-1.6.5/qmmp-1.6/src/qmmp/qmmp.cpp svn:eol-style native
  +file_prop: tags/qmmp-1.6.5/qmmp-1.6/src/qmmp/qmmp.h svn:eol-style native
  +file_prop: tags/qmmp-1.6.5/qmmp-1.6/src/qmmp/qmmpaudioengine.cpp svn:eol-style native
  +file_prop: tags/qmmp-1.6.5/qmmp-1.6/src/qmmp/qmmpaudioengine_p.h svn:eol-style native
  +file_prop: tags/qmmp-1.6.5/qmmp-1.6/src/qmmp/qmmpevents.cpp svn:eol-style native
  +file_prop: tags/qmmp-1.6.5/qmmp-1.6/src/qmmp/qmmpevents_p.h svn:eol-style native
  +file_prop: tags/qmmp-1.6.5/qmmp-1.6/src/qmmp/qmmpsettings.cpp svn:eol-style native
  +file_prop: tags/qmmp-1.6.5/qmmp-1.6/src/qmmp/qmmpsettings.h svn:eol-style native
  +file_prop: tags/qmmp-1.6.5/qmmp-1.6/src/qmmp/replaygain.cpp svn:eol-style native
  +file_prop: tags/qmmp-1.6.5/qmmp-1.6/src/qmmp/replaygain_p.h svn:eol-style native
  +file_prop: tags/qmmp-1.6.5/qmmp-1.6/src/qmmp/statehandler.cpp svn:eol-style native
  +file_prop: tags/qmmp-1.6.5/qmmp-1.6/src/qmmp/statehandler.h svn:eol-style native
  +file_prop: tags/qmmp-1.6.5/qmmp-1.6/src/qmmp/svn_revision.sh svn:eol-style native
  +file_prop: tags/qmmp-1.6.5/qmmp-1.6/src/qmmp/tagmodel.cpp svn:eol-style native
  +file_prop: tags/qmmp-1.6.5/qmmp-1.6/src/qmmp/tagmodel.h svn:eol-style native
  +file_prop: tags/qmmp-1.6.5/qmmp-1.6/src/qmmp/volume.h svn:eol-style native
  +file_prop: tags/qmmp-1.6.5/qmmp-1.6/src/qmmp/volumehandler.cpp svn:eol-style native
  +file_prop: tags/qmmp-1.6.5/qmmp-1.6/src/qmmp/volumehandler.h svn:eol-style native
  +file_prop: tags/qmmp-1.6.5/qmmp-1.6/src/qmmpui/CMakeLists.txt svn:eol-style native
  +file_prop: tags/qmmp-1.6.5/qmmp-1.6/src/qmmpui/aboutdialog.cpp svn:eol-style native
  +file_prop: tags/qmmp-1.6.5/qmmp-1.6/src/qmmpui/aboutdialog_p.h svn:eol-style native
  +file_prop: tags/qmmp-1.6.5/qmmp-1.6/src/qmmpui/addurldialog.cpp svn:eol-style native
  +file_prop: tags/qmmp-1.6.5/qmmp-1.6/src/qmmpui/addurldialog_p.h svn:eol-style native
  +file_prop: tags/qmmp-1.6.5/qmmp-1.6/src/qmmpui/commandlinehandler.h svn:eol-style native
  +file_prop: tags/qmmp-1.6.5/qmmp-1.6/src/qmmpui/commandlinemanager.cpp svn:eol-style native
  +file_prop: tags/qmmp-1.6.5/qmmp-1.6/src/qmmpui/commandlinemanager.h svn:eol-style native
  +file_prop: tags/qmmp-1.6.5/qmmp-1.6/src/qmmpui/configdialog.cpp svn:eol-style native
  +file_prop: tags/qmmp-1.6.5/qmmp-1.6/src/qmmpui/configdialog.h svn:eol-style native
  +file_prop: tags/qmmp-1.6.5/qmmp-1.6/src/qmmpui/detailsdialog.cpp svn:eol-style native
  +file_prop: tags/qmmp-1.6.5/qmmp-1.6/src/qmmpui/detailsdialog.h svn:eol-style native
  +file_prop: tags/qmmp-1.6.5/qmmp-1.6/src/qmmpui/filedialog.cpp svn:eol-style native
  +file_prop: tags/qmmp-1.6.5/qmmp-1.6/src/qmmpui/filedialog.h svn:eol-style native
  +file_prop: tags/qmmp-1.6.5/qmmp-1.6/src/qmmpui/filedialogfactory.h svn:eol-style native
  +file_prop: tags/qmmp-1.6.5/qmmp-1.6/src/qmmpui/fileloader.cpp svn:eol-style native
  +file_prop: tags/qmmp-1.6.5/qmmp-1.6/src/qmmpui/fileloader_p.h svn:eol-style native
  +file_prop: tags/qmmp-1.6.5/qmmp-1.6/src/qmmpui/images/advanced.png svn:mime-type image/png
  +file_prop: tags/qmmp-1.6.5/qmmp-1.6/src/qmmpui/images/associations.png svn:mime-type application/octet-stream
  +file_prop: tags/qmmp-1.6.5/qmmp-1.6/src/qmmpui/images/logo-qmmp.png svn:mime-type image/png
  +file_prop: tags/qmmp-1.6.5/qmmp-1.6/src/qmmpui/images/network.png svn:mime-type image/png
  +file_prop: tags/qmmp-1.6.5/qmmp-1.6/src/qmmpui/images/playlist.png svn:mime-type image/png
  +file_prop: tags/qmmp-1.6.5/qmmp-1.6/src/qmmpui/images/plugins.png svn:mime-type image/png
  +file_prop: tags/qmmp-1.6.5/qmmp-1.6/src/qmmpui/images/replaygain.png svn:mime-type image/png
  +file_prop: tags/qmmp-1.6.5/qmmp-1.6/src/qmmpui/jumptotrackdialog.cpp svn:eol-style native
  +file_prop: tags/qmmp-1.6.5/qmmp-1.6/src/qmmpui/jumptotrackdialog_p.h svn:eol-style native
  +file_prop: tags/qmmp-1.6.5/qmmp-1.6/src/qmmpui/mediaplayer.cpp svn:eol-style native
  +file_prop: tags/qmmp-1.6.5/qmmp-1.6/src/qmmpui/mediaplayer.h svn:eol-style native
  +file_prop: tags/qmmp-1.6.5/qmmp-1.6/src/qmmpui/playlistdownloader.cpp svn:eol-style native
  +file_prop: tags/qmmp-1.6.5/qmmp-1.6/src/qmmpui/playlistdownloader.h svn:eol-style native
  +file_prop: tags/qmmp-1.6.5/qmmp-1.6/src/qmmpui/playlistformat.h svn:eol-style native
  +file_prop: tags/qmmp-1.6.5/qmmp-1.6/src/qmmpui/playlistitem.cpp svn:eol-style native
  +file_prop: tags/qmmp-1.6.5/qmmp-1.6/src/qmmpui/playlistitem.h svn:eol-style native
  +file_prop: tags/qmmp-1.6.5/qmmp-1.6/src/qmmpui/playlistmanager.cpp svn:eol-style native
  +file_prop: tags/qmmp-1.6.5/qmmp-1.6/src/qmmpui/playlistmanager.h svn:eol-style native
  +file_prop: tags/qmmp-1.6.5/qmmp-1.6/src/qmmpui/playlistmodel.cpp svn:eol-style native
  +file_prop: tags/qmmp-1.6.5/qmmp-1.6/src/qmmpui/playlistmodel.h svn:eol-style native
  +file_prop: tags/qmmp-1.6.5/qmmp-1.6/src/qmmpui/playlistparser.cpp svn:eol-style native
  +file_prop: tags/qmmp-1.6.5/qmmp-1.6/src/qmmpui/playlistparser.h svn:eol-style native
  +file_prop: tags/qmmp-1.6.5/qmmp-1.6/src/qmmpui/playstate.cpp svn:eol-style native
  +file_prop: tags/qmmp-1.6.5/qmmp-1.6/src/qmmpui/playstate_p.h svn:eol-style native
  +file_prop: tags/qmmp-1.6.5/qmmp-1.6/src/qmmpui/pluginitem.cpp svn:eol-style native
  +file_prop: tags/qmmp-1.6.5/qmmp-1.6/src/qmmpui/pluginitem_p.h svn:eol-style native
  +file_prop: tags/qmmp-1.6.5/qmmp-1.6/src/qmmpui/qmmpuisettings.cpp svn:eol-style native
  +file_prop: tags/qmmp-1.6.5/qmmp-1.6/src/qmmpui/qmmpuisettings.h svn:eol-style native
  +file_prop: tags/qmmp-1.6.5/qmmp-1.6/src/qmmpui/qtfiledialog.cpp svn:eol-style native
  +file_prop: tags/qmmp-1.6.5/qmmp-1.6/src/qmmpui/qtfiledialog_p.h svn:eol-style native
  +file_prop: tags/qmmp-1.6.5/qmmp-1.6/src/qmmpui/radioitemdelegate.cpp svn:eol-style native
  +file_prop: tags/qmmp-1.6.5/qmmp-1.6/src/qmmpui/radioitemdelegate_p.h svn:eol-style native
  +file_prop: tags/qmmp-1.6.5/qmmp-1.6/src/qmmpui/tageditor.cpp svn:eol-style native
  +file_prop: tags/qmmp-1.6.5/qmmp-1.6/src/qmmpui/tageditor_p.h svn:eol-style native
  +file_prop: tags/qmmp-1.6.5/qmmp-1.6/src/qmmpui/templateeditor.cpp svn:eol-style native
  +file_prop: tags/qmmp-1.6.5/qmmp-1.6/src/qmmpui/templateeditor.h svn:eol-style native
  +file_prop: tags/qmmp-1.6.5/qmmp-1.6/src/qmmpui/txt/authors_he.txt svn:eol-style native
  +file_prop: tags/qmmp-1.6.5/qmmp-1.6/src/qmmpui/txt/description_el.txt svn:mime-type text/plain
  +file_prop: tags/qmmp-1.6.5/qmmp-1.6/src/qmmpui/txt/description_he.txt svn:eol-style native
  +file_prop: tags/qmmp-1.6.5/qmmp-1.6/src/qmmpui/txt/description_ko.txt svn:mime-type application/octet-stream
  +file_prop: tags/qmmp-1.6.5/qmmp-1.6/src/qmmpui/txt/thanks_he.txt svn:eol-style native
  +file_prop: tags/qmmp-1.6.5/qmmp-1.6/src/qmmpui/txt/translators_he.txt svn:eol-style native
  +file_prop: tags/qmmp-1.6.5/qmmp-1.6/src/qmmpui/txt/translators_it.txt svn:eol-style native
  +file_prop: tags/qmmp-1.6.5/qmmp-1.6/src/qmmpui/uifactory.h svn:eol-style native
  +file_prop: tags/qmmp-1.6.5/qmmp-1.6/src/qmmpui/uiloader.cpp svn:eol-style native
  +file_prop: tags/qmmp-1.6.5/qmmp-1.6/src/qmmpui/uiloader.h svn:eol-style native
  +file_prop: tags/qmmp-1.6.5/qmmp-1.6/utils/remove_svn_tags.sh svn:eol-style native
  +file_prop: tags/qmmp-1.6.5/qmmp-1.6/utils/update_ts.sh svn:eol-style native
r11300
  -empty_dir: tags/qmmp-1.6.5/qmmp-1.6
