r10025
r10029
r10034
r10039
r10042
  +dir_prop: branches/qmmp-1.5 svn:mergeinfo /branches/qmmp-0.10:7522%0A/branches/qmmp-0.11:7919%0A/branches/qmmp-0.12:7828%2C7918%2C8045%2C8073-8075%2C8668%2C8705%0A/branches/qmmp-1.0:5596%0A/branches/qmmp-1.1:5819%2C5968%2C6043%2C6172%2C6233%2C6442%0A/branches/qmmp-1.2:6799%2C6945%2C6975%2C7173%2C7382%2C7520%0A/branches/qmmp-1.3:8706%2C8913%0A/branches/qmmp-2.0:9877%2C9946%2C9969%2C9972%2C9983%2C9990%2C9999%2C10001%2C10003%0A/trunk/qmmp:10041
r10047
r10051
  +dir_prop: branches/qmmp-1.5 svn:mergeinfo /branches/qmmp-0.10:7522%0A/branches/qmmp-0.11:7919%0A/branches/qmmp-0.12:7828%2C7918%2C8045%2C8073-8075%2C8668%2C8705%0A/branches/qmmp-1.0:5596%0A/branches/qmmp-1.1:5819%2C5968%2C6043%2C6172%2C6233%2C6442%0A/branches/qmmp-1.2:6799%2C6945%2C6975%2C7173%2C7382%2C7520%0A/branches/qmmp-1.3:8706%2C8913%0A/branches/qmmp-2.0:9877%2C9946%2C9969%2C9972%2C9983%2C9990%2C9999%2C10001%2C10003%0A/trunk/qmmp:10041%2C10049
r10057
  +dir_prop: branches/qmmp-1.5 svn:mergeinfo /branches/qmmp-0.10:7522%0A/branches/qmmp-0.11:7919%0A/branches/qmmp-0.12:7828%2C7918%2C8045%2C8073-8075%2C8668%2C8705%0A/branches/qmmp-1.0:5596%0A/branches/qmmp-1.1:5819%2C5968%2C6043%2C6172%2C6233%2C6442%0A/branches/qmmp-1.2:6799%2C6945%2C6975%2C7173%2C7382%2C7520%0A/branches/qmmp-1.3:8706%2C8913%0A/branches/qmmp-2.0:9877%2C9946%2C9969%2C9972%2C9983%2C9990%2C9999%2C10001%2C10003%0A/trunk/qmmp:10041%2C10049%2C10056
  +dir_prop: branches/qmmp-1.5/src/plugins/Ui/qsui svn:mergeinfo /branches/qmmp-0.12/src/plugins/Ui/qsui:8073-8075%0A/branches/qmmp-1.1/src/plugins/Ui/qsui:6172%0A/branches/qmmp-1.2/src/plugins/Ui/qsui:7382%0A/trunk/qmmp/src/plugins/Ui/qsui:10056%0A/trunk/qmmp/src/plugins/Ui/skinned:5223%2C6018-6019%2C6022
  +file_prop: branches/qmmp-1.5/src/qmmpui/txt/description_ko.txt svn:mime-type application/octet-stream
r10068
  +dir_prop: branches/qmmp-1.5 svn:mergeinfo /branches/qmmp-0.10:7522%0A/branches/qmmp-0.11:7919%0A/branches/qmmp-0.12:7828%2C7918%2C8045%2C8073-8075%2C8668%2C8705%0A/branches/qmmp-1.0:5596%0A/branches/qmmp-1.1:5819%2C5968%2C6043%2C6172%2C6233%2C6442%0A/branches/qmmp-1.2:6799%2C6945%2C6975%2C7173%2C7382%2C7520%0A/branches/qmmp-1.3:8706%2C8913%0A/branches/qmmp-2.0:9877%2C9946%2C9969%2C9972%2C9983%2C9990%2C9999%2C10001%2C10003%0A/trunk/qmmp:10041%2C10049%2C10056%2C10066
r10072
  +dir_prop: branches/qmmp-1.5 svn:mergeinfo /branches/qmmp-0.10:7522%0A/branches/qmmp-0.11:7919%0A/branches/qmmp-0.12:7828%2C7918%2C8045%2C8073-8075%2C8668%2C8705%0A/branches/qmmp-1.0:5596%0A/branches/qmmp-1.1:5819%2C5968%2C6043%2C6172%2C6233%2C6442%0A/branches/qmmp-1.2:6799%2C6945%2C6975%2C7173%2C7382%2C7520%0A/branches/qmmp-1.3:8706%2C8913%0A/branches/qmmp-2.0:9877%2C9946%2C9969%2C9972%2C9983%2C9990%2C9999%2C10001%2C10003%0A/trunk/qmmp:10041%2C10049%2C10056%2C10066%2C10070
r10075
  +dir_prop: branches/qmmp-1.5 svn:mergeinfo /branches/qmmp-0.10:7522%0A/branches/qmmp-0.11:7919%0A/branches/qmmp-0.12:7828%2C7918%2C8045%2C8073-8075%2C8668%2C8705%0A/branches/qmmp-1.0:5596%0A/branches/qmmp-1.1:5819%2C5968%2C6043%2C6172%2C6233%2C6442%0A/branches/qmmp-1.2:6799%2C6945%2C6975%2C7173%2C7382%2C7520%0A/branches/qmmp-1.3:8706%2C8913%0A/branches/qmmp-2.0:9877%2C9946%2C9969%2C9972%2C9983%2C9990%2C9999%2C10001%2C10003%0A/trunk/qmmp:10041%2C10049%2C10056%2C10066%2C10070%2C10073
r10077
  +dir_prop: branches/qmmp-1.5 svn:mergeinfo /branches/qmmp-0.10:7522%0A/branches/qmmp-0.11:7919%0A/branches/qmmp-0.12:7828%2C7918%2C8045%2C8073-8075%2C8668%2C8705%0A/branches/qmmp-1.0:5596%0A/branches/qmmp-1.1:5819%2C5968%2C6043%2C6172%2C6233%2C6442%0A/branches/qmmp-1.2:6799%2C6945%2C6975%2C7173%2C7382%2C7520%0A/branches/qmmp-1.3:8706%2C8913%0A/branches/qmmp-2.0:9877%2C9946%2C9969%2C9972%2C9983%2C9990%2C9999%2C10001%2C10003%0A/trunk/qmmp:10041%2C10049%2C10056%2C10066%2C10070%2C10073%2C10076
r10080
  +dir_prop: branches/qmmp-1.5 svn:mergeinfo /branches/qmmp-0.10:7522%0A/branches/qmmp-0.11:7919%0A/branches/qmmp-0.12:7828%2C7918%2C8045%2C8073-8075%2C8668%2C8705%0A/branches/qmmp-1.0:5596%0A/branches/qmmp-1.1:5819%2C5968%2C6043%2C6172%2C6233%2C6442%0A/branches/qmmp-1.2:6799%2C6945%2C6975%2C7173%2C7382%2C7520%0A/branches/qmmp-1.3:8706%2C8913%0A/branches/qmmp-2.0:9877%2C9946%2C9969%2C9972%2C9983%2C9990%2C9999%2C10001%2C10003%0A/trunk/qmmp:10041%2C10049%2C10056%2C10066%2C10070%2C10073%2C10076%2C10079
r10086
  +dir_prop: branches/qmmp-1.5 svn:mergeinfo /branches/qmmp-0.10:7522%0A/branches/qmmp-0.11:7919%0A/branches/qmmp-0.12:7828%2C7918%2C8045%2C8073-8075%2C8668%2C8705%0A/branches/qmmp-1.0:5596%0A/branches/qmmp-1.1:5819%2C5968%2C6043%2C6172%2C6233%2C6442%0A/branches/qmmp-1.2:6799%2C6945%2C6975%2C7173%2C7382%2C7520%0A/branches/qmmp-1.3:8706%2C8913%0A/branches/qmmp-2.0:9877%2C9946%2C9969%2C9972%2C9983%2C9990%2C9999%2C10001%2C10003%0A/trunk/qmmp:10041%2C10049%2C10056%2C10066%2C10070%2C10073%2C10076%2C10079%2C10084
r10098
  +dir_prop: branches/qmmp-1.5 svn:mergeinfo /branches/qmmp-0.10:7522%0A/branches/qmmp-0.11:7919%0A/branches/qmmp-0.12:7828%2C7918%2C8045%2C8073-8075%2C8668%2C8705%0A/branches/qmmp-1.0:5596%0A/branches/qmmp-1.1:5819%2C5968%2C6043%2C6172%2C6233%2C6442%0A/branches/qmmp-1.2:6799%2C6945%2C6975%2C7173%2C7382%2C7520%0A/branches/qmmp-1.3:8706%2C8913%0A/branches/qmmp-2.0:9877%2C9946%2C9969%2C9972%2C9983%2C9990%2C9999%2C10001%2C10003%0A/trunk/qmmp:10041%2C10049%2C10056%2C10066%2C10070%2C10073%2C10076%2C10079%2C10084%2C10096
r10110
  +dir_prop: branches/qmmp-1.5 svn:mergeinfo /branches/qmmp-0.10:7522%0A/branches/qmmp-0.11:7919%0A/branches/qmmp-0.12:7828%2C7918%2C8045%2C8073-8075%2C8668%2C8705%0A/branches/qmmp-1.0:5596%0A/branches/qmmp-1.1:5819%2C5968%2C6043%2C6172%2C6233%2C6442%0A/branches/qmmp-1.2:6799%2C6945%2C6975%2C7173%2C7382%2C7520%0A/branches/qmmp-1.3:8706%2C8913%0A/branches/qmmp-2.0:9877%2C9946%2C9969%2C9972%2C9983%2C9990%2C9999%2C10001%2C10003%0A/trunk/qmmp:10041%2C10049%2C10056%2C10066%2C10070%2C10073%2C10076%2C10079%2C10084%2C10096%2C10108
r10116
  +dir_prop: branches/qmmp-1.5 svn:mergeinfo /branches/qmmp-0.10:7522%0A/branches/qmmp-0.11:7919%0A/branches/qmmp-0.12:7828%2C7918%2C8045%2C8073-8075%2C8668%2C8705%0A/branches/qmmp-1.0:5596%0A/branches/qmmp-1.1:5819%2C5968%2C6043%2C6172%2C6233%2C6442%0A/branches/qmmp-1.2:6799%2C6945%2C6975%2C7173%2C7382%2C7520%0A/branches/qmmp-1.3:8706%2C8913%0A/branches/qmmp-2.0:9877%2C9946%2C9969%2C9972%2C9983%2C9990%2C9999%2C10001%2C10003%0A/trunk/qmmp:10041%2C10049%2C10056%2C10066%2C10070%2C10073%2C10076%2C10079%2C10084%2C10096%2C10108%2C10114
r10120
r10127
  +dir_prop: branches/qmmp-1.5 svn:mergeinfo /branches/qmmp-0.10:7522%0A/branches/qmmp-0.11:7919%0A/branches/qmmp-0.12:7828%2C7918%2C8045%2C8073-8075%2C8668%2C8705%0A/branches/qmmp-1.0:5596%0A/branches/qmmp-1.1:5819%2C5968%2C6043%2C6172%2C6233%2C6442%0A/branches/qmmp-1.2:6799%2C6945%2C6975%2C7173%2C7382%2C7520%0A/branches/qmmp-1.3:8706%2C8913%0A/branches/qmmp-2.0:9877%2C9946%2C9969%2C9972%2C9983%2C9990%2C9999%2C10001%2C10003%0A/trunk/qmmp:10041%2C10049%2C10056%2C10066%2C10070%2C10073%2C10076%2C10079%2C10084%2C10096%2C10108%2C10114%2C10126
r10129
r10138
r10142
r10147
  +dir_prop: branches/qmmp-1.5 svn:mergeinfo /branches/qmmp-0.10:7522%0A/branches/qmmp-0.11:7919%0A/branches/qmmp-0.12:7828%2C7918%2C8045%2C8073-8075%2C8668%2C8705%0A/branches/qmmp-1.0:5596%0A/branches/qmmp-1.1:5819%2C5968%2C6043%2C6172%2C6233%2C6442%0A/branches/qmmp-1.2:6799%2C6945%2C6975%2C7173%2C7382%2C7520%0A/branches/qmmp-1.3:8706%2C8913%0A/branches/qmmp-2.0:9877%2C9946%2C9969%2C9972%2C9983%2C9990%2C9999%2C10001%2C10003%0A/trunk/qmmp:10041%2C10049%2C10056%2C10066%2C10070%2C10073%2C10076%2C10079%2C10084%2C10096%2C10108%2C10114%2C10126%2C10145
r10149
  +dir_prop: branches/qmmp-1.5 svn:mergeinfo /branches/qmmp-0.10:7522%0A/branches/qmmp-0.11:7919%0A/branches/qmmp-0.12:7828%2C7918%2C8045%2C8073-8075%2C8668%2C8705%0A/branches/qmmp-1.0:5596%0A/branches/qmmp-1.1:5819%2C5968%2C6043%2C6172%2C6233%2C6442%0A/branches/qmmp-1.2:6799%2C6945%2C6975%2C7173%2C7382%2C7520%0A/branches/qmmp-1.3:8706%2C8913%0A/branches/qmmp-2.0:9877%2C9946%2C9969%2C9972%2C9983%2C9990%2C9999%2C10001%2C10003%0A/trunk/qmmp:10041%2C10049%2C10056%2C10066%2C10070%2C10073%2C10076%2C10079%2C10084%2C10096%2C10108%2C10114%2C10126%2C10145%2C10148
  +dir_prop: branches/qmmp-1.5/src/plugins/Ui/qsui svn:mergeinfo /branches/qmmp-0.12/src/plugins/Ui/qsui:8073-8075%0A/branches/qmmp-1.1/src/plugins/Ui/qsui:6172%0A/branches/qmmp-1.2/src/plugins/Ui/qsui:7382%0A/trunk/qmmp/src/plugins/Ui/qsui:10056%2C10148%0A/trunk/qmmp/src/plugins/Ui/skinned:5223%2C6018-6019%2C6022
r10153
  +dir_prop: branches/qmmp-1.5 svn:mergeinfo /branches/qmmp-0.10:7522%0A/branches/qmmp-0.11:7919%0A/branches/qmmp-0.12:7828%2C7918%2C8045%2C8073-8075%2C8668%2C8705%0A/branches/qmmp-1.0:5596%0A/branches/qmmp-1.1:5819%2C5968%2C6043%2C6172%2C6233%2C6442%0A/branches/qmmp-1.2:6799%2C6945%2C6975%2C7173%2C7382%2C7520%0A/branches/qmmp-1.3:8706%2C8913%0A/branches/qmmp-2.0:9877%2C9946%2C9969%2C9972%2C9983%2C9990%2C9999%2C10001%2C10003%0A/trunk/qmmp:10041%2C10049%2C10056%2C10066%2C10070%2C10073%2C10076%2C10079%2C10084%2C10096%2C10108%2C10114%2C10126%2C10145%2C10148%2C10151
  +dir_prop: branches/qmmp-1.5/src/plugins/Ui/qsui svn:mergeinfo /branches/qmmp-0.12/src/plugins/Ui/qsui:8073-8075%0A/branches/qmmp-1.1/src/plugins/Ui/qsui:6172%0A/branches/qmmp-1.2/src/plugins/Ui/qsui:7382%0A/trunk/qmmp/src/plugins/Ui/qsui:10056%2C10148%2C10151%0A/trunk/qmmp/src/plugins/Ui/skinned:5223%2C6018-6019%2C6022
r10155
  +dir_prop: branches/qmmp-1.5 svn:mergeinfo /branches/qmmp-0.10:7522%0A/branches/qmmp-0.11:7919%0A/branches/qmmp-0.12:7828%2C7918%2C8045%2C8073-8075%2C8668%2C8705%0A/branches/qmmp-1.0:5596%0A/branches/qmmp-1.1:5819%2C5968%2C6043%2C6172%2C6233%2C6442%0A/branches/qmmp-1.2:6799%2C6945%2C6975%2C7173%2C7382%2C7520%0A/branches/qmmp-1.3:8706%2C8913%0A/branches/qmmp-2.0:9877%2C9946%2C9969%2C9972%2C9983%2C9990%2C9999%2C10001%2C10003%2C10154%0A/trunk/qmmp:10041%2C10049%2C10056%2C10066%2C10070%2C10073%2C10076%2C10079%2C10084%2C10096%2C10108%2C10114%2C10126%2C10145%2C10148%2C10151
r10162
r10167
r10172
r10175
r10189
r10207
  +dir_prop: branches/qmmp-1.5 svn:mergeinfo /branches/qmmp-0.10:7522%0A/branches/qmmp-0.11:7919%0A/branches/qmmp-0.12:7828%2C7918%2C8045%2C8073-8075%2C8668%2C8705%0A/branches/qmmp-1.0:5596%0A/branches/qmmp-1.1:5819%2C5968%2C6043%2C6172%2C6233%2C6442%0A/branches/qmmp-1.2:6799%2C6945%2C6975%2C7173%2C7382%2C7520%0A/branches/qmmp-1.3:8706%2C8913%0A/branches/qmmp-2.0:9877%2C9946%2C9969%2C9972%2C9983%2C9990%2C9999%2C10001%2C10003%2C10154%2C10206%0A/trunk/qmmp:10041%2C10049%2C10056%2C10066%2C10070%2C10073%2C10076%2C10079%2C10084%2C10096%2C10108%2C10114%2C10126%2C10145%2C10148%2C10151
r10217
  +dir_prop: branches/qmmp-1.5 svn:mergeinfo /branches/qmmp-0.10:7522%0A/branches/qmmp-0.11:7919%0A/branches/qmmp-0.12:7828%2C7918%2C8045%2C8073-8075%2C8668%2C8705%0A/branches/qmmp-1.0:5596%0A/branches/qmmp-1.1:5819%2C5968%2C6043%2C6172%2C6233%2C6442%0A/branches/qmmp-1.2:6799%2C6945%2C6975%2C7173%2C7382%2C7520%0A/branches/qmmp-1.3:8706%2C8913%0A/branches/qmmp-2.0:9877%2C9946%2C9969%2C9972%2C9983%2C9990%2C9999%2C10001%2C10003%2C10154%2C10206%0A/trunk/qmmp:10041%2C10049%2C10056%2C10066%2C10070%2C10073%2C10076%2C10079%2C10084%2C10096%2C10108%2C10114%2C10126%2C10145%2C10148%2C10151%2C10216
r10258
  +dir_prop: branches/qmmp-1.5 svn:mergeinfo /branches/qmmp-0.10:7522%0A/branches/qmmp-0.11:7919%0A/branches/qmmp-0.12:7828%2C7918%2C8045%2C8073-8075%2C8668%2C8705%0A/branches/qmmp-1.0:5596%0A/branches/qmmp-1.1:5819%2C5968%2C6043%2C6172%2C6233%2C6442%0A/branches/qmmp-1.2:6799%2C6945%2C6975%2C7173%2C7382%2C7520%0A/branches/qmmp-1.3:8706%2C8913%0A/branches/qmmp-2.0:9877%2C9946%2C9969%2C9972%2C9983%2C9990%2C9999%2C10001%2C10003%2C10154%2C10206%0A/trunk/qmmp:10041%2C10049%2C10056%2C10066%2C10070%2C10073%2C10076%2C10079%2C10084%2C10096%2C10108%2C10114%2C10126%2C10145%2C10148%2C10151%2C10216%2C10232
r10259
  +dir_prop: branches/qmmp-1.5 svn:mergeinfo /branches/qmmp-0.10:7522%0A/branches/qmmp-0.11:7919%0A/branches/qmmp-0.12:7828%2C7918%2C8045%2C8073-8075%2C8668%2C8705%0A/branches/qmmp-1.0:5596%0A/branches/qmmp-1.1:5819%2C5968%2C6043%2C6172%2C6233%2C6442%0A/branches/qmmp-1.2:6799%2C6945%2C6975%2C7173%2C7382%2C7520%0A/branches/qmmp-1.3:8706%2C8913%0A/branches/qmmp-2.0:9877%2C9946%2C9969%2C9972%2C9983%2C9990%2C9999%2C10001%2C10003%2C10154%2C10206%0A/trunk/qmmp:10041%2C10049%2C10056%2C10066%2C10070%2C10073%2C10076%2C10079%2C10084%2C10096%2C10108%2C10114%2C10126%2C10145%2C10148%2C10151%2C10216%2C10232%2C10235
r10260
  +dir_prop: branches/qmmp-1.5 svn:mergeinfo /branches/qmmp-0.10:7522%0A/branches/qmmp-0.11:7919%0A/branches/qmmp-0.12:7828%2C7918%2C8045%2C8073-8075%2C8668%2C8705%0A/branches/qmmp-1.0:5596%0A/branches/qmmp-1.1:5819%2C5968%2C6043%2C6172%2C6233%2C6442%0A/branches/qmmp-1.2:6799%2C6945%2C6975%2C7173%2C7382%2C7520%0A/branches/qmmp-1.3:8706%2C8913%0A/branches/qmmp-2.0:9877%2C9946%2C9969%2C9972%2C9983%2C9990%2C9999%2C10001%2C10003%2C10154%2C10206%0A/trunk/qmmp:10041%2C10049%2C10056%2C10066%2C10070%2C10073%2C10076%2C10079%2C10084%2C10096%2C10108%2C10114%2C10126%2C10145%2C10148%2C10151%2C10216%2C10232%2C10235%2C10243
r10261
  +dir_prop: branches/qmmp-1.5 svn:mergeinfo /branches/qmmp-0.10:7522%0A/branches/qmmp-0.11:7919%0A/branches/qmmp-0.12:7828%2C7918%2C8045%2C8073-8075%2C8668%2C8705%0A/branches/qmmp-1.0:5596%0A/branches/qmmp-1.1:5819%2C5968%2C6043%2C6172%2C6233%2C6442%0A/branches/qmmp-1.2:6799%2C6945%2C6975%2C7173%2C7382%2C7520%0A/branches/qmmp-1.3:8706%2C8913%0A/branches/qmmp-2.0:9877%2C9946%2C9969%2C9972%2C9983%2C9990%2C9999%2C10001%2C10003%2C10154%2C10206%0A/trunk/qmmp:10041%2C10049%2C10056%2C10066%2C10070%2C10073%2C10076%2C10079%2C10084%2C10096%2C10108%2C10114%2C10126%2C10145%2C10148%2C10151%2C10216%2C10232%2C10235%2C10243%2C10247
  +dir_prop: branches/qmmp-1.5/src/plugins/Ui/qsui svn:mergeinfo /branches/qmmp-0.12/src/plugins/Ui/qsui:8073-8075%0A/branches/qmmp-1.1/src/plugins/Ui/qsui:6172%0A/branches/qmmp-1.2/src/plugins/Ui/qsui:7382%0A/trunk/qmmp/src/plugins/Ui/qsui:10056%2C10148%2C10151%2C10247%0A/trunk/qmmp/src/plugins/Ui/skinned:5223%2C6018-6019%2C6022
r10282
  +dir_prop: branches/qmmp-1.5 svn:mergeinfo /branches/qmmp-0.10:7522%0A/branches/qmmp-0.11:7919%0A/branches/qmmp-0.12:7828%2C7918%2C8045%2C8073-8075%2C8668%2C8705%0A/branches/qmmp-1.0:5596%0A/branches/qmmp-1.1:5819%2C5968%2C6043%2C6172%2C6233%2C6442%0A/branches/qmmp-1.2:6799%2C6945%2C6975%2C7173%2C7382%2C7520%0A/branches/qmmp-1.3:8706%2C8913%0A/branches/qmmp-2.0:9877%2C9946%2C9969%2C9972%2C9983%2C9990%2C9999%2C10001%2C10003%2C10154%2C10206%0A/trunk/qmmp:10041%2C10049%2C10056%2C10066%2C10070%2C10073%2C10076%2C10079%2C10084%2C10096%2C10108%2C10114%2C10126%2C10145%2C10148%2C10151%2C10216%2C10232%2C10235%2C10243%2C10247%2C10279
  +dir_prop: branches/qmmp-1.5/src/plugins/Ui/qsui svn:mergeinfo /branches/qmmp-0.12/src/plugins/Ui/qsui:8073-8075%0A/branches/qmmp-1.1/src/plugins/Ui/qsui:6172%0A/branches/qmmp-1.2/src/plugins/Ui/qsui:7382%0A/trunk/qmmp/src/plugins/Ui/qsui:10056%2C10148%2C10151%2C10247%2C10279%0A/trunk/qmmp/src/plugins/Ui/skinned:5223%2C6018-6019%2C6022
r10286
  +dir_prop: branches/qmmp-1.5 svn:mergeinfo /branches/qmmp-0.10:7522%0A/branches/qmmp-0.11:7919%0A/branches/qmmp-0.12:7828%2C7918%2C8045%2C8073-8075%2C8668%2C8705%0A/branches/qmmp-1.0:5596%0A/branches/qmmp-1.1:5819%2C5968%2C6043%2C6172%2C6233%2C6442%0A/branches/qmmp-1.2:6799%2C6945%2C6975%2C7173%2C7382%2C7520%0A/branches/qmmp-1.3:8706%2C8913%0A/branches/qmmp-2.0:9877%2C9946%2C9969%2C9972%2C9983%2C9990%2C9999%2C10001%2C10003%2C10154%2C10206%0A/trunk/qmmp:10041%2C10049%2C10056%2C10066%2C10070%2C10073%2C10076%2C10079%2C10084%2C10096%2C10108%2C10114%2C10126%2C10145%2C10148%2C10151%2C10216%2C10232%2C10235%2C10243%2C10247%2C10279%2C10283
  +dir_prop: branches/qmmp-1.5/src/plugins/Ui/qsui svn:mergeinfo /branches/qmmp-0.12/src/plugins/Ui/qsui:8073-8075%0A/branches/qmmp-1.1/src/plugins/Ui/qsui:6172%0A/branches/qmmp-1.2/src/plugins/Ui/qsui:7382%0A/trunk/qmmp/src/plugins/Ui/qsui:10056%2C10148%2C10151%2C10247%2C10279%2C10283%0A/trunk/qmmp/src/plugins/Ui/skinned:5223%2C6018-6019%2C6022
r10302
  +dir_prop: branches/qmmp-1.5 svn:mergeinfo /branches/qmmp-0.10:7522%0A/branches/qmmp-0.11:7919%0A/branches/qmmp-0.12:7828%2C7918%2C8045%2C8073-8075%2C8668%2C8705%0A/branches/qmmp-1.0:5596%0A/branches/qmmp-1.1:5819%2C5968%2C6043%2C6172%2C6233%2C6442%0A/branches/qmmp-1.2:6799%2C6945%2C6975%2C7173%2C7382%2C7520%0A/branches/qmmp-1.3:8706%2C8913%0A/branches/qmmp-2.0:9877%2C9946%2C9969%2C9972%2C9983%2C9990%2C9999%2C10001%2C10003%2C10154%2C10206%0A/trunk/qmmp:10041%2C10049%2C10056%2C10066%2C10070%2C10073%2C10076%2C10079%2C10084%2C10096%2C10108%2C10114%2C10126%2C10145%2C10148%2C10151%2C10216%2C10232%2C10235%2C10243%2C10247%2C10279%2C10283%2C10299
r10320
r10326
r10337
  +dir_prop: branches/qmmp-1.5 svn:mergeinfo /branches/qmmp-0.10:7522%0A/branches/qmmp-0.11:7919%0A/branches/qmmp-0.12:7828%2C7918%2C8045%2C8073-8075%2C8668%2C8705%0A/branches/qmmp-1.0:5596%0A/branches/qmmp-1.1:5819%2C5968%2C6043%2C6172%2C6233%2C6442%0A/branches/qmmp-1.2:6799%2C6945%2C6975%2C7173%2C7382%2C7520%0A/branches/qmmp-1.3:8706%2C8913%0A/branches/qmmp-2.0:9877%2C9946%2C9969%2C9972%2C9983%2C9990%2C9999%2C10001%2C10003%2C10154%2C10206%0A/trunk/qmmp:10041%2C10049%2C10056%2C10066%2C10070%2C10073%2C10076%2C10079%2C10084%2C10096%2C10108%2C10114%2C10126%2C10145%2C10148%2C10151%2C10216%2C10232%2C10235%2C10243%2C10247%2C10279%2C10283%2C10299%2C10334
r10339
r10348
r10353
r10377
  +dir_prop: branches/qmmp-1.5 svn:mergeinfo /branches/qmmp-0.10:7522%0A/branches/qmmp-0.11:7919%0A/branches/qmmp-0.12:7828%2C7918%2C8045%2C8073-8075%2C8668%2C8705%0A/branches/qmmp-1.0:5596%0A/branches/qmmp-1.1:5819%2C5968%2C6043%2C6172%2C6233%2C6442%0A/branches/qmmp-1.2:6799%2C6945%2C6975%2C7173%2C7382%2C7520%0A/branches/qmmp-1.3:8706%2C8913%0A/branches/qmmp-2.0:9877%2C9946%2C9969%2C9972%2C9983%2C9990%2C9999%2C10001%2C10003%2C10154%2C10206%0A/trunk/qmmp:10041%2C10049%2C10056%2C10066%2C10070%2C10073%2C10076%2C10079%2C10084%2C10096%2C10108%2C10114%2C10126%2C10145%2C10148%2C10151%2C10216%2C10232%2C10235%2C10243%2C10247%2C10279%2C10283%2C10299%2C10334%2C10374
r10386
  +dir_prop: branches/qmmp-1.5 svn:mergeinfo /branches/qmmp-0.10:7522%0A/branches/qmmp-0.11:7919%0A/branches/qmmp-0.12:7828%2C7918%2C8045%2C8073-8075%2C8668%2C8705%0A/branches/qmmp-1.0:5596%0A/branches/qmmp-1.1:5819%2C5968%2C6043%2C6172%2C6233%2C6442%0A/branches/qmmp-1.2:6799%2C6945%2C6975%2C7173%2C7382%2C7520%0A/branches/qmmp-1.3:8706%2C8913%0A/branches/qmmp-2.0:9877%2C9946%2C9969%2C9972%2C9983%2C9990%2C9999%2C10001%2C10003%2C10154%2C10206%0A/trunk/qmmp:10041%2C10049%2C10056%2C10066%2C10070%2C10073%2C10076%2C10079%2C10084%2C10096%2C10108%2C10114%2C10126%2C10145%2C10148%2C10151%2C10216%2C10232%2C10235%2C10243%2C10247%2C10279%2C10283%2C10299%2C10334%2C10374%2C10383
r10401
  +dir_prop: branches/qmmp-1.5 svn:mergeinfo /branches/qmmp-0.10:7522%0A/branches/qmmp-0.11:7919%0A/branches/qmmp-0.12:7828%2C7918%2C8045%2C8073-8075%2C8668%2C8705%0A/branches/qmmp-1.0:5596%0A/branches/qmmp-1.1:5819%2C5968%2C6043%2C6172%2C6233%2C6442%0A/branches/qmmp-1.2:6799%2C6945%2C6975%2C7173%2C7382%2C7520%0A/branches/qmmp-1.3:8706%2C8913%0A/branches/qmmp-2.0:9877%2C9946%2C9969%2C9972%2C9983%2C9990%2C9999%2C10001%2C10003%2C10154%2C10206%0A/trunk/qmmp:10041%2C10049%2C10056%2C10066%2C10070%2C10073%2C10076%2C10079%2C10084%2C10096%2C10108%2C10114%2C10126%2C10145%2C10148%2C10151%2C10216%2C10232%2C10235%2C10243%2C10247%2C10279%2C10283%2C10299%2C10334%2C10374%2C10383%2C10398
r10408
  +dir_prop: branches/qmmp-1.5 svn:mergeinfo /branches/qmmp-0.10:7522%0A/branches/qmmp-0.11:7919%0A/branches/qmmp-0.12:7828%2C7918%2C8045%2C8073-8075%2C8668%2C8705%0A/branches/qmmp-1.0:5596%0A/branches/qmmp-1.1:5819%2C5968%2C6043%2C6172%2C6233%2C6442%0A/branches/qmmp-1.2:6799%2C6945%2C6975%2C7173%2C7382%2C7520%0A/branches/qmmp-1.3:8706%2C8913%0A/branches/qmmp-2.0:9877%2C9946%2C9969%2C9972%2C9983%2C9990%2C9999%2C10001%2C10003%2C10154%2C10206%0A/trunk/qmmp:10041%2C10049%2C10056%2C10066%2C10070%2C10073%2C10076%2C10079%2C10084%2C10096%2C10108%2C10114%2C10126%2C10145%2C10148%2C10151%2C10216%2C10232%2C10235%2C10243%2C10247%2C10279%2C10283%2C10299%2C10334%2C10374%2C10383%2C10398%2C10405
r10420
  +dir_prop: branches/qmmp-1.5 svn:mergeinfo /branches/qmmp-0.10:7522%0A/branches/qmmp-0.11:7919%0A/branches/qmmp-0.12:7828%2C7918%2C8045%2C8073-8075%2C8668%2C8705%0A/branches/qmmp-1.0:5596%0A/branches/qmmp-1.1:5819%2C5968%2C6043%2C6172%2C6233%2C6442%0A/branches/qmmp-1.2:6799%2C6945%2C6975%2C7173%2C7382%2C7520%0A/branches/qmmp-1.3:8706%2C8913%0A/branches/qmmp-2.0:9877%2C9946%2C9969%2C9972%2C9983%2C9990%2C9999%2C10001%2C10003%2C10154%2C10206%0A/trunk/qmmp:10041%2C10049%2C10056%2C10066%2C10070%2C10073%2C10076%2C10079%2C10084%2C10096%2C10108%2C10114%2C10126%2C10145%2C10148%2C10151%2C10216%2C10232%2C10235%2C10243%2C10247%2C10279%2C10283%2C10299%2C10334%2C10374%2C10383%2C10398%2C10405%2C10417
r10423
r10426
r10433
r10439
r10462
  +dir_prop: branches/qmmp-1.5 svn:mergeinfo /branches/qmmp-0.10:7522%0A/branches/qmmp-0.11:7919%0A/branches/qmmp-0.12:7828%2C7918%2C8045%2C8073-8075%2C8668%2C8705%0A/branches/qmmp-1.0:5596%0A/branches/qmmp-1.1:5819%2C5968%2C6043%2C6172%2C6233%2C6442%0A/branches/qmmp-1.2:6799%2C6945%2C6975%2C7173%2C7382%2C7520%0A/branches/qmmp-1.3:8706%2C8913%0A/branches/qmmp-2.0:9877%2C9946%2C9969%2C9972%2C9983%2C9990%2C9999%2C10001%2C10003%2C10154%2C10206%0A/trunk/qmmp:10041%2C10049%2C10056%2C10066%2C10070%2C10073%2C10076%2C10079%2C10084%2C10096%2C10108%2C10114%2C10126%2C10145%2C10148%2C10151%2C10216%2C10232%2C10235%2C10243%2C10247%2C10279%2C10283%2C10299%2C10334%2C10374%2C10383%2C10398%2C10405%2C10417%2C10459
r10469
  +dir_prop: branches/qmmp-1.5 svn:mergeinfo /branches/qmmp-0.10:7522%0A/branches/qmmp-0.11:7919%0A/branches/qmmp-0.12:7828%2C7918%2C8045%2C8073-8075%2C8668%2C8705%0A/branches/qmmp-1.0:5596%0A/branches/qmmp-1.1:5819%2C5968%2C6043%2C6172%2C6233%2C6442%0A/branches/qmmp-1.2:6799%2C6945%2C6975%2C7173%2C7382%2C7520%0A/branches/qmmp-1.3:8706%2C8913%0A/branches/qmmp-2.0:9877%2C9946%2C9969%2C9972%2C9983%2C9990%2C9999%2C10001%2C10003%2C10154%2C10206%0A/trunk/qmmp:10041%2C10049%2C10056%2C10066%2C10070%2C10073%2C10076%2C10079%2C10084%2C10096%2C10108%2C10114%2C10126%2C10145%2C10148%2C10151%2C10216%2C10232%2C10235%2C10243%2C10247%2C10279%2C10283%2C10299%2C10334%2C10374%2C10383%2C10398%2C10405%2C10417%2C10459%2C10465-10466
r10499
  +dir_prop: branches/qmmp-1.5 svn:mergeinfo /branches/qmmp-0.10:7522%0A/branches/qmmp-0.11:7919%0A/branches/qmmp-0.12:7828%2C7918%2C8045%2C8073-8075%2C8668%2C8705%0A/branches/qmmp-1.0:5596%0A/branches/qmmp-1.1:5819%2C5968%2C6043%2C6172%2C6233%2C6442%0A/branches/qmmp-1.2:6799%2C6945%2C6975%2C7173%2C7382%2C7520%0A/branches/qmmp-1.3:8706%2C8913%0A/branches/qmmp-2.0:9877%2C9946%2C9969%2C9972%2C9983%2C9990%2C9999%2C10001%2C10003%2C10154%2C10206%0A/trunk/qmmp:10041%2C10049%2C10056%2C10066%2C10070%2C10073%2C10076%2C10079%2C10084%2C10096%2C10108%2C10114%2C10126%2C10145%2C10148%2C10151%2C10216%2C10232%2C10235%2C10243%2C10247%2C10279%2C10283%2C10299%2C10334%2C10374%2C10383%2C10398%2C10405%2C10417%2C10459%2C10465-10466%2C10497
r10527
r10538
  +dir_prop: branches/qmmp-1.5 svn:mergeinfo /branches/qmmp-0.10:7522%0A/branches/qmmp-0.11:7919%0A/branches/qmmp-0.12:7828%2C7918%2C8045%2C8073-8075%2C8668%2C8705%0A/branches/qmmp-1.0:5596%0A/branches/qmmp-1.1:5819%2C5968%2C6043%2C6172%2C6233%2C6442%0A/branches/qmmp-1.2:6799%2C6945%2C6975%2C7173%2C7382%2C7520%0A/branches/qmmp-1.3:8706%2C8913%0A/branches/qmmp-2.0:9877%2C9946%2C9969%2C9972%2C9983%2C9990%2C9999%2C10001%2C10003%2C10154%2C10206%0A/trunk/qmmp:10041%2C10049%2C10056%2C10066%2C10070%2C10073%2C10076%2C10079%2C10084%2C10096%2C10108%2C10114%2C10126%2C10145%2C10148%2C10151%2C10216%2C10232%2C10235%2C10243%2C10247%2C10279%2C10283%2C10299%2C10334%2C10374%2C10383%2C10398%2C10405%2C10417%2C10459%2C10465-10466%2C10497%2C10535
  +dir_prop: branches/qmmp-1.5/src/plugins/Ui/qsui svn:mergeinfo /branches/qmmp-0.12/src/plugins/Ui/qsui:8073-8075%0A/branches/qmmp-1.1/src/plugins/Ui/qsui:6172%0A/branches/qmmp-1.2/src/plugins/Ui/qsui:7382%0A/trunk/qmmp/src/plugins/Ui/qsui:10056%2C10148%2C10151%2C10247%2C10279%2C10283%2C10535%0A/trunk/qmmp/src/plugins/Ui/skinned:5223%2C6018-6019%2C6022
r10540
r10541
r10549
r10556
