r5639
r5641
r5653
r5654
r5658
r5659
r5660
r5684
r5685
r5686
r5802
  +dir_prop: branches/qmmp-plugin-pack-1.1 svn:mergeinfo /trunk/qmmp-plugin-pack:5518%2C5561%2C5801
r5823
  +dir_prop: branches/qmmp-plugin-pack-1.1 svn:mergeinfo /trunk/qmmp-plugin-pack:5518%2C5561%2C5801%2C5822
r5840
r5933
  +dir_prop: branches/qmmp-plugin-pack-1.1 svn:mergeinfo /trunk/qmmp-plugin-pack:5518%2C5561%2C5801%2C5822%2C5932
r6003
  +dir_prop: branches/qmmp-plugin-pack-1.1 svn:mergeinfo /trunk/qmmp-plugin-pack:5518%2C5561%2C5801%2C5822%2C5932%2C5998
r6004
r6006
  +dir_prop: branches/qmmp-plugin-pack-1.1 svn:mergeinfo /trunk/qmmp-plugin-pack:5518%2C5561%2C5801%2C5822%2C5932%2C5998%2C6005
r6050
  +dir_prop: branches/qmmp-plugin-pack-1.1 svn:mergeinfo /trunk/qmmp-plugin-pack:5518%2C5561%2C5801%2C5822%2C5932%2C5998%2C6005%2C6049
r6055
r6058
r6078
  +dir_prop: branches/qmmp-plugin-pack-1.1 svn:mergeinfo /trunk/qmmp:6076%0A/trunk/qmmp-plugin-pack:5518%2C5561%2C5801%2C5822%2C5932%2C5998%2C6005%2C6049
r6285
r6286
r6290
r6292
r6401
r6409
r6411
r6416
r6420
r6424
r6437
r6439
  +dir_prop: branches/qmmp-plugin-pack-1.1 svn:mergeinfo /trunk/qmmp:6076%0A/trunk/qmmp-plugin-pack:5518%2C5561%2C5801%2C5822%2C5932%2C5998%2C6005%2C6049%2C6438
r6441
  +dir_prop: branches/qmmp-plugin-pack-1.1 svn:mergeinfo /trunk/qmmp:6076%2C6440%0A/trunk/qmmp-plugin-pack:5518%2C5561%2C5801%2C5822%2C5932%2C5998%2C6005%2C6049%2C6438%2C6440
r6446
r6486
r6506
r6510
r6529
  +dir_prop: branches/qmmp-plugin-pack-1.1 svn:mergeinfo /branches/qmmp-plugin-pack-1.2:6527%0A/trunk/qmmp:6076%2C6440%0A/trunk/qmmp-plugin-pack:5518%2C5561%2C5801%2C5822%2C5932%2C5998%2C6005%2C6049%2C6438%2C6440
r6557
r6558
r6574
r6610
r6634
r6635
r6643
  +dir_prop: branches/qmmp-plugin-pack-1.1 svn:mergeinfo /branches/qmmp-plugin-pack-1.2:6527%0A/trunk/qmmp:6076%2C6440%0A/trunk/qmmp-plugin-pack:5518%2C5561%2C5801%2C5822%2C5932%2C5998%2C6005%2C6049%2C6438%2C6440%2C6638
r6656
r6667
r6702
r6758
  +dir_prop: branches/qmmp-plugin-pack-1.1 svn:mergeinfo /branches/qmmp-plugin-pack-1.2:6527%0A/trunk/qmmp:6076%2C6440%0A/trunk/qmmp-plugin-pack:5518%2C5561%2C5801%2C5822%2C5932%2C5998%2C6005%2C6049%2C6438%2C6440%2C6638%2C6756
r6761
r6765
r6824
  +dir_prop: branches/qmmp-plugin-pack-1.1 svn:mergeinfo /branches/qmmp-plugin-pack-1.2:6527%0A/trunk/qmmp:6076%2C6440%0A/trunk/qmmp-plugin-pack:5518%2C5561%2C5801%2C5822%2C5932%2C5998%2C6005%2C6049%2C6438%2C6440%2C6638%2C6756%2C6821
r7035
  +dir_prop: branches/qmmp-plugin-pack-1.1 svn:mergeinfo /branches/qmmp-plugin-pack-0.10:7033%0A/branches/qmmp-plugin-pack-1.2:6527%0A/trunk/qmmp:6076%2C6440%0A/trunk/qmmp-plugin-pack:5518%2C5561%2C5801%2C5822%2C5932%2C5998%2C6005%2C6049%2C6438%2C6440%2C6638%2C6756%2C6821%2C7032
r7198
r7324
r7353
r7356
r7358
r7368
r7446
  +dir_prop: branches/qmmp-plugin-pack-1.1 svn:mergeinfo /branches/qmmp-plugin-pack-0.10:7033%0A/branches/qmmp-plugin-pack-1.2:6527%0A/trunk/qmmp:6076%2C6440%0A/trunk/qmmp-plugin-pack:5518%2C5561%2C5801%2C5822%2C5932%2C5998%2C6005%2C6049%2C6438%2C6440%2C6638%2C6756%2C6821%2C7032%2C7441
r7474
  +dir_prop: branches/qmmp-plugin-pack-1.1 svn:mergeinfo /branches/qmmp-plugin-pack-0.10:7033%0A/branches/qmmp-plugin-pack-1.2:6527%2C7469%0A/trunk/qmmp:6076%2C6440%0A/trunk/qmmp-plugin-pack:5518%2C5561%2C5801%2C5822%2C5932%2C5998%2C6005%2C6049%2C6438%2C6440%2C6638%2C6756%2C6821%2C7032%2C7441
r7497
  +dir_prop: branches/qmmp-plugin-pack-1.1 svn:mergeinfo /branches/qmmp-plugin-pack-0.10:7033%0A/branches/qmmp-plugin-pack-1.2:6527%2C7469%0A/trunk/qmmp:6076%2C6440%0A/trunk/qmmp-plugin-pack:5518%2C5561%2C5801%2C5822%2C5932%2C5998%2C6005%2C6049%2C6438%2C6440%2C6638%2C6756%2C6821%2C7032%2C7441%2C7491
r7526
r7565
r7570
  +dir_prop: branches/qmmp-plugin-pack-1.1 svn:mergeinfo /branches/qmmp-plugin-pack-0.10:7033%0A/branches/qmmp-plugin-pack-1.2:6527%2C7469%0A/trunk/qmmp:6076%2C6440%0A/trunk/qmmp-plugin-pack:5518%2C5561%2C5801%2C5822%2C5932%2C5998%2C6005%2C6049%2C6438%2C6440%2C6638%2C6756%2C6821%2C7032%2C7441%2C7491%2C7567
r7571
r7591
r7600
  +dir_prop: branches/qmmp-plugin-pack-1.1 svn:mergeinfo /branches/qmmp-plugin-pack-0.10:7033%0A/branches/qmmp-plugin-pack-1.2:6527%2C7469%0A/trunk/qmmp:6076%2C6440%0A/trunk/qmmp-plugin-pack:5518%2C5561%2C5801%2C5822%2C5932%2C5998%2C6005%2C6049%2C6438%2C6440%2C6638%2C6756%2C6821%2C7032%2C7441%2C7491%2C7567%2C7598
r7605
  +dir_prop: branches/qmmp-plugin-pack-1.1 svn:mergeinfo /branches/qmmp-plugin-pack-0.10:7033%2C7604%0A/branches/qmmp-plugin-pack-1.2:6527%2C7469%0A/trunk/qmmp:6076%2C6440%0A/trunk/qmmp-plugin-pack:5518%2C5561%2C5801%2C5822%2C5932%2C5998%2C6005%2C6049%2C6438%2C6440%2C6638%2C6756%2C6821%2C7032%2C7441%2C7491%2C7567%2C7598
r7697
r7701
