r2757
r2761
r2769
r2772
r2783
r2800
r2802
r2805
  +file_prop: branches/qmmp-plugin-pack-0.6/src/Ui/qsui/txt/qsui_authors_uk_UA.txt svn:eol-style native
r2811
r2813
r2815
r2816
r2821
r2824
r2853
r2857
  +file_prop: branches/qmmp-plugin-pack-0.6/src/Ui/qsui/txt/qsui_authors_lt_LT.txt svn:eol-style native
r2859
r2863
r2865
r2877
r2879
r2887
r2903
  -empty_dir: branches/qmmp-plugin-pack-0.6/remove_svn_tags
  -empty_dir: branches/qmmp-plugin-pack-0.6/remove_svn_tags.cmd
  -empty_dir: branches/qmmp-plugin-pack-0.6/update_ts.sh
  +file_prop: branches/qmmp-plugin-pack-0.6/utils/remove_svn_tags.sh svn:eol-style native
  +file_prop: branches/qmmp-plugin-pack-0.6/utils/update_ts.sh svn:eol-style native
r2905
r2933
r2968
r2978
r2981
r2999
r3009
  +file_prop: branches/qmmp-plugin-pack-0.6/src/Ui/qsui/txt/qsui_authors_he.txt svn:eol-style native
r3019
r3029
r3032
r3046
r3047
r3051
r3053
r3060
r3070
r3107
r3109
r3118
r3124
r3147
r3149
r3150
r3154
r3177
r3181
r3185
r3245
r3250
r3269
r3274
r3292
r3341
r3355
