r8671
r8681
r8695
r8697
  +dir_prop: branches/qmmp-1.3 svn:mergeinfo /branches/qmmp-0.10:7522%0A/branches/qmmp-0.11:7919%0A/branches/qmmp-0.12:7828%2C7918%2C8045%2C8073-8075%2C8668%0A/branches/qmmp-1.0:5596%0A/branches/qmmp-1.1:5819%2C5968%2C6043%2C6172%2C6233%2C6442%0A/branches/qmmp-1.2:6799%2C6945%2C6975%2C7173%2C7382%2C7520%0A/trunk/qmmp:8696
r8700
r8706
  +dir_prop: branches/qmmp-1.3 svn:mergeinfo /branches/qmmp-0.10:7522%0A/branches/qmmp-0.11:7919%0A/branches/qmmp-0.12:7828%2C7918%2C8045%2C8073-8075%2C8668%2C8705%0A/branches/qmmp-1.0:5596%0A/branches/qmmp-1.1:5819%2C5968%2C6043%2C6172%2C6233%2C6442%0A/branches/qmmp-1.2:6799%2C6945%2C6975%2C7173%2C7382%2C7520%0A/trunk/qmmp:8696
r8709
  +dir_prop: branches/qmmp-1.3 svn:mergeinfo /branches/qmmp-0.10:7522%0A/branches/qmmp-0.11:7919%0A/branches/qmmp-0.12:7828%2C7918%2C8045%2C8073-8075%2C8668%2C8705%0A/branches/qmmp-1.0:5596%0A/branches/qmmp-1.1:5819%2C5968%2C6043%2C6172%2C6233%2C6442%0A/branches/qmmp-1.2:6799%2C6945%2C6975%2C7173%2C7382%2C7520%0A/trunk/qmmp:8696%2C8708
r8712
  +dir_prop: branches/qmmp-1.3 svn:mergeinfo /branches/qmmp-0.10:7522%0A/branches/qmmp-0.11:7919%0A/branches/qmmp-0.12:7828%2C7918%2C8045%2C8073-8075%2C8668%2C8705%0A/branches/qmmp-1.0:5596%0A/branches/qmmp-1.1:5819%2C5968%2C6043%2C6172%2C6233%2C6442%0A/branches/qmmp-1.2:6799%2C6945%2C6975%2C7173%2C7382%2C7520%0A/trunk/qmmp:8696%2C8708%2C8711
  +dir_prop: branches/qmmp-1.3/src/plugins/Ui/qsui svn:mergeinfo /branches/qmmp-0.12/src/plugins/Ui/qsui:8073-8075%0A/branches/qmmp-1.1/src/plugins/Ui/qsui:6172%0A/branches/qmmp-1.2/src/plugins/Ui/qsui:7382%0A/trunk/qmmp/src/plugins/Ui/qsui:8711%0A/trunk/qmmp/src/plugins/Ui/skinned:5223%2C6018-6019%2C6022
r8718
  +dir_prop: branches/qmmp-1.3 svn:mergeinfo /branches/qmmp-0.10:7522%0A/branches/qmmp-0.11:7919%0A/branches/qmmp-0.12:7828%2C7918%2C8045%2C8073-8075%2C8668%2C8705%0A/branches/qmmp-1.0:5596%0A/branches/qmmp-1.1:5819%2C5968%2C6043%2C6172%2C6233%2C6442%0A/branches/qmmp-1.2:6799%2C6945%2C6975%2C7173%2C7382%2C7520%0A/trunk/qmmp:8696%2C8708%2C8711%2C8715-8716
r8720
  +dir_prop: branches/qmmp-1.3 svn:mergeinfo /branches/qmmp-0.10:7522%0A/branches/qmmp-0.11:7919%0A/branches/qmmp-0.12:7828%2C7918%2C8045%2C8073-8075%2C8668%2C8705%0A/branches/qmmp-1.0:5596%0A/branches/qmmp-1.1:5819%2C5968%2C6043%2C6172%2C6233%2C6442%0A/branches/qmmp-1.2:6799%2C6945%2C6975%2C7173%2C7382%2C7520%0A/trunk/qmmp:8696%2C8708%2C8711%2C8715-8716%2C8719
r8725
r8729
r8731
  +dir_prop: branches/qmmp-1.3 svn:mergeinfo /branches/qmmp-0.10:7522%0A/branches/qmmp-0.11:7919%0A/branches/qmmp-0.12:7828%2C7918%2C8045%2C8073-8075%2C8668%2C8705%0A/branches/qmmp-1.0:5596%0A/branches/qmmp-1.1:5819%2C5968%2C6043%2C6172%2C6233%2C6442%0A/branches/qmmp-1.2:6799%2C6945%2C6975%2C7173%2C7382%2C7520%0A/trunk/qmmp:8696%2C8708%2C8711%2C8715-8716%2C8719%2C8730
r8732
r8739
r8748
  +dir_prop: branches/qmmp-1.3 svn:mergeinfo /branches/qmmp-0.10:7522%0A/branches/qmmp-0.11:7919%0A/branches/qmmp-0.12:7828%2C7918%2C8045%2C8073-8075%2C8668%2C8705%0A/branches/qmmp-1.0:5596%0A/branches/qmmp-1.1:5819%2C5968%2C6043%2C6172%2C6233%2C6442%0A/branches/qmmp-1.2:6799%2C6945%2C6975%2C7173%2C7382%2C7520%0A/trunk/qmmp:8696%2C8708%2C8711%2C8715-8716%2C8719%2C8730%2C8747
r8764
  +dir_prop: branches/qmmp-1.3 svn:mergeinfo /branches/qmmp-0.10:7522%0A/branches/qmmp-0.11:7919%0A/branches/qmmp-0.12:7828%2C7918%2C8045%2C8073-8075%2C8668%2C8705%0A/branches/qmmp-1.0:5596%0A/branches/qmmp-1.1:5819%2C5968%2C6043%2C6172%2C6233%2C6442%0A/branches/qmmp-1.2:6799%2C6945%2C6975%2C7173%2C7382%2C7520%0A/trunk/qmmp:8696%2C8708%2C8711%2C8715-8716%2C8719%2C8730%2C8747%2C8763
r8768
  +dir_prop: branches/qmmp-1.3 svn:mergeinfo /branches/qmmp-0.10:7522%0A/branches/qmmp-0.11:7919%0A/branches/qmmp-0.12:7828%2C7918%2C8045%2C8073-8075%2C8668%2C8705%0A/branches/qmmp-1.0:5596%0A/branches/qmmp-1.1:5819%2C5968%2C6043%2C6172%2C6233%2C6442%0A/branches/qmmp-1.2:6799%2C6945%2C6975%2C7173%2C7382%2C7520%0A/trunk/qmmp:8696%2C8708%2C8711%2C8715-8716%2C8719%2C8730%2C8747%2C8763%2C8767
r8774
  +dir_prop: branches/qmmp-1.3 svn:mergeinfo /branches/qmmp-0.10:7522%0A/branches/qmmp-0.11:7919%0A/branches/qmmp-0.12:7828%2C7918%2C8045%2C8073-8075%2C8668%2C8705%0A/branches/qmmp-1.0:5596%0A/branches/qmmp-1.1:5819%2C5968%2C6043%2C6172%2C6233%2C6442%0A/branches/qmmp-1.2:6799%2C6945%2C6975%2C7173%2C7382%2C7520%0A/trunk/qmmp:8696%2C8708%2C8711%2C8715-8716%2C8719%2C8730%2C8747%2C8763%2C8767%2C8770%2C8773
  +dir_prop: branches/qmmp-1.3/src/plugins/Ui/qsui svn:mergeinfo /branches/qmmp-0.12/src/plugins/Ui/qsui:8073-8075%0A/branches/qmmp-1.1/src/plugins/Ui/qsui:6172%0A/branches/qmmp-1.2/src/plugins/Ui/qsui:7382%0A/trunk/qmmp/src/plugins/Ui/qsui:8711%2C8770%2C8773%0A/trunk/qmmp/src/plugins/Ui/skinned:5223%2C6018-6019%2C6022
r8779
  +dir_prop: branches/qmmp-1.3 svn:mergeinfo /branches/qmmp-0.10:7522%0A/branches/qmmp-0.11:7919%0A/branches/qmmp-0.12:7828%2C7918%2C8045%2C8073-8075%2C8668%2C8705%0A/branches/qmmp-1.0:5596%0A/branches/qmmp-1.1:5819%2C5968%2C6043%2C6172%2C6233%2C6442%0A/branches/qmmp-1.2:6799%2C6945%2C6975%2C7173%2C7382%2C7520%0A/trunk/qmmp:8696%2C8708%2C8711%2C8715-8716%2C8719%2C8730%2C8747%2C8763%2C8767%2C8770%2C8773%2C8778
r8789
  +dir_prop: branches/qmmp-1.3 svn:mergeinfo /branches/qmmp-0.10:7522%0A/branches/qmmp-0.11:7919%0A/branches/qmmp-0.12:7828%2C7918%2C8045%2C8073-8075%2C8668%2C8705%0A/branches/qmmp-1.0:5596%0A/branches/qmmp-1.1:5819%2C5968%2C6043%2C6172%2C6233%2C6442%0A/branches/qmmp-1.2:6799%2C6945%2C6975%2C7173%2C7382%2C7520%0A/trunk/qmmp:8696%2C8708%2C8711%2C8715-8716%2C8719%2C8730%2C8747%2C8763%2C8767%2C8770%2C8773%2C8778%2C8788
r8795
  +dir_prop: branches/qmmp-1.3 svn:mergeinfo /branches/qmmp-0.10:7522%0A/branches/qmmp-0.11:7919%0A/branches/qmmp-0.12:7828%2C7918%2C8045%2C8073-8075%2C8668%2C8705%0A/branches/qmmp-1.0:5596%0A/branches/qmmp-1.1:5819%2C5968%2C6043%2C6172%2C6233%2C6442%0A/branches/qmmp-1.2:6799%2C6945%2C6975%2C7173%2C7382%2C7520%0A/trunk/qmmp:8696%2C8708%2C8711%2C8715-8716%2C8719%2C8730%2C8747%2C8763%2C8767%2C8770%2C8773%2C8778%2C8788%2C8794
  +dir_prop: branches/qmmp-1.3/src/plugins/Ui/qsui svn:mergeinfo /branches/qmmp-0.12/src/plugins/Ui/qsui:8073-8075%0A/branches/qmmp-1.1/src/plugins/Ui/qsui:6172%0A/branches/qmmp-1.2/src/plugins/Ui/qsui:7382%0A/trunk/qmmp/src/plugins/Ui/qsui:8711%2C8770%2C8773%2C8794%0A/trunk/qmmp/src/plugins/Ui/skinned:5223%2C6018-6019%2C6022
r8809
r8810
  +dir_prop: branches/qmmp-1.3 svn:mergeinfo /branches/qmmp-0.10:7522%0A/branches/qmmp-0.11:7919%0A/branches/qmmp-0.12:7828%2C7918%2C8045%2C8073-8075%2C8668%2C8705%2C8805%0A/branches/qmmp-1.0:5596%0A/branches/qmmp-1.1:5819%2C5968%2C6043%2C6172%2C6233%2C6442%0A/branches/qmmp-1.2:6799%2C6945%2C6975%2C7173%2C7382%2C7520%0A/trunk/qmmp:8696%2C8708%2C8711%2C8715-8716%2C8719%2C8730%2C8747%2C8763%2C8767%2C8770%2C8773%2C8778%2C8788%2C8794
r8811
  +dir_prop: branches/qmmp-1.3 svn:mergeinfo /branches/qmmp-0.10:7522%0A/branches/qmmp-0.11:7919%0A/branches/qmmp-0.12:7828%2C7918%2C8045%2C8073-8075%2C8668%2C8705%2C8805-8806%0A/branches/qmmp-1.0:5596%0A/branches/qmmp-1.1:5819%2C5968%2C6043%2C6172%2C6233%2C6442%0A/branches/qmmp-1.2:6799%2C6945%2C6975%2C7173%2C7382%2C7520%0A/trunk/qmmp:8696%2C8708%2C8711%2C8715-8716%2C8719%2C8730%2C8747%2C8763%2C8767%2C8770%2C8773%2C8778%2C8788%2C8794
r8812
  +dir_prop: branches/qmmp-1.3 svn:mergeinfo /branches/qmmp-0.10:7522%0A/branches/qmmp-0.11:7919%0A/branches/qmmp-0.12:7828%2C7918%2C8045%2C8073-8075%2C8668%2C8705%2C8805-8807%0A/branches/qmmp-1.0:5596%0A/branches/qmmp-1.1:5819%2C5968%2C6043%2C6172%2C6233%2C6442%0A/branches/qmmp-1.2:6799%2C6945%2C6975%2C7173%2C7382%2C7520%0A/trunk/qmmp:8696%2C8708%2C8711%2C8715-8716%2C8719%2C8730%2C8747%2C8763%2C8767%2C8770%2C8773%2C8778%2C8788%2C8794
r8813
  +dir_prop: branches/qmmp-1.3 svn:mergeinfo /branches/qmmp-0.10:7522%0A/branches/qmmp-0.11:7919%0A/branches/qmmp-0.12:7828%2C7918%2C8045%2C8073-8075%2C8668%2C8705%2C8805-8808%0A/branches/qmmp-1.0:5596%0A/branches/qmmp-1.1:5819%2C5968%2C6043%2C6172%2C6233%2C6442%0A/branches/qmmp-1.2:6799%2C6945%2C6975%2C7173%2C7382%2C7520%0A/trunk/qmmp:8696%2C8708%2C8711%2C8715-8716%2C8719%2C8730%2C8747%2C8763%2C8767%2C8770%2C8773%2C8778%2C8788%2C8794
r8814
r8818
r8822
  +dir_prop: branches/qmmp-1.3 svn:mergeinfo /branches/qmmp-0.10:7522%0A/branches/qmmp-0.11:7919%0A/branches/qmmp-0.12:7828%2C7918%2C8045%2C8073-8075%2C8668%2C8705%2C8805-8808%0A/branches/qmmp-1.0:5596%0A/branches/qmmp-1.1:5819%2C5968%2C6043%2C6172%2C6233%2C6442%0A/branches/qmmp-1.2:6799%2C6945%2C6975%2C7173%2C7382%2C7520%0A/trunk/qmmp:8696%2C8708%2C8711%2C8715-8716%2C8719%2C8730%2C8747%2C8763%2C8767%2C8770%2C8773%2C8778%2C8788%2C8794%2C8821
r8829
  +dir_prop: branches/qmmp-1.3 svn:mergeinfo /branches/qmmp-0.10:7522%0A/branches/qmmp-0.11:7919%0A/branches/qmmp-0.12:7828%2C7918%2C8045%2C8073-8075%2C8668%2C8705%2C8805-8808%0A/branches/qmmp-1.0:5596%0A/branches/qmmp-1.1:5819%2C5968%2C6043%2C6172%2C6233%2C6442%0A/branches/qmmp-1.2:6799%2C6945%2C6975%2C7173%2C7382%2C7520%0A/trunk/qmmp:8696%2C8708%2C8711%2C8715-8716%2C8719%2C8730%2C8747%2C8763%2C8767%2C8770%2C8773%2C8778%2C8788%2C8794%2C8821%2C8828
r8831
  +dir_prop: branches/qmmp-1.3 svn:mergeinfo /branches/qmmp-0.10:7522%0A/branches/qmmp-0.11:7919%0A/branches/qmmp-0.12:7828%2C7918%2C8045%2C8073-8075%2C8668%2C8705%2C8805-8808%0A/branches/qmmp-1.0:5596%0A/branches/qmmp-1.1:5819%2C5968%2C6043%2C6172%2C6233%2C6442%0A/branches/qmmp-1.2:6799%2C6945%2C6975%2C7173%2C7382%2C7520%0A/trunk/qmmp:8696%2C8708%2C8711%2C8715-8716%2C8719%2C8730%2C8747%2C8763%2C8767%2C8770%2C8773%2C8778%2C8788%2C8794%2C8821%2C8828-8829
r8832
  +dir_prop: branches/qmmp-1.3 svn:mergeinfo /branches/qmmp-0.10:7522%0A/branches/qmmp-0.11:7919%0A/branches/qmmp-0.12:7828%2C7918%2C8045%2C8073-8075%2C8668%2C8705%2C8805-8808%0A/branches/qmmp-1.0:5596%0A/branches/qmmp-1.1:5819%2C5968%2C6043%2C6172%2C6233%2C6442%0A/branches/qmmp-1.2:6799%2C6945%2C6975%2C7173%2C7382%2C7520%0A/trunk/qmmp:8696%2C8708%2C8711%2C8715-8716%2C8719%2C8730%2C8747%2C8763%2C8767%2C8770%2C8773%2C8778%2C8788%2C8794%2C8821%2C8828-8830
r8838
  +dir_prop: branches/qmmp-1.3 svn:mergeinfo /branches/qmmp-0.10:7522%0A/branches/qmmp-0.11:7919%0A/branches/qmmp-0.12:7828%2C7918%2C8045%2C8073-8075%2C8668%2C8705%2C8805-8808%0A/branches/qmmp-1.0:5596%0A/branches/qmmp-1.1:5819%2C5968%2C6043%2C6172%2C6233%2C6442%0A/branches/qmmp-1.2:6799%2C6945%2C6975%2C7173%2C7382%2C7520%0A/trunk/qmmp:8696%2C8708%2C8711%2C8715-8716%2C8719%2C8730%2C8747%2C8763%2C8767%2C8770%2C8773%2C8778%2C8788%2C8794%2C8821%2C8828-8830%2C8837
r8842
  +dir_prop: branches/qmmp-1.3 svn:mergeinfo /branches/qmmp-0.10:7522%0A/branches/qmmp-0.11:7919%0A/branches/qmmp-0.12:7828%2C7918%2C8045%2C8073-8075%2C8668%2C8705%2C8805-8808%0A/branches/qmmp-1.0:5596%0A/branches/qmmp-1.1:5819%2C5968%2C6043%2C6172%2C6233%2C6442%0A/branches/qmmp-1.2:6799%2C6945%2C6975%2C7173%2C7382%2C7520%0A/trunk/qmmp:8696%2C8708%2C8711%2C8715-8716%2C8719%2C8730%2C8747%2C8763%2C8767%2C8770%2C8773%2C8778%2C8788%2C8794%2C8821%2C8828-8830%2C8837%2C8840
r8844
  +dir_prop: branches/qmmp-1.3 svn:mergeinfo /branches/qmmp-0.10:7522%0A/branches/qmmp-0.11:7919%0A/branches/qmmp-0.12:7828%2C7918%2C8045%2C8073-8075%2C8668%2C8705%2C8805-8808%0A/branches/qmmp-1.0:5596%0A/branches/qmmp-1.1:5819%2C5968%2C6043%2C6172%2C6233%2C6442%0A/branches/qmmp-1.2:6799%2C6945%2C6975%2C7173%2C7382%2C7520%0A/trunk/qmmp:8696%2C8708%2C8711%2C8715-8716%2C8719%2C8730%2C8747%2C8763%2C8767%2C8770%2C8773%2C8778%2C8788%2C8794%2C8821%2C8828-8830%2C8837%2C8840%2C8843
r8845
r8847
r8857
r8862
  +dir_prop: branches/qmmp-1.3 svn:mergeinfo /branches/qmmp-0.10:7522%0A/branches/qmmp-0.11:7919%0A/branches/qmmp-0.12:7828%2C7918%2C8045%2C8073-8075%2C8668%2C8705%2C8805-8808%0A/branches/qmmp-1.0:5596%0A/branches/qmmp-1.1:5819%2C5968%2C6043%2C6172%2C6233%2C6442%0A/branches/qmmp-1.2:6799%2C6945%2C6975%2C7173%2C7382%2C7520%0A/trunk/qmmp:8696%2C8708%2C8711%2C8715-8716%2C8719%2C8730%2C8747%2C8763%2C8767%2C8770%2C8773%2C8778%2C8788%2C8794%2C8821%2C8828-8830%2C8837%2C8840%2C8843%2C8860-8861
r8873
  +dir_prop: branches/qmmp-1.3 svn:mergeinfo /branches/qmmp-0.10:7522%0A/branches/qmmp-0.11:7919%0A/branches/qmmp-0.12:7828%2C7918%2C8045%2C8073-8075%2C8668%2C8705%2C8805-8808%0A/branches/qmmp-1.0:5596%0A/branches/qmmp-1.1:5819%2C5968%2C6043%2C6172%2C6233%2C6442%0A/branches/qmmp-1.2:6799%2C6945%2C6975%2C7173%2C7382%2C7520%0A/trunk/qmmp:8696%2C8708%2C8711%2C8715-8716%2C8719%2C8730%2C8747%2C8763%2C8767%2C8770%2C8773%2C8778%2C8788%2C8794%2C8821%2C8828-8830%2C8837%2C8840%2C8843%2C8860-8861%2C8865%2C8869%2C8872
  +dir_prop: branches/qmmp-1.3/src/plugins/Ui/qsui svn:mergeinfo /branches/qmmp-0.12/src/plugins/Ui/qsui:8073-8075%0A/branches/qmmp-1.1/src/plugins/Ui/qsui:6172%0A/branches/qmmp-1.2/src/plugins/Ui/qsui:7382%0A/trunk/qmmp/src/plugins/Ui/qsui:8711%2C8770%2C8773%2C8794%2C8869%2C8872%0A/trunk/qmmp/src/plugins/Ui/skinned:5223%2C6018-6019%2C6022
r8876
  +dir_prop: branches/qmmp-1.3 svn:mergeinfo /branches/qmmp-0.10:7522%0A/branches/qmmp-0.11:7919%0A/branches/qmmp-0.12:7828%2C7918%2C8045%2C8073-8075%2C8668%2C8705%2C8805-8808%0A/branches/qmmp-1.0:5596%0A/branches/qmmp-1.1:5819%2C5968%2C6043%2C6172%2C6233%2C6442%0A/branches/qmmp-1.2:6799%2C6945%2C6975%2C7173%2C7382%2C7520%0A/trunk/qmmp:8696%2C8708%2C8711%2C8715-8716%2C8719%2C8730%2C8747%2C8763%2C8767%2C8770%2C8773%2C8778%2C8788%2C8794%2C8821%2C8828-8830%2C8837%2C8840%2C8843%2C8860-8861%2C8865%2C8869-8870%2C8872
r8879
  +dir_prop: branches/qmmp-1.3 svn:mergeinfo /branches/qmmp-0.10:7522%0A/branches/qmmp-0.11:7919%0A/branches/qmmp-0.12:7828%2C7918%2C8045%2C8073-8075%2C8668%2C8705%2C8805-8808%2C8878%0A/branches/qmmp-1.0:5596%0A/branches/qmmp-1.1:5819%2C5968%2C6043%2C6172%2C6233%2C6442%0A/branches/qmmp-1.2:6799%2C6945%2C6975%2C7173%2C7382%2C7520%0A/trunk/qmmp:8696%2C8708%2C8711%2C8715-8716%2C8719%2C8730%2C8747%2C8763%2C8767%2C8770%2C8773%2C8778%2C8788%2C8794%2C8821%2C8828-8830%2C8837%2C8840%2C8843%2C8860-8861%2C8865%2C8869-8870%2C8872
  +dir_prop: branches/qmmp-1.3/src/plugins/Ui/qsui svn:mergeinfo /branches/qmmp-0.12/src/plugins/Ui/qsui:8073-8075%2C8878%0A/branches/qmmp-1.1/src/plugins/Ui/qsui:6172%0A/branches/qmmp-1.2/src/plugins/Ui/qsui:7382%0A/trunk/qmmp/src/plugins/Ui/qsui:8711%2C8770%2C8773%2C8794%2C8869%2C8872%0A/trunk/qmmp/src/plugins/Ui/skinned:5223%2C6018-6019%2C6022
r8896
  +dir_prop: branches/qmmp-1.3 svn:mergeinfo /branches/qmmp-0.10:7522%0A/branches/qmmp-0.11:7919%0A/branches/qmmp-0.12:7828%2C7918%2C8045%2C8073-8075%2C8668%2C8705%2C8805-8808%2C8878%0A/branches/qmmp-1.0:5596%0A/branches/qmmp-1.1:5819%2C5968%2C6043%2C6172%2C6233%2C6442%0A/branches/qmmp-1.2:6799%2C6945%2C6975%2C7173%2C7382%2C7520%0A/trunk/qmmp:8696%2C8708%2C8711%2C8715-8716%2C8719%2C8730%2C8747%2C8763%2C8767%2C8770%2C8773%2C8778%2C8788%2C8794%2C8821%2C8828-8830%2C8837%2C8840%2C8843%2C8860-8861%2C8865%2C8869-8870%2C8872%2C8893%2C8895
r8898
  +dir_prop: branches/qmmp-1.3 svn:mergeinfo /branches/qmmp-0.10:7522%0A/branches/qmmp-0.11:7919%0A/branches/qmmp-0.12:7828%2C7918%2C8045%2C8073-8075%2C8668%2C8705%2C8805-8808%2C8878%0A/branches/qmmp-1.0:5596%0A/branches/qmmp-1.1:5819%2C5968%2C6043%2C6172%2C6233%2C6442%0A/branches/qmmp-1.2:6799%2C6945%2C6975%2C7173%2C7382%2C7520%0A/trunk/qmmp:8696%2C8708%2C8711%2C8715-8716%2C8719%2C8730%2C8747%2C8763%2C8767%2C8770%2C8773%2C8778%2C8788%2C8794%2C8821%2C8828-8830%2C8837%2C8840%2C8843%2C8860-8861%2C8865%2C8869-8870%2C8872%2C8893%2C8895%2C8897
r8901
  +dir_prop: branches/qmmp-1.3 svn:mergeinfo /branches/qmmp-0.10:7522%0A/branches/qmmp-0.11:7919%0A/branches/qmmp-0.12:7828%2C7918%2C8045%2C8073-8075%2C8668%2C8705%2C8805-8808%2C8878%0A/branches/qmmp-1.0:5596%0A/branches/qmmp-1.1:5819%2C5968%2C6043%2C6172%2C6233%2C6442%0A/branches/qmmp-1.2:6799%2C6945%2C6975%2C7173%2C7382%2C7520%0A/trunk/qmmp:8696%2C8708%2C8711%2C8715-8716%2C8719%2C8730%2C8747%2C8763%2C8767%2C8770%2C8773%2C8778%2C8788%2C8794%2C8821%2C8828-8830%2C8837%2C8840%2C8843%2C8860-8861%2C8865%2C8869-8870%2C8872%2C8893%2C8895%2C8897%2C8900
r8904
r8907
  +dir_prop: branches/qmmp-1.3 svn:mergeinfo /branches/qmmp-0.10:7522%0A/branches/qmmp-0.11:7919%0A/branches/qmmp-0.12:7828%2C7918%2C8045%2C8073-8075%2C8668%2C8705%2C8805-8808%2C8878%0A/branches/qmmp-1.0:5596%0A/branches/qmmp-1.1:5819%2C5968%2C6043%2C6172%2C6233%2C6442%0A/branches/qmmp-1.2:6799%2C6945%2C6975%2C7173%2C7382%2C7520%0A/trunk/qmmp:8696%2C8708%2C8711%2C8715-8716%2C8719%2C8730%2C8747%2C8763%2C8767%2C8770%2C8773%2C8778%2C8788%2C8794%2C8821%2C8828-8830%2C8837%2C8840%2C8843%2C8860-8861%2C8865%2C8869-8870%2C8872%2C8893%2C8895%2C8897%2C8900%2C8906
r8911
  +dir_prop: branches/qmmp-1.3 svn:mergeinfo /branches/qmmp-0.10:7522%0A/branches/qmmp-0.11:7919%0A/branches/qmmp-0.12:7828%2C7918%2C8045%2C8073-8075%2C8668%2C8705%2C8805-8808%2C8878%0A/branches/qmmp-1.0:5596%0A/branches/qmmp-1.1:5819%2C5968%2C6043%2C6172%2C6233%2C6442%0A/branches/qmmp-1.2:6799%2C6945%2C6975%2C7173%2C7382%2C7520%0A/trunk/qmmp:8696%2C8708%2C8711%2C8715-8716%2C8719%2C8730%2C8747%2C8763%2C8767%2C8770%2C8773%2C8778%2C8788%2C8794%2C8821%2C8828-8830%2C8837%2C8840%2C8843%2C8860-8861%2C8865%2C8869-8870%2C8872%2C8893%2C8895%2C8897%2C8900%2C8906%2C8910
r8913
  +file_prop: branches/qmmp-1.3/src/app/images/128x128/qmmp.png svn:mime-type application/octet-stream
  +file_prop: branches/qmmp-1.3/src/app/images/256x256/qmmp.png svn:mime-type application/octet-stream
  +file_prop: branches/qmmp-1.3/src/app/images/64x64/qmmp.png svn:mime-type application/octet-stream
r8916
r8919
  +dir_prop: branches/qmmp-1.3 svn:mergeinfo /branches/qmmp-0.10:7522%0A/branches/qmmp-0.11:7919%0A/branches/qmmp-0.12:7828%2C7918%2C8045%2C8073-8075%2C8668%2C8705%2C8805-8808%2C8878%0A/branches/qmmp-1.0:5596%0A/branches/qmmp-1.1:5819%2C5968%2C6043%2C6172%2C6233%2C6442%0A/branches/qmmp-1.2:6799%2C6945%2C6975%2C7173%2C7382%2C7520%0A/trunk/qmmp:8696%2C8708%2C8711%2C8715-8716%2C8719%2C8730%2C8747%2C8763%2C8767%2C8770%2C8773%2C8778%2C8788%2C8794%2C8821%2C8828-8830%2C8837%2C8840%2C8843%2C8860-8861%2C8865%2C8869-8870%2C8872%2C8893%2C8895%2C8897%2C8900%2C8906%2C8910%2C8918
r8923
r8926
r8928
r8929
r8932
r8938
  +dir_prop: branches/qmmp-1.3 svn:mergeinfo /branches/qmmp-0.10:7522%0A/branches/qmmp-0.11:7919%0A/branches/qmmp-0.12:7828%2C7918%2C8045%2C8073-8075%2C8668%2C8705%2C8805-8808%2C8878%2C8935%0A/branches/qmmp-1.0:5596%0A/branches/qmmp-1.1:5819%2C5968%2C6043%2C6172%2C6233%2C6442%0A/branches/qmmp-1.2:6799%2C6945%2C6975%2C7173%2C7382%2C7520%0A/trunk/qmmp:8696%2C8708%2C8711%2C8715-8716%2C8719%2C8730%2C8747%2C8763%2C8767%2C8770%2C8773%2C8778%2C8788%2C8794%2C8821%2C8828-8830%2C8837%2C8840%2C8843%2C8860-8861%2C8865%2C8869-8870%2C8872%2C8893%2C8895%2C8897%2C8900%2C8906%2C8910%2C8918
r8939
  +dir_prop: branches/qmmp-1.3 svn:mergeinfo /branches/qmmp-0.10:7522%0A/branches/qmmp-0.11:7919%0A/branches/qmmp-0.12:7828%2C7918%2C8045%2C8073-8075%2C8668%2C8705%2C8805-8808%2C8878%2C8935%0A/branches/qmmp-1.0:5596%0A/branches/qmmp-1.1:5819%2C5968%2C6043%2C6172%2C6233%2C6442%0A/branches/qmmp-1.2:6799%2C6945%2C6975%2C7173%2C7382%2C7520%0A/trunk/qmmp:8696%2C8708%2C8711%2C8715-8716%2C8719%2C8730%2C8747%2C8763%2C8767%2C8770%2C8773%2C8778%2C8788%2C8794%2C8821%2C8828-8830%2C8837%2C8840%2C8843%2C8860-8861%2C8865%2C8869-8870%2C8872%2C8893%2C8895%2C8897%2C8900%2C8906%2C8910%2C8918%2C8936-8937
r8944
  +dir_prop: branches/qmmp-1.3 svn:mergeinfo /branches/qmmp-0.10:7522%0A/branches/qmmp-0.11:7919%0A/branches/qmmp-0.12:7828%2C7918%2C8045%2C8073-8075%2C8668%2C8705%2C8805-8808%2C8878%2C8935%0A/branches/qmmp-1.0:5596%0A/branches/qmmp-1.1:5819%2C5968%2C6043%2C6172%2C6233%2C6442%0A/branches/qmmp-1.2:6799%2C6945%2C6975%2C7173%2C7382%2C7520%0A/trunk/qmmp:8696%2C8708%2C8711%2C8715-8716%2C8719%2C8730%2C8747%2C8763%2C8767%2C8770%2C8773%2C8778%2C8788%2C8794%2C8821%2C8828-8830%2C8837%2C8840%2C8843%2C8860-8861%2C8865%2C8869-8870%2C8872%2C8893%2C8895%2C8897%2C8900%2C8906%2C8910%2C8918%2C8936-8937%2C8941-8942
r8945
r8958
r8965
  +dir_prop: branches/qmmp-1.3 svn:mergeinfo /branches/qmmp-0.10:7522%0A/branches/qmmp-0.11:7919%0A/branches/qmmp-0.12:7828%2C7918%2C8045%2C8073-8075%2C8668%2C8705%2C8805-8808%2C8878%2C8935%0A/branches/qmmp-1.0:5596%0A/branches/qmmp-1.1:5819%2C5968%2C6043%2C6172%2C6233%2C6442%0A/branches/qmmp-1.2:6799%2C6945%2C6975%2C7173%2C7382%2C7520%0A/trunk/qmmp:8696%2C8708%2C8711%2C8715-8716%2C8719%2C8730%2C8747%2C8763%2C8767%2C8770%2C8773%2C8778%2C8788%2C8794%2C8821%2C8828-8830%2C8837%2C8840%2C8843%2C8860-8861%2C8865%2C8869-8870%2C8872%2C8893%2C8895%2C8897%2C8900%2C8906%2C8910%2C8918%2C8936-8937%2C8941-8942%2C8963
r8966
  +dir_prop: branches/qmmp-1.3 svn:mergeinfo /branches/qmmp-0.10:7522%0A/branches/qmmp-0.11:7919%0A/branches/qmmp-0.12:7828%2C7918%2C8045%2C8073-8075%2C8668%2C8705%2C8805-8808%2C8878%2C8935%0A/branches/qmmp-1.0:5596%0A/branches/qmmp-1.1:5819%2C5968%2C6043%2C6172%2C6233%2C6442%0A/branches/qmmp-1.2:6799%2C6945%2C6975%2C7173%2C7382%2C7520%0A/trunk/qmmp:8696%2C8708%2C8711%2C8715-8716%2C8719%2C8730%2C8747%2C8763%2C8767%2C8770%2C8773%2C8778%2C8788%2C8794%2C8821%2C8828-8830%2C8837%2C8840%2C8843%2C8860-8861%2C8865%2C8869-8870%2C8872%2C8893%2C8895%2C8897%2C8900%2C8906%2C8910%2C8918%2C8936-8937%2C8941-8942%2C8963-8964
r8969
r8974
  +dir_prop: branches/qmmp-1.3 svn:mergeinfo /branches/qmmp-0.10:7522%0A/branches/qmmp-0.11:7919%0A/branches/qmmp-0.12:7828%2C7918%2C8045%2C8073-8075%2C8668%2C8705%2C8805-8808%2C8878%2C8935%0A/branches/qmmp-1.0:5596%0A/branches/qmmp-1.1:5819%2C5968%2C6043%2C6172%2C6233%2C6442%0A/branches/qmmp-1.2:6799%2C6945%2C6975%2C7173%2C7382%2C7520%0A/trunk/qmmp:8696%2C8708%2C8711%2C8715-8716%2C8719%2C8730%2C8747%2C8763%2C8767%2C8770%2C8773%2C8778%2C8788%2C8794%2C8821%2C8828-8830%2C8837%2C8840%2C8843%2C8860-8861%2C8865%2C8869-8870%2C8872%2C8893%2C8895%2C8897%2C8900%2C8906%2C8910%2C8918%2C8936-8937%2C8941-8942%2C8963-8964%2C8973
r8977
  +dir_prop: branches/qmmp-1.3 svn:mergeinfo /branches/qmmp-0.10:7522%0A/branches/qmmp-0.11:7919%0A/branches/qmmp-0.12:7828%2C7918%2C8045%2C8073-8075%2C8668%2C8705%2C8805-8808%2C8878%2C8935%0A/branches/qmmp-1.0:5596%0A/branches/qmmp-1.1:5819%2C5968%2C6043%2C6172%2C6233%2C6442%0A/branches/qmmp-1.2:6799%2C6945%2C6975%2C7173%2C7382%2C7520%0A/trunk/qmmp:8696%2C8708%2C8711%2C8715-8716%2C8719%2C8730%2C8747%2C8763%2C8767%2C8770%2C8773%2C8778%2C8788%2C8794%2C8821%2C8828-8830%2C8837%2C8840%2C8843%2C8860-8861%2C8865%2C8869-8870%2C8872%2C8893%2C8895%2C8897%2C8900%2C8906%2C8910%2C8918%2C8936-8937%2C8941-8942%2C8963-8964%2C8973%2C8976
r8993
  +dir_prop: branches/qmmp-1.3 svn:mergeinfo /branches/qmmp-0.10:7522%0A/branches/qmmp-0.11:7919%0A/branches/qmmp-0.12:7828%2C7918%2C8045%2C8073-8075%2C8668%2C8705%2C8805-8808%2C8878%2C8935%0A/branches/qmmp-1.0:5596%0A/branches/qmmp-1.1:5819%2C5968%2C6043%2C6172%2C6233%2C6442%0A/branches/qmmp-1.2:6799%2C6945%2C6975%2C7173%2C7382%2C7520%0A/trunk/qmmp:8696%2C8708%2C8711%2C8715-8716%2C8719%2C8730%2C8747%2C8763%2C8767%2C8770%2C8773%2C8778%2C8788%2C8794%2C8821%2C8828-8830%2C8837%2C8840%2C8843%2C8860-8861%2C8865%2C8869-8870%2C8872%2C8893%2C8895%2C8897%2C8900%2C8906%2C8910%2C8918%2C8936-8937%2C8941-8942%2C8963-8964%2C8973%2C8976%2C8992
r8995
r8998
  +dir_prop: branches/qmmp-1.3 svn:mergeinfo /branches/qmmp-0.10:7522%0A/branches/qmmp-0.11:7919%0A/branches/qmmp-0.12:7828%2C7918%2C8045%2C8073-8075%2C8668%2C8705%2C8805-8808%2C8878%2C8935%0A/branches/qmmp-1.0:5596%0A/branches/qmmp-1.1:5819%2C5968%2C6043%2C6172%2C6233%2C6442%0A/branches/qmmp-1.2:6799%2C6945%2C6975%2C7173%2C7382%2C7520%0A/trunk/qmmp:8696%2C8708%2C8711%2C8715-8716%2C8719%2C8730%2C8747%2C8763%2C8767%2C8770%2C8773%2C8778%2C8788%2C8794%2C8821%2C8828-8830%2C8837%2C8840%2C8843%2C8860-8861%2C8865%2C8869-8870%2C8872%2C8893%2C8895%2C8897%2C8900%2C8906%2C8910%2C8918%2C8936-8937%2C8941-8942%2C8963-8964%2C8973%2C8976%2C8992%2C8997
r9008
  +dir_prop: branches/qmmp-1.3 svn:mergeinfo /branches/qmmp-0.10:7522%0A/branches/qmmp-0.11:7919%0A/branches/qmmp-0.12:7828%2C7918%2C8045%2C8073-8075%2C8668%2C8705%2C8805-8808%2C8878%2C8935%2C9007%0A/branches/qmmp-1.0:5596%0A/branches/qmmp-1.1:5819%2C5968%2C6043%2C6172%2C6233%2C6442%0A/branches/qmmp-1.2:6799%2C6945%2C6975%2C7173%2C7382%2C7520%0A/trunk/qmmp:8696%2C8708%2C8711%2C8715-8716%2C8719%2C8730%2C8747%2C8763%2C8767%2C8770%2C8773%2C8778%2C8788%2C8794%2C8821%2C8828-8830%2C8837%2C8840%2C8843%2C8860-8861%2C8865%2C8869-8870%2C8872%2C8893%2C8895%2C8897%2C8900%2C8906%2C8910%2C8918%2C8936-8937%2C8941-8942%2C8963-8964%2C8973%2C8976%2C8992%2C8997%2C9006
r9009
  +dir_prop: branches/qmmp-1.3 svn:mergeinfo /branches/qmmp-0.10:7522%0A/branches/qmmp-0.11:7919%0A/branches/qmmp-0.12:7828%2C7918%2C8045%2C8073-8075%2C8668%2C8705%2C8805-8808%2C8878%2C8935%2C9007%0A/branches/qmmp-1.0:5596%0A/branches/qmmp-1.1:5819%2C5968%2C6043%2C6172%2C6233%2C6442%0A/branches/qmmp-1.2:6799%2C6945%2C6975%2C7173%2C7382%2C7520%0A/trunk/qmmp:8696%2C8708%2C8711%2C8715-8716%2C8719%2C8730%2C8747%2C8763%2C8767%2C8770%2C8773%2C8778%2C8788%2C8794%2C8821%2C8828-8830%2C8837%2C8840%2C8843%2C8860-8861%2C8865%2C8869-8870%2C8872%2C8893%2C8895%2C8897%2C8900%2C8906%2C8910%2C8918%2C8936-8937%2C8941-8942%2C8963-8964%2C8973%2C8976%2C8992%2C8997%2C9001-9002%2C9006
r9013
  +dir_prop: branches/qmmp-1.3 svn:mergeinfo /branches/qmmp-0.10:7522%0A/branches/qmmp-0.11:7919%0A/branches/qmmp-0.12:7828%2C7918%2C8045%2C8073-8075%2C8668%2C8705%2C8805-8808%2C8878%2C8935%2C9007%0A/branches/qmmp-1.0:5596%0A/branches/qmmp-1.1:5819%2C5968%2C6043%2C6172%2C6233%2C6442%0A/branches/qmmp-1.2:6799%2C6945%2C6975%2C7173%2C7382%2C7520%0A/trunk/qmmp:8696%2C8708%2C8711%2C8715-8716%2C8719%2C8730%2C8747%2C8763%2C8767%2C8770%2C8773%2C8778%2C8788%2C8794%2C8821%2C8828-8830%2C8837%2C8840%2C8843%2C8860-8861%2C8865%2C8869-8870%2C8872%2C8893%2C8895%2C8897%2C8900%2C8906%2C8910%2C8918%2C8936-8937%2C8941-8942%2C8963-8964%2C8973%2C8976%2C8992%2C8997%2C9001-9002%2C9006%2C9012
r9016
  +dir_prop: branches/qmmp-1.3 svn:mergeinfo /branches/qmmp-0.10:7522%0A/branches/qmmp-0.11:7919%0A/branches/qmmp-0.12:7828%2C7918%2C8045%2C8073-8075%2C8668%2C8705%2C8805-8808%2C8878%2C8935%2C9007%0A/branches/qmmp-1.0:5596%0A/branches/qmmp-1.1:5819%2C5968%2C6043%2C6172%2C6233%2C6442%0A/branches/qmmp-1.2:6799%2C6945%2C6975%2C7173%2C7382%2C7520%0A/trunk/qmmp:8696%2C8708%2C8711%2C8715-8716%2C8719%2C8730%2C8747%2C8763%2C8767%2C8770%2C8773%2C8778%2C8788%2C8794%2C8821%2C8828-8830%2C8837%2C8840%2C8843%2C8860-8861%2C8865%2C8869-8870%2C8872%2C8893%2C8895%2C8897%2C8900%2C8906%2C8910%2C8918%2C8936-8937%2C8941-8942%2C8963-8964%2C8973%2C8976%2C8992%2C8997%2C9001-9002%2C9006%2C9012%2C9015
r9020
  +dir_prop: branches/qmmp-1.3 svn:mergeinfo /branches/qmmp-0.10:7522%0A/branches/qmmp-0.11:7919%0A/branches/qmmp-0.12:7828%2C7918%2C8045%2C8073-8075%2C8668%2C8705%2C8805-8808%2C8878%2C8935%2C9007%0A/branches/qmmp-1.0:5596%0A/branches/qmmp-1.1:5819%2C5968%2C6043%2C6172%2C6233%2C6442%0A/branches/qmmp-1.2:6799%2C6945%2C6975%2C7173%2C7382%2C7520%0A/trunk/qmmp:8696%2C8708%2C8711%2C8715-8716%2C8719%2C8730%2C8747%2C8763%2C8767%2C8770%2C8773%2C8778%2C8788%2C8794%2C8821%2C8828-8830%2C8837%2C8840%2C8843%2C8860-8861%2C8865%2C8869-8870%2C8872%2C8893%2C8895%2C8897%2C8900%2C8906%2C8910%2C8918%2C8936-8937%2C8941-8942%2C8963-8964%2C8973%2C8976%2C8992%2C8997%2C9001-9002%2C9006%2C9012%2C9015%2C9019
r9023
  +dir_prop: branches/qmmp-1.3 svn:mergeinfo /branches/qmmp-0.10:7522%0A/branches/qmmp-0.11:7919%0A/branches/qmmp-0.12:7828%2C7918%2C8045%2C8073-8075%2C8668%2C8705%2C8805-8808%2C8878%2C8935%2C9007%0A/branches/qmmp-1.0:5596%0A/branches/qmmp-1.1:5819%2C5968%2C6043%2C6172%2C6233%2C6442%0A/branches/qmmp-1.2:6799%2C6945%2C6975%2C7173%2C7382%2C7520%0A/trunk/qmmp:8696%2C8708%2C8711%2C8715-8716%2C8719%2C8730%2C8747%2C8763%2C8767%2C8770%2C8773%2C8778%2C8788%2C8794%2C8821%2C8828-8830%2C8837%2C8840%2C8843%2C8860-8861%2C8865%2C8869-8870%2C8872%2C8893%2C8895%2C8897%2C8900%2C8906%2C8910%2C8918%2C8936-8937%2C8941-8942%2C8963-8964%2C8973%2C8976%2C8992%2C8997%2C9001-9002%2C9006%2C9012%2C9015%2C9019%2C9022
r9026
  +dir_prop: branches/qmmp-1.3 svn:mergeinfo /branches/qmmp-0.10:7522%0A/branches/qmmp-0.11:7919%0A/branches/qmmp-0.12:7828%2C7918%2C8045%2C8073-8075%2C8668%2C8705%2C8805-8808%2C8878%2C8935%2C9007%0A/branches/qmmp-1.0:5596%0A/branches/qmmp-1.1:5819%2C5968%2C6043%2C6172%2C6233%2C6442%0A/branches/qmmp-1.2:6799%2C6945%2C6975%2C7173%2C7382%2C7520%0A/trunk/qmmp:8696%2C8708%2C8711%2C8715-8716%2C8719%2C8730%2C8747%2C8763%2C8767%2C8770%2C8773%2C8778%2C8788%2C8794%2C8821%2C8828-8830%2C8837%2C8840%2C8843%2C8860-8861%2C8865%2C8869-8870%2C8872%2C8893%2C8895%2C8897%2C8900%2C8906%2C8910%2C8918%2C8936-8937%2C8941-8942%2C8963-8964%2C8973%2C8976%2C8992%2C8997%2C9001-9002%2C9006%2C9012%2C9015%2C9019%2C9022%2C9025
r9031
r9035
r9036
  +dir_prop: branches/qmmp-1.3 svn:mergeinfo /branches/qmmp-0.10:7522%0A/branches/qmmp-0.11:7919%0A/branches/qmmp-0.12:7828%2C7918%2C8045%2C8073-8075%2C8668%2C8705%2C8805-8808%2C8878%2C8935%2C9007%0A/branches/qmmp-1.0:5596%0A/branches/qmmp-1.1:5819%2C5968%2C6043%2C6172%2C6233%2C6442%0A/branches/qmmp-1.2:6799%2C6945%2C6975%2C7173%2C7382%2C7520%0A/trunk/qmmp:8696%2C8708%2C8711%2C8715-8716%2C8719%2C8730%2C8747%2C8763%2C8767%2C8770%2C8773%2C8778%2C8788%2C8794%2C8821%2C8828-8830%2C8837%2C8840%2C8843%2C8860-8861%2C8865%2C8869-8870%2C8872%2C8893%2C8895%2C8897%2C8900%2C8906%2C8910%2C8918%2C8936-8937%2C8941-8942%2C8963-8964%2C8973%2C8976%2C8992%2C8997%2C9001-9002%2C9006%2C9012%2C9015%2C9019%2C9022%2C9025%2C9034
r9045
  +dir_prop: branches/qmmp-1.3 svn:mergeinfo /branches/qmmp-0.10:7522%0A/branches/qmmp-0.11:7919%0A/branches/qmmp-0.12:7828%2C7918%2C8045%2C8073-8075%2C8668%2C8705%2C8805-8808%2C8878%2C8935%2C9007%0A/branches/qmmp-1.0:5596%0A/branches/qmmp-1.1:5819%2C5968%2C6043%2C6172%2C6233%2C6442%0A/branches/qmmp-1.2:6799%2C6945%2C6975%2C7173%2C7382%2C7520%0A/trunk/qmmp:8696%2C8708%2C8711%2C8715-8716%2C8719%2C8730%2C8747%2C8763%2C8767%2C8770%2C8773%2C8778%2C8788%2C8794%2C8821%2C8828-8830%2C8837%2C8840%2C8843%2C8860-8861%2C8865%2C8869-8870%2C8872%2C8893%2C8895%2C8897%2C8900%2C8906%2C8910%2C8918%2C8936-8937%2C8941-8942%2C8963-8964%2C8973%2C8976%2C8992%2C8997%2C9001-9002%2C9006%2C9012%2C9015%2C9019%2C9022%2C9025%2C9034%2C9044
r9047
r9051
r9059
  +dir_prop: branches/qmmp-1.3 svn:mergeinfo /branches/qmmp-0.10:7522%0A/branches/qmmp-0.11:7919%0A/branches/qmmp-0.12:7828%2C7918%2C8045%2C8073-8075%2C8668%2C8705%2C8805-8808%2C8878%2C8935%2C9007%0A/branches/qmmp-1.0:5596%0A/branches/qmmp-1.1:5819%2C5968%2C6043%2C6172%2C6233%2C6442%0A/branches/qmmp-1.2:6799%2C6945%2C6975%2C7173%2C7382%2C7520%0A/trunk/qmmp:8696%2C8708%2C8711%2C8715-8716%2C8719%2C8730%2C8747%2C8763%2C8767%2C8770%2C8773%2C8778%2C8788%2C8794%2C8821%2C8828-8830%2C8837%2C8840%2C8843%2C8860-8861%2C8865%2C8869-8870%2C8872%2C8893%2C8895%2C8897%2C8900%2C8906%2C8910%2C8918%2C8936-8937%2C8941-8942%2C8963-8964%2C8973%2C8976%2C8992%2C8997%2C9001-9002%2C9006%2C9012%2C9015%2C9019%2C9022%2C9025%2C9034%2C9044%2C9056
  +dir_prop: branches/qmmp-1.3/src/plugins/Ui/qsui svn:mergeinfo /branches/qmmp-0.12/src/plugins/Ui/qsui:8073-8075%2C8878%0A/branches/qmmp-1.1/src/plugins/Ui/qsui:6172%0A/branches/qmmp-1.2/src/plugins/Ui/qsui:7382%0A/trunk/qmmp/src/plugins/Ui/qsui:8711%2C8770%2C8773%2C8794%2C8869%2C8872%2C9056%0A/trunk/qmmp/src/plugins/Ui/skinned:5223%2C6018-6019%2C6022
r9060
  +dir_prop: branches/qmmp-1.3 svn:mergeinfo /branches/qmmp-0.10:7522%0A/branches/qmmp-0.11:7919%0A/branches/qmmp-0.12:7828%2C7918%2C8045%2C8073-8075%2C8668%2C8705%2C8805-8808%2C8878%2C8935%2C9007%0A/branches/qmmp-1.0:5596%0A/branches/qmmp-1.1:5819%2C5968%2C6043%2C6172%2C6233%2C6442%0A/branches/qmmp-1.2:6799%2C6945%2C6975%2C7173%2C7382%2C7520%0A/trunk/qmmp:8696%2C8708%2C8711%2C8715-8716%2C8719%2C8730%2C8747%2C8763%2C8767%2C8770%2C8773%2C8778%2C8788%2C8794%2C8821%2C8828-8830%2C8837%2C8840%2C8843%2C8860-8861%2C8865%2C8869-8870%2C8872%2C8893%2C8895%2C8897%2C8900%2C8906%2C8910%2C8918%2C8936-8937%2C8941-8942%2C8963-8964%2C8973%2C8976%2C8992%2C8997%2C9001-9002%2C9006%2C9012%2C9015%2C9019%2C9022%2C9025%2C9034%2C9044%2C9056-9058
r9065
r9075
  +dir_prop: branches/qmmp-1.3 svn:mergeinfo /branches/qmmp-0.10:7522%0A/branches/qmmp-0.11:7919%0A/branches/qmmp-0.12:7828%2C7918%2C8045%2C8073-8075%2C8668%2C8705%2C8805-8808%2C8878%2C8935%2C9007%0A/branches/qmmp-1.0:5596%0A/branches/qmmp-1.1:5819%2C5968%2C6043%2C6172%2C6233%2C6442%0A/branches/qmmp-1.2:6799%2C6945%2C6975%2C7173%2C7382%2C7520%0A/trunk/qmmp:8696%2C8708%2C8711%2C8715-8716%2C8719%2C8730%2C8747%2C8763%2C8767%2C8770%2C8773%2C8778%2C8788%2C8794%2C8821%2C8828-8830%2C8837%2C8840%2C8843%2C8860-8861%2C8865%2C8869-8870%2C8872%2C8893%2C8895%2C8897%2C8900%2C8906%2C8910%2C8918%2C8936-8937%2C8941-8942%2C8963-8964%2C8973%2C8976%2C8992%2C8997%2C9001-9002%2C9006%2C9012%2C9015%2C9019%2C9022%2C9025%2C9034%2C9044%2C9056-9058%2C9073
r9084
  +dir_prop: branches/qmmp-1.3 svn:mergeinfo /branches/qmmp-0.10:7522%0A/branches/qmmp-0.11:7919%0A/branches/qmmp-0.12:7828%2C7918%2C8045%2C8073-8075%2C8668%2C8705%2C8805-8808%2C8878%2C8935%2C9007%0A/branches/qmmp-1.0:5596%0A/branches/qmmp-1.1:5819%2C5968%2C6043%2C6172%2C6233%2C6442%0A/branches/qmmp-1.2:6799%2C6945%2C6975%2C7173%2C7382%2C7520%0A/trunk/qmmp:8696%2C8708%2C8711%2C8715-8716%2C8719%2C8730%2C8747%2C8763%2C8767%2C8770%2C8773%2C8778%2C8788%2C8794%2C8821%2C8828-8830%2C8837%2C8840%2C8843%2C8860-8861%2C8865%2C8869-8870%2C8872%2C8893%2C8895%2C8897%2C8900%2C8906%2C8910%2C8918%2C8936-8937%2C8941-8942%2C8963-8964%2C8973%2C8976%2C8992%2C8997%2C9001-9002%2C9006%2C9012%2C9015%2C9019%2C9022%2C9025%2C9034%2C9044%2C9056-9058%2C9073%2C9082
r9091
  +dir_prop: branches/qmmp-1.3 svn:mergeinfo /branches/qmmp-0.10:7522%0A/branches/qmmp-0.11:7919%0A/branches/qmmp-0.12:7828%2C7918%2C8045%2C8073-8075%2C8668%2C8705%2C8805-8808%2C8878%2C8935%2C9007%0A/branches/qmmp-1.0:5596%0A/branches/qmmp-1.1:5819%2C5968%2C6043%2C6172%2C6233%2C6442%0A/branches/qmmp-1.2:6799%2C6945%2C6975%2C7173%2C7382%2C7520%0A/trunk/qmmp:8696%2C8708%2C8711%2C8715-8716%2C8719%2C8730%2C8747%2C8763%2C8767%2C8770%2C8773%2C8778%2C8788%2C8794%2C8821%2C8828-8830%2C8837%2C8840%2C8843%2C8860-8861%2C8865%2C8869-8870%2C8872%2C8893%2C8895%2C8897%2C8900%2C8906%2C8910%2C8918%2C8936-8937%2C8941-8942%2C8963-8964%2C8973%2C8976%2C8992%2C8997%2C9001-9002%2C9006%2C9012%2C9015%2C9019%2C9022%2C9025%2C9034%2C9044%2C9056-9058%2C9073%2C9082%2C9090
r9107
  +dir_prop: branches/qmmp-1.3 svn:mergeinfo /branches/qmmp-0.10:7522%0A/branches/qmmp-0.11:7919%0A/branches/qmmp-0.12:7828%2C7918%2C8045%2C8073-8075%2C8668%2C8705%2C8805-8808%2C8878%2C8935%2C9007%0A/branches/qmmp-1.0:5596%0A/branches/qmmp-1.1:5819%2C5968%2C6043%2C6172%2C6233%2C6442%0A/branches/qmmp-1.2:6799%2C6945%2C6975%2C7173%2C7382%2C7520%0A/trunk/qmmp:8696%2C8708%2C8711%2C8715-8716%2C8719%2C8730%2C8747%2C8763%2C8767%2C8770%2C8773%2C8778%2C8788%2C8794%2C8821%2C8828-8830%2C8837%2C8840%2C8843%2C8860-8861%2C8865%2C8869-8870%2C8872%2C8893%2C8895%2C8897%2C8900%2C8906%2C8910%2C8918%2C8936-8937%2C8941-8942%2C8963-8964%2C8973%2C8976%2C8992%2C8997%2C9001-9002%2C9006%2C9012%2C9015%2C9019%2C9022%2C9025%2C9034%2C9044%2C9056-9058%2C9073%2C9082%2C9090%2C9106
r9113
  +dir_prop: branches/qmmp-1.3 svn:mergeinfo /branches/qmmp-0.10:7522%0A/branches/qmmp-0.11:7919%0A/branches/qmmp-0.12:7828%2C7918%2C8045%2C8073-8075%2C8668%2C8705%2C8805-8808%2C8878%2C8935%2C9007%2C9112%0A/branches/qmmp-1.0:5596%0A/branches/qmmp-1.1:5819%2C5968%2C6043%2C6172%2C6233%2C6442%0A/branches/qmmp-1.2:6799%2C6945%2C6975%2C7173%2C7382%2C7520%0A/trunk/qmmp:8696%2C8708%2C8711%2C8715-8716%2C8719%2C8730%2C8747%2C8763%2C8767%2C8770%2C8773%2C8778%2C8788%2C8794%2C8821%2C8828-8830%2C8837%2C8840%2C8843%2C8860-8861%2C8865%2C8869-8870%2C8872%2C8893%2C8895%2C8897%2C8900%2C8906%2C8910%2C8918%2C8936-8937%2C8941-8942%2C8963-8964%2C8973%2C8976%2C8992%2C8997%2C9001-9002%2C9006%2C9012%2C9015%2C9019%2C9022%2C9025%2C9034%2C9044%2C9056-9058%2C9073%2C9082%2C9090%2C9106
r9127
  +dir_prop: branches/qmmp-1.3 svn:mergeinfo /branches/qmmp-0.10:7522%0A/branches/qmmp-0.11:7919%0A/branches/qmmp-0.12:7828%2C7918%2C8045%2C8073-8075%2C8668%2C8705%2C8805-8808%2C8878%2C8935%2C9007%2C9112%0A/branches/qmmp-1.0:5596%0A/branches/qmmp-1.1:5819%2C5968%2C6043%2C6172%2C6233%2C6442%0A/branches/qmmp-1.2:6799%2C6945%2C6975%2C7173%2C7382%2C7520%0A/trunk/qmmp:8696%2C8708%2C8711%2C8715-8716%2C8719%2C8730%2C8747%2C8763%2C8767%2C8770%2C8773%2C8778%2C8788%2C8794%2C8821%2C8828-8830%2C8837%2C8840%2C8843%2C8860-8861%2C8865%2C8869-8870%2C8872%2C8893%2C8895%2C8897%2C8900%2C8906%2C8910%2C8918%2C8936-8937%2C8941-8942%2C8963-8964%2C8973%2C8976%2C8992%2C8997%2C9001-9002%2C9006%2C9012%2C9015%2C9019%2C9022%2C9025%2C9034%2C9044%2C9056-9058%2C9073%2C9082%2C9090%2C9106%2C9114-9115%2C9117
r9133
  +dir_prop: branches/qmmp-1.3 svn:mergeinfo /branches/qmmp-0.10:7522%0A/branches/qmmp-0.11:7919%0A/branches/qmmp-0.12:7828%2C7918%2C8045%2C8073-8075%2C8668%2C8705%2C8805-8808%2C8878%2C8935%2C9007%2C9112%0A/branches/qmmp-1.0:5596%0A/branches/qmmp-1.1:5819%2C5968%2C6043%2C6172%2C6233%2C6442%0A/branches/qmmp-1.2:6799%2C6945%2C6975%2C7173%2C7382%2C7520%0A/trunk/qmmp:8696%2C8708%2C8711%2C8715-8716%2C8719%2C8730%2C8747%2C8763%2C8767%2C8770%2C8773%2C8778%2C8788%2C8794%2C8821%2C8828-8830%2C8837%2C8840%2C8843%2C8860-8861%2C8865%2C8869-8870%2C8872%2C8893%2C8895%2C8897%2C8900%2C8906%2C8910%2C8918%2C8936-8937%2C8941-8942%2C8963-8964%2C8973%2C8976%2C8992%2C8997%2C9001-9002%2C9006%2C9012%2C9015%2C9019%2C9022%2C9025%2C9034%2C9044%2C9056-9058%2C9073%2C9082%2C9090%2C9106%2C9114-9115%2C9117%2C9129%2C9131
  +dir_prop: branches/qmmp-1.3/src/plugins/Ui/qsui svn:mergeinfo /branches/qmmp-0.12/src/plugins/Ui/qsui:8073-8075%2C8878%0A/branches/qmmp-1.1/src/plugins/Ui/qsui:6172%0A/branches/qmmp-1.2/src/plugins/Ui/qsui:7382%0A/trunk/qmmp/src/plugins/Ui/qsui:8711%2C8770%2C8773%2C8794%2C8869%2C8872%2C9056%2C9129%2C9131%0A/trunk/qmmp/src/plugins/Ui/skinned:5223%2C6018-6019%2C6022
r9142
  +dir_prop: branches/qmmp-1.3 svn:mergeinfo /branches/qmmp-0.10:7522%0A/branches/qmmp-0.11:7919%0A/branches/qmmp-0.12:7828%2C7918%2C8045%2C8073-8075%2C8668%2C8705%2C8805-8808%2C8878%2C8935%2C9007%2C9112%0A/branches/qmmp-1.0:5596%0A/branches/qmmp-1.1:5819%2C5968%2C6043%2C6172%2C6233%2C6442%0A/branches/qmmp-1.2:6799%2C6945%2C6975%2C7173%2C7382%2C7520%0A/trunk/qmmp:8696%2C8708%2C8711%2C8715-8716%2C8719%2C8730%2C8747%2C8763%2C8767%2C8770%2C8773%2C8778%2C8788%2C8794%2C8821%2C8828-8830%2C8837%2C8840%2C8843%2C8860-8861%2C8865%2C8869-8870%2C8872%2C8893%2C8895%2C8897%2C8900%2C8906%2C8910%2C8918%2C8936-8937%2C8941-8942%2C8963-8964%2C8973%2C8976%2C8992%2C8997%2C9001-9002%2C9006%2C9012%2C9015%2C9019%2C9022%2C9025%2C9034%2C9044%2C9056-9058%2C9073%2C9082%2C9090%2C9106%2C9114-9115%2C9117%2C9129%2C9131%2C9141
r9146
r9149
  +dir_prop: branches/qmmp-1.3 svn:mergeinfo /branches/qmmp-0.10:7522%0A/branches/qmmp-0.11:7919%0A/branches/qmmp-0.12:7828%2C7918%2C8045%2C8073-8075%2C8668%2C8705%2C8805-8808%2C8878%2C8935%2C9007%2C9112%0A/branches/qmmp-1.0:5596%0A/branches/qmmp-1.1:5819%2C5968%2C6043%2C6172%2C6233%2C6442%0A/branches/qmmp-1.2:6799%2C6945%2C6975%2C7173%2C7382%2C7520%0A/trunk/qmmp:8696%2C8708%2C8711%2C8715-8716%2C8719%2C8730%2C8747%2C8763%2C8767%2C8770%2C8773%2C8778%2C8788%2C8794%2C8821%2C8828-8830%2C8837%2C8840%2C8843%2C8860-8861%2C8865%2C8869-8870%2C8872%2C8893%2C8895%2C8897%2C8900%2C8906%2C8910%2C8918%2C8936-8937%2C8941-8942%2C8963-8964%2C8973%2C8976%2C8992%2C8997%2C9001-9002%2C9006%2C9012%2C9015%2C9019%2C9022%2C9025%2C9034%2C9044%2C9056-9058%2C9073%2C9082%2C9090%2C9106%2C9114-9115%2C9117%2C9129%2C9131%2C9141%2C9148
r9152
r9153
r9156
  +dir_prop: branches/qmmp-1.3 svn:mergeinfo /branches/qmmp-0.10:7522%0A/branches/qmmp-0.11:7919%0A/branches/qmmp-0.12:7828%2C7918%2C8045%2C8073-8075%2C8668%2C8705%2C8805-8808%2C8878%2C8935%2C9007%2C9112%0A/branches/qmmp-1.0:5596%0A/branches/qmmp-1.1:5819%2C5968%2C6043%2C6172%2C6233%2C6442%0A/branches/qmmp-1.2:6799%2C6945%2C6975%2C7173%2C7382%2C7520%0A/trunk/qmmp:8696%2C8708%2C8711%2C8715-8716%2C8719%2C8730%2C8747%2C8763%2C8767%2C8770%2C8773%2C8778%2C8788%2C8794%2C8821%2C8828-8830%2C8837%2C8840%2C8843%2C8860-8861%2C8865%2C8869-8870%2C8872%2C8893%2C8895%2C8897%2C8900%2C8906%2C8910%2C8918%2C8936-8937%2C8941-8942%2C8963-8964%2C8973%2C8976%2C8992%2C8997%2C9001-9002%2C9006%2C9012%2C9015%2C9019%2C9022%2C9025%2C9034%2C9044%2C9056-9058%2C9073%2C9082%2C9090%2C9106%2C9114-9115%2C9117%2C9129%2C9131%2C9141%2C9148%2C9155
r9158
r9164
r9176
  +dir_prop: branches/qmmp-1.3 svn:mergeinfo /branches/qmmp-0.10:7522%0A/branches/qmmp-0.11:7919%0A/branches/qmmp-0.12:7828%2C7918%2C8045%2C8073-8075%2C8668%2C8705%2C8805-8808%2C8878%2C8935%2C9007%2C9112%0A/branches/qmmp-1.0:5596%0A/branches/qmmp-1.1:5819%2C5968%2C6043%2C6172%2C6233%2C6442%0A/branches/qmmp-1.2:6799%2C6945%2C6975%2C7173%2C7382%2C7520%0A/trunk/qmmp:8696%2C8708%2C8711%2C8715-8716%2C8719%2C8730%2C8747%2C8763%2C8767%2C8770%2C8773%2C8778%2C8788%2C8794%2C8821%2C8828-8830%2C8837%2C8840%2C8843%2C8860-8861%2C8865%2C8869-8870%2C8872%2C8893%2C8895%2C8897%2C8900%2C8906%2C8910%2C8918%2C8936-8937%2C8941-8942%2C8963-8964%2C8973%2C8976%2C8992%2C8997%2C9001-9002%2C9006%2C9012%2C9015%2C9019%2C9022%2C9025%2C9034%2C9044%2C9056-9058%2C9073%2C9082%2C9090%2C9106%2C9114-9115%2C9117%2C9129%2C9131%2C9141%2C9148%2C9155%2C9175
r9179
  +dir_prop: branches/qmmp-1.3 svn:mergeinfo /branches/qmmp-0.10:7522%0A/branches/qmmp-0.11:7919%0A/branches/qmmp-0.12:7828%2C7918%2C8045%2C8073-8075%2C8668%2C8705%2C8805-8808%2C8878%2C8935%2C9007%2C9112%0A/branches/qmmp-1.0:5596%0A/branches/qmmp-1.1:5819%2C5968%2C6043%2C6172%2C6233%2C6442%0A/branches/qmmp-1.2:6799%2C6945%2C6975%2C7173%2C7382%2C7520%0A/trunk/qmmp:8696%2C8708%2C8711%2C8715-8716%2C8719%2C8730%2C8747%2C8763%2C8767%2C8770%2C8773%2C8778%2C8788%2C8794%2C8821%2C8828-8830%2C8837%2C8840%2C8843%2C8860-8861%2C8865%2C8869-8870%2C8872%2C8893%2C8895%2C8897%2C8900%2C8906%2C8910%2C8918%2C8936-8937%2C8941-8942%2C8963-8964%2C8973%2C8976%2C8992%2C8997%2C9001-9002%2C9006%2C9012%2C9015%2C9019%2C9022%2C9025%2C9034%2C9044%2C9056-9058%2C9073%2C9082%2C9090%2C9106%2C9114-9115%2C9117%2C9129%2C9131%2C9141%2C9148%2C9155%2C9175%2C9177-9178
r9182
  +dir_prop: branches/qmmp-1.3 svn:mergeinfo /branches/qmmp-0.10:7522%0A/branches/qmmp-0.11:7919%0A/branches/qmmp-0.12:7828%2C7918%2C8045%2C8073-8075%2C8668%2C8705%2C8805-8808%2C8878%2C8935%2C9007%2C9112%0A/branches/qmmp-1.0:5596%0A/branches/qmmp-1.1:5819%2C5968%2C6043%2C6172%2C6233%2C6442%0A/branches/qmmp-1.2:6799%2C6945%2C6975%2C7173%2C7382%2C7520%0A/trunk/qmmp:8696%2C8708%2C8711%2C8715-8716%2C8719%2C8730%2C8747%2C8763%2C8767%2C8770%2C8773%2C8778%2C8788%2C8794%2C8821%2C8828-8830%2C8837%2C8840%2C8843%2C8860-8861%2C8865%2C8869-8870%2C8872%2C8893%2C8895%2C8897%2C8900%2C8906%2C8910%2C8918%2C8936-8937%2C8941-8942%2C8963-8964%2C8973%2C8976%2C8992%2C8997%2C9001-9002%2C9006%2C9012%2C9015%2C9019%2C9022%2C9025%2C9034%2C9044%2C9056-9058%2C9073%2C9082%2C9090%2C9106%2C9114-9115%2C9117%2C9129%2C9131%2C9141%2C9148%2C9155%2C9175%2C9177-9178%2C9181
r9186
  +dir_prop: branches/qmmp-1.3 svn:mergeinfo /branches/qmmp-0.10:7522%0A/branches/qmmp-0.11:7919%0A/branches/qmmp-0.12:7828%2C7918%2C8045%2C8073-8075%2C8668%2C8705%2C8805-8808%2C8878%2C8935%2C9007%2C9112%0A/branches/qmmp-1.0:5596%0A/branches/qmmp-1.1:5819%2C5968%2C6043%2C6172%2C6233%2C6442%0A/branches/qmmp-1.2:6799%2C6945%2C6975%2C7173%2C7382%2C7520%0A/trunk/qmmp:8696%2C8708%2C8711%2C8715-8716%2C8719%2C8730%2C8747%2C8763%2C8767%2C8770%2C8773%2C8778%2C8788%2C8794%2C8821%2C8828-8830%2C8837%2C8840%2C8843%2C8860-8861%2C8865%2C8869-8870%2C8872%2C8893%2C8895%2C8897%2C8900%2C8906%2C8910%2C8918%2C8936-8937%2C8941-8942%2C8963-8964%2C8973%2C8976%2C8992%2C8997%2C9001-9002%2C9006%2C9012%2C9015%2C9019%2C9022%2C9025%2C9034%2C9044%2C9056-9058%2C9073%2C9082%2C9090%2C9106%2C9114-9115%2C9117%2C9129%2C9131%2C9141%2C9148%2C9155%2C9175%2C9177-9178%2C9181%2C9185
r9189
r9191
  +dir_prop: branches/qmmp-1.3 svn:mergeinfo /branches/qmmp-0.10:7522%0A/branches/qmmp-0.11:7919%0A/branches/qmmp-0.12:7828%2C7918%2C8045%2C8073-8075%2C8668%2C8705%2C8805-8808%2C8878%2C8935%2C9007%2C9112%2C9190%0A/branches/qmmp-1.0:5596%0A/branches/qmmp-1.1:5819%2C5968%2C6043%2C6172%2C6233%2C6442%0A/branches/qmmp-1.2:6799%2C6945%2C6975%2C7173%2C7382%2C7520%0A/trunk/qmmp:8696%2C8708%2C8711%2C8715-8716%2C8719%2C8730%2C8747%2C8763%2C8767%2C8770%2C8773%2C8778%2C8788%2C8794%2C8821%2C8828-8830%2C8837%2C8840%2C8843%2C8860-8861%2C8865%2C8869-8870%2C8872%2C8893%2C8895%2C8897%2C8900%2C8906%2C8910%2C8918%2C8936-8937%2C8941-8942%2C8963-8964%2C8973%2C8976%2C8992%2C8997%2C9001-9002%2C9006%2C9012%2C9015%2C9019%2C9022%2C9025%2C9034%2C9044%2C9056-9058%2C9073%2C9082%2C9090%2C9106%2C9114-9115%2C9117%2C9129%2C9131%2C9141%2C9148%2C9155%2C9175%2C9177-9178%2C9181%2C9185
r9194
r9196
r9202
r9248
r9252
r9253
r9291
  +dir_prop: branches/qmmp-1.3 svn:mergeinfo /branches/qmmp-0.10:7522%0A/branches/qmmp-0.11:7919%0A/branches/qmmp-0.12:7828%2C7918%2C8045%2C8073-8075%2C8668%2C8705%2C8805-8808%2C8878%2C8935%2C9007%2C9112%2C9190%0A/branches/qmmp-1.0:5596%0A/branches/qmmp-1.1:5819%2C5968%2C6043%2C6172%2C6233%2C6442%0A/branches/qmmp-1.2:6799%2C6945%2C6975%2C7173%2C7382%2C7520%0A/trunk/qmmp:8696%2C8708%2C8711%2C8715-8716%2C8719%2C8730%2C8747%2C8763%2C8767%2C8770%2C8773%2C8778%2C8788%2C8794%2C8821%2C8828-8830%2C8837%2C8840%2C8843%2C8860-8861%2C8865%2C8869-8870%2C8872%2C8893%2C8895%2C8897%2C8900%2C8906%2C8910%2C8918%2C8936-8937%2C8941-8942%2C8963-8964%2C8973%2C8976%2C8992%2C8997%2C9001-9002%2C9006%2C9012%2C9015%2C9019%2C9022%2C9025%2C9034%2C9044%2C9056-9058%2C9073%2C9082%2C9090%2C9106%2C9114-9115%2C9117%2C9129%2C9131%2C9141%2C9148%2C9155%2C9175%2C9177-9178%2C9181%2C9185%2C9289
r9297
  +dir_prop: branches/qmmp-1.3 svn:mergeinfo /branches/qmmp-0.10:7522%0A/branches/qmmp-0.11:7919%0A/branches/qmmp-0.12:7828%2C7918%2C8045%2C8073-8075%2C8668%2C8705%2C8805-8808%2C8878%2C8935%2C9007%2C9112%2C9190%0A/branches/qmmp-1.0:5596%0A/branches/qmmp-1.1:5819%2C5968%2C6043%2C6172%2C6233%2C6442%0A/branches/qmmp-1.2:6799%2C6945%2C6975%2C7173%2C7382%2C7520%0A/trunk/qmmp:8696%2C8708%2C8711%2C8715-8716%2C8719%2C8730%2C8747%2C8763%2C8767%2C8770%2C8773%2C8778%2C8788%2C8794%2C8821%2C8828-8830%2C8837%2C8840%2C8843%2C8860-8861%2C8865%2C8869-8870%2C8872%2C8893%2C8895%2C8897%2C8900%2C8906%2C8910%2C8918%2C8936-8937%2C8941-8942%2C8963-8964%2C8973%2C8976%2C8992%2C8997%2C9001-9002%2C9006%2C9012%2C9015%2C9019%2C9022%2C9025%2C9034%2C9044%2C9056-9058%2C9073%2C9082%2C9090%2C9106%2C9114-9115%2C9117%2C9129%2C9131%2C9141%2C9148%2C9155%2C9175%2C9177-9178%2C9181%2C9185%2C9289%2C9295
r9300
r9301
r9307
r9309
r9310
