r3740
r3741
  +file_prop: tags/qmmp-0.7.3/qmmp-0.7/clear_qmake.sh svn:eol-style native
  +file_prop: tags/qmmp-0.7.3/qmmp-0.7/src/app/images/16x16/qmmp.png svn:mime-type application/octet-stream
  +file_prop: tags/qmmp-0.7.3/qmmp-0.7/src/app/images/32x32/qmmp.png svn:mime-type application/octet-stream
  +file_prop: tags/qmmp-0.7.3/qmmp-0.7/src/app/images/48x48/qmmp.png svn:mime-type application/octet-stream
  +file_prop: tags/qmmp-0.7.3/qmmp-0.7/src/app/images/56x56/qmmp.ico svn:mime-type application/octet-stream
  +file_prop: tags/qmmp-0.7.3/qmmp-0.7/src/app/images/56x56/qmmp.png svn:mime-type application/octet-stream
  +file_prop: tags/qmmp-0.7.3/qmmp-0.7/src/app/images/scalable/qmmp-simple.svgz svn:mime-type application/octet-stream
  +file_prop: tags/qmmp-0.7.3/qmmp-0.7/src/app/images/scalable/qmmp.svgz svn:mime-type application/octet-stream
  +file_prop: tags/qmmp-0.7.3/qmmp-0.7/src/app/qmmpapplication.cpp svn:eol-style native
  +file_prop: tags/qmmp-0.7.3/qmmp-0.7/src/app/qmmpapplication.h svn:eol-style native
  +file_prop: tags/qmmp-0.7.3/qmmp-0.7/src/plugins/CommandLineOptions/CMakeLists.txt svn:eol-style native
  +file_prop: tags/qmmp-0.7.3/qmmp-0.7/src/plugins/CommandLineOptions/IncDecVolumeOption/CMakeLists.txt svn:eol-style native
  +file_prop: tags/qmmp-0.7.3/qmmp-0.7/src/plugins/CommandLineOptions/IncDecVolumeOption/incdecvolumeoption.cpp svn:eol-style native
  +file_prop: tags/qmmp-0.7.3/qmmp-0.7/src/plugins/CommandLineOptions/IncDecVolumeOption/incdecvolumeoption.h svn:eol-style native
  +file_prop: tags/qmmp-0.7.3/qmmp-0.7/src/plugins/CommandLineOptions/PlayListOption/CMakeLists.txt svn:eol-style native
  +file_prop: tags/qmmp-0.7.3/qmmp-0.7/src/plugins/CommandLineOptions/PlayListOption/playlistoption.cpp svn:eol-style native
  +file_prop: tags/qmmp-0.7.3/qmmp-0.7/src/plugins/CommandLineOptions/PlayListOption/playlistoption.h svn:eol-style native
  +file_prop: tags/qmmp-0.7.3/qmmp-0.7/src/plugins/CommandLineOptions/SeekOption/CMakeLists.txt svn:eol-style native
  +file_prop: tags/qmmp-0.7.3/qmmp-0.7/src/plugins/CommandLineOptions/SeekOption/seekoption.cpp svn:eol-style native
  +file_prop: tags/qmmp-0.7.3/qmmp-0.7/src/plugins/CommandLineOptions/SeekOption/seekoption.h svn:eol-style native
  +file_prop: tags/qmmp-0.7.3/qmmp-0.7/src/plugins/CommandLineOptions/StatusOption/CMakeLists.txt svn:eol-style native
  +file_prop: tags/qmmp-0.7.3/qmmp-0.7/src/plugins/CommandLineOptions/StatusOption/statusoption.cpp svn:eol-style native
  +file_prop: tags/qmmp-0.7.3/qmmp-0.7/src/plugins/CommandLineOptions/StatusOption/statusoption.h svn:eol-style native
  +file_prop: tags/qmmp-0.7.3/qmmp-0.7/src/plugins/Effect/bs2b/CMakeLists.txt svn:eol-style native
  +file_prop: tags/qmmp-0.7.3/qmmp-0.7/src/plugins/Effect/bs2b/bs2bplugin.cpp svn:eol-style native
  +file_prop: tags/qmmp-0.7.3/qmmp-0.7/src/plugins/Effect/bs2b/bs2bplugin.h svn:eol-style native
  +file_prop: tags/qmmp-0.7.3/qmmp-0.7/src/plugins/Effect/bs2b/effectbs2bfactory.cpp svn:eol-style native
  +file_prop: tags/qmmp-0.7.3/qmmp-0.7/src/plugins/Effect/bs2b/effectbs2bfactory.h svn:eol-style native
  +file_prop: tags/qmmp-0.7.3/qmmp-0.7/src/plugins/Effect/bs2b/settingsdialog.cpp svn:eol-style native
  +file_prop: tags/qmmp-0.7.3/qmmp-0.7/src/plugins/Effect/bs2b/settingsdialog.h svn:eol-style native
  +file_prop: tags/qmmp-0.7.3/qmmp-0.7/src/plugins/Effect/crossfade/CMakeLists.txt svn:eol-style native
  +file_prop: tags/qmmp-0.7.3/qmmp-0.7/src/plugins/Effect/crossfade/crossfadeplugin.cpp svn:eol-style native
  +file_prop: tags/qmmp-0.7.3/qmmp-0.7/src/plugins/Effect/crossfade/crossfadeplugin.h svn:eol-style native
  +file_prop: tags/qmmp-0.7.3/qmmp-0.7/src/plugins/Effect/crossfade/effectcrossfadefactory.cpp svn:eol-style native
  +file_prop: tags/qmmp-0.7.3/qmmp-0.7/src/plugins/Effect/crossfade/effectcrossfadefactory.h svn:eol-style native
  +file_prop: tags/qmmp-0.7.3/qmmp-0.7/src/plugins/Effect/crossfade/settingsdialog.cpp svn:eol-style native
  +file_prop: tags/qmmp-0.7.3/qmmp-0.7/src/plugins/Effect/crossfade/settingsdialog.h svn:eol-style native
  +file_prop: tags/qmmp-0.7.3/qmmp-0.7/src/plugins/Effect/ladspa/CMakeLists.txt svn:eol-style native
  +file_prop: tags/qmmp-0.7.3/qmmp-0.7/src/plugins/Effect/ladspa/effectladspafactory.cpp svn:eol-style native
  +file_prop: tags/qmmp-0.7.3/qmmp-0.7/src/plugins/Effect/ladspa/effectladspafactory.h svn:eol-style native
  +file_prop: tags/qmmp-0.7.3/qmmp-0.7/src/plugins/Effect/ladspa/ladspa.h svn:eol-style native
  +file_prop: tags/qmmp-0.7.3/qmmp-0.7/src/plugins/Effect/ladspa/ladspabutton.cpp svn:eol-style native
  +file_prop: tags/qmmp-0.7.3/qmmp-0.7/src/plugins/Effect/ladspa/ladspabutton.h svn:eol-style native
  +file_prop: tags/qmmp-0.7.3/qmmp-0.7/src/plugins/Effect/ladspa/ladspahelper.cpp svn:eol-style native
  +file_prop: tags/qmmp-0.7.3/qmmp-0.7/src/plugins/Effect/ladspa/ladspahelper.h svn:eol-style native
  +file_prop: tags/qmmp-0.7.3/qmmp-0.7/src/plugins/Effect/ladspa/ladspahost.cpp svn:eol-style native
  +file_prop: tags/qmmp-0.7.3/qmmp-0.7/src/plugins/Effect/ladspa/ladspahost.h svn:eol-style native
  +file_prop: tags/qmmp-0.7.3/qmmp-0.7/src/plugins/Effect/ladspa/ladspaslider.cpp svn:eol-style native
  +file_prop: tags/qmmp-0.7.3/qmmp-0.7/src/plugins/Effect/ladspa/ladspaslider.h svn:eol-style native
  +file_prop: tags/qmmp-0.7.3/qmmp-0.7/src/plugins/Effect/ladspa/settingsdialog.cpp svn:eol-style native
  +file_prop: tags/qmmp-0.7.3/qmmp-0.7/src/plugins/Effect/ladspa/settingsdialog.h svn:eol-style native
  +file_prop: tags/qmmp-0.7.3/qmmp-0.7/src/plugins/Effect/stereo/CMakeLists.txt svn:eol-style native
  +file_prop: tags/qmmp-0.7.3/qmmp-0.7/src/plugins/Effect/stereo/effectstereofactory.cpp svn:eol-style native
  +file_prop: tags/qmmp-0.7.3/qmmp-0.7/src/plugins/Effect/stereo/effectstereofactory.h svn:eol-style native
  +file_prop: tags/qmmp-0.7.3/qmmp-0.7/src/plugins/Effect/stereo/settingsdialog.cpp svn:eol-style native
  +file_prop: tags/qmmp-0.7.3/qmmp-0.7/src/plugins/Effect/stereo/settingsdialog.h svn:eol-style native
  +file_prop: tags/qmmp-0.7.3/qmmp-0.7/src/plugins/Effect/stereo/stereoplugin.cpp svn:eol-style native
  +file_prop: tags/qmmp-0.7.3/qmmp-0.7/src/plugins/Effect/stereo/stereoplugin.h svn:eol-style native
  +file_prop: tags/qmmp-0.7.3/qmmp-0.7/src/plugins/Engines/CMakeLists.txt svn:eol-style native
  +file_prop: tags/qmmp-0.7.3/qmmp-0.7/src/plugins/Engines/mplayer/CMakeLists.txt svn:eol-style native
  +file_prop: tags/qmmp-0.7.3/qmmp-0.7/src/plugins/Engines/mplayer/mplayerengine.cpp svn:eol-style native
  +file_prop: tags/qmmp-0.7.3/qmmp-0.7/src/plugins/Engines/mplayer/mplayerengine.h svn:eol-style native
  +file_prop: tags/qmmp-0.7.3/qmmp-0.7/src/plugins/Engines/mplayer/mplayerenginefactory.cpp svn:eol-style native
  +file_prop: tags/qmmp-0.7.3/qmmp-0.7/src/plugins/Engines/mplayer/mplayerenginefactory.h svn:eol-style native
  +file_prop: tags/qmmp-0.7.3/qmmp-0.7/src/plugins/Engines/mplayer/mplayermetadatamodel.cpp svn:eol-style native
  +file_prop: tags/qmmp-0.7.3/qmmp-0.7/src/plugins/Engines/mplayer/mplayermetadatamodel.h svn:eol-style native
  +file_prop: tags/qmmp-0.7.3/qmmp-0.7/src/plugins/Engines/mplayer/settingsdialog.cpp svn:eol-style native
  +file_prop: tags/qmmp-0.7.3/qmmp-0.7/src/plugins/Engines/mplayer/settingsdialog.h svn:eol-style native
  +file_prop: tags/qmmp-0.7.3/qmmp-0.7/src/plugins/FileDialogs/CMakeLists.txt svn:eol-style native
  +file_prop: tags/qmmp-0.7.3/qmmp-0.7/src/plugins/FileDialogs/QmmpFileDialog/CMakeLists.txt svn:eol-style native
  +file_prop: tags/qmmp-0.7.3/qmmp-0.7/src/plugins/FileDialogs/QmmpFileDialog/qmmpfiledialog.cpp svn:eol-style native
  +file_prop: tags/qmmp-0.7.3/qmmp-0.7/src/plugins/FileDialogs/QmmpFileDialog/qmmpfiledialog.h svn:eol-style native
  +file_prop: tags/qmmp-0.7.3/qmmp-0.7/src/plugins/FileDialogs/QmmpFileDialog/qmmpfiledialogimpl.cpp svn:eol-style native
  +file_prop: tags/qmmp-0.7.3/qmmp-0.7/src/plugins/FileDialogs/QmmpFileDialog/qmmpfiledialogimpl.h svn:eol-style native
  +file_prop: tags/qmmp-0.7.3/qmmp-0.7/src/plugins/General/CMakeLists.txt svn:eol-style native
  +file_prop: tags/qmmp-0.7.3/qmmp-0.7/src/plugins/General/converter/CMakeLists.txt svn:eol-style native
  +file_prop: tags/qmmp-0.7.3/qmmp-0.7/src/plugins/General/converter/converter.cpp svn:eol-style native
  +file_prop: tags/qmmp-0.7.3/qmmp-0.7/src/plugins/General/converter/converter.h svn:eol-style native
  +file_prop: tags/qmmp-0.7.3/qmmp-0.7/src/plugins/General/converter/converterdialog.cpp svn:eol-style native
  +file_prop: tags/qmmp-0.7.3/qmmp-0.7/src/plugins/General/converter/converterdialog.h svn:eol-style native
  +file_prop: tags/qmmp-0.7.3/qmmp-0.7/src/plugins/General/converter/converterfactory.cpp svn:eol-style native
  +file_prop: tags/qmmp-0.7.3/qmmp-0.7/src/plugins/General/converter/converterfactory.h svn:eol-style native
  +file_prop: tags/qmmp-0.7.3/qmmp-0.7/src/plugins/General/converter/converterhelper.cpp svn:eol-style native
  +file_prop: tags/qmmp-0.7.3/qmmp-0.7/src/plugins/General/converter/converterhelper.h svn:eol-style native
  +file_prop: tags/qmmp-0.7.3/qmmp-0.7/src/plugins/General/converter/preseteditor.cpp svn:eol-style native
  +file_prop: tags/qmmp-0.7.3/qmmp-0.7/src/plugins/General/converter/preseteditor.h svn:eol-style native
  +file_prop: tags/qmmp-0.7.3/qmmp-0.7/src/plugins/General/covermanager/CMakeLists.txt svn:eol-style native
  +file_prop: tags/qmmp-0.7.3/qmmp-0.7/src/plugins/General/covermanager/covermanager.cpp svn:eol-style native
  +file_prop: tags/qmmp-0.7.3/qmmp-0.7/src/plugins/General/covermanager/covermanager.h svn:eol-style native
  +file_prop: tags/qmmp-0.7.3/qmmp-0.7/src/plugins/General/covermanager/covermanagerfactory.cpp svn:eol-style native
  +file_prop: tags/qmmp-0.7.3/qmmp-0.7/src/plugins/General/covermanager/covermanagerfactory.h svn:eol-style native
  +file_prop: tags/qmmp-0.7.3/qmmp-0.7/src/plugins/General/covermanager/coverwidget.cpp svn:eol-style native
  +file_prop: tags/qmmp-0.7.3/qmmp-0.7/src/plugins/General/covermanager/coverwidget.h svn:eol-style native
  +file_prop: tags/qmmp-0.7.3/qmmp-0.7/src/plugins/General/covermanager/images/cm_no_cover.png svn:mime-type image/png
  +file_prop: tags/qmmp-0.7.3/qmmp-0.7/src/plugins/General/fileops/CMakeLists.txt svn:eol-style native
  +file_prop: tags/qmmp-0.7.3/qmmp-0.7/src/plugins/General/fileops/fileops.cpp svn:eol-style native
  +file_prop: tags/qmmp-0.7.3/qmmp-0.7/src/plugins/General/fileops/fileops.h svn:eol-style native
  +file_prop: tags/qmmp-0.7.3/qmmp-0.7/src/plugins/General/fileops/fileopsfactory.cpp svn:eol-style native
  +file_prop: tags/qmmp-0.7.3/qmmp-0.7/src/plugins/General/fileops/fileopsfactory.h svn:eol-style native
  +file_prop: tags/qmmp-0.7.3/qmmp-0.7/src/plugins/General/fileops/hotkeydialog.cpp svn:eol-style native
  +file_prop: tags/qmmp-0.7.3/qmmp-0.7/src/plugins/General/fileops/hotkeydialog.h svn:eol-style native
  +file_prop: tags/qmmp-0.7.3/qmmp-0.7/src/plugins/General/fileops/settingsdialog.cpp svn:eol-style native
  +file_prop: tags/qmmp-0.7.3/qmmp-0.7/src/plugins/General/fileops/settingsdialog.h svn:eol-style native
  +file_prop: tags/qmmp-0.7.3/qmmp-0.7/src/plugins/General/hal/CMakeLists.txt svn:eol-style native
  +file_prop: tags/qmmp-0.7.3/qmmp-0.7/src/plugins/General/hal/haldevice.cpp svn:eol-style native
  +file_prop: tags/qmmp-0.7.3/qmmp-0.7/src/plugins/General/hal/haldevice.h svn:eol-style native
  +file_prop: tags/qmmp-0.7.3/qmmp-0.7/src/plugins/General/hal/halfactory.cpp svn:eol-style native
  +file_prop: tags/qmmp-0.7.3/qmmp-0.7/src/plugins/General/hal/halfactory.h svn:eol-style native
  +file_prop: tags/qmmp-0.7.3/qmmp-0.7/src/plugins/General/hal/halmanager.cpp svn:eol-style native
  +file_prop: tags/qmmp-0.7.3/qmmp-0.7/src/plugins/General/hal/halmanager.h svn:eol-style native
  +file_prop: tags/qmmp-0.7.3/qmmp-0.7/src/plugins/General/hal/halplugin.cpp svn:eol-style native
  +file_prop: tags/qmmp-0.7.3/qmmp-0.7/src/plugins/General/hal/halplugin.h svn:eol-style native
  +file_prop: tags/qmmp-0.7.3/qmmp-0.7/src/plugins/General/hal/settingsdialog.cpp svn:eol-style native
  +file_prop: tags/qmmp-0.7.3/qmmp-0.7/src/plugins/General/hal/settingsdialog.h svn:eol-style native
  +file_prop: tags/qmmp-0.7.3/qmmp-0.7/src/plugins/General/hotkey/CMakeLists.txt svn:eol-style native
  +file_prop: tags/qmmp-0.7.3/qmmp-0.7/src/plugins/General/hotkey/hotkeydialog.cpp svn:eol-style native
  +file_prop: tags/qmmp-0.7.3/qmmp-0.7/src/plugins/General/hotkey/hotkeydialog.h svn:eol-style native
  +file_prop: tags/qmmp-0.7.3/qmmp-0.7/src/plugins/General/hotkey/hotkeyfactory.cpp svn:eol-style native
  +file_prop: tags/qmmp-0.7.3/qmmp-0.7/src/plugins/General/hotkey/hotkeyfactory.h svn:eol-style native
  +file_prop: tags/qmmp-0.7.3/qmmp-0.7/src/plugins/General/hotkey/hotkeymanager.h svn:eol-style native
  +file_prop: tags/qmmp-0.7.3/qmmp-0.7/src/plugins/General/hotkey/hotkeymanager_x11.cpp svn:eol-style native
  +file_prop: tags/qmmp-0.7.3/qmmp-0.7/src/plugins/General/hotkey/settingsdialog.cpp svn:eol-style native
  +file_prop: tags/qmmp-0.7.3/qmmp-0.7/src/plugins/General/hotkey/settingsdialog.h svn:eol-style native
  +file_prop: tags/qmmp-0.7.3/qmmp-0.7/src/plugins/General/kdenotify/CMakeLists.txt svn:eol-style native
  +file_prop: tags/qmmp-0.7.3/qmmp-0.7/src/plugins/General/kdenotify/images/app_icon.png svn:mime-type image/png
  +file_prop: tags/qmmp-0.7.3/qmmp-0.7/src/plugins/General/kdenotify/images/empty_cover.png svn:mime-type image/png
  +file_prop: tags/qmmp-0.7.3/qmmp-0.7/src/plugins/General/kdenotify/kdenotify.cpp svn:eol-style native
  +file_prop: tags/qmmp-0.7.3/qmmp-0.7/src/plugins/General/kdenotify/kdenotify.h svn:eol-style native
  +file_prop: tags/qmmp-0.7.3/qmmp-0.7/src/plugins/General/kdenotify/kdenotifyfactory.cpp svn:eol-style native
  +file_prop: tags/qmmp-0.7.3/qmmp-0.7/src/plugins/General/kdenotify/kdenotifyfactory.h svn:eol-style native
  +file_prop: tags/qmmp-0.7.3/qmmp-0.7/src/plugins/General/kdenotify/settingsdialog.cpp svn:eol-style native
  +file_prop: tags/qmmp-0.7.3/qmmp-0.7/src/plugins/General/kdenotify/settingsdialog.h svn:eol-style native
  +file_prop: tags/qmmp-0.7.3/qmmp-0.7/src/plugins/General/lyrics/CMakeLists.txt svn:eol-style native
  +file_prop: tags/qmmp-0.7.3/qmmp-0.7/src/plugins/General/lyrics/lyrics.cpp svn:eol-style native
  +file_prop: tags/qmmp-0.7.3/qmmp-0.7/src/plugins/General/lyrics/lyrics.h svn:eol-style native
  +file_prop: tags/qmmp-0.7.3/qmmp-0.7/src/plugins/General/lyrics/lyricsfactory.cpp svn:eol-style native
  +file_prop: tags/qmmp-0.7.3/qmmp-0.7/src/plugins/General/lyrics/lyricsfactory.h svn:eol-style native
  +file_prop: tags/qmmp-0.7.3/qmmp-0.7/src/plugins/General/lyrics/lyricswindow.cpp svn:eol-style native
  +file_prop: tags/qmmp-0.7.3/qmmp-0.7/src/plugins/General/lyrics/lyricswindow.h svn:eol-style native
  +file_prop: tags/qmmp-0.7.3/qmmp-0.7/src/plugins/General/mpris/CMakeLists.txt svn:eol-style native
  +file_prop: tags/qmmp-0.7.3/qmmp-0.7/src/plugins/General/mpris/mpris.cpp svn:eol-style native
  +file_prop: tags/qmmp-0.7.3/qmmp-0.7/src/plugins/General/mpris/mpris.h svn:eol-style native
  +file_prop: tags/qmmp-0.7.3/qmmp-0.7/src/plugins/General/mpris/mpris1/playerobject.cpp svn:eol-style native
  +file_prop: tags/qmmp-0.7.3/qmmp-0.7/src/plugins/General/mpris/mpris1/playerobject.h svn:eol-style native
  +file_prop: tags/qmmp-0.7.3/qmmp-0.7/src/plugins/General/mpris/mpris1/rootobject.cpp svn:eol-style native
  +file_prop: tags/qmmp-0.7.3/qmmp-0.7/src/plugins/General/mpris/mpris1/rootobject.h svn:eol-style native
  +file_prop: tags/qmmp-0.7.3/qmmp-0.7/src/plugins/General/mpris/mpris1/tracklistobject.cpp svn:eol-style native
  +file_prop: tags/qmmp-0.7.3/qmmp-0.7/src/plugins/General/mpris/mpris1/tracklistobject.h svn:eol-style native
  +file_prop: tags/qmmp-0.7.3/qmmp-0.7/src/plugins/General/mpris/mpris2/player2object.cpp svn:eol-style native
  +file_prop: tags/qmmp-0.7.3/qmmp-0.7/src/plugins/General/mpris/mpris2/player2object.h svn:eol-style native
  +file_prop: tags/qmmp-0.7.3/qmmp-0.7/src/plugins/General/mpris/mpris2/root2object.cpp svn:eol-style native
  +file_prop: tags/qmmp-0.7.3/qmmp-0.7/src/plugins/General/mpris/mpris2/root2object.h svn:eol-style native
  +file_prop: tags/qmmp-0.7.3/qmmp-0.7/src/plugins/General/mpris/mprisfactory.cpp svn:eol-style native
  +file_prop: tags/qmmp-0.7.3/qmmp-0.7/src/plugins/General/mpris/mprisfactory.h svn:eol-style native
  +file_prop: tags/qmmp-0.7.3/qmmp-0.7/src/plugins/General/notifier/CMakeLists.txt svn:eol-style native
  +file_prop: tags/qmmp-0.7.3/qmmp-0.7/src/plugins/General/notifier/notifier.cpp svn:eol-style native
  +file_prop: tags/qmmp-0.7.3/qmmp-0.7/src/plugins/General/notifier/notifier.h svn:eol-style native
  +file_prop: tags/qmmp-0.7.3/qmmp-0.7/src/plugins/General/notifier/notifier_icon.png svn:mime-type application/octet-stream
  +file_prop: tags/qmmp-0.7.3/qmmp-0.7/src/plugins/General/notifier/notifierfactory.cpp svn:eol-style native
  +file_prop: tags/qmmp-0.7.3/qmmp-0.7/src/plugins/General/notifier/notifierfactory.h svn:eol-style native
  +file_prop: tags/qmmp-0.7.3/qmmp-0.7/src/plugins/General/notifier/popupwidget.cpp svn:eol-style native
  +file_prop: tags/qmmp-0.7.3/qmmp-0.7/src/plugins/General/notifier/popupwidget.h svn:eol-style native
  +file_prop: tags/qmmp-0.7.3/qmmp-0.7/src/plugins/General/notifier/settingsdialog.cpp svn:eol-style native
  +file_prop: tags/qmmp-0.7.3/qmmp-0.7/src/plugins/General/notifier/settingsdialog.h svn:eol-style native
  +file_prop: tags/qmmp-0.7.3/qmmp-0.7/src/plugins/General/scrobbler/CMakeLists.txt svn:eol-style native
  +file_prop: tags/qmmp-0.7.3/qmmp-0.7/src/plugins/General/scrobbler/lastfmscrobbler.cpp svn:eol-style native
  +file_prop: tags/qmmp-0.7.3/qmmp-0.7/src/plugins/General/scrobbler/lastfmscrobbler.h svn:eol-style native
  +file_prop: tags/qmmp-0.7.3/qmmp-0.7/src/plugins/General/scrobbler/scrobblercache.cpp svn:eol-style native
  +file_prop: tags/qmmp-0.7.3/qmmp-0.7/src/plugins/General/scrobbler/scrobblercache.h svn:eol-style native
  +file_prop: tags/qmmp-0.7.3/qmmp-0.7/src/plugins/General/scrobbler/scrobblerhandler.cpp svn:eol-style native
  +file_prop: tags/qmmp-0.7.3/qmmp-0.7/src/plugins/General/scrobbler/scrobblerhandler.h svn:eol-style native
  +file_prop: tags/qmmp-0.7.3/qmmp-0.7/src/plugins/General/statusicon/CMakeLists.txt svn:eol-style native
  +file_prop: tags/qmmp-0.7.3/qmmp-0.7/src/plugins/General/statusicon/coverwidget.cpp svn:eol-style native
  +file_prop: tags/qmmp-0.7.3/qmmp-0.7/src/plugins/General/statusicon/coverwidget.h svn:eol-style native
  +file_prop: tags/qmmp-0.7.3/qmmp-0.7/src/plugins/General/statusicon/images/empty_cover.png svn:mime-type image/png
  +file_prop: tags/qmmp-0.7.3/qmmp-0.7/src/plugins/General/statusicon/images/tray_pause.png svn:mime-type application/octet-stream
  +file_prop: tags/qmmp-0.7.3/qmmp-0.7/src/plugins/General/statusicon/images/tray_play.png svn:mime-type application/octet-stream
  +file_prop: tags/qmmp-0.7.3/qmmp-0.7/src/plugins/General/statusicon/images/tray_stop.png svn:mime-type application/octet-stream
  +file_prop: tags/qmmp-0.7.3/qmmp-0.7/src/plugins/General/statusicon/qmmptrayicon.cpp svn:eol-style native
  +file_prop: tags/qmmp-0.7.3/qmmp-0.7/src/plugins/General/statusicon/qmmptrayicon.h svn:eol-style native
  +file_prop: tags/qmmp-0.7.3/qmmp-0.7/src/plugins/General/statusicon/statusiconpopupwidget.cpp svn:eol-style native
  +file_prop: tags/qmmp-0.7.3/qmmp-0.7/src/plugins/General/statusicon/statusiconpopupwidget.h svn:eol-style native
  +file_prop: tags/qmmp-0.7.3/qmmp-0.7/src/plugins/General/streambrowser/CMakeLists.txt svn:eol-style native
  +file_prop: tags/qmmp-0.7.3/qmmp-0.7/src/plugins/General/streambrowser/streambrowser.cpp svn:eol-style native
  +file_prop: tags/qmmp-0.7.3/qmmp-0.7/src/plugins/General/streambrowser/streambrowser.h svn:eol-style native
  +file_prop: tags/qmmp-0.7.3/qmmp-0.7/src/plugins/General/streambrowser/streambrowserfactory.cpp svn:eol-style native
  +file_prop: tags/qmmp-0.7.3/qmmp-0.7/src/plugins/General/streambrowser/streambrowserfactory.h svn:eol-style native
  +file_prop: tags/qmmp-0.7.3/qmmp-0.7/src/plugins/General/streambrowser/streamwindow.cpp svn:eol-style native
  +file_prop: tags/qmmp-0.7.3/qmmp-0.7/src/plugins/General/streambrowser/streamwindow.h svn:eol-style native
  +file_prop: tags/qmmp-0.7.3/qmmp-0.7/src/plugins/General/trackchange/CMakeLists.txt svn:eol-style native
  +file_prop: tags/qmmp-0.7.3/qmmp-0.7/src/plugins/General/trackchange/settingsdialog.cpp svn:eol-style native
  +file_prop: tags/qmmp-0.7.3/qmmp-0.7/src/plugins/General/trackchange/settingsdialog.h svn:eol-style native
  +file_prop: tags/qmmp-0.7.3/qmmp-0.7/src/plugins/General/trackchange/trackchange.cpp svn:eol-style native
  +file_prop: tags/qmmp-0.7.3/qmmp-0.7/src/plugins/General/trackchange/trackchange.h svn:eol-style native
  +file_prop: tags/qmmp-0.7.3/qmmp-0.7/src/plugins/General/trackchange/trackchangefactory.cpp svn:eol-style native
  +file_prop: tags/qmmp-0.7.3/qmmp-0.7/src/plugins/General/trackchange/trackchangefactory.h svn:eol-style native
  +file_prop: tags/qmmp-0.7.3/qmmp-0.7/src/plugins/General/udisks/CMakeLists.txt svn:eol-style native
  +file_prop: tags/qmmp-0.7.3/qmmp-0.7/src/plugins/General/udisks/settingsdialog.cpp svn:eol-style native
  +file_prop: tags/qmmp-0.7.3/qmmp-0.7/src/plugins/General/udisks/settingsdialog.h svn:eol-style native
  +file_prop: tags/qmmp-0.7.3/qmmp-0.7/src/plugins/General/udisks/udisksdevice.cpp svn:eol-style native
  +file_prop: tags/qmmp-0.7.3/qmmp-0.7/src/plugins/General/udisks/udisksdevice.h svn:eol-style native
  +file_prop: tags/qmmp-0.7.3/qmmp-0.7/src/plugins/General/udisks/udisksfactory.cpp svn:eol-style native
  +file_prop: tags/qmmp-0.7.3/qmmp-0.7/src/plugins/General/udisks/udisksfactory.h svn:eol-style native
  +file_prop: tags/qmmp-0.7.3/qmmp-0.7/src/plugins/General/udisks/udisksmanager.cpp svn:eol-style native
  +file_prop: tags/qmmp-0.7.3/qmmp-0.7/src/plugins/General/udisks/udisksmanager.h svn:eol-style native
  +file_prop: tags/qmmp-0.7.3/qmmp-0.7/src/plugins/General/udisks/udisksplugin.cpp svn:eol-style native
  +file_prop: tags/qmmp-0.7.3/qmmp-0.7/src/plugins/General/udisks/udisksplugin.h svn:eol-style native
  +file_prop: tags/qmmp-0.7.3/qmmp-0.7/src/plugins/Input/aac/CMakeLists.txt svn:eol-style native
  +file_prop: tags/qmmp-0.7.3/qmmp-0.7/src/plugins/Input/aac/aacfile.cpp svn:eol-style native
  +file_prop: tags/qmmp-0.7.3/qmmp-0.7/src/plugins/Input/aac/aacfile.h svn:eol-style native
  +file_prop: tags/qmmp-0.7.3/qmmp-0.7/src/plugins/Input/aac/aacmetadatamodel.cpp svn:eol-style native
  +file_prop: tags/qmmp-0.7.3/qmmp-0.7/src/plugins/Input/aac/aacmetadatamodel.h svn:eol-style native
  +file_prop: tags/qmmp-0.7.3/qmmp-0.7/src/plugins/Input/aac/decoder_aac.cpp svn:eol-style native
  +file_prop: tags/qmmp-0.7.3/qmmp-0.7/src/plugins/Input/aac/decoder_aac.h svn:eol-style native
  +file_prop: tags/qmmp-0.7.3/qmmp-0.7/src/plugins/Input/aac/decoderaacfactory.cpp svn:eol-style native
  +file_prop: tags/qmmp-0.7.3/qmmp-0.7/src/plugins/Input/aac/decoderaacfactory.h svn:eol-style native
  +file_prop: tags/qmmp-0.7.3/qmmp-0.7/src/plugins/Input/cdaudio/CMakeLists.txt svn:eol-style native
  +file_prop: tags/qmmp-0.7.3/qmmp-0.7/src/plugins/Input/cdaudio/decoder_cdaudio.cpp svn:eol-style native
  +file_prop: tags/qmmp-0.7.3/qmmp-0.7/src/plugins/Input/cdaudio/decoder_cdaudio.h svn:eol-style native
  +file_prop: tags/qmmp-0.7.3/qmmp-0.7/src/plugins/Input/cdaudio/decodercdaudiofactory.cpp svn:eol-style native
  +file_prop: tags/qmmp-0.7.3/qmmp-0.7/src/plugins/Input/cdaudio/decodercdaudiofactory.h svn:eol-style native
  +file_prop: tags/qmmp-0.7.3/qmmp-0.7/src/plugins/Input/cdaudio/settingsdialog.cpp svn:eol-style native
  +file_prop: tags/qmmp-0.7.3/qmmp-0.7/src/plugins/Input/cdaudio/settingsdialog.h svn:eol-style native
  +file_prop: tags/qmmp-0.7.3/qmmp-0.7/src/plugins/Input/cue/CMakeLists.txt svn:eol-style native
  +file_prop: tags/qmmp-0.7.3/qmmp-0.7/src/plugins/Input/cue/cuemetadatamodel.cpp svn:eol-style native
  +file_prop: tags/qmmp-0.7.3/qmmp-0.7/src/plugins/Input/cue/cuemetadatamodel.h svn:eol-style native
  +file_prop: tags/qmmp-0.7.3/qmmp-0.7/src/plugins/Input/cue/cueparser.cpp svn:eol-style native
  +file_prop: tags/qmmp-0.7.3/qmmp-0.7/src/plugins/Input/cue/cueparser.h svn:eol-style native
  +file_prop: tags/qmmp-0.7.3/qmmp-0.7/src/plugins/Input/cue/decoder_cue.cpp svn:eol-style native
  +file_prop: tags/qmmp-0.7.3/qmmp-0.7/src/plugins/Input/cue/decoder_cue.h svn:eol-style native
  +file_prop: tags/qmmp-0.7.3/qmmp-0.7/src/plugins/Input/cue/decodercuefactory.cpp svn:eol-style native
  +file_prop: tags/qmmp-0.7.3/qmmp-0.7/src/plugins/Input/cue/decodercuefactory.h svn:eol-style native
  +file_prop: tags/qmmp-0.7.3/qmmp-0.7/src/plugins/Input/cue/settingsdialog.cpp svn:eol-style native
  +file_prop: tags/qmmp-0.7.3/qmmp-0.7/src/plugins/Input/cue/settingsdialog.h svn:eol-style native
  +file_prop: tags/qmmp-0.7.3/qmmp-0.7/src/plugins/Input/ffmpeg/ffmpegmetadatamodel.cpp svn:eol-style native
  +file_prop: tags/qmmp-0.7.3/qmmp-0.7/src/plugins/Input/ffmpeg/ffmpegmetadatamodel.h svn:eol-style native
  +file_prop: tags/qmmp-0.7.3/qmmp-0.7/src/plugins/Input/ffmpeg/settingsdialog.cpp svn:eol-style native
  +file_prop: tags/qmmp-0.7.3/qmmp-0.7/src/plugins/Input/ffmpeg/settingsdialog.h svn:eol-style native
  +file_prop: tags/qmmp-0.7.3/qmmp-0.7/src/plugins/Input/flac/cueparser.cpp svn:eol-style native
  +file_prop: tags/qmmp-0.7.3/qmmp-0.7/src/plugins/Input/flac/cueparser.h svn:eol-style native
  +file_prop: tags/qmmp-0.7.3/qmmp-0.7/src/plugins/Input/flac/flacmetadatamodel.cpp svn:eol-style native
  +file_prop: tags/qmmp-0.7.3/qmmp-0.7/src/plugins/Input/flac/flacmetadatamodel.h svn:eol-style native
  +file_prop: tags/qmmp-0.7.3/qmmp-0.7/src/plugins/Input/flac/replaygainreader.cpp svn:eol-style native
  +file_prop: tags/qmmp-0.7.3/qmmp-0.7/src/plugins/Input/flac/replaygainreader.h svn:eol-style native
  +file_prop: tags/qmmp-0.7.3/qmmp-0.7/src/plugins/Input/gme/CMakeLists.txt svn:eol-style native
  +file_prop: tags/qmmp-0.7.3/qmmp-0.7/src/plugins/Input/gme/decoder_gme.cpp svn:eol-style native
  +file_prop: tags/qmmp-0.7.3/qmmp-0.7/src/plugins/Input/gme/decoder_gme.h svn:eol-style native
  +file_prop: tags/qmmp-0.7.3/qmmp-0.7/src/plugins/Input/gme/decodergmefactory.cpp svn:eol-style native
  +file_prop: tags/qmmp-0.7.3/qmmp-0.7/src/plugins/Input/gme/decodergmefactory.h svn:eol-style native
  +file_prop: tags/qmmp-0.7.3/qmmp-0.7/src/plugins/Input/gme/gmehelper.cpp svn:eol-style native
  +file_prop: tags/qmmp-0.7.3/qmmp-0.7/src/plugins/Input/gme/gmehelper.h svn:eol-style native
  +file_prop: tags/qmmp-0.7.3/qmmp-0.7/src/plugins/Input/mad/mpegmetadatamodel.cpp svn:eol-style native
  +file_prop: tags/qmmp-0.7.3/qmmp-0.7/src/plugins/Input/mad/mpegmetadatamodel.h svn:eol-style native
  +file_prop: tags/qmmp-0.7.3/qmmp-0.7/src/plugins/Input/mad/replaygainreader.cpp svn:eol-style native
  +file_prop: tags/qmmp-0.7.3/qmmp-0.7/src/plugins/Input/mad/replaygainreader.h svn:eol-style native
  +file_prop: tags/qmmp-0.7.3/qmmp-0.7/src/plugins/Input/mad/tagextractor.cpp svn:eol-style native
  +file_prop: tags/qmmp-0.7.3/qmmp-0.7/src/plugins/Input/mad/tagextractor.h svn:eol-style native
  +file_prop: tags/qmmp-0.7.3/qmmp-0.7/src/plugins/Input/modplug/CMakeLists.txt svn:eol-style native
  +file_prop: tags/qmmp-0.7.3/qmmp-0.7/src/plugins/Input/modplug/archivereader.cpp svn:eol-style native
  +file_prop: tags/qmmp-0.7.3/qmmp-0.7/src/plugins/Input/modplug/archivereader.h svn:eol-style native
  +file_prop: tags/qmmp-0.7.3/qmmp-0.7/src/plugins/Input/modplug/decoder_modplug.cpp svn:eol-style native
  +file_prop: tags/qmmp-0.7.3/qmmp-0.7/src/plugins/Input/modplug/decoder_modplug.h svn:eol-style native
  +file_prop: tags/qmmp-0.7.3/qmmp-0.7/src/plugins/Input/modplug/decodermodplugfactory.cpp svn:eol-style native
  +file_prop: tags/qmmp-0.7.3/qmmp-0.7/src/plugins/Input/modplug/decodermodplugfactory.h svn:eol-style native
  +file_prop: tags/qmmp-0.7.3/qmmp-0.7/src/plugins/Input/modplug/modplugmetadatamodel.cpp svn:eol-style native
  +file_prop: tags/qmmp-0.7.3/qmmp-0.7/src/plugins/Input/modplug/modplugmetadatamodel.h svn:eol-style native
  +file_prop: tags/qmmp-0.7.3/qmmp-0.7/src/plugins/Input/modplug/settingsdialog.cpp svn:eol-style native
  +file_prop: tags/qmmp-0.7.3/qmmp-0.7/src/plugins/Input/modplug/settingsdialog.h svn:eol-style native
  +file_prop: tags/qmmp-0.7.3/qmmp-0.7/src/plugins/Input/mpc/mpcmetadatamodel.cpp svn:eol-style native
  +file_prop: tags/qmmp-0.7.3/qmmp-0.7/src/plugins/Input/mpc/mpcmetadatamodel.h svn:eol-style native
  +file_prop: tags/qmmp-0.7.3/qmmp-0.7/src/plugins/Input/vorbis/replaygainreader.cpp svn:eol-style native
  +file_prop: tags/qmmp-0.7.3/qmmp-0.7/src/plugins/Input/vorbis/replaygainreader.h svn:eol-style native
  +file_prop: tags/qmmp-0.7.3/qmmp-0.7/src/plugins/Input/vorbis/vorbismetadatamodel.cpp svn:eol-style native
  +file_prop: tags/qmmp-0.7.3/qmmp-0.7/src/plugins/Input/vorbis/vorbismetadatamodel.h svn:eol-style native
  +file_prop: tags/qmmp-0.7.3/qmmp-0.7/src/plugins/Input/wavpack/CMakeLists.txt svn:eol-style native
  +file_prop: tags/qmmp-0.7.3/qmmp-0.7/src/plugins/Input/wavpack/cueparser.cpp svn:eol-style native
  +file_prop: tags/qmmp-0.7.3/qmmp-0.7/src/plugins/Input/wavpack/cueparser.h svn:eol-style native
  +file_prop: tags/qmmp-0.7.3/qmmp-0.7/src/plugins/Input/wavpack/decoder_wavpack.cpp svn:eol-style native
  +file_prop: tags/qmmp-0.7.3/qmmp-0.7/src/plugins/Input/wavpack/decoder_wavpack.h svn:eol-style native
  +file_prop: tags/qmmp-0.7.3/qmmp-0.7/src/plugins/Input/wavpack/decoderwavpackfactory.cpp svn:eol-style native
  +file_prop: tags/qmmp-0.7.3/qmmp-0.7/src/plugins/Input/wavpack/decoderwavpackfactory.h svn:eol-style native
  +file_prop: tags/qmmp-0.7.3/qmmp-0.7/src/plugins/Input/wavpack/replaygainreader.cpp svn:eol-style native
  +file_prop: tags/qmmp-0.7.3/qmmp-0.7/src/plugins/Input/wavpack/replaygainreader.h svn:eol-style native
  +file_prop: tags/qmmp-0.7.3/qmmp-0.7/src/plugins/Input/wavpack/wavpackmetadatamodel.cpp svn:eol-style native
  +file_prop: tags/qmmp-0.7.3/qmmp-0.7/src/plugins/Input/wavpack/wavpackmetadatamodel.h svn:eol-style native
  +file_prop: tags/qmmp-0.7.3/qmmp-0.7/src/plugins/Input/wildmidi/CMakeLists.txt svn:eol-style native
  +file_prop: tags/qmmp-0.7.3/qmmp-0.7/src/plugins/Input/wildmidi/decoder_wildmidi.cpp svn:eol-style native
  +file_prop: tags/qmmp-0.7.3/qmmp-0.7/src/plugins/Input/wildmidi/decoder_wildmidi.h svn:eol-style native
  +file_prop: tags/qmmp-0.7.3/qmmp-0.7/src/plugins/Input/wildmidi/decoderwildmidifactory.cpp svn:eol-style native
  +file_prop: tags/qmmp-0.7.3/qmmp-0.7/src/plugins/Input/wildmidi/decoderwildmidifactory.h svn:eol-style native
  +file_prop: tags/qmmp-0.7.3/qmmp-0.7/src/plugins/Input/wildmidi/settingsdialog.cpp svn:eol-style native
  +file_prop: tags/qmmp-0.7.3/qmmp-0.7/src/plugins/Input/wildmidi/settingsdialog.h svn:eol-style native
  +file_prop: tags/qmmp-0.7.3/qmmp-0.7/src/plugins/Input/wildmidi/wildmidihelper.cpp svn:eol-style native
  +file_prop: tags/qmmp-0.7.3/qmmp-0.7/src/plugins/Input/wildmidi/wildmidihelper.h svn:eol-style native
  +file_prop: tags/qmmp-0.7.3/qmmp-0.7/src/plugins/Output/null/CMakeLists.txt svn:eol-style native
  +file_prop: tags/qmmp-0.7.3/qmmp-0.7/src/plugins/Output/null/outputnull.cpp svn:eol-style native
  +file_prop: tags/qmmp-0.7.3/qmmp-0.7/src/plugins/Output/null/outputnull.h svn:eol-style native
  +file_prop: tags/qmmp-0.7.3/qmmp-0.7/src/plugins/Output/null/outputnullfactory.cpp svn:eol-style native
  +file_prop: tags/qmmp-0.7.3/qmmp-0.7/src/plugins/Output/null/outputnullfactory.h svn:eol-style native
  +file_prop: tags/qmmp-0.7.3/qmmp-0.7/src/plugins/Output/oss4/CMakeLists.txt svn:eol-style native
  +file_prop: tags/qmmp-0.7.3/qmmp-0.7/src/plugins/Output/oss4/outputoss4.cpp svn:eol-style native
  +file_prop: tags/qmmp-0.7.3/qmmp-0.7/src/plugins/Output/oss4/outputoss4.h svn:eol-style native
  +file_prop: tags/qmmp-0.7.3/qmmp-0.7/src/plugins/Output/oss4/outputoss4factory.cpp svn:eol-style native
  +file_prop: tags/qmmp-0.7.3/qmmp-0.7/src/plugins/Output/oss4/outputoss4factory.h svn:eol-style native
  +file_prop: tags/qmmp-0.7.3/qmmp-0.7/src/plugins/Output/oss4/settingsdialog.cpp svn:eol-style native
  +file_prop: tags/qmmp-0.7.3/qmmp-0.7/src/plugins/Output/oss4/settingsdialog.h svn:eol-style native
  +file_prop: tags/qmmp-0.7.3/qmmp-0.7/src/plugins/Output/pulseaudio/CMakeLists.txt svn:eol-style native
  +file_prop: tags/qmmp-0.7.3/qmmp-0.7/src/plugins/Output/pulseaudio/outputpulseaudio.cpp svn:eol-style native
  +file_prop: tags/qmmp-0.7.3/qmmp-0.7/src/plugins/Output/pulseaudio/outputpulseaudio.h svn:eol-style native
  +file_prop: tags/qmmp-0.7.3/qmmp-0.7/src/plugins/Output/pulseaudio/outputpulseaudiofactory.cpp svn:eol-style native
  +file_prop: tags/qmmp-0.7.3/qmmp-0.7/src/plugins/Output/pulseaudio/outputpulseaudiofactory.h svn:eol-style native
  +file_prop: tags/qmmp-0.7.3/qmmp-0.7/src/plugins/Output/waveout/CMakeLists.txt svn:eol-style native
  +file_prop: tags/qmmp-0.7.3/qmmp-0.7/src/plugins/PlayListFormats/CMakeLists.txt svn:eol-style native
  +file_prop: tags/qmmp-0.7.3/qmmp-0.7/src/plugins/PlayListFormats/m3u/CMakeLists.txt svn:eol-style native
  +file_prop: tags/qmmp-0.7.3/qmmp-0.7/src/plugins/PlayListFormats/m3u/m3uplaylistformat.cpp svn:eol-style native
  +file_prop: tags/qmmp-0.7.3/qmmp-0.7/src/plugins/PlayListFormats/m3u/m3uplaylistformat.h svn:eol-style native
  +file_prop: tags/qmmp-0.7.3/qmmp-0.7/src/plugins/PlayListFormats/pls/CMakeLists.txt svn:eol-style native
  +file_prop: tags/qmmp-0.7.3/qmmp-0.7/src/plugins/PlayListFormats/pls/plsplaylistformat.cpp svn:eol-style native
  +file_prop: tags/qmmp-0.7.3/qmmp-0.7/src/plugins/PlayListFormats/pls/plsplaylistformat.h svn:eol-style native
  +file_prop: tags/qmmp-0.7.3/qmmp-0.7/src/plugins/PlayListFormats/xspf/CMakeLists.txt svn:eol-style native
  +file_prop: tags/qmmp-0.7.3/qmmp-0.7/src/plugins/PlayListFormats/xspf/xspfplaylistformat.cpp svn:eol-style native
  +file_prop: tags/qmmp-0.7.3/qmmp-0.7/src/plugins/PlayListFormats/xspf/xspfplaylistformat.h svn:eol-style native
  +file_prop: tags/qmmp-0.7.3/qmmp-0.7/src/plugins/Transports/CMakeLists.txt svn:eol-style native
  +file_prop: tags/qmmp-0.7.3/qmmp-0.7/src/plugins/Transports/http/CMakeLists.txt svn:eol-style native
  +file_prop: tags/qmmp-0.7.3/qmmp-0.7/src/plugins/Transports/http/httpinputfactory.cpp svn:eol-style native
  +file_prop: tags/qmmp-0.7.3/qmmp-0.7/src/plugins/Transports/http/httpinputfactory.h svn:eol-style native
  +file_prop: tags/qmmp-0.7.3/qmmp-0.7/src/plugins/Transports/http/httpinputsource.cpp svn:eol-style native
  +file_prop: tags/qmmp-0.7.3/qmmp-0.7/src/plugins/Transports/http/httpinputsource.h svn:eol-style native
  +file_prop: tags/qmmp-0.7.3/qmmp-0.7/src/plugins/Transports/http/httpstreamreader.cpp svn:eol-style native
  +file_prop: tags/qmmp-0.7.3/qmmp-0.7/src/plugins/Transports/http/httpstreamreader.h svn:eol-style native
  +file_prop: tags/qmmp-0.7.3/qmmp-0.7/src/plugins/Transports/http/settingsdialog.cpp svn:eol-style native
  +file_prop: tags/qmmp-0.7.3/qmmp-0.7/src/plugins/Transports/http/settingsdialog.h svn:eol-style native
  +file_prop: tags/qmmp-0.7.3/qmmp-0.7/src/plugins/Transports/mms/CMakeLists.txt svn:eol-style native
  +file_prop: tags/qmmp-0.7.3/qmmp-0.7/src/plugins/Transports/mms/mmsinputfactory.cpp svn:eol-style native
  +file_prop: tags/qmmp-0.7.3/qmmp-0.7/src/plugins/Transports/mms/mmsinputfactory.h svn:eol-style native
  +file_prop: tags/qmmp-0.7.3/qmmp-0.7/src/plugins/Transports/mms/mmsinputsource.cpp svn:eol-style native
  +file_prop: tags/qmmp-0.7.3/qmmp-0.7/src/plugins/Transports/mms/mmsinputsource.h svn:eol-style native
  +file_prop: tags/qmmp-0.7.3/qmmp-0.7/src/plugins/Transports/mms/mmsstreamreader.cpp svn:eol-style native
  +file_prop: tags/qmmp-0.7.3/qmmp-0.7/src/plugins/Transports/mms/mmsstreamreader.h svn:eol-style native
  +file_prop: tags/qmmp-0.7.3/qmmp-0.7/src/plugins/Transports/mms/settingsdialog.cpp svn:eol-style native
  +file_prop: tags/qmmp-0.7.3/qmmp-0.7/src/plugins/Transports/mms/settingsdialog.h svn:eol-style native
  +file_prop: tags/qmmp-0.7.3/qmmp-0.7/src/plugins/Ui/CMakeLists.txt svn:eol-style native
  +file_prop: tags/qmmp-0.7.3/qmmp-0.7/src/plugins/Ui/skinned/CMakeLists.txt svn:eol-style native
  +file_prop: tags/qmmp-0.7.3/qmmp-0.7/src/plugins/Ui/skinned/actionmanager.cpp svn:eol-style native
  +file_prop: tags/qmmp-0.7.3/qmmp-0.7/src/plugins/Ui/skinned/actionmanager.h svn:eol-style native
  +file_prop: tags/qmmp-0.7.3/qmmp-0.7/src/plugins/Ui/skinned/balancebar.cpp svn:eol-style native
  +file_prop: tags/qmmp-0.7.3/qmmp-0.7/src/plugins/Ui/skinned/balancebar.h svn:eol-style native
  +file_prop: tags/qmmp-0.7.3/qmmp-0.7/src/plugins/Ui/skinned/button.cpp svn:eol-style native
  +file_prop: tags/qmmp-0.7.3/qmmp-0.7/src/plugins/Ui/skinned/button.h svn:eol-style native
  +file_prop: tags/qmmp-0.7.3/qmmp-0.7/src/plugins/Ui/skinned/cursorimage.cpp svn:eol-style native
  +file_prop: tags/qmmp-0.7.3/qmmp-0.7/src/plugins/Ui/skinned/cursorimage.h svn:eol-style native
  +file_prop: tags/qmmp-0.7.3/qmmp-0.7/src/plugins/Ui/skinned/default/balance.png svn:mime-type image/png
  +file_prop: tags/qmmp-0.7.3/qmmp-0.7/src/plugins/Ui/skinned/default/cbuttons.png svn:mime-type image/png
  +file_prop: tags/qmmp-0.7.3/qmmp-0.7/src/plugins/Ui/skinned/default/eq_ex.png svn:mime-type image/png
  +file_prop: tags/qmmp-0.7.3/qmmp-0.7/src/plugins/Ui/skinned/default/eqmain.png svn:mime-type image/png
  +file_prop: tags/qmmp-0.7.3/qmmp-0.7/src/plugins/Ui/skinned/default/main.png svn:mime-type image/png
  +file_prop: tags/qmmp-0.7.3/qmmp-0.7/src/plugins/Ui/skinned/default/monoster.png svn:mime-type image/png
  +file_prop: tags/qmmp-0.7.3/qmmp-0.7/src/plugins/Ui/skinned/default/numbers.png svn:mime-type image/png
  +file_prop: tags/qmmp-0.7.3/qmmp-0.7/src/plugins/Ui/skinned/default/playpaus.png svn:mime-type image/png
  +file_prop: tags/qmmp-0.7.3/qmmp-0.7/src/plugins/Ui/skinned/default/pledit.png svn:mime-type image/png
  +file_prop: tags/qmmp-0.7.3/qmmp-0.7/src/plugins/Ui/skinned/default/pledit.txt svn:eol-style native
  +file_prop: tags/qmmp-0.7.3/qmmp-0.7/src/plugins/Ui/skinned/default/posbar.png svn:mime-type image/png
  +file_prop: tags/qmmp-0.7.3/qmmp-0.7/src/plugins/Ui/skinned/default/readme.txt svn:eol-style native
  +file_prop: tags/qmmp-0.7.3/qmmp-0.7/src/plugins/Ui/skinned/default/shufrep.png svn:mime-type image/png
  +file_prop: tags/qmmp-0.7.3/qmmp-0.7/src/plugins/Ui/skinned/default/text.png svn:mime-type image/png
  +file_prop: tags/qmmp-0.7.3/qmmp-0.7/src/plugins/Ui/skinned/default/titlebar.png svn:mime-type image/png
  +file_prop: tags/qmmp-0.7.3/qmmp-0.7/src/plugins/Ui/skinned/default/viscolor.txt svn:eol-style native
  +file_prop: tags/qmmp-0.7.3/qmmp-0.7/src/plugins/Ui/skinned/default/volume.png svn:mime-type image/png
  +file_prop: tags/qmmp-0.7.3/qmmp-0.7/src/plugins/Ui/skinned/display.cpp svn:eol-style native
  +file_prop: tags/qmmp-0.7.3/qmmp-0.7/src/plugins/Ui/skinned/display.h svn:eol-style native
  +file_prop: tags/qmmp-0.7.3/qmmp-0.7/src/plugins/Ui/skinned/dock.cpp svn:eol-style native
  +file_prop: tags/qmmp-0.7.3/qmmp-0.7/src/plugins/Ui/skinned/dock.h svn:eol-style native
  +file_prop: tags/qmmp-0.7.3/qmmp-0.7/src/plugins/Ui/skinned/eqgraph.cpp svn:eol-style native
  +file_prop: tags/qmmp-0.7.3/qmmp-0.7/src/plugins/Ui/skinned/eqgraph.h svn:eol-style native
  +file_prop: tags/qmmp-0.7.3/qmmp-0.7/src/plugins/Ui/skinned/eqpreset.cpp svn:eol-style native
  +file_prop: tags/qmmp-0.7.3/qmmp-0.7/src/plugins/Ui/skinned/eqpreset.h svn:eol-style native
  +file_prop: tags/qmmp-0.7.3/qmmp-0.7/src/plugins/Ui/skinned/eqslider.cpp svn:eol-style native
  +file_prop: tags/qmmp-0.7.3/qmmp-0.7/src/plugins/Ui/skinned/eqslider.h svn:eol-style native
  +file_prop: tags/qmmp-0.7.3/qmmp-0.7/src/plugins/Ui/skinned/eqtitlebar.cpp svn:eol-style native
  +file_prop: tags/qmmp-0.7.3/qmmp-0.7/src/plugins/Ui/skinned/eqtitlebar.h svn:eol-style native
  +file_prop: tags/qmmp-0.7.3/qmmp-0.7/src/plugins/Ui/skinned/eqwidget.cpp svn:eol-style native
  +file_prop: tags/qmmp-0.7.3/qmmp-0.7/src/plugins/Ui/skinned/eqwidget.h svn:eol-style native
  +file_prop: tags/qmmp-0.7.3/qmmp-0.7/src/plugins/Ui/skinned/fft.c svn:eol-style native
  +file_prop: tags/qmmp-0.7.3/qmmp-0.7/src/plugins/Ui/skinned/fft.h svn:eol-style native
  +file_prop: tags/qmmp-0.7.3/qmmp-0.7/src/plugins/Ui/skinned/hotkeyeditor.cpp svn:eol-style native
  +file_prop: tags/qmmp-0.7.3/qmmp-0.7/src/plugins/Ui/skinned/hotkeyeditor.h svn:eol-style native
  +file_prop: tags/qmmp-0.7.3/qmmp-0.7/src/plugins/Ui/skinned/inlines.h svn:eol-style native
  +file_prop: tags/qmmp-0.7.3/qmmp-0.7/src/plugins/Ui/skinned/keyboardmanager.cpp svn:eol-style native
  +file_prop: tags/qmmp-0.7.3/qmmp-0.7/src/plugins/Ui/skinned/keyboardmanager.h svn:eol-style native
  +file_prop: tags/qmmp-0.7.3/qmmp-0.7/src/plugins/Ui/skinned/listwidget.cpp svn:eol-style native
  +file_prop: tags/qmmp-0.7.3/qmmp-0.7/src/plugins/Ui/skinned/listwidget.h svn:eol-style native
  +file_prop: tags/qmmp-0.7.3/qmmp-0.7/src/plugins/Ui/skinned/mainvisual.cpp svn:eol-style native
  +file_prop: tags/qmmp-0.7.3/qmmp-0.7/src/plugins/Ui/skinned/mainvisual.h svn:eol-style native
  +file_prop: tags/qmmp-0.7.3/qmmp-0.7/src/plugins/Ui/skinned/mainwindow.cpp svn:eol-style native
  +file_prop: tags/qmmp-0.7.3/qmmp-0.7/src/plugins/Ui/skinned/mainwindow.h svn:eol-style native
  +file_prop: tags/qmmp-0.7.3/qmmp-0.7/src/plugins/Ui/skinned/monostereo.cpp svn:eol-style native
  +file_prop: tags/qmmp-0.7.3/qmmp-0.7/src/plugins/Ui/skinned/monostereo.h svn:eol-style native
  +file_prop: tags/qmmp-0.7.3/qmmp-0.7/src/plugins/Ui/skinned/number.cpp svn:eol-style native
  +file_prop: tags/qmmp-0.7.3/qmmp-0.7/src/plugins/Ui/skinned/number.h svn:eol-style native
  +file_prop: tags/qmmp-0.7.3/qmmp-0.7/src/plugins/Ui/skinned/pixmapwidget.cpp svn:eol-style native
  +file_prop: tags/qmmp-0.7.3/qmmp-0.7/src/plugins/Ui/skinned/pixmapwidget.h svn:eol-style native
  +file_prop: tags/qmmp-0.7.3/qmmp-0.7/src/plugins/Ui/skinned/playlist.cpp svn:eol-style native
  +file_prop: tags/qmmp-0.7.3/qmmp-0.7/src/plugins/Ui/skinned/playlist.h svn:eol-style native
  +file_prop: tags/qmmp-0.7.3/qmmp-0.7/src/plugins/Ui/skinned/playlistbrowser.cpp svn:eol-style native
  +file_prop: tags/qmmp-0.7.3/qmmp-0.7/src/plugins/Ui/skinned/playlistbrowser.h svn:eol-style native
  +file_prop: tags/qmmp-0.7.3/qmmp-0.7/src/plugins/Ui/skinned/playlistcontrol.cpp svn:eol-style native
  +file_prop: tags/qmmp-0.7.3/qmmp-0.7/src/plugins/Ui/skinned/playlistcontrol.h svn:eol-style native
  +file_prop: tags/qmmp-0.7.3/qmmp-0.7/src/plugins/Ui/skinned/playlistselector.cpp svn:eol-style native
  +file_prop: tags/qmmp-0.7.3/qmmp-0.7/src/plugins/Ui/skinned/playlistselector.h svn:eol-style native
  +file_prop: tags/qmmp-0.7.3/qmmp-0.7/src/plugins/Ui/skinned/playlistslider.cpp svn:eol-style native
  +file_prop: tags/qmmp-0.7.3/qmmp-0.7/src/plugins/Ui/skinned/playlistslider.h svn:eol-style native
  +file_prop: tags/qmmp-0.7.3/qmmp-0.7/src/plugins/Ui/skinned/playlisttitlebar.cpp svn:eol-style native
  +file_prop: tags/qmmp-0.7.3/qmmp-0.7/src/plugins/Ui/skinned/playlisttitlebar.h svn:eol-style native
  +file_prop: tags/qmmp-0.7.3/qmmp-0.7/src/plugins/Ui/skinned/playstatus.cpp svn:eol-style native
  +file_prop: tags/qmmp-0.7.3/qmmp-0.7/src/plugins/Ui/skinned/playstatus.h svn:eol-style native
  +file_prop: tags/qmmp-0.7.3/qmmp-0.7/src/plugins/Ui/skinned/popupsettings.cpp svn:eol-style native
  +file_prop: tags/qmmp-0.7.3/qmmp-0.7/src/plugins/Ui/skinned/popupsettings.h svn:eol-style native
  +file_prop: tags/qmmp-0.7.3/qmmp-0.7/src/plugins/Ui/skinned/popupwidget.cpp svn:eol-style native
  +file_prop: tags/qmmp-0.7.3/qmmp-0.7/src/plugins/Ui/skinned/popupwidget.h svn:eol-style native
  +file_prop: tags/qmmp-0.7.3/qmmp-0.7/src/plugins/Ui/skinned/positionbar.cpp svn:eol-style native
  +file_prop: tags/qmmp-0.7.3/qmmp-0.7/src/plugins/Ui/skinned/positionbar.h svn:eol-style native
  +file_prop: tags/qmmp-0.7.3/qmmp-0.7/src/plugins/Ui/skinned/preseteditor.cpp svn:eol-style native
  +file_prop: tags/qmmp-0.7.3/qmmp-0.7/src/plugins/Ui/skinned/preseteditor.h svn:eol-style native
  +file_prop: tags/qmmp-0.7.3/qmmp-0.7/src/plugins/Ui/skinned/resources/interface.png svn:mime-type image/png
  +file_prop: tags/qmmp-0.7.3/qmmp-0.7/src/plugins/Ui/skinned/resources/shortcuts.png svn:mime-type image/png
  +file_prop: tags/qmmp-0.7.3/qmmp-0.7/src/plugins/Ui/skinned/resources/ui_no_cover.png svn:mime-type image/png
  +file_prop: tags/qmmp-0.7.3/qmmp-0.7/src/plugins/Ui/skinned/shadedbar.cpp svn:eol-style native
  +file_prop: tags/qmmp-0.7.3/qmmp-0.7/src/plugins/Ui/skinned/shadedbar.h svn:eol-style native
  +file_prop: tags/qmmp-0.7.3/qmmp-0.7/src/plugins/Ui/skinned/shadedvisual.cpp svn:eol-style native
  +file_prop: tags/qmmp-0.7.3/qmmp-0.7/src/plugins/Ui/skinned/shadedvisual.h svn:eol-style native
  +file_prop: tags/qmmp-0.7.3/qmmp-0.7/src/plugins/Ui/skinned/shortcutdialog.cpp svn:eol-style native
  +file_prop: tags/qmmp-0.7.3/qmmp-0.7/src/plugins/Ui/skinned/shortcutdialog.h svn:eol-style native
  +file_prop: tags/qmmp-0.7.3/qmmp-0.7/src/plugins/Ui/skinned/shortcutitem.cpp svn:eol-style native
  +file_prop: tags/qmmp-0.7.3/qmmp-0.7/src/plugins/Ui/skinned/shortcutitem.h svn:eol-style native
  +file_prop: tags/qmmp-0.7.3/qmmp-0.7/src/plugins/Ui/skinned/skin.cpp svn:eol-style native
  +file_prop: tags/qmmp-0.7.3/qmmp-0.7/src/plugins/Ui/skinned/skin.h svn:eol-style native
  +file_prop: tags/qmmp-0.7.3/qmmp-0.7/src/plugins/Ui/skinned/skinnedfactory.cpp svn:eol-style native
  +file_prop: tags/qmmp-0.7.3/qmmp-0.7/src/plugins/Ui/skinned/skinnedfactory.h svn:eol-style native
  +file_prop: tags/qmmp-0.7.3/qmmp-0.7/src/plugins/Ui/skinned/skinnedsettings.cpp svn:eol-style native
  +file_prop: tags/qmmp-0.7.3/qmmp-0.7/src/plugins/Ui/skinned/skinnedsettings.h svn:eol-style native
  +file_prop: tags/qmmp-0.7.3/qmmp-0.7/src/plugins/Ui/skinned/skinreader.cpp svn:eol-style native
  +file_prop: tags/qmmp-0.7.3/qmmp-0.7/src/plugins/Ui/skinned/skinreader.h svn:eol-style native
  +file_prop: tags/qmmp-0.7.3/qmmp-0.7/src/plugins/Ui/skinned/symboldisplay.cpp svn:eol-style native
  +file_prop: tags/qmmp-0.7.3/qmmp-0.7/src/plugins/Ui/skinned/symboldisplay.h svn:eol-style native
  +file_prop: tags/qmmp-0.7.3/qmmp-0.7/src/plugins/Ui/skinned/textscroller.cpp svn:eol-style native
  +file_prop: tags/qmmp-0.7.3/qmmp-0.7/src/plugins/Ui/skinned/textscroller.h svn:eol-style native
  +file_prop: tags/qmmp-0.7.3/qmmp-0.7/src/plugins/Ui/skinned/timeindicator.cpp svn:eol-style native
  +file_prop: tags/qmmp-0.7.3/qmmp-0.7/src/plugins/Ui/skinned/timeindicator.h svn:eol-style native
  +file_prop: tags/qmmp-0.7.3/qmmp-0.7/src/plugins/Ui/skinned/titlebar.cpp svn:eol-style native
  +file_prop: tags/qmmp-0.7.3/qmmp-0.7/src/plugins/Ui/skinned/titlebar.h svn:eol-style native
  +file_prop: tags/qmmp-0.7.3/qmmp-0.7/src/plugins/Ui/skinned/titlebarcontrol.cpp svn:eol-style native
  +file_prop: tags/qmmp-0.7.3/qmmp-0.7/src/plugins/Ui/skinned/titlebarcontrol.h svn:eol-style native
  +file_prop: tags/qmmp-0.7.3/qmmp-0.7/src/plugins/Ui/skinned/togglebutton.cpp svn:eol-style native
  +file_prop: tags/qmmp-0.7.3/qmmp-0.7/src/plugins/Ui/skinned/togglebutton.h svn:eol-style native
  +file_prop: tags/qmmp-0.7.3/qmmp-0.7/src/plugins/Ui/skinned/visualmenu.cpp svn:eol-style native
  +file_prop: tags/qmmp-0.7.3/qmmp-0.7/src/plugins/Ui/skinned/visualmenu.h svn:eol-style native
  +file_prop: tags/qmmp-0.7.3/qmmp-0.7/src/plugins/Ui/skinned/volumebar.cpp svn:eol-style native
  +file_prop: tags/qmmp-0.7.3/qmmp-0.7/src/plugins/Ui/skinned/volumebar.h svn:eol-style native
  +file_prop: tags/qmmp-0.7.3/qmmp-0.7/src/plugins/Ui/skinned/windowsystem.cpp svn:eol-style native
  +file_prop: tags/qmmp-0.7.3/qmmp-0.7/src/plugins/Ui/skinned/windowsystem.h svn:eol-style native
  +file_prop: tags/qmmp-0.7.3/qmmp-0.7/src/plugins/Visual/projectm/CMakeLists.txt svn:eol-style native
  +file_prop: tags/qmmp-0.7.3/qmmp-0.7/src/plugins/Visual/projectm/projectmplugin.cpp svn:eol-style native
  +file_prop: tags/qmmp-0.7.3/qmmp-0.7/src/plugins/Visual/projectm/projectmplugin.h svn:eol-style native
  +file_prop: tags/qmmp-0.7.3/qmmp-0.7/src/plugins/Visual/projectm/projectmwidget.cpp svn:eol-style native
  +file_prop: tags/qmmp-0.7.3/qmmp-0.7/src/plugins/Visual/projectm/projectmwidget.h svn:eol-style native
  +file_prop: tags/qmmp-0.7.3/qmmp-0.7/src/plugins/Visual/projectm/visualprojectmfactory.cpp svn:eol-style native
  +file_prop: tags/qmmp-0.7.3/qmmp-0.7/src/plugins/Visual/projectm/visualprojectmfactory.h svn:eol-style native
  +file_prop: tags/qmmp-0.7.3/qmmp-0.7/src/qmmp/abstractengine.cpp svn:eol-style native
  +file_prop: tags/qmmp-0.7.3/qmmp-0.7/src/qmmp/abstractengine.h svn:eol-style native
  +file_prop: tags/qmmp-0.7.3/qmmp-0.7/src/qmmp/audioconverter.cpp svn:eol-style native
  +file_prop: tags/qmmp-0.7.3/qmmp-0.7/src/qmmp/audioconverter_p.h svn:eol-style native
  +file_prop: tags/qmmp-0.7.3/qmmp-0.7/src/qmmp/audioparameters.cpp svn:eol-style native
  +file_prop: tags/qmmp-0.7.3/qmmp-0.7/src/qmmp/audioparameters.h svn:eol-style native
  +file_prop: tags/qmmp-0.7.3/qmmp-0.7/src/qmmp/emptyinputsource.cpp svn:eol-style native
  +file_prop: tags/qmmp-0.7.3/qmmp-0.7/src/qmmp/emptyinputsource_p.h svn:eol-style native
  +file_prop: tags/qmmp-0.7.3/qmmp-0.7/src/qmmp/enginefactory.h svn:eol-style native
  +file_prop: tags/qmmp-0.7.3/qmmp-0.7/src/qmmp/eqsettings.cpp svn:eol-style native
  +file_prop: tags/qmmp-0.7.3/qmmp-0.7/src/qmmp/eqsettings.h svn:eol-style native
  +file_prop: tags/qmmp-0.7.3/qmmp-0.7/src/qmmp/fileinfo.cpp svn:eol-style native
  +file_prop: tags/qmmp-0.7.3/qmmp-0.7/src/qmmp/fileinfo.h svn:eol-style native
  +file_prop: tags/qmmp-0.7.3/qmmp-0.7/src/qmmp/fileinputsource.cpp svn:eol-style native
  +file_prop: tags/qmmp-0.7.3/qmmp-0.7/src/qmmp/fileinputsource_p.h svn:eol-style native
  +file_prop: tags/qmmp-0.7.3/qmmp-0.7/src/qmmp/inputsource.cpp svn:eol-style native
  +file_prop: tags/qmmp-0.7.3/qmmp-0.7/src/qmmp/inputsource.h svn:eol-style native
  +file_prop: tags/qmmp-0.7.3/qmmp-0.7/src/qmmp/inputsourcefactory.h svn:eol-style native
  +file_prop: tags/qmmp-0.7.3/qmmp-0.7/src/qmmp/metadatamanager.cpp svn:eol-style native
  +file_prop: tags/qmmp-0.7.3/qmmp-0.7/src/qmmp/metadatamanager.h svn:eol-style native
  +file_prop: tags/qmmp-0.7.3/qmmp-0.7/src/qmmp/metadatamodel.cpp svn:eol-style native
  +file_prop: tags/qmmp-0.7.3/qmmp-0.7/src/qmmp/metadatamodel.h svn:eol-style native
  +file_prop: tags/qmmp-0.7.3/qmmp-0.7/src/qmmp/outputwriter.cpp svn:eol-style native
  +file_prop: tags/qmmp-0.7.3/qmmp-0.7/src/qmmp/outputwriter_p.h svn:eol-style native
  +file_prop: tags/qmmp-0.7.3/qmmp-0.7/src/qmmp/qmmp.cpp svn:eol-style native
  +file_prop: tags/qmmp-0.7.3/qmmp-0.7/src/qmmp/qmmp.h svn:eol-style native
  +file_prop: tags/qmmp-0.7.3/qmmp-0.7/src/qmmp/qmmpaudioengine.cpp svn:eol-style native
  +file_prop: tags/qmmp-0.7.3/qmmp-0.7/src/qmmp/qmmpaudioengine_p.h svn:eol-style native
  +file_prop: tags/qmmp-0.7.3/qmmp-0.7/src/qmmp/qmmpevents.cpp svn:eol-style native
  +file_prop: tags/qmmp-0.7.3/qmmp-0.7/src/qmmp/qmmpevents_p.h svn:eol-style native
  +file_prop: tags/qmmp-0.7.3/qmmp-0.7/src/qmmp/qmmpsettings.cpp svn:eol-style native
  +file_prop: tags/qmmp-0.7.3/qmmp-0.7/src/qmmp/qmmpsettings.h svn:eol-style native
  +file_prop: tags/qmmp-0.7.3/qmmp-0.7/src/qmmp/replaygain.cpp svn:eol-style native
  +file_prop: tags/qmmp-0.7.3/qmmp-0.7/src/qmmp/replaygain_p.h svn:eol-style native
  +file_prop: tags/qmmp-0.7.3/qmmp-0.7/src/qmmp/statehandler.cpp svn:eol-style native
  +file_prop: tags/qmmp-0.7.3/qmmp-0.7/src/qmmp/statehandler.h svn:eol-style native
  +file_prop: tags/qmmp-0.7.3/qmmp-0.7/src/qmmp/svn_revision.sh svn:eol-style native
  +file_prop: tags/qmmp-0.7.3/qmmp-0.7/src/qmmp/tagmodel.cpp svn:eol-style native
  +file_prop: tags/qmmp-0.7.3/qmmp-0.7/src/qmmp/tagmodel.h svn:eol-style native
  +file_prop: tags/qmmp-0.7.3/qmmp-0.7/src/qmmp/volume.h svn:eol-style native
  +file_prop: tags/qmmp-0.7.3/qmmp-0.7/src/qmmp/volumecontrol.cpp svn:eol-style native
  +file_prop: tags/qmmp-0.7.3/qmmp-0.7/src/qmmp/volumecontrol_p.h svn:eol-style native
  +file_prop: tags/qmmp-0.7.3/qmmp-0.7/src/qmmpui/CMakeLists.txt svn:eol-style native
  +file_prop: tags/qmmp-0.7.3/qmmp-0.7/src/qmmpui/aboutdialog.cpp svn:eol-style native
  +file_prop: tags/qmmp-0.7.3/qmmp-0.7/src/qmmpui/aboutdialog_p.h svn:eol-style native
  +file_prop: tags/qmmp-0.7.3/qmmp-0.7/src/qmmpui/addurldialog.cpp svn:eol-style native
  +file_prop: tags/qmmp-0.7.3/qmmp-0.7/src/qmmpui/addurldialog_p.h svn:eol-style native
  +file_prop: tags/qmmp-0.7.3/qmmp-0.7/src/qmmpui/commandlinemanager.cpp svn:eol-style native
  +file_prop: tags/qmmp-0.7.3/qmmp-0.7/src/qmmpui/commandlinemanager.h svn:eol-style native
  +file_prop: tags/qmmp-0.7.3/qmmp-0.7/src/qmmpui/commandlineoption.h svn:eol-style native
  +file_prop: tags/qmmp-0.7.3/qmmp-0.7/src/qmmpui/configdialog.cpp svn:eol-style native
  +file_prop: tags/qmmp-0.7.3/qmmp-0.7/src/qmmpui/configdialog.h svn:eol-style native
  +file_prop: tags/qmmp-0.7.3/qmmp-0.7/src/qmmpui/detailsdialog.cpp svn:eol-style native
  +file_prop: tags/qmmp-0.7.3/qmmp-0.7/src/qmmpui/detailsdialog.h svn:eol-style native
  +file_prop: tags/qmmp-0.7.3/qmmp-0.7/src/qmmpui/filedialog.cpp svn:eol-style native
  +file_prop: tags/qmmp-0.7.3/qmmp-0.7/src/qmmpui/filedialog.h svn:eol-style native
  +file_prop: tags/qmmp-0.7.3/qmmp-0.7/src/qmmpui/filedialogfactory.h svn:eol-style native
  +file_prop: tags/qmmp-0.7.3/qmmp-0.7/src/qmmpui/fileloader.cpp svn:eol-style native
  +file_prop: tags/qmmp-0.7.3/qmmp-0.7/src/qmmpui/fileloader_p.h svn:eol-style native
  +file_prop: tags/qmmp-0.7.3/qmmp-0.7/src/qmmpui/images/advanced.png svn:mime-type image/png
  +file_prop: tags/qmmp-0.7.3/qmmp-0.7/src/qmmpui/images/logo-qmmp.png svn:mime-type image/png
  +file_prop: tags/qmmp-0.7.3/qmmp-0.7/src/qmmpui/images/network.png svn:mime-type image/png
  +file_prop: tags/qmmp-0.7.3/qmmp-0.7/src/qmmpui/images/playlist.png svn:mime-type image/png
  +file_prop: tags/qmmp-0.7.3/qmmp-0.7/src/qmmpui/images/plugins.png svn:mime-type image/png
  +file_prop: tags/qmmp-0.7.3/qmmp-0.7/src/qmmpui/images/replaygain.png svn:mime-type image/png
  +file_prop: tags/qmmp-0.7.3/qmmp-0.7/src/qmmpui/jumptotrackdialog.cpp svn:eol-style native
  +file_prop: tags/qmmp-0.7.3/qmmp-0.7/src/qmmpui/jumptotrackdialog_p.h svn:eol-style native
  +file_prop: tags/qmmp-0.7.3/qmmp-0.7/src/qmmpui/mediaplayer.cpp svn:eol-style native
  +file_prop: tags/qmmp-0.7.3/qmmp-0.7/src/qmmpui/mediaplayer.h svn:eol-style native
  +file_prop: tags/qmmp-0.7.3/qmmp-0.7/src/qmmpui/metadataformatter.cpp svn:eol-style native
  +file_prop: tags/qmmp-0.7.3/qmmp-0.7/src/qmmpui/metadataformatter.h svn:eol-style native
  +file_prop: tags/qmmp-0.7.3/qmmp-0.7/src/qmmpui/playlistdownloader.cpp svn:eol-style native
  +file_prop: tags/qmmp-0.7.3/qmmp-0.7/src/qmmpui/playlistdownloader.h svn:eol-style native
  +file_prop: tags/qmmp-0.7.3/qmmp-0.7/src/qmmpui/playlistformat.h svn:eol-style native
  +file_prop: tags/qmmp-0.7.3/qmmp-0.7/src/qmmpui/playlistitem.cpp svn:eol-style native
  +file_prop: tags/qmmp-0.7.3/qmmp-0.7/src/qmmpui/playlistitem.h svn:eol-style native
  +file_prop: tags/qmmp-0.7.3/qmmp-0.7/src/qmmpui/playlistmanager.cpp svn:eol-style native
  +file_prop: tags/qmmp-0.7.3/qmmp-0.7/src/qmmpui/playlistmanager.h svn:eol-style native
  +file_prop: tags/qmmp-0.7.3/qmmp-0.7/src/qmmpui/playlistmodel.cpp svn:eol-style native
  +file_prop: tags/qmmp-0.7.3/qmmp-0.7/src/qmmpui/playlistmodel.h svn:eol-style native
  +file_prop: tags/qmmp-0.7.3/qmmp-0.7/src/qmmpui/playlistparser.cpp svn:eol-style native
  +file_prop: tags/qmmp-0.7.3/qmmp-0.7/src/qmmpui/playlistparser.h svn:eol-style native
  +file_prop: tags/qmmp-0.7.3/qmmp-0.7/src/qmmpui/playstate.cpp svn:eol-style native
  +file_prop: tags/qmmp-0.7.3/qmmp-0.7/src/qmmpui/playstate_p.h svn:eol-style native
  +file_prop: tags/qmmp-0.7.3/qmmp-0.7/src/qmmpui/pluginitem.cpp svn:eol-style native
  +file_prop: tags/qmmp-0.7.3/qmmp-0.7/src/qmmpui/pluginitem_p.h svn:eol-style native
  +file_prop: tags/qmmp-0.7.3/qmmp-0.7/src/qmmpui/qmmpuisettings.cpp svn:eol-style native
  +file_prop: tags/qmmp-0.7.3/qmmp-0.7/src/qmmpui/qmmpuisettings.h svn:eol-style native
  +file_prop: tags/qmmp-0.7.3/qmmp-0.7/src/qmmpui/qtfiledialog.cpp svn:eol-style native
  +file_prop: tags/qmmp-0.7.3/qmmp-0.7/src/qmmpui/qtfiledialog_p.h svn:eol-style native
  +file_prop: tags/qmmp-0.7.3/qmmp-0.7/src/qmmpui/radioitemdelegate.cpp svn:eol-style native
  +file_prop: tags/qmmp-0.7.3/qmmp-0.7/src/qmmpui/radioitemdelegate_p.h svn:eol-style native
  +file_prop: tags/qmmp-0.7.3/qmmp-0.7/src/qmmpui/tageditor.cpp svn:eol-style native
  +file_prop: tags/qmmp-0.7.3/qmmp-0.7/src/qmmpui/tageditor_p.h svn:eol-style native
  +file_prop: tags/qmmp-0.7.3/qmmp-0.7/src/qmmpui/templateeditor.cpp svn:eol-style native
  +file_prop: tags/qmmp-0.7.3/qmmp-0.7/src/qmmpui/templateeditor.h svn:eol-style native
  +file_prop: tags/qmmp-0.7.3/qmmp-0.7/src/qmmpui/txt/authors_he.txt svn:eol-style native
  +file_prop: tags/qmmp-0.7.3/qmmp-0.7/src/qmmpui/txt/description_he.txt svn:eol-style native
  +file_prop: tags/qmmp-0.7.3/qmmp-0.7/src/qmmpui/txt/thanks_he.txt svn:eol-style native
  +file_prop: tags/qmmp-0.7.3/qmmp-0.7/src/qmmpui/txt/translators_he.txt svn:eol-style native
  +file_prop: tags/qmmp-0.7.3/qmmp-0.7/src/qmmpui/txt/translators_it.txt svn:eol-style native
  +file_prop: tags/qmmp-0.7.3/qmmp-0.7/src/qmmpui/uifactory.h svn:eol-style native
  +file_prop: tags/qmmp-0.7.3/qmmp-0.7/src/qmmpui/uiloader.cpp svn:eol-style native
  +file_prop: tags/qmmp-0.7.3/qmmp-0.7/src/qmmpui/uiloader.h svn:eol-style native
  +file_prop: tags/qmmp-0.7.3/qmmp-0.7/utils/remove_svn_tags.sh svn:eol-style native
  +file_prop: tags/qmmp-0.7.3/qmmp-0.7/utils/update_ts.sh svn:eol-style native
