r11
r12
  +file_prop: trunk/qmmp/lib/qmmp/Input/ffmpeg/translations/ffmpeg_plugin_ru.qm svn:mime-type application/octet-stream
  +file_prop: trunk/qmmp/lib/qmmp/Input/flac/translations/flac_plugin_ru.qm svn:mime-type application/octet-stream
  +file_prop: trunk/qmmp/lib/qmmp/Input/mad/translations/mad_plugin_ru.qm svn:mime-type application/octet-stream
  +file_prop: trunk/qmmp/lib/qmmp/Input/mpc/translations/mpc_plugin_ru.qm svn:mime-type application/octet-stream
  +file_prop: trunk/qmmp/lib/qmmp/Input/vorbis/translations/vorbis_plugin_ru.qm svn:mime-type application/octet-stream
  +file_prop: trunk/qmmp/lib/qmmp/Output/alsa/translations/alsa_plugin_ru.qm svn:mime-type application/octet-stream
  +file_prop: trunk/qmmp/lib/qmmp/Output/jack/translations/jack_plugin_ru.qm svn:mime-type application/octet-stream
  +file_prop: trunk/qmmp/src/default/balance.png svn:mime-type application/octet-stream
  +file_prop: trunk/qmmp/src/default/cbuttons.png svn:mime-type application/octet-stream
  +file_prop: trunk/qmmp/src/default/eq_ex.png svn:mime-type application/octet-stream
  +file_prop: trunk/qmmp/src/default/eqmain.png svn:mime-type application/octet-stream
  +file_prop: trunk/qmmp/src/default/main.png svn:mime-type application/octet-stream
  +file_prop: trunk/qmmp/src/default/monoster.png svn:mime-type application/octet-stream
  +file_prop: trunk/qmmp/src/default/numbers.png svn:mime-type application/octet-stream
  +file_prop: trunk/qmmp/src/default/playpaus.png svn:mime-type application/octet-stream
  +file_prop: trunk/qmmp/src/default/pledit.png svn:mime-type application/octet-stream
  +file_prop: trunk/qmmp/src/default/posbar.png svn:mime-type application/octet-stream
  +file_prop: trunk/qmmp/src/default/shufrep.png svn:mime-type application/octet-stream
  +file_prop: trunk/qmmp/src/default/text.png svn:mime-type application/octet-stream
  +file_prop: trunk/qmmp/src/default/titlebar.png svn:mime-type application/octet-stream
  +file_prop: trunk/qmmp/src/default/volume.png svn:mime-type application/octet-stream
  +file_prop: trunk/qmmp/src/images/advanced.png svn:mime-type application/octet-stream
  +file_prop: trunk/qmmp/src/images/interface.png svn:mime-type application/octet-stream
  +file_prop: trunk/qmmp/src/images/logo-qmmp.png svn:mime-type application/octet-stream
  +file_prop: trunk/qmmp/src/images/pause.png svn:mime-type application/octet-stream
  +file_prop: trunk/qmmp/src/images/play.png svn:mime-type application/octet-stream
  +file_prop: trunk/qmmp/src/images/playlist.png svn:mime-type application/octet-stream
  +file_prop: trunk/qmmp/src/images/plugins.png svn:mime-type application/octet-stream
  +file_prop: trunk/qmmp/src/images/stop.png svn:mime-type application/octet-stream
  +file_prop: trunk/qmmp/src/translations/qmmp_ru.qm svn:mime-type application/octet-stream
  +file_prop: trunk/qmmp/src/translations/qmmp_tr.qm svn:mime-type application/octet-stream
  +file_prop: trunk/qmmp/src/translations/qmmp_zh_CN.qm svn:mime-type application/octet-stream
r16
r18
r19
r20
r21
r23
  +file_prop: trunk/qmmp/lib/streamreader.cpp svn:eol-style native
  +file_prop: trunk/qmmp/lib/streamreader.h svn:eol-style native
r25
r26
r27
r29
r31
r37
r38
r40
  +file_prop: trunk/qmmp/lib/downloader.cpp svn:eol-style native
  +file_prop: trunk/qmmp/lib/downloader.h svn:eol-style native
r41
r42
r43
r45
r46
r48
r49
r50
r58
r59
r60
r61
r63
r65
r67
r69
r70
r72
r75
r77
r79
r80
r83
r84
r85
r86
r87
r88
r91
r92
r94
r96
  -empty_dir: trunk/qmmp/lib/fileinfo.cpp
  -empty_dir: trunk/qmmp/lib/fileinfo.h
r98
r100
r102
r103
  -empty_dir: trunk/qmmp/lib/qmmp/Input/vorbis/tag.cpp
  -empty_dir: trunk/qmmp/lib/qmmp/Input/vorbis/tag.h
  +file_prop: trunk/qmmp/lib/filetag.cpp svn:eol-style native
r104
r105
r106
r107
  -empty_dir: trunk/qmmp/lib/qmmp/Input/ffmpeg/tag.cpp
  -empty_dir: trunk/qmmp/lib/qmmp/Input/ffmpeg/tag.h
  -empty_dir: trunk/qmmp/lib/qmmp/Input/flac/tag.cpp
  -empty_dir: trunk/qmmp/lib/qmmp/Input/flac/tag.h
  -empty_dir: trunk/qmmp/lib/qmmp/Input/mad/id3tag.cpp
  -empty_dir: trunk/qmmp/lib/qmmp/Input/mad/id3tag.h
  -empty_dir: trunk/qmmp/lib/qmmp/Input/mpc/tag.cpp
  -empty_dir: trunk/qmmp/lib/qmmp/Input/mpc/tag.h
r108
r109
r110
r113
r115
r116
r117
r119
r120
r123
r124
r127
r128
r129
r130
r131
r132
  +file_prop: trunk/qmmp/src/skinreader.cpp svn:eol-style native
  +file_prop: trunk/qmmp/src/skinreader.h svn:eol-style native
r134
r136
r143
  -empty_dir: trunk/qmmp/bin/qmmp
r144
r155
  +file_prop: trunk/qmmp/src/html/authors_cs.txt svn:eol-style native
  +file_prop: trunk/qmmp/src/html/thanks_cs.txt svn:eol-style native
r156
r157
r160
r161
r162
  -empty_dir: trunk/qmmp/src/guard.cpp
  -empty_dir: trunk/qmmp/src/guard.h
  -empty_dir: trunk/qmmp/src/tcpserver.cpp
  -empty_dir: trunk/qmmp/src/tcpserver.h
r163
r164
r166
r167
r168
r169
  -empty_dir: trunk/qmmp/lib/visualization.h
  +file_prop: trunk/qmmp/lib/visual.cpp svn:eol-style native
  +file_prop: trunk/qmmp/lib/visual.h svn:eol-style native
r171
  +file_prop: trunk/qmmp/lib/visualfactory.h svn:eol-style native
  +file_prop: trunk/qmmp/src/visualmenu.cpp svn:eol-style native
  +file_prop: trunk/qmmp/src/visualmenu.h svn:eol-style native
r172
  +file_prop: trunk/qmmp/lib/qmmp/Visual/analyzer/analyzer.cpp svn:eol-style native
  +file_prop: trunk/qmmp/lib/qmmp/Visual/analyzer/analyzer.h svn:eol-style native
  +file_prop: trunk/qmmp/lib/qmmp/Visual/analyzer/colorwidget.cpp svn:eol-style native
  +file_prop: trunk/qmmp/lib/qmmp/Visual/analyzer/colorwidget.h svn:eol-style native
  +file_prop: trunk/qmmp/lib/qmmp/Visual/analyzer/fft.c svn:eol-style native
  +file_prop: trunk/qmmp/lib/qmmp/Visual/analyzer/fft.h svn:eol-style native
  +file_prop: trunk/qmmp/lib/qmmp/Visual/analyzer/inlines.h svn:eol-style native
  +file_prop: trunk/qmmp/lib/qmmp/Visual/analyzer/settingsdialog.cpp svn:eol-style native
  +file_prop: trunk/qmmp/lib/qmmp/Visual/analyzer/settingsdialog.h svn:eol-style native
  +file_prop: trunk/qmmp/lib/qmmp/Visual/analyzer/visualanalyzerfactory.cpp svn:eol-style native
  +file_prop: trunk/qmmp/lib/qmmp/Visual/analyzer/visualanalyzerfactory.h svn:eol-style native
r173
  -empty_dir: trunk/qmmp/lib/qmmp/Input/flac/decoderflacfactory_interface.h
r176
  +file_prop: trunk/qmmp/lib/qmmp/Visual/CMakeLists.txt svn:eol-style native
  +file_prop: trunk/qmmp/lib/qmmp/Visual/analyzer/CMakeLists.txt svn:eol-style native
r177
r179
r180
r181
r183
  +file_prop: trunk/qmmp/src/shadedvisual.cpp svn:eol-style native
  +file_prop: trunk/qmmp/src/shadedvisual.h svn:eol-style native
  +file_prop: trunk/qmmp/src/titlebarcontrol.cpp svn:eol-style native
  +file_prop: trunk/qmmp/src/titlebarcontrol.h svn:eol-style native
r184
  +file_prop: trunk/qmmp/src/shadedbar.cpp svn:eol-style native
  +file_prop: trunk/qmmp/src/shadedbar.h svn:eol-style native
r185
r186
r188
r189
r190
  -empty_dir: trunk/qmmp/lib/iir.c
  -empty_dir: trunk/qmmp/lib/iir.h
  -empty_dir: trunk/qmmp/lib/iir_cfs.c
  -empty_dir: trunk/qmmp/lib/iir_cfs.h
  -empty_dir: trunk/qmmp/lib/iir_fpu.c
  -empty_dir: trunk/qmmp/lib/iir_fpu.h
  +file_prop: trunk/qmmp/lib/effect.cpp svn:eol-style native
  +file_prop: trunk/qmmp/lib/effect.h svn:eol-style native
  +file_prop: trunk/qmmp/lib/effectfactory.h svn:eol-style native
  +file_prop: trunk/qmmp/lib/qmmp/Effect/CMakeLists.txt svn:eol-style native
  +file_prop: trunk/qmmp/lib/qmmp/Effect/srconverter/CMakeLists.txt svn:eol-style native
  +file_prop: trunk/qmmp/lib/qmmp/Effect/srconverter/effectsrconverterfactory.cpp svn:eol-style native
  +file_prop: trunk/qmmp/lib/qmmp/Effect/srconverter/effectsrconverterfactory.h svn:eol-style native
  +file_prop: trunk/qmmp/lib/qmmp/Effect/srconverter/settingsdialog.cpp svn:eol-style native
  +file_prop: trunk/qmmp/lib/qmmp/Effect/srconverter/settingsdialog.h svn:eol-style native
  +file_prop: trunk/qmmp/lib/qmmp/Effect/srconverter/srconverter.cpp svn:eol-style native
  +file_prop: trunk/qmmp/lib/qmmp/Effect/srconverter/srconverter.h svn:eol-style native
r191
r192
r194
  +file_prop: trunk/qmmp/lib/qmmp/Input/sndfile/CMakeLists.txt svn:eol-style native
  +file_prop: trunk/qmmp/lib/qmmp/Input/sndfile/decoder_sndfile.cpp svn:eol-style native
  +file_prop: trunk/qmmp/lib/qmmp/Input/sndfile/decoder_sndfile.h svn:eol-style native
  +file_prop: trunk/qmmp/lib/qmmp/Input/sndfile/decodersndfilefactory.cpp svn:eol-style native
  +file_prop: trunk/qmmp/lib/qmmp/Input/sndfile/decodersndfilefactory.h svn:eol-style native
r199
r232
  +empty_dir: trunk/qmmp/lib/qmmp/Effect
  +empty_dir: trunk/qmmp/lib/qmmp/General
  +empty_dir: trunk/qmmp/lib/qmmp/Input
  +empty_dir: trunk/qmmp/lib/qmmp/Output
  +empty_dir: trunk/qmmp/lib/qmmp/Visual
  +file_prop: trunk/qmmp/src/plugins/General/statusicon/images/tray_pause.png svn:mime-type application/octet-stream
  +file_prop: trunk/qmmp/src/plugins/General/statusicon/images/tray_play.png svn:mime-type application/octet-stream
  +file_prop: trunk/qmmp/src/plugins/General/statusicon/images/tray_stop.png svn:mime-type application/octet-stream
  +file_prop: trunk/qmmp/src/plugins/Input/ffmpeg/translations/ffmpeg_plugin_ru.qm svn:mime-type application/octet-stream
  +file_prop: trunk/qmmp/src/plugins/Input/flac/translations/flac_plugin_ru.qm svn:mime-type application/octet-stream
  +file_prop: trunk/qmmp/src/plugins/Input/mad/translations/mad_plugin_ru.qm svn:mime-type application/octet-stream
  +file_prop: trunk/qmmp/src/plugins/Input/mpc/translations/mpc_plugin_ru.qm svn:mime-type application/octet-stream
  +file_prop: trunk/qmmp/src/plugins/Input/vorbis/translations/vorbis_plugin_ru.qm svn:mime-type application/octet-stream
  +file_prop: trunk/qmmp/src/plugins/Misc/FileDialogs/QmmpFileDialog/images/cdup.png svn:mime-type application/octet-stream
  +file_prop: trunk/qmmp/src/plugins/Misc/FileDialogs/QmmpFileDialog/images/detail.png svn:mime-type application/octet-stream
  +file_prop: trunk/qmmp/src/plugins/Misc/FileDialogs/QmmpFileDialog/images/list.png svn:mime-type application/octet-stream
  +file_prop: trunk/qmmp/src/plugins/Misc/FileDialogs/libQmmpFileDialog.so svn:mime-type application/octet-stream
  +file_prop: trunk/qmmp/src/plugins/Misc/FileDialogs/libQt3FileDialog.so svn:mime-type application/octet-stream
  +file_prop: trunk/qmmp/src/plugins/Misc/PlaylistFormats/libCSVPlaylistFormat.so svn:mime-type application/octet-stream
  +file_prop: trunk/qmmp/src/plugins/Output/alsa/translations/alsa_plugin_ru.qm svn:mime-type application/octet-stream
  +file_prop: trunk/qmmp/src/plugins/Output/jack/translations/jack_plugin_ru.qm svn:mime-type application/octet-stream
  +file_prop: trunk/qmmp/src/ui/default/balance.png svn:mime-type application/octet-stream
  +file_prop: trunk/qmmp/src/ui/default/cbuttons.png svn:mime-type application/octet-stream
  +file_prop: trunk/qmmp/src/ui/default/eq_ex.png svn:mime-type application/octet-stream
  +file_prop: trunk/qmmp/src/ui/default/eqmain.png svn:mime-type application/octet-stream
  +file_prop: trunk/qmmp/src/ui/default/main.png svn:mime-type application/octet-stream
  +file_prop: trunk/qmmp/src/ui/default/monoster.png svn:mime-type application/octet-stream
  +file_prop: trunk/qmmp/src/ui/default/numbers.png svn:mime-type application/octet-stream
  +file_prop: trunk/qmmp/src/ui/default/playpaus.png svn:mime-type application/octet-stream
  +file_prop: trunk/qmmp/src/ui/default/pledit.png svn:mime-type application/octet-stream
  +file_prop: trunk/qmmp/src/ui/default/posbar.png svn:mime-type application/octet-stream
  +file_prop: trunk/qmmp/src/ui/default/shufrep.png svn:mime-type application/octet-stream
  +file_prop: trunk/qmmp/src/ui/default/text.png svn:mime-type application/octet-stream
  +file_prop: trunk/qmmp/src/ui/default/titlebar.png svn:mime-type application/octet-stream
  +file_prop: trunk/qmmp/src/ui/default/volume.png svn:mime-type application/octet-stream
  +file_prop: trunk/qmmp/src/ui/images/advanced.png svn:mime-type application/octet-stream
  +file_prop: trunk/qmmp/src/ui/images/interface.png svn:mime-type application/octet-stream
  +file_prop: trunk/qmmp/src/ui/images/logo-qmmp.png svn:mime-type application/octet-stream
  +file_prop: trunk/qmmp/src/ui/images/network.png svn:mime-type application/octet-stream
  +file_prop: trunk/qmmp/src/ui/images/playlist.png svn:mime-type application/octet-stream
  +file_prop: trunk/qmmp/src/ui/images/plugins.png svn:mime-type application/octet-stream
  +file_prop: trunk/qmmp/src/ui/translations/qmmp_ru.qm svn:mime-type application/octet-stream
  +file_prop: trunk/qmmp/src/ui/translations/qmmp_tr.qm svn:mime-type application/octet-stream
  +file_prop: trunk/qmmp/src/ui/translations/qmmp_zh_CN.qm svn:mime-type application/octet-stream
r233
  -empty_dir: trunk/qmmp/lib
r234
  -empty_dir: trunk/qmmp/src/plugins/Input/mpc/Makefile
  -empty_dir: trunk/qmmp/src/plugins/Misc/CommandLineOptions/IncDecVolumeOption/Makefile
  -empty_dir: trunk/qmmp/src/plugins/Misc/FileDialogs/Makefile
  -empty_dir: trunk/qmmp/src/plugins/Misc/PlaylistFormats/CSVPlaylistFormat/Makefile
  -empty_dir: trunk/qmmp/src/plugins/Misc/PlaylistFormats/Makefile
r235
r236
  -empty_dir: trunk/qmmp/src/CMakeLists.txt
  -empty_dir: trunk/qmmp/src/plugins/Input/mad/ui_detailsdialog.h
  -empty_dir: trunk/qmmp/src/plugins/Input/mad/ui_settingsdialog.h
  +file_prop: trunk/qmmp/src/plugins/General/CMakeLists.txt svn:eol-style native
  +file_prop: trunk/qmmp/src/plugins/General/dbuscontrol/CMakeLists.txt svn:eol-style native
  +file_prop: trunk/qmmp/src/plugins/General/scrobbler/CMakeLists.txt svn:eol-style native
  +file_prop: trunk/qmmp/src/plugins/General/statusicon/CMakeLists.txt svn:eol-style native
  +file_prop: trunk/qmmp/src/qmmpui/CMakeLists.txt svn:eol-style native
  +file_prop: trunk/qmmp/src/ui/CMakeLists.txt svn:eol-style native
r237
r238
r239
r240
r241
r242
  +file_prop: trunk/qmmp/src/ui/txt/description_en.txt svn:eol-style native
r243
r244
  +file_prop: trunk/qmmp/src/ui/default/readme.txt svn:eol-style native
r245
r246
r247
r248
r249
r250
r251
r252
r253
r254
r255
r256
r257
r258
r259
  +file_prop: trunk/qmmp/src/plugins/General/notifier/CMakeLists.txt svn:eol-style native
  +file_prop: trunk/qmmp/src/plugins/General/notifier/notifier.cpp svn:eol-style native
  +file_prop: trunk/qmmp/src/plugins/General/notifier/notifier.h svn:eol-style native
  +file_prop: trunk/qmmp/src/plugins/General/notifier/notifierfactory.cpp svn:eol-style native
  +file_prop: trunk/qmmp/src/plugins/General/notifier/notifierfactory.h svn:eol-style native
  +file_prop: trunk/qmmp/src/plugins/General/notifier/popupwidget.cpp svn:eol-style native
  +file_prop: trunk/qmmp/src/plugins/General/notifier/popupwidget.h svn:eol-style native
  +file_prop: trunk/qmmp/src/plugins/General/notifier/settingsdialog.cpp svn:eol-style native
  +file_prop: trunk/qmmp/src/plugins/General/notifier/settingsdialog.h svn:eol-style native
r260
r261
r262
r263
  +file_prop: trunk/qmmp/src/plugins/Input/wavpack/CMakeLists.txt svn:eol-style native
  +file_prop: trunk/qmmp/src/plugins/Input/wavpack/decoder_wavpack.cpp svn:eol-style native
  +file_prop: trunk/qmmp/src/plugins/Input/wavpack/decoder_wavpack.h svn:eol-style native
  +file_prop: trunk/qmmp/src/plugins/Input/wavpack/decoderwavpackfactory.cpp svn:eol-style native
  +file_prop: trunk/qmmp/src/plugins/Input/wavpack/decoderwavpackfactory.h svn:eol-style native
  +file_prop: trunk/qmmp/src/plugins/Input/wavpack/detailsdialog.cpp svn:eol-style native
  +file_prop: trunk/qmmp/src/plugins/Input/wavpack/detailsdialog.h svn:eol-style native
r264
r265
r267
r268
r270
r272
r274
  +file_prop: trunk/qmmp/src/qmmpui/control.cpp svn:eol-style native
  +file_prop: trunk/qmmp/src/qmmpui/control.h svn:eol-style native
r275
r276
r277
r278
r279
r280
r281
r282
r284
r285
r286
r287
r290
r291
r292
  +file_prop: trunk/qmmp/src/plugins/Output/pulseaudio/CMakeLists.txt svn:eol-style native
  +file_prop: trunk/qmmp/src/plugins/Output/pulseaudio/outputpulseaudio.cpp svn:eol-style native
  +file_prop: trunk/qmmp/src/plugins/Output/pulseaudio/outputpulseaudio.h svn:eol-style native
  +file_prop: trunk/qmmp/src/plugins/Output/pulseaudio/outputpulseaudiofactory.cpp svn:eol-style native
  +file_prop: trunk/qmmp/src/plugins/Output/pulseaudio/outputpulseaudiofactory.h svn:eol-style native
r293
r294
  -empty_dir: trunk/qmmp/src/plugins/General/statusicon/images/images.qrc
r295
r296
r298
r299
r300
r301
r304
r305
  -empty_dir: trunk/qmmp/src/ui/html/authors_cs.txt
  -empty_dir: trunk/qmmp/src/ui/html/authors_en.txt
  -empty_dir: trunk/qmmp/src/ui/html/authors_ru.txt
  -empty_dir: trunk/qmmp/src/ui/html/authors_zh_CN.txt
  -empty_dir: trunk/qmmp/src/ui/html/thanks_cs.txt
  -empty_dir: trunk/qmmp/src/ui/html/thanks_en.txt
  -empty_dir: trunk/qmmp/src/ui/html/thanks_ru.txt
  -empty_dir: trunk/qmmp/src/ui/html/thanks_zh_CN.txt
  +file_prop: trunk/qmmp/src/ui/txt/authors_cs.txt svn:eol-style native
  +file_prop: trunk/qmmp/src/ui/txt/authors_en.txt svn:eol-style native
  +file_prop: trunk/qmmp/src/ui/txt/authors_ru.txt svn:eol-style native
  +file_prop: trunk/qmmp/src/ui/txt/authors_uk_UA.txt svn:eol-style native
  +file_prop: trunk/qmmp/src/ui/txt/authors_zh_CN.txt svn:eol-style native
  +file_prop: trunk/qmmp/src/ui/txt/authors_zh_TW.txt svn:eol-style native
  +file_prop: trunk/qmmp/src/ui/txt/thanks_cs.txt svn:eol-style native
  +file_prop: trunk/qmmp/src/ui/txt/thanks_en.txt svn:eol-style native
  +file_prop: trunk/qmmp/src/ui/txt/thanks_ru.txt svn:eol-style native
  +file_prop: trunk/qmmp/src/ui/txt/thanks_uk_UA.txt svn:eol-style native
  +file_prop: trunk/qmmp/src/ui/txt/thanks_zh_CN.txt svn:eol-style native
  +file_prop: trunk/qmmp/src/ui/txt/thanks_zh_TW.txt svn:eol-style native
r306
  +file_prop: trunk/qmmp/src/ui/translations/qmmp_cs.qm svn:mime-type application/octet-stream
  +file_prop: trunk/qmmp/src/ui/translations/qmmp_de.qm svn:mime-type application/octet-stream
  +file_prop: trunk/qmmp/src/ui/translations/qmmp_pt_BR.qm svn:mime-type application/octet-stream
  +file_prop: trunk/qmmp/src/ui/translations/qmmp_uk_UA.qm svn:mime-type application/octet-stream
  +file_prop: trunk/qmmp/src/ui/translations/qmmp_zh_TW.qm svn:mime-type application/octet-stream
r307
  +file_prop: trunk/qmmp/src/ui/txt/thanks_de.txt svn:eol-style native
r309
  +file_prop: trunk/qmmp/src/ui/txt/authors_de.txt svn:eol-style native
r310
r311
  +file_prop: trunk/qmmp/src/ui/txt/translators_en.txt svn:eol-style native
r312
r313
  +file_prop: trunk/qmmp/src/plugins/Input/ffmpeg/translations/ffmpeg_plugin_cs.qm svn:mime-type application/octet-stream
  +file_prop: trunk/qmmp/src/plugins/Input/ffmpeg/translations/ffmpeg_plugin_uk_UA.qm svn:mime-type application/octet-stream
  +file_prop: trunk/qmmp/src/plugins/Input/ffmpeg/translations/ffmpeg_plugin_zh_CN.qm svn:mime-type application/octet-stream
  +file_prop: trunk/qmmp/src/plugins/Input/ffmpeg/translations/ffmpeg_plugin_zh_TW.qm svn:mime-type application/octet-stream
r314
  +file_prop: trunk/qmmp/src/plugins/Input/flac/translations/flac_plugin_cs.qm svn:mime-type application/octet-stream
  +file_prop: trunk/qmmp/src/plugins/Input/flac/translations/flac_plugin_uk_UA.qm svn:mime-type application/octet-stream
  +file_prop: trunk/qmmp/src/plugins/Input/flac/translations/flac_plugin_zh_CN.qm svn:mime-type application/octet-stream
  +file_prop: trunk/qmmp/src/plugins/Input/flac/translations/flac_plugin_zh_TW.qm svn:mime-type application/octet-stream
r315
  +file_prop: trunk/qmmp/src/plugins/Input/mpc/translations/mpc_plugin_cs.qm svn:mime-type application/octet-stream
  +file_prop: trunk/qmmp/src/plugins/Input/mpc/translations/mpc_plugin_uk_UA.qm svn:mime-type application/octet-stream
  +file_prop: trunk/qmmp/src/plugins/Input/mpc/translations/mpc_plugin_zh_CN.qm svn:mime-type application/octet-stream
  +file_prop: trunk/qmmp/src/plugins/Input/mpc/translations/mpc_plugin_zh_TW.qm svn:mime-type application/octet-stream
r316
  +file_prop: trunk/qmmp/src/plugins/Input/mad/translations/mad_plugin_cs.qm svn:mime-type application/octet-stream
  +file_prop: trunk/qmmp/src/plugins/Input/mad/translations/mad_plugin_uk_UA.qm svn:mime-type application/octet-stream
  +file_prop: trunk/qmmp/src/plugins/Input/mad/translations/mad_plugin_zh_CN.qm svn:mime-type application/octet-stream
  +file_prop: trunk/qmmp/src/plugins/Input/mad/translations/mad_plugin_zh_TW.qm svn:mime-type application/octet-stream
r317
  +file_prop: trunk/qmmp/src/plugins/Input/vorbis/translations/vorbis_plugin_cs.qm svn:mime-type application/octet-stream
  +file_prop: trunk/qmmp/src/plugins/Input/vorbis/translations/vorbis_plugin_uk_UA.qm svn:mime-type application/octet-stream
  +file_prop: trunk/qmmp/src/plugins/Input/vorbis/translations/vorbis_plugin_zh_CN.qm svn:mime-type application/octet-stream
  +file_prop: trunk/qmmp/src/plugins/Input/vorbis/translations/vorbis_plugin_zh_TW.qm svn:mime-type application/octet-stream
r318
  +file_prop: trunk/qmmp/src/plugins/Output/alsa/translations/alsa_plugin_cs.qm svn:mime-type application/octet-stream
  +file_prop: trunk/qmmp/src/plugins/Output/alsa/translations/alsa_plugin_uk_UA.qm svn:mime-type application/octet-stream
  +file_prop: trunk/qmmp/src/plugins/Output/alsa/translations/alsa_plugin_zh_CN.qm svn:mime-type application/octet-stream
  +file_prop: trunk/qmmp/src/plugins/Output/alsa/translations/alsa_plugin_zh_TW.qm svn:mime-type application/octet-stream
r319
  +file_prop: trunk/qmmp/src/plugins/Output/jack/translations/jack_plugin_cs.qm svn:mime-type application/octet-stream
  +file_prop: trunk/qmmp/src/plugins/Output/jack/translations/jack_plugin_uk_UA.qm svn:mime-type application/octet-stream
  +file_prop: trunk/qmmp/src/plugins/Output/jack/translations/jack_plugin_zh_CN.qm svn:mime-type application/octet-stream
  +file_prop: trunk/qmmp/src/plugins/Output/jack/translations/jack_plugin_zh_TW.qm svn:mime-type application/octet-stream
r320
  +file_prop: trunk/qmmp/src/plugins/Output/oss/translations/oss_plugin_cs.qm svn:mime-type application/octet-stream
r321
  +file_prop: trunk/qmmp/src/plugins/Input/ffmpeg/translations/ffmpeg_plugin_de.qm svn:mime-type application/octet-stream
  +file_prop: trunk/qmmp/src/plugins/Input/flac/translations/flac_plugin_de.qm svn:mime-type application/octet-stream
  +file_prop: trunk/qmmp/src/plugins/Input/mad/translations/mad_plugin_de.qm svn:mime-type application/octet-stream
  +file_prop: trunk/qmmp/src/plugins/Input/mpc/translations/mpc_plugin_de.qm svn:mime-type application/octet-stream
  +file_prop: trunk/qmmp/src/plugins/Input/vorbis/translations/vorbis_plugin_de.qm svn:mime-type application/octet-stream
  +file_prop: trunk/qmmp/src/plugins/Output/alsa/translations/alsa_plugin_de.qm svn:mime-type application/octet-stream
  +file_prop: trunk/qmmp/src/plugins/Output/jack/translations/jack_plugin_de.qm svn:mime-type application/octet-stream
  +file_prop: trunk/qmmp/src/plugins/Output/oss/translations/oss_plugin_de.qm svn:mime-type application/octet-stream
  +file_prop: trunk/qmmp/src/ui/txt/description_de.txt svn:eol-style native
  +file_prop: trunk/qmmp/src/ui/txt/translators_de.txt svn:eol-style native
r325
r326
r328
r330
r331
r336
r337
r338
r339
r340
r341
r342
r343
r344
r345
r346
r347
r348
  +file_prop: trunk/qmmp/src/plugins/Input/modplug/CMakeLists.txt svn:eol-style native
  +file_prop: trunk/qmmp/src/plugins/Input/modplug/archivereader.cpp svn:eol-style native
  +file_prop: trunk/qmmp/src/plugins/Input/modplug/archivereader.h svn:eol-style native
  +file_prop: trunk/qmmp/src/plugins/Input/modplug/decoder_modplug.cpp svn:eol-style native
  +file_prop: trunk/qmmp/src/plugins/Input/modplug/decoder_modplug.h svn:eol-style native
  +file_prop: trunk/qmmp/src/plugins/Input/modplug/decodermodplugfactory.cpp svn:eol-style native
  +file_prop: trunk/qmmp/src/plugins/Input/modplug/decodermodplugfactory.h svn:eol-style native
  +file_prop: trunk/qmmp/src/plugins/Input/modplug/detailsdialog.cpp svn:eol-style native
  +file_prop: trunk/qmmp/src/plugins/Input/modplug/detailsdialog.h svn:eol-style native
  +file_prop: trunk/qmmp/src/plugins/Input/modplug/settingsdialog.cpp svn:eol-style native
  +file_prop: trunk/qmmp/src/plugins/Input/modplug/settingsdialog.h svn:eol-style native
r349
r350
r351
r352
r353
  -empty_dir: trunk/qmmp/src/ui/images/qmmp.xpm
  +file_prop: trunk/qmmp/src/plugins/General/notifier/notifier_icon.png svn:mime-type application/octet-stream
  +file_prop: trunk/qmmp/src/ui/images/16x16/qmmp.png svn:mime-type application/octet-stream
  +file_prop: trunk/qmmp/src/ui/images/32x32/qmmp.png svn:mime-type application/octet-stream
  +file_prop: trunk/qmmp/src/ui/images/48x48/qmmp.png svn:mime-type application/octet-stream
  +file_prop: trunk/qmmp/src/ui/images/56x56/qmmp.png svn:mime-type application/octet-stream
r354
r355
r356
r357
r360
r361
r362
r363
r364
r365
r366
r367
r368
r369
r370
  +file_prop: trunk/qmmp/src/ui/txt/description_cs.txt svn:eol-style native
  +file_prop: trunk/qmmp/src/ui/txt/translators_cs.txt svn:eol-style native
r371
  +file_prop: trunk/qmmp/src/plugins/Effect/srconverter/translations/srconverter_plugin_cs.qm svn:mime-type application/octet-stream
  +file_prop: trunk/qmmp/src/plugins/Effect/srconverter/translations/srconverter_plugin_de.qm svn:mime-type application/octet-stream
  +file_prop: trunk/qmmp/src/plugins/General/dbuscontrol/translations/dbuscontrol_plugin_cs.qm svn:mime-type application/octet-stream
  +file_prop: trunk/qmmp/src/plugins/General/dbuscontrol/translations/dbuscontrol_plugin_de.qm svn:mime-type application/octet-stream
  +file_prop: trunk/qmmp/src/plugins/General/notifier/translations/notifier_plugin_cs.qm svn:mime-type application/octet-stream
  +file_prop: trunk/qmmp/src/plugins/General/notifier/translations/notifier_plugin_de.qm svn:mime-type application/octet-stream
  +file_prop: trunk/qmmp/src/plugins/General/scrobbler/translations/scrobbler_plugin_cs.qm svn:mime-type application/octet-stream
  +file_prop: trunk/qmmp/src/plugins/General/scrobbler/translations/scrobbler_plugin_de.qm svn:mime-type application/octet-stream
  +file_prop: trunk/qmmp/src/plugins/General/statusicon/translations/statusicon_plugin_cs.qm svn:mime-type application/octet-stream
  +file_prop: trunk/qmmp/src/plugins/General/statusicon/translations/statusicon_plugin_de.qm svn:mime-type application/octet-stream
  +file_prop: trunk/qmmp/src/plugins/Input/modplug/translations/modplug_plugin_cs.qm svn:mime-type application/octet-stream
  +file_prop: trunk/qmmp/src/plugins/Input/modplug/translations/modplug_plugin_de.qm svn:mime-type application/octet-stream
  +file_prop: trunk/qmmp/src/plugins/Input/sndfile/translations/sndfile_plugin_cs.qm svn:mime-type application/octet-stream
  +file_prop: trunk/qmmp/src/plugins/Input/sndfile/translations/sndfile_plugin_de.qm svn:mime-type application/octet-stream
  +file_prop: trunk/qmmp/src/plugins/Input/wavpack/translations/wavpack_plugin_cs.qm svn:mime-type application/octet-stream
  +file_prop: trunk/qmmp/src/plugins/Input/wavpack/translations/wavpack_plugin_de.qm svn:mime-type application/octet-stream
  +file_prop: trunk/qmmp/src/plugins/Output/pulseaudio/translations/pulseaudio_plugin_cs.qm svn:mime-type application/octet-stream
  +file_prop: trunk/qmmp/src/plugins/Output/pulseaudio/translations/pulseaudio_plugin_de.qm svn:mime-type application/octet-stream
  +file_prop: trunk/qmmp/src/plugins/Visual/analyzer/translations/analyzer_plugin_cs.qm svn:mime-type application/octet-stream
r372
r373
r374
r375
r376
r377
r378
r379
  +file_prop: trunk/qmmp/src/plugins/Visual/analyzer/translations/analyzer_plugin_de.qm svn:mime-type application/octet-stream
r380
r381
r382
r383
r384
  +file_prop: trunk/qmmp/src/plugins/Input/mad/tagextractor.cpp svn:eol-style native
  +file_prop: trunk/qmmp/src/plugins/Input/mad/tagextractor.h svn:eol-style native
r385
r386
r387
r388
  +file_prop: trunk/qmmp/src/ui/playlistitem.cpp svn:eol-style native
  +file_prop: trunk/qmmp/src/ui/playlistitem.h svn:eol-style native
r390
r391
r392
r393
r394
r395
  -empty_dir: trunk/qmmp/src/ui/mediafile.cpp
  -empty_dir: trunk/qmmp/src/ui/mediafile.h
r396
r397
  -empty_dir: trunk/qmmp/src/ui/playlistformat.cpp
  -empty_dir: trunk/qmmp/src/ui/playlistformat.h
  +file_prop: trunk/qmmp/src/plugins/PlaylistFormats/CMakeLists.txt svn:eol-style native
  +file_prop: trunk/qmmp/src/plugins/PlaylistFormats/m3u/CMakeLists.txt svn:eol-style native
  +file_prop: trunk/qmmp/src/plugins/PlaylistFormats/m3u/m3uplaylistformat.cpp svn:eol-style native
  +file_prop: trunk/qmmp/src/plugins/PlaylistFormats/m3u/m3uplaylistformat.h svn:eol-style native
  +file_prop: trunk/qmmp/src/plugins/PlaylistFormats/pls/CMakeLists.txt svn:eol-style native
  +file_prop: trunk/qmmp/src/plugins/PlaylistFormats/pls/plsplaylistformat.cpp svn:eol-style native
  +file_prop: trunk/qmmp/src/plugins/PlaylistFormats/pls/plsplaylistformat.h svn:eol-style native
  +file_prop: trunk/qmmp/src/plugins/PlaylistFormats/xspf/CMakeLists.txt svn:eol-style native
  +file_prop: trunk/qmmp/src/plugins/PlaylistFormats/xspf/xspfplaylistformat.cpp svn:eol-style native
  +file_prop: trunk/qmmp/src/plugins/PlaylistFormats/xspf/xspfplaylistformat.h svn:eol-style native
  +file_prop: trunk/qmmp/src/qmmpui/playlistformat.h svn:eol-style native
  +file_prop: trunk/qmmp/src/qmmpui/playlistparser.cpp svn:eol-style native
  +file_prop: trunk/qmmp/src/qmmpui/playlistparser.h svn:eol-style native
r398
r399
r400
r401
  -empty_dir: trunk/qmmp/src/plugins/Misc/CommandLineOptions
  -empty_dir: trunk/qmmp/src/ui/commandlineoption.cpp
  -empty_dir: trunk/qmmp/src/ui/commandlineoption.h
  +file_prop: trunk/qmmp/src/plugins/CommandLineOptions/CMakeLists.txt svn:eol-style native
  +file_prop: trunk/qmmp/src/plugins/CommandLineOptions/IncDecVolumeOption/CMakeLists.txt svn:eol-style native
  +file_prop: trunk/qmmp/src/plugins/CommandLineOptions/IncDecVolumeOption/incdecvolumeoption.cpp svn:eol-style native
  +file_prop: trunk/qmmp/src/plugins/CommandLineOptions/IncDecVolumeOption/incdecvolumeoption.h svn:eol-style native
  +file_prop: trunk/qmmp/src/qmmpui/commandlinemanager.cpp svn:eol-style native
  +file_prop: trunk/qmmp/src/qmmpui/commandlinemanager.h svn:eol-style native
  +file_prop: trunk/qmmp/src/qmmpui/commandlineoption.h svn:eol-style native
  +file_prop: trunk/qmmp/src/ui/builtincommandlineoption.cpp svn:eol-style native
  +file_prop: trunk/qmmp/src/ui/builtincommandlineoption.h svn:eol-style native
r402
r403
r404
r405
r406
r407
r408
r409
  +file_prop: trunk/qmmp/src/plugins/Effect/srconverter/translations/srconverter_plugin_zh_CN.qm svn:mime-type application/octet-stream
  +file_prop: trunk/qmmp/src/plugins/General/dbuscontrol/translations/dbuscontrol_plugin_zh_CN.qm svn:mime-type application/octet-stream
  +file_prop: trunk/qmmp/src/plugins/General/notifier/translations/notifier_plugin_zh_CN.qm svn:mime-type application/octet-stream
  +file_prop: trunk/qmmp/src/plugins/General/scrobbler/translations/scrobbler_plugin_zh_CN.qm svn:mime-type application/octet-stream
  +file_prop: trunk/qmmp/src/plugins/General/statusicon/translations/statusicon_plugin_zh_CN.qm svn:mime-type application/octet-stream
  +file_prop: trunk/qmmp/src/plugins/Input/modplug/translations/modplug_plugin_zh_CN.qm svn:mime-type application/octet-stream
  +file_prop: trunk/qmmp/src/plugins/Input/sndfile/translations/sndfile_plugin_zh_CN.qm svn:mime-type application/octet-stream
  +file_prop: trunk/qmmp/src/plugins/Input/wavpack/translations/wavpack_plugin_zh_CN.qm svn:mime-type application/octet-stream
  +file_prop: trunk/qmmp/src/plugins/Output/oss/translations/oss_plugin_zh_CN.qm svn:mime-type application/octet-stream
  +file_prop: trunk/qmmp/src/plugins/Output/pulseaudio/translations/pulseaudio_plugin_zh_CN.qm svn:mime-type application/octet-stream
  +file_prop: trunk/qmmp/src/plugins/Visual/analyzer/translations/analyzer_plugin_zh_CN.qm svn:mime-type application/octet-stream
  +file_prop: trunk/qmmp/src/ui/txt/description_zh_CN.txt svn:mime-type application/octet-stream
  +file_prop: trunk/qmmp/src/ui/txt/translators_zh_CN.txt svn:eol-style native
r410
  +file_prop: trunk/qmmp/src/plugins/Effect/srconverter/translations/srconverter_plugin_zh_TW.qm svn:mime-type application/octet-stream
  +file_prop: trunk/qmmp/src/plugins/General/dbuscontrol/translations/dbuscontrol_plugin_zh_TW.qm svn:mime-type application/octet-stream
  +file_prop: trunk/qmmp/src/plugins/General/scrobbler/translations/scrobbler_plugin_zh_TW.qm svn:mime-type application/octet-stream
  +file_prop: trunk/qmmp/src/plugins/General/statusicon/translations/statusicon_plugin_zh_TW.qm svn:mime-type application/octet-stream
  +file_prop: trunk/qmmp/src/plugins/Input/modplug/translations/modplug_plugin_zh_TW.qm svn:mime-type application/octet-stream
  +file_prop: trunk/qmmp/src/plugins/Input/sndfile/translations/sndfile_plugin_zh_TW.qm svn:mime-type application/octet-stream
  +file_prop: trunk/qmmp/src/plugins/Input/wavpack/translations/wavpack_plugin_zh_TW.qm svn:mime-type application/octet-stream
  +file_prop: trunk/qmmp/src/plugins/Output/oss/translations/oss_plugin_zh_TW.qm svn:mime-type application/octet-stream
  +file_prop: trunk/qmmp/src/plugins/Output/pulseaudio/translations/pulseaudio_plugin_zh_TW.qm svn:mime-type application/octet-stream
  +file_prop: trunk/qmmp/src/plugins/Visual/analyzer/translations/analyzer_plugin_zh_TW.qm svn:mime-type application/octet-stream
  +file_prop: trunk/qmmp/src/ui/txt/description_zh_TW.txt svn:mime-type application/octet-stream
  +file_prop: trunk/qmmp/src/ui/txt/translators_zh_TW.txt svn:eol-style native
r411
  +file_prop: trunk/qmmp/src/plugins/General/notifier/translations/notifier_plugin_zh_TW.qm svn:mime-type application/octet-stream
r412
r413
  +file_prop: trunk/qmmp/src/plugins/Input/modplug/translations/modplug_plugin_ru.qm svn:mime-type application/octet-stream
  +file_prop: trunk/qmmp/src/plugins/Input/sndfile/translations/sndfile_plugin_ru.qm svn:mime-type application/octet-stream
  +file_prop: trunk/qmmp/src/plugins/Input/wavpack/translations/wavpack_plugin_ru.qm svn:mime-type application/octet-stream
  +file_prop: trunk/qmmp/src/plugins/Output/oss/translations/oss_plugin_ru.qm svn:mime-type application/octet-stream
  +file_prop: trunk/qmmp/src/plugins/Output/pulseaudio/translations/pulseaudio_plugin_ru.qm svn:mime-type application/octet-stream
r414
  -empty_dir: trunk/qmmp/src/plugins/CommandLineOptions/IncDecVolumeOption/translations/incdevvolume_plugin_de.ts
  +file_prop: trunk/qmmp/src/plugins/CommandLineOptions/IncDecVolumeOption/translations/incdecvolume_plugin_cs.qm svn:mime-type application/octet-stream
  +file_prop: trunk/qmmp/src/plugins/CommandLineOptions/IncDecVolumeOption/translations/incdecvolume_plugin_de.qm svn:mime-type application/octet-stream
  +file_prop: trunk/qmmp/src/plugins/CommandLineOptions/IncDecVolumeOption/translations/incdecvolume_plugin_ru.qm svn:mime-type application/octet-stream
  +file_prop: trunk/qmmp/src/plugins/General/dbuscontrol/translations/dbuscontrol_plugin_ru.qm svn:mime-type application/octet-stream
  +file_prop: trunk/qmmp/src/plugins/General/notifier/translations/notifier_plugin_ru.qm svn:mime-type application/octet-stream
  +file_prop: trunk/qmmp/src/plugins/General/scrobbler/translations/scrobbler_plugin_ru.qm svn:mime-type application/octet-stream
  +file_prop: trunk/qmmp/src/plugins/General/statusicon/translations/statusicon_plugin_ru.qm svn:mime-type application/octet-stream
  +file_prop: trunk/qmmp/src/plugins/Visual/analyzer/translations/analyzer_plugin_ru.qm svn:mime-type application/octet-stream
r415
r416
r417
  +file_prop: trunk/qmmp/src/plugins/CommandLineOptions/IncDecVolumeOption/translations/incdecvolume_plugin_uk_UA.qm svn:mime-type application/octet-stream
  +file_prop: trunk/qmmp/src/plugins/Effect/srconverter/translations/srconverter_plugin_uk_UA.qm svn:mime-type application/octet-stream
  +file_prop: trunk/qmmp/src/plugins/General/dbuscontrol/translations/dbuscontrol_plugin_uk_UA.qm svn:mime-type application/octet-stream
  +file_prop: trunk/qmmp/src/plugins/General/notifier/translations/notifier_plugin_uk_UA.qm svn:mime-type application/octet-stream
  +file_prop: trunk/qmmp/src/plugins/General/scrobbler/translations/scrobbler_plugin_uk_UA.qm svn:mime-type application/octet-stream
  +file_prop: trunk/qmmp/src/plugins/General/statusicon/translations/statusicon_plugin_uk_UA.qm svn:mime-type application/octet-stream
  +file_prop: trunk/qmmp/src/plugins/Input/modplug/translations/modplug_plugin_uk_UA.qm svn:mime-type application/octet-stream
  +file_prop: trunk/qmmp/src/plugins/Input/sndfile/translations/sndfile_plugin_uk_UA.qm svn:mime-type application/octet-stream
  +file_prop: trunk/qmmp/src/plugins/Input/wavpack/translations/wavpack_plugin_uk_UA.qm svn:mime-type application/octet-stream
  +file_prop: trunk/qmmp/src/plugins/Output/oss/translations/oss_plugin_uk_UA.qm svn:mime-type application/octet-stream
  +file_prop: trunk/qmmp/src/plugins/Output/pulseaudio/translations/pulseaudio_plugin_uk_UA.qm svn:mime-type application/octet-stream
  +file_prop: trunk/qmmp/src/plugins/Visual/analyzer/translations/analyzer_plugin_uk_UA.qm svn:mime-type application/octet-stream
  +file_prop: trunk/qmmp/src/ui/txt/description_uk_UA.txt svn:mime-type application/octet-stream
  +file_prop: trunk/qmmp/src/ui/txt/translators_uk_UA.txt svn:eol-style native
r418
  +file_prop: trunk/qmmp/src/plugins/Effect/srconverter/translations/srconverter_plugin_ru.qm svn:mime-type application/octet-stream
r419
  -empty_dir: trunk/qmmp/src/plugins/CommandLineOptions/IncDecVolumeOption/translations/incdecvolume_plugin_cs.qm
  -empty_dir: trunk/qmmp/src/plugins/CommandLineOptions/IncDecVolumeOption/translations/incdecvolume_plugin_de.qm
  -empty_dir: trunk/qmmp/src/plugins/CommandLineOptions/IncDecVolumeOption/translations/incdecvolume_plugin_ru.qm
  -empty_dir: trunk/qmmp/src/plugins/CommandLineOptions/IncDecVolumeOption/translations/incdecvolume_plugin_uk_UA.qm
  -empty_dir: trunk/qmmp/src/plugins/Effect/srconverter/translations/srconverter_plugin_cs.qm
  -empty_dir: trunk/qmmp/src/plugins/Effect/srconverter/translations/srconverter_plugin_de.qm
  -empty_dir: trunk/qmmp/src/plugins/Effect/srconverter/translations/srconverter_plugin_ru.qm
  -empty_dir: trunk/qmmp/src/plugins/Effect/srconverter/translations/srconverter_plugin_uk_UA.qm
  -empty_dir: trunk/qmmp/src/plugins/Effect/srconverter/translations/srconverter_plugin_zh_CN.qm
  -empty_dir: trunk/qmmp/src/plugins/Effect/srconverter/translations/srconverter_plugin_zh_TW.qm
  -empty_dir: trunk/qmmp/src/plugins/General/dbuscontrol/translations/dbuscontrol_plugin_cs.qm
  -empty_dir: trunk/qmmp/src/plugins/General/dbuscontrol/translations/dbuscontrol_plugin_de.qm
  -empty_dir: trunk/qmmp/src/plugins/General/dbuscontrol/translations/dbuscontrol_plugin_ru.qm
  -empty_dir: trunk/qmmp/src/plugins/General/dbuscontrol/translations/dbuscontrol_plugin_uk_UA.qm
  -empty_dir: trunk/qmmp/src/plugins/General/dbuscontrol/translations/dbuscontrol_plugin_zh_CN.qm
  -empty_dir: trunk/qmmp/src/plugins/General/dbuscontrol/translations/dbuscontrol_plugin_zh_TW.qm
  -empty_dir: trunk/qmmp/src/plugins/General/notifier/translations/notifier_plugin_cs.qm
  -empty_dir: trunk/qmmp/src/plugins/General/notifier/translations/notifier_plugin_de.qm
  -empty_dir: trunk/qmmp/src/plugins/General/notifier/translations/notifier_plugin_ru.qm
  -empty_dir: trunk/qmmp/src/plugins/General/notifier/translations/notifier_plugin_uk_UA.qm
  -empty_dir: trunk/qmmp/src/plugins/General/notifier/translations/notifier_plugin_zh_CN.qm
  -empty_dir: trunk/qmmp/src/plugins/General/notifier/translations/notifier_plugin_zh_TW.qm
  -empty_dir: trunk/qmmp/src/plugins/General/scrobbler/translations/scrobbler_plugin_cs.qm
  -empty_dir: trunk/qmmp/src/plugins/General/scrobbler/translations/scrobbler_plugin_de.qm
  -empty_dir: trunk/qmmp/src/plugins/General/scrobbler/translations/scrobbler_plugin_ru.qm
  -empty_dir: trunk/qmmp/src/plugins/General/scrobbler/translations/scrobbler_plugin_uk_UA.qm
  -empty_dir: trunk/qmmp/src/plugins/General/scrobbler/translations/scrobbler_plugin_zh_CN.qm
  -empty_dir: trunk/qmmp/src/plugins/General/scrobbler/translations/scrobbler_plugin_zh_TW.qm
  -empty_dir: trunk/qmmp/src/plugins/General/statusicon/translations/statusicon_plugin_cs.qm
  -empty_dir: trunk/qmmp/src/plugins/General/statusicon/translations/statusicon_plugin_de.qm
  -empty_dir: trunk/qmmp/src/plugins/General/statusicon/translations/statusicon_plugin_ru.qm
  -empty_dir: trunk/qmmp/src/plugins/General/statusicon/translations/statusicon_plugin_uk_UA.qm
  -empty_dir: trunk/qmmp/src/plugins/General/statusicon/translations/statusicon_plugin_zh_CN.qm
  -empty_dir: trunk/qmmp/src/plugins/General/statusicon/translations/statusicon_plugin_zh_TW.qm
  -empty_dir: trunk/qmmp/src/plugins/Input/ffmpeg/translations/ffmpeg_plugin_cs.qm
  -empty_dir: trunk/qmmp/src/plugins/Input/ffmpeg/translations/ffmpeg_plugin_de.qm
  -empty_dir: trunk/qmmp/src/plugins/Input/ffmpeg/translations/ffmpeg_plugin_ru.qm
  -empty_dir: trunk/qmmp/src/plugins/Input/ffmpeg/translations/ffmpeg_plugin_uk_UA.qm
  -empty_dir: trunk/qmmp/src/plugins/Input/ffmpeg/translations/ffmpeg_plugin_zh_CN.qm
  -empty_dir: trunk/qmmp/src/plugins/Input/ffmpeg/translations/ffmpeg_plugin_zh_TW.qm
  -empty_dir: trunk/qmmp/src/plugins/Input/flac/translations/flac_plugin_cs.qm
  -empty_dir: trunk/qmmp/src/plugins/Input/flac/translations/flac_plugin_de.qm
  -empty_dir: trunk/qmmp/src/plugins/Input/flac/translations/flac_plugin_ru.qm
  -empty_dir: trunk/qmmp/src/plugins/Input/flac/translations/flac_plugin_uk_UA.qm
  -empty_dir: trunk/qmmp/src/plugins/Input/flac/translations/flac_plugin_zh_CN.qm
  -empty_dir: trunk/qmmp/src/plugins/Input/flac/translations/flac_plugin_zh_TW.qm
  -empty_dir: trunk/qmmp/src/plugins/Input/mad/translations/mad_plugin_cs.qm
  -empty_dir: trunk/qmmp/src/plugins/Input/mad/translations/mad_plugin_de.qm
  -empty_dir: trunk/qmmp/src/plugins/Input/mad/translations/mad_plugin_ru.qm
  -empty_dir: trunk/qmmp/src/plugins/Input/mad/translations/mad_plugin_uk_UA.qm
  -empty_dir: trunk/qmmp/src/plugins/Input/mad/translations/mad_plugin_zh_CN.qm
  -empty_dir: trunk/qmmp/src/plugins/Input/mad/translations/mad_plugin_zh_TW.qm
  -empty_dir: trunk/qmmp/src/plugins/Input/modplug/translations/modplug_plugin_cs.qm
  -empty_dir: trunk/qmmp/src/plugins/Input/modplug/translations/modplug_plugin_de.qm
  -empty_dir: trunk/qmmp/src/plugins/Input/modplug/translations/modplug_plugin_ru.qm
  -empty_dir: trunk/qmmp/src/plugins/Input/modplug/translations/modplug_plugin_uk_UA.qm
  -empty_dir: trunk/qmmp/src/plugins/Input/modplug/translations/modplug_plugin_zh_CN.qm
  -empty_dir: trunk/qmmp/src/plugins/Input/modplug/translations/modplug_plugin_zh_TW.qm
  -empty_dir: trunk/qmmp/src/plugins/Input/mpc/translations/mpc_plugin_cs.qm
  -empty_dir: trunk/qmmp/src/plugins/Input/mpc/translations/mpc_plugin_de.qm
  -empty_dir: trunk/qmmp/src/plugins/Input/mpc/translations/mpc_plugin_ru.qm
  -empty_dir: trunk/qmmp/src/plugins/Input/mpc/translations/mpc_plugin_uk_UA.qm
  -empty_dir: trunk/qmmp/src/plugins/Input/mpc/translations/mpc_plugin_zh_CN.qm
  -empty_dir: trunk/qmmp/src/plugins/Input/mpc/translations/mpc_plugin_zh_TW.qm
  -empty_dir: trunk/qmmp/src/plugins/Input/sndfile/translations/sndfile_plugin_cs.qm
  -empty_dir: trunk/qmmp/src/plugins/Input/sndfile/translations/sndfile_plugin_de.qm
  -empty_dir: trunk/qmmp/src/plugins/Input/sndfile/translations/sndfile_plugin_ru.qm
  -empty_dir: trunk/qmmp/src/plugins/Input/sndfile/translations/sndfile_plugin_uk_UA.qm
  -empty_dir: trunk/qmmp/src/plugins/Input/sndfile/translations/sndfile_plugin_zh_CN.qm
  -empty_dir: trunk/qmmp/src/plugins/Input/sndfile/translations/sndfile_plugin_zh_TW.qm
  -empty_dir: trunk/qmmp/src/plugins/Input/vorbis/translations/vorbis_plugin_cs.qm
  -empty_dir: trunk/qmmp/src/plugins/Input/vorbis/translations/vorbis_plugin_de.qm
  -empty_dir: trunk/qmmp/src/plugins/Input/vorbis/translations/vorbis_plugin_ru.qm
  -empty_dir: trunk/qmmp/src/plugins/Input/vorbis/translations/vorbis_plugin_uk_UA.qm
  -empty_dir: trunk/qmmp/src/plugins/Input/vorbis/translations/vorbis_plugin_zh_CN.qm
  -empty_dir: trunk/qmmp/src/plugins/Input/vorbis/translations/vorbis_plugin_zh_TW.qm
  -empty_dir: trunk/qmmp/src/plugins/Input/wavpack/translations/wavpack_plugin_cs.qm
  -empty_dir: trunk/qmmp/src/plugins/Input/wavpack/translations/wavpack_plugin_de.qm
  -empty_dir: trunk/qmmp/src/plugins/Input/wavpack/translations/wavpack_plugin_ru.qm
  -empty_dir: trunk/qmmp/src/plugins/Input/wavpack/translations/wavpack_plugin_uk_UA.qm
  -empty_dir: trunk/qmmp/src/plugins/Input/wavpack/translations/wavpack_plugin_zh_CN.qm
  -empty_dir: trunk/qmmp/src/plugins/Input/wavpack/translations/wavpack_plugin_zh_TW.qm
  -empty_dir: trunk/qmmp/src/plugins/Output/alsa/translations/alsa_plugin_cs.qm
  -empty_dir: trunk/qmmp/src/plugins/Output/alsa/translations/alsa_plugin_de.qm
  -empty_dir: trunk/qmmp/src/plugins/Output/alsa/translations/alsa_plugin_ru.qm
  -empty_dir: trunk/qmmp/src/plugins/Output/alsa/translations/alsa_plugin_uk_UA.qm
  -empty_dir: trunk/qmmp/src/plugins/Output/alsa/translations/alsa_plugin_zh_CN.qm
  -empty_dir: trunk/qmmp/src/plugins/Output/alsa/translations/alsa_plugin_zh_TW.qm
  -empty_dir: trunk/qmmp/src/plugins/Output/jack/translations/jack_plugin_cs.qm
  -empty_dir: trunk/qmmp/src/plugins/Output/jack/translations/jack_plugin_de.qm
  -empty_dir: trunk/qmmp/src/plugins/Output/jack/translations/jack_plugin_ru.qm
  -empty_dir: trunk/qmmp/src/plugins/Output/jack/translations/jack_plugin_uk_UA.qm
  -empty_dir: trunk/qmmp/src/plugins/Output/jack/translations/jack_plugin_zh_CN.qm
  -empty_dir: trunk/qmmp/src/plugins/Output/jack/translations/jack_plugin_zh_TW.qm
  -empty_dir: trunk/qmmp/src/plugins/Output/oss/translations/oss_plugin_cs.qm
  -empty_dir: trunk/qmmp/src/plugins/Output/oss/translations/oss_plugin_de.qm
  -empty_dir: trunk/qmmp/src/plugins/Output/oss/translations/oss_plugin_ru.qm
  -empty_dir: trunk/qmmp/src/plugins/Output/oss/translations/oss_plugin_uk_UA.qm
  -empty_dir: trunk/qmmp/src/plugins/Output/oss/translations/oss_plugin_zh_CN.qm
  -empty_dir: trunk/qmmp/src/plugins/Output/oss/translations/oss_plugin_zh_TW.qm
  -empty_dir: trunk/qmmp/src/plugins/Output/pulseaudio/translations/pulseaudio_plugin_cs.qm
  -empty_dir: trunk/qmmp/src/plugins/Output/pulseaudio/translations/pulseaudio_plugin_de.qm
  -empty_dir: trunk/qmmp/src/plugins/Output/pulseaudio/translations/pulseaudio_plugin_ru.qm
  -empty_dir: trunk/qmmp/src/plugins/Output/pulseaudio/translations/pulseaudio_plugin_uk_UA.qm
  -empty_dir: trunk/qmmp/src/plugins/Output/pulseaudio/translations/pulseaudio_plugin_zh_CN.qm
  -empty_dir: trunk/qmmp/src/plugins/Output/pulseaudio/translations/pulseaudio_plugin_zh_TW.qm
  -empty_dir: trunk/qmmp/src/plugins/Visual/analyzer/translations/analyzer_plugin_cs.qm
  -empty_dir: trunk/qmmp/src/plugins/Visual/analyzer/translations/analyzer_plugin_de.qm
  -empty_dir: trunk/qmmp/src/plugins/Visual/analyzer/translations/analyzer_plugin_ru.qm
  -empty_dir: trunk/qmmp/src/plugins/Visual/analyzer/translations/analyzer_plugin_uk_UA.qm
  -empty_dir: trunk/qmmp/src/plugins/Visual/analyzer/translations/analyzer_plugin_zh_CN.qm
  -empty_dir: trunk/qmmp/src/plugins/Visual/analyzer/translations/analyzer_plugin_zh_TW.qm
  -empty_dir: trunk/qmmp/src/ui/translations/qmmp_cs.qm
  -empty_dir: trunk/qmmp/src/ui/translations/qmmp_de.qm
  -empty_dir: trunk/qmmp/src/ui/translations/qmmp_pt_BR.qm
  -empty_dir: trunk/qmmp/src/ui/translations/qmmp_ru.qm
  -empty_dir: trunk/qmmp/src/ui/translations/qmmp_tr.qm
  -empty_dir: trunk/qmmp/src/ui/translations/qmmp_uk_UA.qm
  -empty_dir: trunk/qmmp/src/ui/translations/qmmp_zh_CN.qm
  -empty_dir: trunk/qmmp/src/ui/translations/qmmp_zh_TW.qm
r420
  -empty_dir: trunk/qmmp/src/plugins/Misc/FileDialogs/libQmmpFileDialog.so
  -empty_dir: trunk/qmmp/src/plugins/Misc/FileDialogs/libQt3FileDialog.so
  -empty_dir: trunk/qmmp/src/plugins/Misc/PlaylistFormats/libCSVPlaylistFormat.so
r421
r422
r423
r424
r425
r426
r427
  -empty_dir: trunk/qmmp/clear_cmake.sh
r428
  -empty_dir: trunk/qmmp/src/plugins/Misc/FileDialogs/QmmpFileDialog
  -empty_dir: trunk/qmmp/src/ui/filedialog.cpp
  -empty_dir: trunk/qmmp/src/ui/filedialog.h
  +file_prop: trunk/qmmp/src/plugins/FileDialogs/CMakeLists.txt svn:eol-style native
  +file_prop: trunk/qmmp/src/plugins/FileDialogs/QmmpFileDialog/CMakeLists.txt svn:eol-style native
  +file_prop: trunk/qmmp/src/plugins/FileDialogs/QmmpFileDialog/qmmpfiledialog.cpp svn:eol-style native
  +file_prop: trunk/qmmp/src/plugins/FileDialogs/QmmpFileDialog/qmmpfiledialog.h svn:eol-style native
  +file_prop: trunk/qmmp/src/plugins/FileDialogs/QmmpFileDialog/qmmpfiledialogimpl.cpp svn:eol-style native
  +file_prop: trunk/qmmp/src/plugins/FileDialogs/QmmpFileDialog/qmmpfiledialogimpl.h svn:eol-style native
  +file_prop: trunk/qmmp/src/qmmpui/filedialog.cpp svn:eol-style native
  +file_prop: trunk/qmmp/src/qmmpui/filedialog.h svn:eol-style native
r429
r430
r431
  +file_prop: trunk/qmmp/clear_qmake.sh svn:eol-style native
r432
r433
r434
r435
r436
r437
r438
r439
r440
r441
r442
r443
  +file_prop: trunk/qmmp/src/qmmpui/filedialogfactory.h svn:eol-style native
  +file_prop: trunk/qmmp/src/qmmpui/qtfiledialog.cpp svn:eol-style native
  +file_prop: trunk/qmmp/src/qmmpui/qtfiledialog.h svn:eol-style native
r444
r445
r446
r447
r448
r449
r450
r451
r452
r453
r454
r455
r456
r457
r458
r459
r460
r461
r462
  -empty_dir: trunk/qmmp/src/ui/html
  +file_prop: trunk/qmmp/src/ui/txt/description_ru.txt svn:mime-type application/octet-stream
  +file_prop: trunk/qmmp/src/ui/txt/translators_ru.txt svn:eol-style native
r463
r464
r465
