r11674
r11675
r11677
r11678
r11679
  -empty_dir: branches/qmmp-plugin-pack-1.7/appdata/qmmp-plugin-pack.appdata.xml
r11691
r11720
r11760
r11807
r11808
r11855
  +dir_prop: branches/qmmp-plugin-pack-1.7 svn:mergeinfo /branches/qmmp-plugin-pack-0.12:8082%0A/branches/qmmp-plugin-pack-1.2:6860%0A/trunk/qmmp:9978%2C10224%2C10270%0A/trunk/qmmp-plugin-pack:9964-9965%2C10052%2C10224%2C10235%2C10240-10241%2C10245%2C10270%2C10306%2C10332%2C10480%2C10604%2C10611%2C10626%2C11854
r11875
r11901
  +dir_prop: branches/qmmp-plugin-pack-1.7 svn:mergeinfo /branches/qmmp-plugin-pack-0.12:8082%0A/branches/qmmp-plugin-pack-1.2:6860%0A/trunk/qmmp:9978%2C10224%2C10270%0A/trunk/qmmp-plugin-pack:9964-9965%2C10052%2C10224%2C10235%2C10240-10241%2C10245%2C10270%2C10306%2C10332%2C10480%2C10604%2C10611%2C10626%2C11854%2C11899
r11904
r11913
r11914
r11942
  +dir_prop: branches/qmmp-plugin-pack-1.7 svn:mergeinfo /branches/qmmp-plugin-pack-0.12:8082%0A/branches/qmmp-plugin-pack-1.2:6860%0A/trunk/qmmp:9978%2C10224%2C10270%0A/trunk/qmmp-plugin-pack:9964-9965%2C10052%2C10224%2C10235%2C10240-10241%2C10245%2C10270%2C10306%2C10332%2C10480%2C10604%2C10611%2C10626%2C11854%2C11899%2C11940
r11949
r12019
  +dir_prop: branches/qmmp-plugin-pack-1.7 svn:mergeinfo /branches/qmmp-plugin-pack-0.12:8082%0A/branches/qmmp-plugin-pack-1.2:6860%0A/branches/qmmp-plugin-pack-2.2:12018%0A/trunk/qmmp:9978%2C10224%2C10270%0A/trunk/qmmp-plugin-pack:9964-9965%2C10052%2C10224%2C10235%2C10240-10241%2C10245%2C10270%2C10306%2C10332%2C10480%2C10604%2C10611%2C10626%2C11854%2C11899%2C11940%2C12017
r12020
r12097
r12109
  +dir_prop: branches/qmmp-plugin-pack-1.7 svn:mergeinfo /branches/qmmp-plugin-pack-0.12:8082%0A/branches/qmmp-plugin-pack-1.2:6860%0A/branches/qmmp-plugin-pack-2.2:12018%0A/trunk/qmmp:9978%2C10224%2C10270%0A/trunk/qmmp-plugin-pack:9964-9965%2C10052%2C10224%2C10235%2C10240-10241%2C10245%2C10270%2C10306%2C10332%2C10480%2C10604%2C10611%2C10626%2C11854%2C11899%2C11940%2C12017%2C12107
r12167
r12201
r12222
  +dir_prop: branches/qmmp-plugin-pack-1.7 svn:mergeinfo /branches/qmmp-plugin-pack-0.12:8082%0A/branches/qmmp-plugin-pack-1.2:6860%0A/branches/qmmp-plugin-pack-2.2:12018%0A/trunk/qmmp:9978%2C10224%2C10270%0A/trunk/qmmp-plugin-pack:9964-9965%2C10052%2C10224%2C10235%2C10240-10241%2C10245%2C10270%2C10306%2C10332%2C10480%2C10604%2C10611%2C10626%2C11854%2C11899%2C11940%2C12017%2C12107%2C12220
r12224
  +dir_prop: branches/qmmp-plugin-pack-1.7 svn:mergeinfo /branches/qmmp-plugin-pack-0.12:8082%0A/branches/qmmp-plugin-pack-1.2:6860%0A/branches/qmmp-plugin-pack-2.2:12018%2C12223%0A/trunk/qmmp:9978%2C10224%2C10270%0A/trunk/qmmp-plugin-pack:9964-9965%2C10052%2C10224%2C10235%2C10240-10241%2C10245%2C10270%2C10306%2C10332%2C10480%2C10604%2C10611%2C10626%2C11854%2C11899%2C11940%2C12017%2C12107%2C12220
r12234
r12626
r12717
  -empty_dir: branches/qmmp-plugin-pack-1.7/utils/remove_svn_tags.cmd
  -empty_dir: branches/qmmp-plugin-pack-1.7/utils/remove_svn_tags.sh
r12730
  +dir_prop: branches/qmmp-plugin-pack-1.7 svn:mergeinfo /branches/qmmp-plugin-pack-0.12:8082%0A/branches/qmmp-plugin-pack-1.2:6860%0A/branches/qmmp-plugin-pack-2.2:12018%2C12223%0A/trunk/qmmp:9978%2C10224%2C10270%0A/trunk/qmmp-plugin-pack:9964-9965%2C10052%2C10224%2C10235%2C10240-10241%2C10245%2C10270%2C10306%2C10332%2C10480%2C10604%2C10611%2C10626%2C11854%2C11899%2C11940%2C12017%2C12107%2C12220%2C12729
r12735
r12770
r12783
r12787
  +dir_prop: branches/qmmp-plugin-pack-1.7 svn:mergeinfo /branches/qmmp-plugin-pack-0.12:8082%0A/branches/qmmp-plugin-pack-1.2:6860%0A/branches/qmmp-plugin-pack-2.2:12018%2C12223%0A/trunk/qmmp:9978%2C10224%2C10270%0A/trunk/qmmp-plugin-pack:9964-9965%2C10052%2C10224%2C10235%2C10240-10241%2C10245%2C10270%2C10306%2C10332%2C10480%2C10604%2C10611%2C10626%2C11854%2C11899%2C11940%2C12017%2C12107%2C12220%2C12729%2C12784
r12790
  +dir_prop: branches/qmmp-plugin-pack-1.7 svn:mergeinfo /branches/qmmp-plugin-pack-0.12:8082%0A/branches/qmmp-plugin-pack-1.2:6860%0A/branches/qmmp-plugin-pack-2.2:12018%2C12223%0A/trunk/qmmp:9978%2C10224%2C10270%0A/trunk/qmmp-plugin-pack:9964-9965%2C10052%2C10224%2C10235%2C10240-10241%2C10245%2C10270%2C10306%2C10332%2C10480%2C10604%2C10611%2C10626%2C11854%2C11899%2C11940%2C12017%2C12107%2C12220%2C12729%2C12784%2C12788
r13108
r13169
r13171
r13174
r13175
r13180
