r7749
r7762
r7768
r7775
r7801
  +dir_prop: branches/qmmp-0.11 svn:mergeinfo /branches/qmmp-0.10:7522%0A/branches/qmmp-1.0:5596%0A/branches/qmmp-1.1:5819%2C5968%2C6043%2C6172%2C6233%2C6442%0A/branches/qmmp-1.2:6799%2C6945%2C6975%2C7173%2C7382%2C7520%0A/trunk/qmmp:7798
r7833
  +dir_prop: branches/qmmp-0.11 svn:mergeinfo /branches/qmmp-0.10:7522%0A/branches/qmmp-1.0:5596%0A/branches/qmmp-1.1:5819%2C5968%2C6043%2C6172%2C6233%2C6442%0A/branches/qmmp-1.2:6799%2C6945%2C6975%2C7173%2C7382%2C7520%2C7832%0A/trunk/qmmp:7798
r7849
  +dir_prop: branches/qmmp-0.11 svn:mergeinfo /branches/qmmp-0.10:7522%0A/branches/qmmp-0.12:7848%0A/branches/qmmp-1.0:5596%0A/branches/qmmp-1.1:5819%2C5968%2C6043%2C6172%2C6233%2C6442%0A/branches/qmmp-1.2:6799%2C6945%2C6975%2C7173%2C7382%2C7520%2C7832%0A/trunk/qmmp:7798
r7854
  +dir_prop: branches/qmmp-0.11 svn:mergeinfo /branches/qmmp-0.10:7522%0A/branches/qmmp-0.12:7848%2C7851%0A/branches/qmmp-1.0:5596%0A/branches/qmmp-1.1:5819%2C5968%2C6043%2C6172%2C6233%2C6442%0A/branches/qmmp-1.2:6799%2C6945%2C6975%2C7173%2C7382%2C7520%2C7832%0A/trunk/qmmp:7798
r7861
  +dir_prop: branches/qmmp-0.11 svn:mergeinfo /branches/qmmp-0.10:7522%0A/branches/qmmp-0.12:7848%2C7851%0A/branches/qmmp-1.0:5596%0A/branches/qmmp-1.1:5819%2C5968%2C6043%2C6172%2C6233%2C6442%0A/branches/qmmp-1.2:6799%2C6945%2C6975%2C7173%2C7382%2C7520%2C7832%0A/trunk/qmmp:7798%2C7858
r7864
  +dir_prop: branches/qmmp-0.11 svn:mergeinfo /branches/qmmp-0.10:7522%0A/branches/qmmp-0.12:7848%2C7851%0A/branches/qmmp-1.0:5596%0A/branches/qmmp-1.1:5819%2C5968%2C6043%2C6172%2C6233%2C6442%0A/branches/qmmp-1.2:6799%2C6945%2C6975%2C7173%2C7382%2C7520%2C7832%0A/trunk/qmmp:7798%2C7857-7858
r7868
  +dir_prop: branches/qmmp-0.11 svn:mergeinfo /branches/qmmp-0.10:7522%0A/branches/qmmp-0.12:7848%2C7851%0A/branches/qmmp-1.0:5596%0A/branches/qmmp-1.1:5819%2C5968%2C6043%2C6172%2C6233%2C6442%0A/branches/qmmp-1.2:6799%2C6945%2C6975%2C7173%2C7382%2C7520%2C7832%0A/trunk/qmmp:7798%2C7857-7858%2C7865
r7879
r7888
r7894
r7895
r7902
r7910
  +dir_prop: branches/qmmp-0.11 svn:mergeinfo /branches/qmmp-0.10:7522%0A/branches/qmmp-0.12:7848%2C7851%0A/branches/qmmp-1.0:5596%0A/branches/qmmp-1.1:5819%2C5968%2C6043%2C6172%2C6233%2C6442%0A/branches/qmmp-1.2:6799%2C6945%2C6975%2C7173%2C7382%2C7520%2C7832%0A/trunk/qmmp:7798%2C7857-7858%2C7865%2C7907
r7911
r7914
r7919
  +dir_prop: branches/qmmp-0.11 svn:mergeinfo /branches/qmmp-0.10:7522%0A/branches/qmmp-0.12:7848%2C7851%2C7918%0A/branches/qmmp-1.0:5596%0A/branches/qmmp-1.1:5819%2C5968%2C6043%2C6172%2C6233%2C6442%0A/branches/qmmp-1.2:6799%2C6945%2C6975%2C7173%2C7382%2C7520%2C7832%0A/trunk/qmmp:7798%2C7857-7858%2C7865%2C7907
r7931
r7965
  +dir_prop: branches/qmmp-0.11 svn:mergeinfo /branches/qmmp-0.10:7522%0A/branches/qmmp-0.12:7848%2C7851%2C7918%0A/branches/qmmp-1.0:5596%0A/branches/qmmp-1.1:5819%2C5968%2C6043%2C6172%2C6233%2C6442%0A/branches/qmmp-1.2:6799%2C6945%2C6975%2C7173%2C7382%2C7520%2C7832%2C7964%0A/trunk/qmmp:7798%2C7857-7858%2C7865%2C7907
r7969
  +dir_prop: branches/qmmp-0.11 svn:mergeinfo /branches/qmmp-0.10:7522%0A/branches/qmmp-0.12:7848%2C7851%2C7918%0A/branches/qmmp-1.0:5596%0A/branches/qmmp-1.1:5819%2C5968%2C6043%2C6172%2C6233%2C6442%0A/branches/qmmp-1.2:6799%2C6945%2C6975%2C7173%2C7382%2C7520%2C7832%2C7964%2C7968%0A/trunk/qmmp:7798%2C7857-7858%2C7865%2C7907
r7990
r7991
r8010
  +dir_prop: branches/qmmp-0.11 svn:mergeinfo /branches/qmmp-0.10:7522%0A/branches/qmmp-0.12:7848%2C7851%2C7918%0A/branches/qmmp-1.0:5596%0A/branches/qmmp-1.1:5819%2C5968%2C6043%2C6172%2C6233%2C6442%0A/branches/qmmp-1.2:6799%2C6945%2C6975%2C7173%2C7382%2C7520%2C7832%2C7964%2C7968%2C8009%0A/trunk/qmmp:7798%2C7857-7858%2C7865%2C7907
r8044
  +dir_prop: branches/qmmp-0.11 svn:mergeinfo /branches/qmmp-0.10:7522%0A/branches/qmmp-0.12:7848%2C7851%2C7918%0A/branches/qmmp-1.0:5596%0A/branches/qmmp-1.1:5819%2C5968%2C6043%2C6172%2C6233%2C6442%0A/branches/qmmp-1.2:6799%2C6945%2C6975%2C7173%2C7382%2C7520%2C7832%2C7964%2C7968%2C8009%0A/trunk/qmmp:7798%2C7857-7858%2C7865%2C7907%2C8041
r8065
  +dir_prop: branches/qmmp-0.11 svn:mergeinfo /branches/qmmp-0.10:7522%0A/branches/qmmp-0.12:7848%2C7851%2C7918%0A/branches/qmmp-1.0:5596%0A/branches/qmmp-1.1:5819%2C5968%2C6043%2C6172%2C6233%2C6442%0A/branches/qmmp-1.2:6799%2C6945%2C6975%2C7173%2C7382%2C7520%2C7832%2C7964%2C7968%2C8009%0A/trunk/qmmp:7798%2C7857-7858%2C7865%2C7907%2C8041%2C8062
r8067
  +dir_prop: branches/qmmp-0.11 svn:mergeinfo /branches/qmmp-0.10:7522%0A/branches/qmmp-0.12:7848%2C7851%2C7918%0A/branches/qmmp-1.0:5596%0A/branches/qmmp-1.1:5819%2C5968%2C6043%2C6172%2C6233%2C6442%0A/branches/qmmp-1.2:6799%2C6945%2C6975%2C7173%2C7382%2C7520%2C7832%2C7964%2C7968%2C8009%0A/trunk/qmmp:7798%2C7857-7858%2C7865%2C7907%2C8041%2C8062%2C8066
r8095
  +dir_prop: branches/qmmp-0.11 svn:mergeinfo /branches/qmmp-0.10:7522%0A/branches/qmmp-0.12:7848%2C7851%2C7918%0A/branches/qmmp-1.0:5596%0A/branches/qmmp-1.1:5819%2C5968%2C6043%2C6172%2C6233%2C6442%0A/branches/qmmp-1.2:6799%2C6945%2C6975%2C7173%2C7382%2C7520%2C7832%2C7964%2C7968%2C8009%0A/trunk/qmmp:7798%2C7857-7858%2C7865%2C7907%2C8041%2C8062%2C8066%2C8092
r8105
  +dir_prop: branches/qmmp-0.11 svn:mergeinfo /branches/qmmp-0.10:7522%0A/branches/qmmp-0.12:7848%2C7851%2C7918%0A/branches/qmmp-1.0:5596%0A/branches/qmmp-1.1:5819%2C5968%2C6043%2C6172%2C6233%2C6442%0A/branches/qmmp-1.2:6799%2C6945%2C6975%2C7173%2C7382%2C7520%2C7832%2C7964%2C7968%2C8009%0A/trunk/qmmp:7798%2C7857-7858%2C7865%2C7907%2C8041%2C8062%2C8066%2C8092%2C8099-8102
r8129
  +dir_prop: branches/qmmp-0.11 svn:mergeinfo /branches/qmmp-0.10:7522%0A/branches/qmmp-0.12:7848%2C7851%2C7918%2C8122%0A/branches/qmmp-1.0:5596%0A/branches/qmmp-1.1:5819%2C5968%2C6043%2C6172%2C6233%2C6442%0A/branches/qmmp-1.2:6799%2C6945%2C6975%2C7173%2C7382%2C7520%2C7832%2C7964%2C7968%2C8009%0A/trunk/qmmp:7798%2C7857-7858%2C7865%2C7907%2C8041%2C8062%2C8066%2C8092%2C8099-8102
r8130
r8135
r8146
  +dir_prop: branches/qmmp-0.11 svn:mergeinfo /branches/qmmp-0.10:7522%0A/branches/qmmp-0.12:7848%2C7851%2C7918%2C8122%0A/branches/qmmp-1.0:5596%0A/branches/qmmp-1.1:5819%2C5968%2C6043%2C6172%2C6233%2C6442%0A/branches/qmmp-1.2:6799%2C6945%2C6975%2C7173%2C7382%2C7520%2C7832%2C7964%2C7968%2C8009%0A/trunk/qmmp:7798%2C7857-7858%2C7865%2C7907%2C8041%2C8062%2C8066%2C8092%2C8099-8102%2C8145
r8150
  +dir_prop: branches/qmmp-0.11 svn:mergeinfo /branches/qmmp-0.10:7522%0A/branches/qmmp-0.12:7848%2C7851%2C7918%2C8122%0A/branches/qmmp-1.0:5596%0A/branches/qmmp-1.1:5819%2C5968%2C6043%2C6172%2C6233%2C6442%0A/branches/qmmp-1.2:6799%2C6945%2C6975%2C7173%2C7382%2C7520%2C7832%2C7964%2C7968%2C8009%2C8149%0A/trunk/qmmp:7798%2C7857-7858%2C7865%2C7907%2C8041%2C8062%2C8066%2C8092%2C8099-8102%2C8145
r8159
r8179
r8210
  +dir_prop: branches/qmmp-0.11 svn:mergeinfo /branches/qmmp-0.10:7522%0A/branches/qmmp-0.12:7848%2C7851%2C7918%2C8122%0A/branches/qmmp-1.0:5596%0A/branches/qmmp-1.1:5819%2C5968%2C6043%2C6172%2C6233%2C6442%0A/branches/qmmp-1.2:6799%2C6945%2C6975%2C7173%2C7382%2C7520%2C7832%2C7964%2C7968%2C8009%2C8149%0A/trunk/qmmp:7798%2C7857-7858%2C7865%2C7907%2C8041%2C8062%2C8066%2C8092%2C8099-8102%2C8145%2C8207
r8221
  +dir_prop: branches/qmmp-0.11 svn:mergeinfo /branches/qmmp-0.10:7522%0A/branches/qmmp-0.12:7848%2C7851%2C7918%2C8122%0A/branches/qmmp-1.0:5596%0A/branches/qmmp-1.1:5819%2C5968%2C6043%2C6172%2C6233%2C6442%0A/branches/qmmp-1.2:6799%2C6945%2C6975%2C7173%2C7382%2C7520%2C7832%2C7964%2C7968%2C8009%2C8149%0A/trunk/qmmp:7798%2C7857-7858%2C7865%2C7907%2C8041%2C8062%2C8066%2C8092%2C8099-8102%2C8145%2C8207%2C8218
r8251
  +dir_prop: branches/qmmp-0.11 svn:mergeinfo /branches/qmmp-0.10:7522%0A/branches/qmmp-0.12:7848%2C7851%2C7918%2C8122%0A/branches/qmmp-1.0:5596%0A/branches/qmmp-1.1:5819%2C5968%2C6043%2C6172%2C6233%2C6442%0A/branches/qmmp-1.2:6799%2C6945%2C6975%2C7173%2C7382%2C7520%2C7832%2C7964%2C7968%2C8009%2C8149%0A/trunk/qmmp:7798%2C7857-7858%2C7865%2C7907%2C8041%2C8062%2C8066%2C8092%2C8099-8102%2C8145%2C8207%2C8218%2C8247-8248
r8258
  +dir_prop: branches/qmmp-0.11 svn:mergeinfo /branches/qmmp-0.10:7522%0A/branches/qmmp-0.12:7848%2C7851%2C7918%2C8122%0A/branches/qmmp-1.0:5596%0A/branches/qmmp-1.1:5819%2C5968%2C6043%2C6172%2C6233%2C6442%0A/branches/qmmp-1.2:6799%2C6945%2C6975%2C7173%2C7382%2C7520%2C7832%2C7964%2C7968%2C8009%2C8149%0A/trunk/qmmp:7798%2C7857-7858%2C7865%2C7907%2C8041%2C8062%2C8066%2C8092%2C8099-8102%2C8145%2C8207%2C8218%2C8247-8248%2C8255
r8266
  +dir_prop: branches/qmmp-0.11 svn:mergeinfo /branches/qmmp-0.10:7522%0A/branches/qmmp-0.12:7848%2C7851%2C7918%2C8122%0A/branches/qmmp-1.0:5596%0A/branches/qmmp-1.1:5819%2C5968%2C6043%2C6172%2C6233%2C6442%0A/branches/qmmp-1.2:6799%2C6945%2C6975%2C7173%2C7382%2C7520%2C7832%2C7964%2C7968%2C8009%2C8149%0A/trunk/qmmp:7798%2C7857-7858%2C7865%2C7907%2C8041%2C8062%2C8066%2C8092%2C8099-8102%2C8145%2C8207%2C8218%2C8247-8248%2C8255%2C8263
r8270
r8272
  +dir_prop: branches/qmmp-0.11 svn:mergeinfo /branches/qmmp-0.10:7522%0A/branches/qmmp-0.12:7848%2C7851%2C7918%2C8122%0A/branches/qmmp-1.0:5596%0A/branches/qmmp-1.1:5819%2C5968%2C6043%2C6172%2C6233%2C6442%0A/branches/qmmp-1.2:6799%2C6945%2C6975%2C7173%2C7382%2C7520%2C7832%2C7964%2C7968%2C8009%2C8149%2C8271%0A/trunk/qmmp:7798%2C7857-7858%2C7865%2C7907%2C8041%2C8062%2C8066%2C8092%2C8099-8102%2C8145%2C8207%2C8218%2C8247-8248%2C8255%2C8263
r8276
r8287
  +dir_prop: branches/qmmp-0.11 svn:mergeinfo /branches/qmmp-0.10:7522%0A/branches/qmmp-0.12:7848%2C7851%2C7918%2C8122%0A/branches/qmmp-1.0:5596%0A/branches/qmmp-1.1:5819%2C5968%2C6043%2C6172%2C6233%2C6442%0A/branches/qmmp-1.2:6799%2C6945%2C6975%2C7173%2C7382%2C7520%2C7832%2C7964%2C7968%2C8009%2C8149%2C8271%0A/trunk/qmmp:7798%2C7857-7858%2C7865%2C7907%2C8041%2C8062%2C8066%2C8092%2C8099-8102%2C8145%2C8207%2C8218%2C8247-8248%2C8255%2C8263%2C8284
r8302
  +dir_prop: branches/qmmp-0.11 svn:mergeinfo /branches/qmmp-0.10:7522%0A/branches/qmmp-0.12:7848%2C7851%2C7918%2C8122%0A/branches/qmmp-1.0:5596%0A/branches/qmmp-1.1:5819%2C5968%2C6043%2C6172%2C6233%2C6442%0A/branches/qmmp-1.2:6799%2C6945%2C6975%2C7173%2C7382%2C7520%2C7832%2C7964%2C7968%2C8009%2C8149%2C8271%2C8301%0A/trunk/qmmp:7798%2C7857-7858%2C7865%2C7907%2C8041%2C8062%2C8066%2C8092%2C8099-8102%2C8145%2C8207%2C8218%2C8247-8248%2C8255%2C8263%2C8284
r8312
  +dir_prop: branches/qmmp-0.11 svn:mergeinfo /branches/qmmp-0.10:7522%0A/branches/qmmp-0.12:7848%2C7851%2C7918%2C8122%2C8311%0A/branches/qmmp-1.0:5596%0A/branches/qmmp-1.1:5819%2C5968%2C6043%2C6172%2C6233%2C6442%0A/branches/qmmp-1.2:6799%2C6945%2C6975%2C7173%2C7382%2C7520%2C7832%2C7964%2C7968%2C8009%2C8149%2C8271%2C8301%0A/trunk/qmmp:7798%2C7857-7858%2C7865%2C7907%2C8041%2C8062%2C8066%2C8092%2C8099-8102%2C8145%2C8207%2C8218%2C8247-8248%2C8255%2C8263%2C8284
r8313
r8314
r8316
r8317
r8329
  +dir_prop: branches/qmmp-0.11 svn:mergeinfo /branches/qmmp-0.10:7522%0A/branches/qmmp-0.12:7848%2C7851%2C7918%2C8122%2C8311%0A/branches/qmmp-1.0:5596%0A/branches/qmmp-1.1:5819%2C5968%2C6043%2C6172%2C6233%2C6442%0A/branches/qmmp-1.2:6799%2C6945%2C6975%2C7173%2C7382%2C7520%2C7832%2C7964%2C7968%2C8009%2C8149%2C8271%2C8301%0A/trunk/qmmp:7798%2C7857-7858%2C7865%2C7907%2C8041%2C8062%2C8066%2C8092%2C8099-8102%2C8145%2C8207%2C8218%2C8247-8248%2C8255%2C8263%2C8284%2C8324%2C8326
r8335
r8340
r8348
r8379
  +dir_prop: branches/qmmp-0.11 svn:mergeinfo /branches/qmmp-0.10:7522%0A/branches/qmmp-0.12:7848%2C7851%2C7918%2C8122%2C8311%2C8378%0A/branches/qmmp-1.0:5596%0A/branches/qmmp-1.1:5819%2C5968%2C6043%2C6172%2C6233%2C6442%0A/branches/qmmp-1.2:6799%2C6945%2C6975%2C7173%2C7382%2C7520%2C7832%2C7964%2C7968%2C8009%2C8149%2C8271%2C8301%0A/trunk/qmmp:7798%2C7857-7858%2C7865%2C7907%2C8041%2C8062%2C8066%2C8092%2C8099-8102%2C8145%2C8207%2C8218%2C8247-8248%2C8255%2C8263%2C8284%2C8324%2C8326
r8397
  +dir_prop: branches/qmmp-0.11 svn:mergeinfo /branches/qmmp-0.10:7522%0A/branches/qmmp-0.12:7848%2C7851%2C7918%2C8122%2C8311%2C8378%0A/branches/qmmp-1.0:5596%0A/branches/qmmp-1.1:5819%2C5968%2C6043%2C6172%2C6233%2C6442%0A/branches/qmmp-1.2:6799%2C6945%2C6975%2C7173%2C7382%2C7520%2C7832%2C7964%2C7968%2C8009%2C8149%2C8271%2C8301%0A/trunk/qmmp:7798%2C7857-7858%2C7865%2C7907%2C8041%2C8062%2C8066%2C8092%2C8099-8102%2C8145%2C8207%2C8218%2C8247-8248%2C8255%2C8263%2C8284%2C8324%2C8326%2C8353
r8407
r8449
  +dir_prop: branches/qmmp-0.11 svn:mergeinfo /branches/qmmp-0.10:7522%0A/branches/qmmp-0.12:7848%2C7851%2C7918%2C8122%2C8311%2C8378%0A/branches/qmmp-1.0:5596%0A/branches/qmmp-1.1:5819%2C5968%2C6043%2C6172%2C6233%2C6442%0A/branches/qmmp-1.2:6799%2C6945%2C6975%2C7173%2C7382%2C7520%2C7832%2C7964%2C7968%2C8009%2C8149%2C8271%2C8301%2C8448%0A/trunk/qmmp:7798%2C7857-7858%2C7865%2C7907%2C8041%2C8062%2C8066%2C8092%2C8099-8102%2C8145%2C8207%2C8218%2C8247-8248%2C8255%2C8263%2C8284%2C8324%2C8326%2C8353
r8495
r8500
  +dir_prop: branches/qmmp-0.11 svn:mergeinfo /branches/qmmp-0.10:7522%0A/branches/qmmp-0.12:7848%2C7851%2C7918%2C8122%2C8311%2C8378%0A/branches/qmmp-1.0:5596%0A/branches/qmmp-1.1:5819%2C5968%2C6043%2C6172%2C6233%2C6442%0A/branches/qmmp-1.2:6799%2C6945%2C6975%2C7173%2C7382%2C7520%2C7832%2C7964%2C7968%2C8009%2C8149%2C8271%2C8301%2C8448%0A/trunk/qmmp:7798%2C7857-7858%2C7865%2C7907%2C8041%2C8062%2C8066%2C8092%2C8099-8102%2C8145%2C8207%2C8218%2C8247-8248%2C8255%2C8263%2C8284%2C8324%2C8326%2C8353%2C8497
r8513
  +dir_prop: branches/qmmp-0.11 svn:mergeinfo /branches/qmmp-0.10:7522%0A/branches/qmmp-0.12:7848%2C7851%2C7918%2C8122%2C8311%2C8378%0A/branches/qmmp-1.0:5596%0A/branches/qmmp-1.1:5819%2C5968%2C6043%2C6172%2C6233%2C6442%0A/branches/qmmp-1.2:6799%2C6945%2C6975%2C7173%2C7382%2C7520%2C7832%2C7964%2C7968%2C8009%2C8149%2C8271%2C8301%2C8448%0A/trunk/qmmp:7798%2C7857-7858%2C7865%2C7907%2C8041%2C8062%2C8066%2C8092%2C8099-8102%2C8145%2C8207%2C8218%2C8247-8248%2C8255%2C8263%2C8284%2C8324%2C8326%2C8353%2C8497%2C8511
r8515
r8521
  +dir_prop: branches/qmmp-0.11 svn:mergeinfo /branches/qmmp-0.10:7522%0A/branches/qmmp-0.12:7848%2C7851%2C7918%2C8122%2C8311%2C8378%0A/branches/qmmp-1.0:5596%0A/branches/qmmp-1.1:5819%2C5968%2C6043%2C6172%2C6233%2C6442%0A/branches/qmmp-1.2:6799%2C6945%2C6975%2C7173%2C7382%2C7520%2C7832%2C7964%2C7968%2C8009%2C8149%2C8271%2C8301%2C8448%0A/trunk/qmmp:7798%2C7857-7858%2C7865%2C7907%2C8041%2C8062%2C8066%2C8092%2C8099-8102%2C8145%2C8207%2C8218%2C8247-8248%2C8255%2C8263%2C8284%2C8324%2C8326%2C8353%2C8497%2C8511%2C8518
r8527
r8577
r8599
  +dir_prop: branches/qmmp-0.11 svn:mergeinfo /branches/qmmp-0.10:7522%0A/branches/qmmp-0.12:7848%2C7851%2C7918%2C8122%2C8311%2C8378%2C8595%0A/branches/qmmp-1.0:5596%0A/branches/qmmp-1.1:5819%2C5968%2C6043%2C6172%2C6233%2C6442%0A/branches/qmmp-1.2:6799%2C6945%2C6975%2C7173%2C7382%2C7520%2C7832%2C7964%2C7968%2C8009%2C8149%2C8271%2C8301%2C8448%0A/trunk/qmmp:7798%2C7857-7858%2C7865%2C7907%2C8041%2C8062%2C8066%2C8092%2C8099-8102%2C8145%2C8207%2C8218%2C8247-8248%2C8255%2C8263%2C8284%2C8324%2C8326%2C8353%2C8497%2C8511%2C8518
r8607
  +dir_prop: branches/qmmp-0.11 svn:mergeinfo /branches/qmmp-0.10:7522%0A/branches/qmmp-0.12:7848%2C7851%2C7918%2C8122%2C8311%2C8378%2C8595%0A/branches/qmmp-1.0:5596%0A/branches/qmmp-1.1:5819%2C5968%2C6043%2C6172%2C6233%2C6442%0A/branches/qmmp-1.2:6799%2C6945%2C6975%2C7173%2C7382%2C7520%2C7832%2C7964%2C7968%2C8009%2C8149%2C8271%2C8301%2C8448%0A/trunk/qmmp:7798%2C7857-7858%2C7865%2C7907%2C8041%2C8062%2C8066%2C8092%2C8099-8102%2C8145%2C8207%2C8218%2C8247-8248%2C8255%2C8263%2C8284%2C8324%2C8326%2C8353%2C8497%2C8511%2C8518%2C8604
r8608
