r10634
r10664
r10675
r10716
r10889
r10894
r10898
  -empty_dir: branches/qmmp-plugin-pack-1.6/ChangeLog.svn
r10916
  +dir_prop: branches/qmmp-plugin-pack-1.6 svn:mergeinfo /branches/qmmp-plugin-pack-0.12:8082%0A/branches/qmmp-plugin-pack-1.2:6860%0A/branches/qmmp-plugin-pack-2.0:9933%0A/trunk/qmmp-plugin-pack:10912
r10925
  +dir_prop: branches/qmmp-plugin-pack-1.6 svn:mergeinfo /branches/qmmp-plugin-pack-0.12:8082%0A/branches/qmmp-plugin-pack-1.2:6860%0A/branches/qmmp-plugin-pack-2.0:9933%0A/trunk/qmmp-plugin-pack:10912%2C10922
r10928
  +dir_prop: branches/qmmp-plugin-pack-1.6 svn:mergeinfo /branches/qmmp-plugin-pack-0.12:8082%0A/branches/qmmp-plugin-pack-1.2:6860%0A/branches/qmmp-plugin-pack-2.0:9933%0A/trunk/qmmp-plugin-pack:10912%2C10922%2C10926
r10934
r10946
r10962
r10984
  +dir_prop: branches/qmmp-plugin-pack-1.6 svn:mergeinfo /branches/qmmp-plugin-pack-0.12:8082%0A/branches/qmmp-plugin-pack-1.2:6860%0A/branches/qmmp-plugin-pack-2.0:9933%0A/trunk/qmmp-plugin-pack:10912%2C10922%2C10926%2C10982
r10986
r10990
r11563
  +dir_prop: branches/qmmp-plugin-pack-1.6 svn:mergeinfo /branches/qmmp-plugin-pack-0.12:8082%0A/branches/qmmp-plugin-pack-1.2:6860%0A/branches/qmmp-plugin-pack-2.0:9933%0A/branches/qmmp-plugin-pack-2.1:11561-11562%0A/trunk/qmmp-plugin-pack:10912%2C10922%2C10926%2C10982
r11712
r11714
  +dir_prop: branches/qmmp-plugin-pack-1.6 svn:mergeinfo /branches/qmmp-plugin-pack-0.12:8082%0A/branches/qmmp-plugin-pack-1.2:6860%0A/branches/qmmp-plugin-pack-2.0:9933%0A/branches/qmmp-plugin-pack-2.1:11561-11562%2C11713%0A/trunk/qmmp-plugin-pack:10912%2C10922%2C10926%2C10982
