r4332
r4342
r4345
r4347
r4350
r4353
r4355
r4361
r4365
r4368
r4371
r4373
r4380
r4383
r4386
r4387
r4390
r4391
r4394
r4395
r4401
r4405
  -empty_dir: branches/qmmp-0.8/src/app/images/ico/icon.rc
r4406
r4407
r4408
r4412
r4413
r4414
r4418
r4422
r4426
r4433
r4436
r4439
r4440
r4456
r4458
r4461
r4463
r4466
r4470
r4472
r4474
r4476
r4479
r4483
r4487
r4492
r4493
r4494
r4497
  +empty_dir: branches/qmmp-0.8/src/app/desktop-translations
r4499
r4503
r4504
r4506
r4508
r4514
r4515
r4520
r4522
r4524
r4526
r4529
r4545
r4546
r4547
r4552
r4554
r4559
r4560
r4567
r4599
r4615
r4616
r4618
r4627
r4633
r4637
r4641
r4643
r4646
r4647
r4650
r4652
r4658
r4687
r4689
r4771
r4775
r4803
r4810
r4811
r4812
r4813
r4820
r4824
r4871
  +dir_prop: branches/qmmp-0.8 svn:mergeinfo /trunk/qmmp:4870
r4892
r4955
  +dir_prop: branches/qmmp-0.8 svn:mergeinfo /trunk/qmmp:4870%2C4953-4954
r4961
  +dir_prop: branches/qmmp-0.8 svn:mergeinfo /trunk/qmmp:4870%2C4953-4954%2C4960
r4972
  +dir_prop: branches/qmmp-0.8 svn:mergeinfo /trunk/qmmp:4870%2C4953-4954%2C4960%2C4971
r4973
  +dir_prop: branches/qmmp-0.8 svn:mergeinfo /trunk/qmmp:4870%2C4953-4954%2C4960%2C4970-4971
r4984
r4986
  +dir_prop: branches/qmmp-0.8 svn:mergeinfo /trunk/qmmp:4870%2C4953-4954%2C4960%2C4970-4971%2C4985
r4987
r5002
r5025
r5035
  +dir_prop: branches/qmmp-0.8 svn:mergeinfo /trunk/qmmp:4870%2C4953-4954%2C4960%2C4970-4971%2C4985%2C5034
r5036
r5075
  +dir_prop: branches/qmmp-0.8 svn:mergeinfo /trunk/qmmp:4870%2C4953-4954%2C4960%2C4970-4971%2C4985%2C5034%2C5073-5074
r5076
r5095
  +dir_prop: branches/qmmp-0.8 svn:mergeinfo /trunk/qmmp:4870%2C4953-4954%2C4960%2C4970-4971%2C4985%2C5034%2C5073-5074%2C5088-5089%2C5093
r5096
r5100
  +dir_prop: branches/qmmp-0.8 svn:mergeinfo /trunk/qmmp:4870%2C4953-4954%2C4960%2C4970-4971%2C4985%2C5034%2C5073-5074%2C5088-5089%2C5093%2C5099
r5104
  +dir_prop: branches/qmmp-0.8 svn:mergeinfo /trunk/qmmp:4870%2C4953-4954%2C4960%2C4970-4971%2C4985%2C5034%2C5073-5074%2C5088-5089%2C5093%2C5099%2C5103
r5105
r5106
r5110
r5138
r5170
  +dir_prop: branches/qmmp-0.8 svn:mergeinfo /trunk/qmmp:4870%2C4953-4954%2C4960%2C4970-4971%2C4985%2C5034%2C5073-5074%2C5088-5089%2C5093%2C5099%2C5103%2C5169
r5172
  +dir_prop: branches/qmmp-0.8 svn:mergeinfo /trunk/qmmp:4870%2C4953-4954%2C4960%2C4970-4971%2C4985%2C5034%2C5073-5074%2C5088-5089%2C5093%2C5099%2C5103%2C5169%2C5171
r5176
  +dir_prop: branches/qmmp-0.8 svn:mergeinfo /trunk/qmmp:4870%2C4953-4954%2C4960%2C4970-4971%2C4985%2C5034%2C5073-5074%2C5088-5089%2C5093%2C5099%2C5103%2C5169%2C5171%2C5175
r5178
  +dir_prop: branches/qmmp-0.8 svn:mergeinfo /trunk/qmmp:4870%2C4953-4954%2C4960%2C4970-4971%2C4985%2C5034%2C5073-5074%2C5088-5089%2C5093%2C5099%2C5103%2C5169%2C5171%2C5175-5176
r5229
  +dir_prop: branches/qmmp-0.8 svn:mergeinfo /trunk/qmmp:4870%2C4953-4954%2C4960%2C4970-4971%2C4985%2C5034%2C5073-5074%2C5088-5089%2C5093%2C5099%2C5103%2C5169%2C5171%2C5175-5176%2C5228
r5232
  +dir_prop: branches/qmmp-0.8 svn:mergeinfo /trunk/qmmp:4870%2C4953-4954%2C4960%2C4970-4971%2C4985%2C5034%2C5073-5074%2C5088-5089%2C5093%2C5099%2C5103%2C5169%2C5171%2C5175-5176%2C5228%2C5230-5231
r5235
  +dir_prop: branches/qmmp-0.8 svn:mergeinfo /trunk/qmmp:4870%2C4953-4954%2C4960%2C4970-4971%2C4985%2C5034%2C5073-5074%2C5088-5089%2C5093%2C5099%2C5103%2C5169%2C5171%2C5175-5176%2C5228%2C5230-5231%2C5233-5234
r5236
r5237
r5244
  +dir_prop: branches/qmmp-0.8 svn:mergeinfo /trunk/qmmp:4870%2C4953-4954%2C4960%2C4970-4971%2C4985%2C5034%2C5073-5074%2C5088-5089%2C5093%2C5099%2C5103%2C5169%2C5171%2C5175-5176%2C5228%2C5230-5231%2C5233-5234%2C5243
r5245
r5253
  +dir_prop: branches/qmmp-0.8 svn:mergeinfo /trunk/qmmp:4870%2C4953-4954%2C4960%2C4970-4971%2C4985%2C5034%2C5073-5074%2C5088-5089%2C5093%2C5099%2C5103%2C5169%2C5171%2C5175-5176%2C5228%2C5230-5231%2C5233-5234%2C5243%2C5252
r5254
r5258
r5260
  +dir_prop: branches/qmmp-0.8 svn:mergeinfo /trunk/qmmp:4870%2C4953-4954%2C4960%2C4970-4971%2C4985%2C5034%2C5073-5074%2C5088-5089%2C5093%2C5099%2C5103%2C5169%2C5171%2C5175-5176%2C5228%2C5230-5231%2C5233-5234%2C5243%2C5252%2C5259
r5273
r5284
  +dir_prop: branches/qmmp-0.8 svn:mergeinfo /trunk/qmmp:4870%2C4953-4954%2C4960%2C4970-4971%2C4985%2C5034%2C5073-5074%2C5088-5089%2C5093%2C5099%2C5103%2C5169%2C5171%2C5175-5176%2C5228%2C5230-5231%2C5233-5234%2C5243%2C5252%2C5283
r5302
r5318
  +dir_prop: branches/qmmp-0.8 svn:mergeinfo /trunk/qmmp:4870%2C4953-4954%2C4960%2C4970-4971%2C4985%2C5034%2C5073-5074%2C5088-5089%2C5093%2C5099%2C5103%2C5169%2C5171%2C5175-5176%2C5228%2C5230-5231%2C5233-5234%2C5243%2C5252%2C5283%2C5315-5316
r5320
r5322
r5332
  +dir_prop: branches/qmmp-0.8 svn:mergeinfo /trunk/qmmp:4870%2C4953-4954%2C4960%2C4970-4971%2C4985%2C5034%2C5073-5074%2C5088-5089%2C5093%2C5099%2C5103%2C5169%2C5171%2C5175-5176%2C5228%2C5230-5231%2C5233-5234%2C5243%2C5252%2C5283%2C5315-5316%2C5331
r5334
  +dir_prop: branches/qmmp-0.8 svn:mergeinfo /trunk/qmmp:4870%2C4953-4954%2C4960%2C4970-4971%2C4985%2C5034%2C5073-5074%2C5088-5089%2C5093%2C5099%2C5103%2C5169%2C5171%2C5175-5176%2C5228%2C5230-5231%2C5233-5234%2C5243%2C5252%2C5283%2C5315-5316%2C5331%2C5333
r5339
  +dir_prop: branches/qmmp-0.8 svn:mergeinfo /trunk/qmmp:4870%2C4953-4954%2C4960%2C4970-4971%2C4985%2C5034%2C5073-5074%2C5088-5089%2C5093%2C5099%2C5103%2C5169%2C5171%2C5175-5176%2C5228%2C5230-5231%2C5233-5234%2C5243%2C5252%2C5283%2C5315-5316%2C5331%2C5333%2C5337
r5340
r5341
r5349
r5354
  +dir_prop: branches/qmmp-0.8 svn:mergeinfo /trunk/qmmp:4870%2C4953-4954%2C4960%2C4970-4971%2C4985%2C5034%2C5073-5074%2C5088-5089%2C5093%2C5099%2C5103%2C5169%2C5171%2C5175-5176%2C5228%2C5230-5231%2C5233-5234%2C5243%2C5252%2C5283%2C5315-5316%2C5331%2C5333%2C5337%2C5353
r5396
r5397
r5398
r5402
r5421
  +dir_prop: branches/qmmp-0.8 svn:mergeinfo /trunk/qmmp:4870%2C4953-4954%2C4960%2C4970-4971%2C4985%2C5034%2C5073-5074%2C5088-5089%2C5093%2C5099%2C5103%2C5169%2C5171%2C5175-5176%2C5228%2C5230-5231%2C5233-5234%2C5243%2C5252%2C5283%2C5315-5316%2C5331%2C5333%2C5337%2C5353%2C5420
r5445
  +dir_prop: branches/qmmp-0.8 svn:mergeinfo /trunk/qmmp:4870%2C4953-4954%2C4960%2C4970-4971%2C4985%2C5034%2C5073-5074%2C5088-5089%2C5093%2C5099%2C5103%2C5169%2C5171%2C5175-5176%2C5228%2C5230-5231%2C5233-5234%2C5243%2C5252%2C5283%2C5315-5316%2C5331%2C5333%2C5337%2C5353%2C5420%2C5442-5444
r5448
r5457
r5462
r5477
  +dir_prop: branches/qmmp-0.8 svn:mergeinfo /trunk/qmmp:4870%2C4953-4954%2C4960%2C4970-4971%2C4985%2C5034%2C5073-5074%2C5088-5089%2C5093%2C5099%2C5103%2C5169%2C5171%2C5175-5176%2C5228%2C5230-5231%2C5233-5234%2C5243%2C5252%2C5283%2C5315-5316%2C5331%2C5333%2C5337%2C5353%2C5420%2C5442-5444%2C5476
r5483
