r5527
r5534
r5536
r5539
  +dir_prop: branches/qmmp-0.9 svn:mergeinfo /trunk/qmmp:5538
r5541
r5543
r5545
r5548
r5552
  +dir_prop: branches/qmmp-0.9 svn:mergeinfo /trunk/qmmp:5538%2C5550
r5555
  +dir_prop: branches/qmmp-0.9 svn:mergeinfo /trunk/qmmp:5538%2C5550%2C5553
r5558
  +dir_prop: branches/qmmp-0.9 svn:mergeinfo /trunk/qmmp:5538%2C5550%2C5553%2C5556
r5559
r5568
r5572
  +dir_prop: branches/qmmp-0.9 svn:mergeinfo /trunk/qmmp:5538%2C5550%2C5553%2C5556%2C5570
r5574
r5576
r5579
  +dir_prop: branches/qmmp-0.9 svn:mergeinfo /trunk/qmmp:5538%2C5550%2C5553%2C5556%2C5570%2C5578
r5581
r5589
  +dir_prop: branches/qmmp-0.9 svn:mergeinfo /trunk/qmmp:5538%2C5550%2C5553%2C5556%2C5570%2C5578%2C5588
r5597
  +dir_prop: branches/qmmp-0.9 svn:mergeinfo /branches/qmmp-1.0:5596%0A/trunk/qmmp:5538%2C5550%2C5553%2C5556%2C5570%2C5578%2C5588
r5601
  +dir_prop: branches/qmmp-0.9 svn:mergeinfo /branches/qmmp-1.0:5596%0A/trunk/qmmp:5538%2C5550%2C5553%2C5556%2C5570%2C5578%2C5588%2C5599
  +dir_prop: branches/qmmp-0.9/src/plugins/Ui/qsui svn:mergeinfo /trunk/qmmp/src/plugins/Ui/qsui:5599%0A/trunk/qmmp/src/plugins/Ui/skinned:5223
r5602
  +dir_prop: branches/qmmp-0.9 svn:mergeinfo /branches/qmmp-1.0:5596%0A/trunk/qmmp:5538%2C5550%2C5553%2C5556%2C5570%2C5578%2C5588%2C5599-5600
r5603
r5606
  +dir_prop: branches/qmmp-0.9 svn:mergeinfo /branches/qmmp-1.0:5596%0A/trunk/qmmp:5538%2C5550%2C5553%2C5556%2C5570%2C5578%2C5588%2C5599-5600%2C5605
r5608
r5610
r5614
  +dir_prop: branches/qmmp-0.9 svn:mergeinfo /branches/qmmp-1.0:5596%0A/trunk/qmmp:5538%2C5550%2C5553%2C5556%2C5570%2C5578%2C5588%2C5599-5600%2C5605%2C5612
r5617
  +dir_prop: branches/qmmp-0.9 svn:mergeinfo /branches/qmmp-1.0:5596%0A/trunk/qmmp:5538%2C5550%2C5553%2C5556%2C5570%2C5578%2C5588%2C5599-5600%2C5605%2C5612%2C5616
r5619
  +dir_prop: branches/qmmp-0.9 svn:mergeinfo /branches/qmmp-1.0:5596%0A/trunk/qmmp:5538%2C5550%2C5553%2C5556%2C5570%2C5578%2C5588%2C5599-5600%2C5605%2C5612%2C5616%2C5618
r5622
  +dir_prop: branches/qmmp-0.9 svn:mergeinfo /branches/qmmp-1.0:5596%0A/trunk/qmmp:5538%2C5550%2C5553%2C5556%2C5570%2C5578%2C5588%2C5599-5600%2C5605%2C5612%2C5616%2C5618%2C5621
r5626
r5627
r5633
r5675
  +dir_prop: branches/qmmp-0.9 svn:mergeinfo /branches/qmmp-1.0:5596%0A/trunk/qmmp:5538%2C5550%2C5553%2C5556%2C5570%2C5578%2C5588%2C5599-5600%2C5605%2C5612%2C5616%2C5618%2C5621%2C5672
r5678
  +dir_prop: branches/qmmp-0.9 svn:mergeinfo /branches/qmmp-1.0:5596%0A/trunk/qmmp:5538%2C5550%2C5553%2C5556%2C5570%2C5578%2C5588%2C5599-5600%2C5605%2C5612%2C5616%2C5618%2C5621%2C5672%2C5677
r5699
  +dir_prop: branches/qmmp-0.9 svn:mergeinfo /branches/qmmp-1.0:5596%0A/trunk/qmmp:5538%2C5550%2C5553%2C5556%2C5570%2C5578%2C5588%2C5599-5600%2C5605%2C5612%2C5616%2C5618%2C5621%2C5672%2C5677%2C5696
  +dir_prop: branches/qmmp-0.9/src/plugins/Ui/qsui svn:mergeinfo /trunk/qmmp/src/plugins/Ui/qsui:5599%2C5696%0A/trunk/qmmp/src/plugins/Ui/skinned:5223
r5708
  +dir_prop: branches/qmmp-0.9 svn:mergeinfo /branches/qmmp-1.0:5596%0A/trunk/qmmp:5538%2C5550%2C5553%2C5556%2C5570%2C5578%2C5588%2C5599-5600%2C5605%2C5612%2C5616%2C5618%2C5621%2C5672%2C5677%2C5696%2C5702
r5709
  +dir_prop: branches/qmmp-0.9 svn:mergeinfo /branches/qmmp-1.0:5596%0A/trunk/qmmp:5538%2C5550%2C5553%2C5556%2C5570%2C5578%2C5588%2C5599-5600%2C5605%2C5612%2C5616%2C5618%2C5621%2C5672%2C5677%2C5696%2C5702-5703
r5710
r5711
r5713
r5725
  +dir_prop: branches/qmmp-0.9 svn:mergeinfo /branches/qmmp-1.0:5596%0A/trunk/qmmp:5538%2C5550%2C5553%2C5556%2C5570%2C5578%2C5588%2C5599-5600%2C5605%2C5612%2C5616%2C5618%2C5621%2C5672%2C5677%2C5696%2C5702-5703%2C5721-5722
r5732
  +dir_prop: branches/qmmp-0.9 svn:mergeinfo /branches/qmmp-1.0:5596%0A/trunk/qmmp:5538%2C5550%2C5553%2C5556%2C5570%2C5578%2C5588%2C5599-5600%2C5605%2C5612%2C5616%2C5618%2C5621%2C5672%2C5677%2C5696%2C5702-5703%2C5721-5722%2C5729
r5733
r5738
r5753
  +dir_prop: branches/qmmp-0.9 svn:mergeinfo /branches/qmmp-1.0:5596%0A/trunk/qmmp:5538%2C5550%2C5553%2C5556%2C5570%2C5578%2C5588%2C5599-5600%2C5605%2C5612%2C5616%2C5618%2C5621%2C5672%2C5677%2C5696%2C5702-5703%2C5721-5722%2C5729%2C5752
r5756
r5768
r5772
r5775
r5780
  +dir_prop: branches/qmmp-0.9 svn:mergeinfo /branches/qmmp-1.0:5596%0A/trunk/qmmp:5538%2C5550%2C5553%2C5556%2C5570%2C5578%2C5588%2C5599-5600%2C5605%2C5612%2C5616%2C5618%2C5621%2C5672%2C5677%2C5696%2C5702-5703%2C5721-5722%2C5729%2C5752%2C5778
r5796
  -empty_dir: branches/qmmp-0.9/src/plugins/Ui/qsui/resources/eq16.preset
  +dir_prop: branches/qmmp-0.9 svn:mergeinfo /branches/qmmp-1.0:5596%0A/trunk/qmmp:5538%2C5550%2C5553%2C5556%2C5570%2C5578%2C5588%2C5599-5600%2C5605%2C5612%2C5616%2C5618%2C5621%2C5672%2C5677%2C5696%2C5702-5703%2C5721-5722%2C5729%2C5752%2C5778%2C5792-5793
  +dir_prop: branches/qmmp-0.9/src/plugins/Ui/qsui svn:mergeinfo /trunk/qmmp/src/plugins/Ui/qsui:5599%2C5696%2C5792-5793%0A/trunk/qmmp/src/plugins/Ui/skinned:5223
r5800
  +dir_prop: branches/qmmp-0.9 svn:mergeinfo /branches/qmmp-1.0:5596%0A/trunk/qmmp:5538%2C5550%2C5553%2C5556%2C5570%2C5578%2C5588%2C5599-5600%2C5605%2C5612%2C5616%2C5618%2C5621%2C5672%2C5677%2C5696%2C5702-5703%2C5721-5722%2C5729%2C5752%2C5778%2C5792-5793%2C5797
r5817
r5827
  +dir_prop: branches/qmmp-0.9 svn:mergeinfo /branches/qmmp-1.0:5596%0A/trunk/qmmp:5538%2C5550%2C5553%2C5556%2C5570%2C5578%2C5588%2C5599-5600%2C5605%2C5612%2C5616%2C5618%2C5621%2C5672%2C5677%2C5696%2C5702-5703%2C5721-5722%2C5729%2C5752%2C5778%2C5792-5793%2C5797%2C5824
r5829
  +dir_prop: branches/qmmp-0.9 svn:mergeinfo /branches/qmmp-1.0:5596%0A/trunk/qmmp:5538%2C5550%2C5553%2C5556%2C5570%2C5578%2C5588%2C5599-5600%2C5605%2C5612%2C5616%2C5618%2C5621%2C5672%2C5677%2C5696%2C5702-5703%2C5721-5722%2C5729%2C5752%2C5778%2C5792-5793%2C5797%2C5824%2C5828
r5834
r5836
r5844
r5877
  +dir_prop: branches/qmmp-0.9 svn:mergeinfo /branches/qmmp-1.0:5596%0A/trunk/qmmp:5538%2C5550%2C5553%2C5556%2C5570%2C5578%2C5588%2C5599-5600%2C5605%2C5612%2C5616%2C5618%2C5621%2C5672%2C5677%2C5696%2C5702-5703%2C5721-5722%2C5729%2C5752%2C5778%2C5792-5793%2C5797%2C5824%2C5828%2C5876
r5890
r5900
r5910
  +dir_prop: branches/qmmp-0.9 svn:mergeinfo /branches/qmmp-1.0:5596%2C5909%0A/trunk/qmmp:5538%2C5550%2C5553%2C5556%2C5570%2C5578%2C5588%2C5599-5600%2C5605%2C5612%2C5616%2C5618%2C5621%2C5672%2C5677%2C5696%2C5702-5703%2C5721-5722%2C5729%2C5752%2C5778%2C5792-5793%2C5797%2C5824%2C5828%2C5876
r5922
r5927
r5931
  +dir_prop: branches/qmmp-0.9 svn:mergeinfo /branches/qmmp-1.0:5596%2C5909%0A/trunk/qmmp:5538%2C5550%2C5553%2C5556%2C5570%2C5578%2C5588%2C5599-5600%2C5605%2C5612%2C5616%2C5618%2C5621%2C5672%2C5677%2C5696%2C5702-5703%2C5721-5722%2C5729%2C5752%2C5778%2C5792-5793%2C5797%2C5824%2C5828%2C5876%2C5928
r5938
  +dir_prop: branches/qmmp-0.9 svn:mergeinfo /branches/qmmp-1.0:5596%2C5909%0A/trunk/qmmp:5538%2C5550%2C5553%2C5556%2C5570%2C5578%2C5588%2C5599-5600%2C5605%2C5612%2C5616%2C5618%2C5621%2C5672%2C5677%2C5696%2C5702-5703%2C5721-5722%2C5729%2C5752%2C5778%2C5792-5793%2C5797%2C5824%2C5828%2C5868%2C5876%2C5928
r5939
r5940
r5941
r5943
  +dir_prop: branches/qmmp-0.9 svn:mergeinfo /branches/qmmp-1.0:5596%2C5909%0A/trunk/qmmp:5538%2C5550%2C5553%2C5556%2C5570%2C5578%2C5588%2C5599-5600%2C5605%2C5612%2C5616%2C5618%2C5621%2C5672%2C5677%2C5696%2C5702-5703%2C5721-5722%2C5729%2C5752%2C5778%2C5792-5793%2C5797%2C5824%2C5828%2C5868%2C5876%2C5928%2C5942
r5945
r5947
r5952
  +dir_prop: branches/qmmp-0.9 svn:mergeinfo /branches/qmmp-1.0:5596%2C5909%0A/trunk/qmmp:5538%2C5550%2C5553%2C5556%2C5570%2C5578%2C5588%2C5599-5600%2C5605%2C5612%2C5616%2C5618%2C5621%2C5672%2C5677%2C5696%2C5702-5703%2C5721-5722%2C5729%2C5752%2C5778%2C5792-5793%2C5797%2C5824%2C5828%2C5868%2C5876%2C5928%2C5942%2C5949
r5959
  +dir_prop: branches/qmmp-0.9 svn:mergeinfo /branches/qmmp-1.0:5596%2C5909%0A/trunk/qmmp:5538%2C5550%2C5553%2C5556%2C5570%2C5578%2C5588%2C5599-5600%2C5605%2C5612%2C5616%2C5618%2C5621%2C5672%2C5677%2C5696%2C5702-5703%2C5721-5722%2C5729%2C5752%2C5778%2C5792-5793%2C5797%2C5824%2C5828%2C5868%2C5876%2C5928%2C5942%2C5949%2C5956-5958
r5966
r5992
  +dir_prop: branches/qmmp-0.9 svn:mergeinfo /branches/qmmp-1.0:5596%2C5909%0A/trunk/qmmp:5538%2C5550%2C5553%2C5556%2C5570%2C5578%2C5588%2C5599-5600%2C5605%2C5612%2C5616%2C5618%2C5621%2C5672%2C5677%2C5696%2C5702-5703%2C5721-5722%2C5729%2C5752%2C5778%2C5792-5793%2C5797%2C5824%2C5828%2C5868%2C5876%2C5928%2C5942%2C5949%2C5956-5958%2C5991
r6041
  +dir_prop: branches/qmmp-0.9 svn:mergeinfo /branches/qmmp-1.0:5596%2C5909%2C6040%0A/trunk/qmmp:5538%2C5550%2C5553%2C5556%2C5570%2C5578%2C5588%2C5599-5600%2C5605%2C5612%2C5616%2C5618%2C5621%2C5672%2C5677%2C5696%2C5702-5703%2C5721-5722%2C5729%2C5752%2C5778%2C5792-5793%2C5797%2C5824%2C5828%2C5868%2C5876%2C5928%2C5942%2C5949%2C5956-5958%2C5991
r6046
  +dir_prop: branches/qmmp-0.9 svn:mergeinfo /branches/qmmp-1.0:5596%2C5909%2C6040%0A/branches/qmmp-1.1:6043%0A/trunk/qmmp:5538%2C5550%2C5553%2C5556%2C5570%2C5578%2C5588%2C5599-5600%2C5605%2C5612%2C5616%2C5618%2C5621%2C5672%2C5677%2C5696%2C5702-5703%2C5721-5722%2C5729%2C5752%2C5778%2C5792-5793%2C5797%2C5824%2C5828%2C5868%2C5876%2C5928%2C5942%2C5949%2C5956-5958%2C5991
r6056
r6083
  +dir_prop: branches/qmmp-0.9 svn:mergeinfo /branches/qmmp-1.0:5596%2C5909%2C6040%0A/branches/qmmp-1.1:6043%0A/trunk/qmmp:5538%2C5550%2C5553%2C5556%2C5570%2C5578%2C5588%2C5599-5600%2C5605%2C5612%2C5616%2C5618%2C5621%2C5672%2C5677%2C5696%2C5702-5703%2C5721-5722%2C5729%2C5752%2C5778%2C5792-5793%2C5797%2C5824%2C5828%2C5868%2C5876%2C5928%2C5942%2C5949%2C5956-5958%2C5991%2C6080
r6084
r6088
  +dir_prop: branches/qmmp-0.9 svn:mergeinfo /branches/qmmp-1.0:5596%2C5909%2C6040%0A/branches/qmmp-1.1:6043%0A/trunk/qmmp:5538%2C5550%2C5553%2C5556%2C5570%2C5578%2C5588%2C5599-5600%2C5605%2C5612%2C5616%2C5618%2C5621%2C5672%2C5677%2C5696%2C5702-5703%2C5721-5722%2C5729%2C5752%2C5778%2C5792-5793%2C5797%2C5824%2C5828%2C5868%2C5876%2C5928%2C5942%2C5949%2C5956-5958%2C5991%2C6080%2C6085
r6089
r6090
r6091
r6092
r6094
r6103
r6105
r6132
  +dir_prop: branches/qmmp-0.9 svn:mergeinfo /branches/qmmp-1.0:5596%2C5909%2C6040%0A/branches/qmmp-1.1:6043%0A/trunk/qmmp:5538%2C5550%2C5553%2C5556%2C5570%2C5578%2C5588%2C5599-5600%2C5605%2C5612%2C5616%2C5618%2C5621%2C5672%2C5677%2C5696%2C5702-5703%2C5721-5722%2C5729%2C5752%2C5778%2C5792-5793%2C5797%2C5824%2C5828%2C5868%2C5876%2C5928%2C5942%2C5949%2C5956-5958%2C5991%2C6080%2C6085%2C6131
r6136
  +dir_prop: branches/qmmp-0.9 svn:mergeinfo /branches/qmmp-1.0:5596%2C5909%2C6040%0A/branches/qmmp-1.1:6043%0A/trunk/qmmp:5538%2C5550%2C5553%2C5556%2C5570%2C5578%2C5588%2C5599-5600%2C5605%2C5612%2C5616%2C5618%2C5621%2C5672%2C5677%2C5696%2C5702-5703%2C5721-5722%2C5729%2C5752%2C5778%2C5792-5793%2C5797%2C5824%2C5828%2C5868%2C5876%2C5928%2C5942%2C5949%2C5956-5958%2C5991%2C6080%2C6085%2C6131%2C6135
r6161
  +dir_prop: branches/qmmp-0.9 svn:mergeinfo /branches/qmmp-1.0:5596%2C5909%2C6040%2C6160%0A/branches/qmmp-1.1:6043%0A/trunk/qmmp:5538%2C5550%2C5553%2C5556%2C5570%2C5578%2C5588%2C5599-5600%2C5605%2C5612%2C5616%2C5618%2C5621%2C5672%2C5677%2C5696%2C5702-5703%2C5721-5722%2C5729%2C5752%2C5778%2C5792-5793%2C5797%2C5824%2C5828%2C5868%2C5876%2C5928%2C5942%2C5949%2C5956-5958%2C5991%2C6080%2C6085%2C6131%2C6135
r6174
  +dir_prop: branches/qmmp-0.9 svn:mergeinfo /branches/qmmp-1.0:5596%2C5909%2C6040%2C6160%0A/branches/qmmp-1.1:6043%2C6172%0A/trunk/qmmp:5538%2C5550%2C5553%2C5556%2C5570%2C5578%2C5588%2C5599-5600%2C5605%2C5612%2C5616%2C5618%2C5621%2C5672%2C5677%2C5696%2C5702-5703%2C5721-5722%2C5729%2C5752%2C5778%2C5792-5793%2C5797%2C5824%2C5828%2C5868%2C5876%2C5928%2C5942%2C5949%2C5956-5958%2C5991%2C6080%2C6085%2C6131%2C6135
  +dir_prop: branches/qmmp-0.9/src/plugins/Ui/qsui svn:mergeinfo /branches/qmmp-1.1/src/plugins/Ui/qsui:6172%0A/trunk/qmmp/src/plugins/Ui/qsui:5599%2C5696%2C5792-5793%0A/trunk/qmmp/src/plugins/Ui/skinned:5223
r6181
  +dir_prop: branches/qmmp-0.9 svn:mergeinfo /branches/qmmp-1.0:5596%2C5909%2C6040%2C6160%0A/branches/qmmp-1.1:6043%2C6172%0A/trunk/qmmp:5538%2C5550%2C5553%2C5556%2C5570%2C5578%2C5588%2C5599-5600%2C5605%2C5612%2C5616%2C5618%2C5621%2C5672%2C5677%2C5696%2C5702-5703%2C5721-5722%2C5729%2C5752%2C5778%2C5792-5793%2C5797%2C5824%2C5828%2C5868%2C5876%2C5928%2C5942%2C5949%2C5956-5958%2C5991%2C6080%2C6085%2C6131%2C6135%2C6179
r6183
r6188
r6190
r6223
r6249
  +dir_prop: branches/qmmp-0.9 svn:mergeinfo /branches/qmmp-1.0:5596%2C5909%2C6040%2C6160%0A/branches/qmmp-1.1:6043%2C6172%0A/trunk/qmmp:5538%2C5550%2C5553%2C5556%2C5570%2C5578%2C5588%2C5599-5600%2C5605%2C5612%2C5616%2C5618%2C5621%2C5672%2C5677%2C5696%2C5702-5703%2C5721-5722%2C5729%2C5752%2C5778%2C5792-5793%2C5797%2C5824%2C5828%2C5868%2C5876%2C5928%2C5942%2C5949%2C5956-5958%2C5991%2C6080%2C6085%2C6131%2C6135%2C6179%2C6246
r6252
r6257
  +dir_prop: branches/qmmp-0.9 svn:mergeinfo /branches/qmmp-1.0:5596%2C5909%2C6040%2C6160%0A/branches/qmmp-1.1:6043%2C6172%0A/trunk/qmmp:5538%2C5550%2C5553%2C5556%2C5570%2C5578%2C5588%2C5599-5600%2C5605%2C5612%2C5616%2C5618%2C5621%2C5672%2C5677%2C5696%2C5702-5703%2C5721-5722%2C5729%2C5752%2C5778%2C5792-5793%2C5797%2C5824%2C5828%2C5868%2C5876%2C5928%2C5942%2C5949%2C5956-5958%2C5991%2C6080%2C6085%2C6131%2C6135%2C6179%2C6246%2C6254
r6264
  +dir_prop: branches/qmmp-0.9 svn:mergeinfo /branches/qmmp-1.0:5596%2C5909%2C6040%2C6160%0A/branches/qmmp-1.1:6043%2C6172%0A/trunk/qmmp:5538%2C5550%2C5553%2C5556%2C5570%2C5578%2C5588%2C5599-5600%2C5605%2C5612%2C5616%2C5618%2C5621%2C5672%2C5677%2C5696%2C5702-5703%2C5721-5722%2C5729%2C5752%2C5778%2C5792-5793%2C5797%2C5824%2C5828%2C5868%2C5876%2C5928%2C5942%2C5949%2C5956-5958%2C5991%2C6080%2C6085%2C6131%2C6135%2C6179%2C6246%2C6254%2C6260-6262
r6277
  +dir_prop: branches/qmmp-0.9 svn:mergeinfo /branches/qmmp-1.0:5596%2C5909%2C6040%2C6160%0A/branches/qmmp-1.1:6043%2C6172%0A/trunk/qmmp:5538%2C5550%2C5553%2C5556%2C5570%2C5578%2C5588%2C5599-5600%2C5605%2C5612%2C5616%2C5618%2C5621%2C5672%2C5677%2C5696%2C5702-5703%2C5721-5722%2C5729%2C5752%2C5778%2C5792-5793%2C5797%2C5824%2C5828%2C5868%2C5876%2C5928%2C5942%2C5949%2C5956-5958%2C5991%2C6080%2C6085%2C6131%2C6135%2C6179%2C6246%2C6254%2C6260-6262%2C6266-6276
r6287
r6305
r6333
r6336
r6380
  +dir_prop: branches/qmmp-0.9 svn:mergeinfo /branches/qmmp-1.0:5596%2C5909%2C6040%2C6160%0A/branches/qmmp-1.1:6043%2C6172%0A/trunk/qmmp:5538%2C5550%2C5553%2C5556%2C5570%2C5578%2C5588%2C5599-5600%2C5605%2C5612%2C5616%2C5618%2C5621%2C5672%2C5677%2C5696%2C5702-5703%2C5721-5722%2C5729%2C5752%2C5778%2C5792-5793%2C5797%2C5824%2C5828%2C5868%2C5876%2C5928%2C5942%2C5949%2C5956-5958%2C5991%2C6080%2C6085%2C6131%2C6135%2C6179%2C6246%2C6254%2C6260-6262%2C6266-6276%2C6378
r6382
r6404
  +dir_prop: branches/qmmp-0.9 svn:mergeinfo /branches/qmmp-1.0:5596%2C5909%2C6040%2C6160%0A/branches/qmmp-1.1:6043%2C6172%0A/trunk/qmmp:5538%2C5550%2C5553%2C5556%2C5570%2C5578%2C5588%2C5599-5600%2C5605%2C5612%2C5616%2C5618%2C5621%2C5672%2C5677%2C5696%2C5702-5703%2C5721-5722%2C5729%2C5752%2C5778%2C5792-5793%2C5797%2C5824%2C5828%2C5868%2C5876%2C5928%2C5942%2C5949%2C5956-5958%2C5991%2C6080%2C6085%2C6131%2C6135%2C6179%2C6246%2C6254%2C6260-6262%2C6266-6276%2C6378%2C6403
r6406
  +dir_prop: branches/qmmp-0.9 svn:mergeinfo /branches/qmmp-1.0:5596%2C5909%2C6040%2C6160%0A/branches/qmmp-1.1:6043%2C6172%0A/trunk/qmmp:5538%2C5550%2C5553%2C5556%2C5570%2C5578%2C5588%2C5599-5600%2C5605%2C5612%2C5616%2C5618%2C5621%2C5672%2C5677%2C5696%2C5702-5703%2C5721-5722%2C5729%2C5752%2C5778%2C5792-5793%2C5797%2C5824%2C5828%2C5868%2C5876%2C5928%2C5942%2C5949%2C5956-5958%2C5991%2C6080%2C6085%2C6131%2C6135%2C6179%2C6246%2C6254%2C6260-6262%2C6266-6276%2C6378
