r6504
r6507
r6527
r6607
  +dir_prop: branches/qmmp-plugin-pack-1.2 svn:mergeinfo /trunk/qmmp:6076%2C6440%0A/trunk/qmmp-plugin-pack:5518%2C5561%2C5801%2C5822%2C5932%2C5998%2C6005%2C6049%2C6438%2C6440%2C6606
r6609
  +dir_prop: branches/qmmp-plugin-pack-1.2 svn:mergeinfo /trunk/qmmp:6076%2C6440%0A/trunk/qmmp-plugin-pack:5518%2C5561%2C5801%2C5822%2C5932%2C5998%2C6005%2C6049%2C6438%2C6440%2C6606%2C6608
r6644
  +dir_prop: branches/qmmp-plugin-pack-1.2 svn:mergeinfo /trunk/qmmp:6076%2C6440%0A/trunk/qmmp-plugin-pack:5518%2C5561%2C5801%2C5822%2C5932%2C5998%2C6005%2C6049%2C6438%2C6440%2C6606%2C6608%2C6638
r6653
r6657
r6718
  +dir_prop: branches/qmmp-plugin-pack-1.2 svn:mergeinfo /trunk/qmmp:6076%2C6440%0A/trunk/qmmp-plugin-pack:5518%2C5561%2C5801%2C5822%2C5932%2C5998%2C6005%2C6049%2C6438%2C6440%2C6606%2C6608%2C6638%2C6717
r6719
r6757
  +dir_prop: branches/qmmp-plugin-pack-1.2 svn:mergeinfo /trunk/qmmp:6076%2C6440%0A/trunk/qmmp-plugin-pack:5518%2C5561%2C5801%2C5822%2C5932%2C5998%2C6005%2C6049%2C6438%2C6440%2C6606%2C6608%2C6638%2C6717%2C6756
r6776
  +dir_prop: branches/qmmp-plugin-pack-1.2 svn:mergeinfo /trunk/qmmp:6076%2C6440%0A/trunk/qmmp-plugin-pack:5518%2C5561%2C5801%2C5822%2C5932%2C5998%2C6005%2C6049%2C6438%2C6440%2C6606%2C6608%2C6638%2C6717%2C6756%2C6775
r6822
  +dir_prop: branches/qmmp-plugin-pack-1.2 svn:mergeinfo /trunk/qmmp:6076%2C6440%0A/trunk/qmmp-plugin-pack:5518%2C5561%2C5801%2C5822%2C5932%2C5998%2C6005%2C6049%2C6438%2C6440%2C6606%2C6608%2C6638%2C6717%2C6756%2C6775%2C6821
r6854
r6855
  +dir_prop: branches/qmmp-plugin-pack-1.2 svn:mergeinfo /trunk/qmmp:6076%2C6440%0A/trunk/qmmp-plugin-pack:5518%2C5561%2C5801%2C5822%2C5932%2C5998%2C6005%2C6049%2C6438%2C6440%2C6606%2C6608%2C6638%2C6717%2C6756%2C6775%2C6821%2C6837%2C6851%2C6853
r6856
r6858
r6859
r6860
r6867
  +dir_prop: branches/qmmp-plugin-pack-1.2 svn:mergeinfo /trunk/qmmp:6076%2C6440%0A/trunk/qmmp-plugin-pack:5518%2C5561%2C5801%2C5822%2C5932%2C5998%2C6005%2C6049%2C6438%2C6440%2C6606%2C6608%2C6638%2C6717%2C6756%2C6775%2C6821%2C6837%2C6851%2C6853%2C6862-6866
r6894
  +dir_prop: branches/qmmp-plugin-pack-1.2 svn:mergeinfo /trunk/qmmp:6076%2C6440%0A/trunk/qmmp-plugin-pack:5518%2C5561%2C5801%2C5822%2C5932%2C5998%2C6005%2C6049%2C6438%2C6440%2C6606%2C6608%2C6638%2C6717%2C6756%2C6775%2C6821%2C6837%2C6851%2C6853%2C6862-6866%2C6892-6893
r6896
  +dir_prop: branches/qmmp-plugin-pack-1.2 svn:mergeinfo /trunk/qmmp:6076%2C6440%0A/trunk/qmmp-plugin-pack:5518%2C5561%2C5801%2C5822%2C5932%2C5998%2C6005%2C6049%2C6438%2C6440%2C6606%2C6608%2C6638%2C6717%2C6756%2C6775%2C6821%2C6837%2C6851%2C6853%2C6862-6866%2C6892-6893%2C6895
r6998
  +dir_prop: branches/qmmp-plugin-pack-1.2 svn:mergeinfo /trunk/qmmp:6076%2C6440%0A/trunk/qmmp-plugin-pack:5518%2C5561%2C5801%2C5822%2C5932%2C5998%2C6005%2C6049%2C6438%2C6440%2C6606%2C6608%2C6638%2C6717%2C6756%2C6775%2C6821%2C6837%2C6851%2C6853%2C6862-6866%2C6892-6893%2C6895%2C6997
r7034
  +dir_prop: branches/qmmp-plugin-pack-1.2 svn:mergeinfo /trunk/qmmp:6076%2C6440%0A/trunk/qmmp-plugin-pack:5518%2C5561%2C5801%2C5822%2C5932%2C5998%2C6005%2C6049%2C6438%2C6440%2C6606%2C6608%2C6638%2C6717%2C6756%2C6775%2C6821%2C6837%2C6851%2C6853%2C6862-6866%2C6892-6893%2C6895%2C6997%2C7032
r7199
r7300
r7301
r7302
r7309
r7325
r7354
r7401
r7402
r7410
  +dir_prop: branches/qmmp-plugin-pack-1.2 svn:mergeinfo /trunk/qmmp:6076%2C6440%0A/trunk/qmmp-plugin-pack:5518%2C5561%2C5801%2C5822%2C5932%2C5998%2C6005%2C6049%2C6438%2C6440%2C6606%2C6608%2C6638%2C6717%2C6756%2C6775%2C6821%2C6837%2C6851%2C6853%2C6862-6866%2C6892-6893%2C6895%2C6997%2C7032%2C7409
r7413
  +dir_prop: branches/qmmp-plugin-pack-1.2 svn:mergeinfo /trunk/qmmp:6076%2C6440%0A/trunk/qmmp-plugin-pack:5518%2C5561%2C5801%2C5822%2C5932%2C5998%2C6005%2C6049%2C6438%2C6440%2C6606%2C6608%2C6638%2C6717%2C6756%2C6775%2C6821%2C6837%2C6851%2C6853%2C6862-6866%2C6892-6893%2C6895%2C6997%2C7032%2C7409%2C7411
r7414
  +dir_prop: branches/qmmp-plugin-pack-1.2 svn:mergeinfo /trunk/qmmp:6076%2C6440%0A/trunk/qmmp-plugin-pack:5518%2C5561%2C5801%2C5822%2C5932%2C5998%2C6005%2C6049%2C6438%2C6440%2C6606%2C6608%2C6638%2C6717%2C6756%2C6775%2C6821%2C6837%2C6851%2C6853%2C6862-6866%2C6892-6893%2C6895%2C6997%2C7032%2C7409%2C7411-7412
r7438
r7439
  -empty_dir: branches/qmmp-plugin-pack-1.2/clear_qmake.sh
r7447
  +dir_prop: branches/qmmp-plugin-pack-1.2 svn:mergeinfo /trunk/qmmp:6076%2C6440%0A/trunk/qmmp-plugin-pack:5518%2C5561%2C5801%2C5822%2C5932%2C5998%2C6005%2C6049%2C6438%2C6440%2C6606%2C6608%2C6638%2C6717%2C6756%2C6775%2C6821%2C6837%2C6851%2C6853%2C6862-6866%2C6892-6893%2C6895%2C6997%2C7032%2C7409%2C7411-7412%2C7441
r7469
r7498
  +dir_prop: branches/qmmp-plugin-pack-1.2 svn:mergeinfo /trunk/qmmp:6076%2C6440%0A/trunk/qmmp-plugin-pack:5518%2C5561%2C5801%2C5822%2C5932%2C5998%2C6005%2C6049%2C6438%2C6440%2C6606%2C6608%2C6638%2C6717%2C6756%2C6775%2C6821%2C6837%2C6851%2C6853%2C6862-6866%2C6892-6893%2C6895%2C6997%2C7032%2C7409%2C7411-7412%2C7441%2C7491
r7527
r7554
r7555
  +dir_prop: branches/qmmp-plugin-pack-1.2 svn:mergeinfo /trunk/qmmp:6076%2C6440%0A/trunk/qmmp-plugin-pack:5518%2C5561%2C5801%2C5822%2C5932%2C5998%2C6005%2C6049%2C6438%2C6440%2C6606%2C6608%2C6638%2C6717%2C6756%2C6775%2C6821%2C6837%2C6851%2C6853%2C6862-6866%2C6892-6893%2C6895%2C6997%2C7032%2C7409%2C7411-7412%2C7441%2C7491%2C7551
r7556
r7557
r7569
  +dir_prop: branches/qmmp-plugin-pack-1.2 svn:mergeinfo /trunk/qmmp:6076%2C6440%0A/trunk/qmmp-plugin-pack:5518%2C5561%2C5801%2C5822%2C5932%2C5998%2C6005%2C6049%2C6438%2C6440%2C6606%2C6608%2C6638%2C6717%2C6756%2C6775%2C6821%2C6837%2C6851%2C6853%2C6862-6866%2C6892-6893%2C6895%2C6997%2C7032%2C7409%2C7411-7412%2C7441%2C7491%2C7551%2C7567
r7573
  +dir_prop: branches/qmmp-plugin-pack-1.2 svn:mergeinfo /trunk/qmmp:6076%2C6440%0A/trunk/qmmp-plugin-pack:5518%2C5561%2C5801%2C5822%2C5932%2C5998%2C6005%2C6049%2C6438%2C6440%2C6606%2C6608%2C6638%2C6717%2C6756%2C6775%2C6821%2C6837%2C6851%2C6853%2C6862-6866%2C6892-6893%2C6895%2C6997%2C7032%2C7409%2C7411-7412%2C7441%2C7491%2C7551%2C7567%2C7572
r7576
  +dir_prop: branches/qmmp-plugin-pack-1.2 svn:mergeinfo /trunk/qmmp:6076%2C6440%0A/trunk/qmmp-plugin-pack:5518%2C5561%2C5801%2C5822%2C5932%2C5998%2C6005%2C6049%2C6438%2C6440%2C6606%2C6608%2C6638%2C6717%2C6756%2C6775%2C6821%2C6837%2C6851%2C6853%2C6862-6866%2C6892-6893%2C6895%2C6997%2C7032%2C7409%2C7411-7412%2C7441%2C7491%2C7551%2C7567%2C7572%2C7574-7575
r7577
r7581
  +dir_prop: branches/qmmp-plugin-pack-1.2 svn:mergeinfo /trunk/qmmp:6076%2C6440%0A/trunk/qmmp-plugin-pack:5518%2C5561%2C5801%2C5822%2C5932%2C5998%2C6005%2C6049%2C6438%2C6440%2C6606%2C6608%2C6638%2C6717%2C6756%2C6775%2C6821%2C6837%2C6851%2C6853%2C6862-6866%2C6892-6893%2C6895%2C6997%2C7032%2C7409%2C7411-7412%2C7441%2C7491%2C7551%2C7567%2C7572%2C7574-7575%2C7580
r7599
  +dir_prop: branches/qmmp-plugin-pack-1.2 svn:mergeinfo /trunk/qmmp:6076%2C6440%0A/trunk/qmmp-plugin-pack:5518%2C5561%2C5801%2C5822%2C5932%2C5998%2C6005%2C6049%2C6438%2C6440%2C6606%2C6608%2C6638%2C6717%2C6756%2C6775%2C6821%2C6837%2C6851%2C6853%2C6862-6866%2C6892-6893%2C6895%2C6997%2C7032%2C7409%2C7411-7412%2C7441%2C7491%2C7551%2C7567%2C7572%2C7574-7575%2C7580%2C7598
r7616
  +dir_prop: branches/qmmp-plugin-pack-1.2 svn:mergeinfo /trunk/qmmp:6076%2C6440%0A/trunk/qmmp-plugin-pack:5518%2C5561%2C5801%2C5822%2C5932%2C5998%2C6005%2C6049%2C6438%2C6440%2C6606%2C6608%2C6638%2C6717%2C6756%2C6775%2C6821%2C6837%2C6851%2C6853%2C6862-6866%2C6892-6893%2C6895%2C6997%2C7032%2C7409%2C7411-7412%2C7441%2C7491%2C7551%2C7567%2C7572%2C7574-7575%2C7580%2C7598%2C7614
r7619
r7621
r7635
  +dir_prop: branches/qmmp-plugin-pack-1.2 svn:mergeinfo /trunk/qmmp:6076%2C6440%0A/trunk/qmmp-plugin-pack:5518%2C5561%2C5801%2C5822%2C5932%2C5998%2C6005%2C6049%2C6438%2C6440%2C6606%2C6608%2C6638%2C6717%2C6756%2C6775%2C6821%2C6837%2C6851%2C6853%2C6862-6866%2C6892-6893%2C6895%2C6997%2C7032%2C7409%2C7411-7412%2C7441%2C7491%2C7551%2C7567%2C7572%2C7574-7575%2C7580%2C7598%2C7614%2C7633
r7640
  +dir_prop: branches/qmmp-plugin-pack-1.2 svn:mergeinfo /trunk/qmmp:6076%2C6440%0A/trunk/qmmp-plugin-pack:5518%2C5561%2C5801%2C5822%2C5932%2C5998%2C6005%2C6049%2C6438%2C6440%2C6606%2C6608%2C6638%2C6717%2C6756%2C6775%2C6821%2C6837%2C6851%2C6853%2C6862-6866%2C6892-6893%2C6895%2C6997%2C7032%2C7409%2C7411-7412%2C7441%2C7491%2C7551%2C7567%2C7572%2C7574-7575%2C7580%2C7598%2C7614%2C7633%2C7639
r7657
  +dir_prop: branches/qmmp-plugin-pack-1.2 svn:mergeinfo /trunk/qmmp:6076%2C6440%0A/trunk/qmmp-plugin-pack:5518%2C5561%2C5801%2C5822%2C5932%2C5998%2C6005%2C6049%2C6438%2C6440%2C6606%2C6608%2C6638%2C6717%2C6756%2C6775%2C6821%2C6837%2C6851%2C6853%2C6862-6866%2C6892-6893%2C6895%2C6997%2C7032%2C7409%2C7411-7412%2C7441%2C7491%2C7551%2C7567%2C7572%2C7574-7575%2C7580%2C7598%2C7614%2C7633%2C7639%2C7656
r7659
  +dir_prop: branches/qmmp-plugin-pack-1.2 svn:mergeinfo /trunk/qmmp:6076%2C6440%0A/trunk/qmmp-plugin-pack:5518%2C5561%2C5801%2C5822%2C5932%2C5998%2C6005%2C6049%2C6438%2C6440%2C6606%2C6608%2C6638%2C6717%2C6756%2C6775%2C6821%2C6837%2C6851%2C6853%2C6862-6866%2C6892-6893%2C6895%2C6997%2C7032%2C7409%2C7411-7412%2C7441%2C7491%2C7551%2C7567%2C7572%2C7574-7575%2C7580%2C7598%2C7614%2C7633%2C7639%2C7656%2C7658
r7661
r7679
r7693
r7709
  +dir_prop: branches/qmmp-plugin-pack-1.2 svn:mergeinfo /trunk/qmmp:6076%2C6440%0A/trunk/qmmp-plugin-pack:5518%2C5561%2C5801%2C5822%2C5932%2C5998%2C6005%2C6049%2C6438%2C6440%2C6606%2C6608%2C6638%2C6717%2C6756%2C6775%2C6821%2C6837%2C6851%2C6853%2C6862-6866%2C6892-6893%2C6895%2C6997%2C7032%2C7409%2C7411-7412%2C7441%2C7491%2C7551%2C7567%2C7572%2C7574-7575%2C7580%2C7598%2C7614%2C7633%2C7639%2C7656%2C7658%2C7708
r7720
r7723
  +dir_prop: branches/qmmp-plugin-pack-1.2 svn:mergeinfo /trunk/qmmp:6076%2C6440%0A/trunk/qmmp-plugin-pack:5518%2C5561%2C5801%2C5822%2C5932%2C5998%2C6005%2C6049%2C6438%2C6440%2C6606%2C6608%2C6638%2C6717%2C6756%2C6775%2C6821%2C6837%2C6851%2C6853%2C6862-6866%2C6892-6893%2C6895%2C6997%2C7032%2C7409%2C7411-7412%2C7441%2C7491%2C7551%2C7567%2C7572%2C7574-7575%2C7580%2C7598%2C7614%2C7633%2C7639%2C7656%2C7658%2C7708%2C7722
r7731
r7734
r7739
r7741
  +dir_prop: branches/qmmp-plugin-pack-1.2 svn:mergeinfo /trunk/qmmp:6076%2C6440%0A/trunk/qmmp-plugin-pack:5518%2C5561%2C5801%2C5822%2C5932%2C5998%2C6005%2C6049%2C6438%2C6440%2C6606%2C6608%2C6638%2C6717%2C6756%2C6775%2C6821%2C6837%2C6851%2C6853%2C6862-6866%2C6892-6893%2C6895%2C6997%2C7032%2C7409%2C7411-7412%2C7441%2C7491%2C7551%2C7567%2C7572%2C7574-7575%2C7580%2C7598%2C7614%2C7633%2C7639%2C7656%2C7658%2C7708%2C7722%2C7740
r7766
r7771
r7836
r7845
  +dir_prop: branches/qmmp-plugin-pack-1.2 svn:mergeinfo /trunk/qmmp:6076%2C6440%0A/trunk/qmmp-plugin-pack:5518%2C5561%2C5801%2C5822%2C5932%2C5998%2C6005%2C6049%2C6438%2C6440%2C6606%2C6608%2C6638%2C6717%2C6756%2C6775%2C6821%2C6837%2C6851%2C6853%2C6862-6866%2C6892-6893%2C6895%2C6997%2C7032%2C7409%2C7411-7412%2C7441%2C7491%2C7551%2C7567%2C7572%2C7574-7575%2C7580%2C7598%2C7614%2C7633%2C7639%2C7656%2C7658%2C7708%2C7722%2C7740%2C7844
r7855
r7885
r7892
r7900
r7917
r7934
r8002
  +dir_prop: branches/qmmp-plugin-pack-1.2 svn:mergeinfo /trunk/qmmp:6076%2C6440%0A/trunk/qmmp-plugin-pack:5518%2C5561%2C5801%2C5822%2C5932%2C5998%2C6005%2C6049%2C6438%2C6440%2C6606%2C6608%2C6638%2C6717%2C6756%2C6775%2C6821%2C6837%2C6851%2C6853%2C6862-6866%2C6892-6893%2C6895%2C6997%2C7032%2C7409%2C7411-7412%2C7441%2C7491%2C7551%2C7567%2C7572%2C7574-7575%2C7580%2C7598%2C7614%2C7633%2C7639%2C7656%2C7658%2C7708%2C7722%2C7740%2C7844%2C8001
r8133
  +dir_prop: branches/qmmp-plugin-pack-1.2 svn:mergeinfo /trunk/qmmp:6076%2C6440%0A/trunk/qmmp-plugin-pack:5518%2C5561%2C5801%2C5822%2C5932%2C5998%2C6005%2C6049%2C6438%2C6440%2C6606%2C6608%2C6638%2C6717%2C6756%2C6775%2C6821%2C6837%2C6851%2C6853%2C6862-6866%2C6892-6893%2C6895%2C6997%2C7032%2C7409%2C7411-7412%2C7441%2C7491%2C7551%2C7567%2C7572%2C7574-7575%2C7580%2C7598%2C7614%2C7633%2C7639%2C7656%2C7658%2C7708%2C7722%2C7740%2C7844%2C8001%2C8132
r8134
r8144
r8156
  +dir_prop: branches/qmmp-plugin-pack-1.2 svn:mergeinfo /trunk/qmmp:6076%2C6440%0A/trunk/qmmp-plugin-pack:5518%2C5561%2C5801%2C5822%2C5932%2C5998%2C6005%2C6049%2C6438%2C6440%2C6606%2C6608%2C6638%2C6717%2C6756%2C6775%2C6821%2C6837%2C6851%2C6853%2C6862-6866%2C6892-6893%2C6895%2C6997%2C7032%2C7409%2C7411-7412%2C7441%2C7491%2C7551%2C7567%2C7572%2C7574-7575%2C7580%2C7598%2C7614%2C7633%2C7639%2C7656%2C7658%2C7708%2C7722%2C7740%2C7844%2C8001%2C8132%2C8153
r8158
r8162
r8165
  +dir_prop: branches/qmmp-plugin-pack-1.2 svn:mergeinfo /trunk/qmmp:6076%2C6440%2C8164%0A/trunk/qmmp-plugin-pack:5518%2C5561%2C5801%2C5822%2C5932%2C5998%2C6005%2C6049%2C6438%2C6440%2C6606%2C6608%2C6638%2C6717%2C6756%2C6775%2C6821%2C6837%2C6851%2C6853%2C6862-6866%2C6892-6893%2C6895%2C6997%2C7032%2C7409%2C7411-7412%2C7441%2C7491%2C7551%2C7567%2C7572%2C7574-7575%2C7580%2C7598%2C7614%2C7633%2C7639%2C7656%2C7658%2C7708%2C7722%2C7740%2C7844%2C8001%2C8132%2C8153
r8166
  +dir_prop: branches/qmmp-plugin-pack-1.2 svn:mergeinfo /trunk/qmmp:6076%2C6440%2C8164%0A/trunk/qmmp-plugin-pack:5518%2C5561%2C5801%2C5822%2C5932%2C5998%2C6005%2C6049%2C6438%2C6440%2C6606%2C6608%2C6638%2C6717%2C6756%2C6775%2C6821%2C6837%2C6851%2C6853%2C6862-6866%2C6892-6893%2C6895%2C6997%2C7032%2C7409%2C7411-7412%2C7441%2C7491%2C7551%2C7567%2C7572%2C7574-7575%2C7580%2C7598%2C7614%2C7633%2C7639%2C7656%2C7658%2C7708%2C7722%2C7740%2C7844%2C8001%2C8132%2C8153%2C8164
r8170
r8175
r8187
  +dir_prop: branches/qmmp-plugin-pack-1.2 svn:mergeinfo /trunk/qmmp:6076%2C6440%2C8164%0A/trunk/qmmp-plugin-pack:5518%2C5561%2C5801%2C5822%2C5932%2C5998%2C6005%2C6049%2C6438%2C6440%2C6606%2C6608%2C6638%2C6717%2C6756%2C6775%2C6821%2C6837%2C6851%2C6853%2C6862-6866%2C6892-6893%2C6895%2C6997%2C7032%2C7409%2C7411-7412%2C7441%2C7491%2C7551%2C7567%2C7572%2C7574-7575%2C7580%2C7598%2C7614%2C7633%2C7639%2C7656%2C7658%2C7708%2C7722%2C7740%2C7844%2C8001%2C8132%2C8153%2C8164%2C8184
r8320
r8334
r8345
r8351
r8365
r8580
  +dir_prop: branches/qmmp-plugin-pack-1.2 svn:mergeinfo /branches/qmmp-plugin-pack-0.12:8576%0A/trunk/qmmp:6076%2C6440%2C8164%0A/trunk/qmmp-plugin-pack:5518%2C5561%2C5801%2C5822%2C5932%2C5998%2C6005%2C6049%2C6438%2C6440%2C6606%2C6608%2C6638%2C6717%2C6756%2C6775%2C6821%2C6837%2C6851%2C6853%2C6862-6866%2C6892-6893%2C6895%2C6997%2C7032%2C7409%2C7411-7412%2C7441%2C7491%2C7551%2C7567%2C7572%2C7574-7575%2C7580%2C7598%2C7614%2C7633%2C7639%2C7656%2C7658%2C7708%2C7722%2C7740%2C7844%2C8001%2C8132%2C8153%2C8164%2C8184
r8600
r8612
