r10026
r10028
r10032
r10035
r10040
r10054
  +dir_prop: branches/qmmp-plugin-pack-1.5 svn:mergeinfo /branches/qmmp-plugin-pack-0.12:8082%0A/branches/qmmp-plugin-pack-1.2:6860%0A/branches/qmmp-plugin-pack-2.0:9933%0A/trunk/qmmp-plugin-pack:10052
r10058
  +dir_prop: branches/qmmp-plugin-pack-1.5 svn:mergeinfo /branches/qmmp-plugin-pack-0.12:8082%0A/branches/qmmp-plugin-pack-1.2:6860%0A/branches/qmmp-plugin-pack-2.0:9933%0A/trunk/qmmp-plugin-pack:10052%2C10056
r10113
r10121
r10139
r10163
r10165
r10178
r10228
  +dir_prop: branches/qmmp-plugin-pack-1.5 svn:mergeinfo /branches/qmmp-plugin-pack-0.12:8082%0A/branches/qmmp-plugin-pack-1.2:6860%0A/branches/qmmp-plugin-pack-2.0:9933%0A/trunk/qmmp-plugin-pack:10052%2C10056%2C10224
r10274
  +dir_prop: branches/qmmp-plugin-pack-1.5 svn:mergeinfo /branches/qmmp-plugin-pack-0.12:8082%0A/branches/qmmp-plugin-pack-1.2:6860%0A/branches/qmmp-plugin-pack-2.0:9933%0A/trunk/qmmp-plugin-pack:10052%2C10056%2C10224%2C10270
r10278
r10322
r10328
r10340
r10351
r10524
r10543
r10544
r10558
